<?xml version="1.0" encoding="UTF-8"?>
<testsuites>
  <testsuite name="E:\laragon\www\inventory\phpunit.xml" tests="2363" assertions="20135" errors="2" failures="291" skipped="2" time="251.125416">
    <testsuite name="Unit" tests="1403" assertions="10968" errors="0" failures="0" skipped="0" time="77.553493">
      <testsuite name="Tests\Unit\AppShellLayoutTest" file="App Shell Layout (Tests\Unit\AppShellLayout)" tests="4" assertions="63" errors="0" failures="0" skipped="0" time="0.693566">
        <testcase name="Layout loads theme assets in the required order without inline styles" file="App Shell Layout (Tests\Unit\AppShellLayout)::Layout loads theme assets in the required order without inline styles" class="Tests\Unit\AppShellLayoutTest" classname="Tests.Unit.AppShellLayoutTest" assertions="21" time="0.507544"/>
        <testcase name="Design tokens and shared components use the corporate palette" file="App Shell Layout (Tests\Unit\AppShellLayout)::Design tokens and shared components use the corporate palette" class="Tests\Unit\AppShellLayoutTest" classname="Tests.Unit.AppShellLayoutTest" assertions="11" time="0.046544"/>
        <testcase name="Sidebar keeps permissions and active routes while moving interaction to shell script" file="App Shell Layout (Tests\Unit\AppShellLayout)::Sidebar keeps permissions and active routes while moving interaction to shell script" class="Tests\Unit\AppShellLayoutTest" classname="Tests.Unit.AppShellLayoutTest" assertions="15" time="0.043254"/>
        <testcase name="Sidebar visibility and active accordion remain role aware" file="App Shell Layout (Tests\Unit\AppShellLayout)::Sidebar visibility and active accordion remain role aware" class="Tests\Unit\AppShellLayoutTest" classname="Tests.Unit.AppShellLayoutTest" assertions="16" time="0.096223"/>
      </testsuite>
      <testsuite name="Tests\Unit\ApplicationNameAndNotificationFrontendTest" file="Application Name And Notification Frontend (Tests\Unit\ApplicationNameAndNotificationFrontend)" tests="3" assertions="251" errors="0" failures="0" skipped="0" time="0.248783">
        <testcase name="Application name is consistent in config layouts and visible views" file="Application Name And Notification Frontend (Tests\Unit\ApplicationNameAndNotificationFrontend)::Application name is consistent in config layouts and visible views" class="Tests\Unit\ApplicationNameAndNotificationFrontendTest" classname="Tests.Unit.ApplicationNameAndNotificationFrontendTest" assertions="229" time="0.109666"/>
        <testcase name="Page and login titles append the application name once" file="Application Name And Notification Frontend (Tests\Unit\ApplicationNameAndNotificationFrontend)::Page and login titles append the application name once" class="Tests\Unit\ApplicationNameAndNotificationFrontendTest" classname="Tests.Unit.ApplicationNameAndNotificationFrontendTest" assertions="4" time="0.090414"/>
        <testcase name="Notification frontend has badge only polling and no automatic toasts" file="Application Name And Notification Frontend (Tests\Unit\ApplicationNameAndNotificationFrontend)::Notification frontend has badge only polling and no automatic toasts" class="Tests\Unit\ApplicationNameAndNotificationFrontendTest" classname="Tests.Unit.ApplicationNameAndNotificationFrontendTest" assertions="18" time="0.048702"/>
      </testsuite>
      <testsuite name="Tests\Unit\Architecture\ApplicationFunctionCoverageTest" file="tests\Unit\Architecture\ApplicationFunctionCoverageTest.php" tests="1275" assertions="9026" errors="0" failures="0" skipped="0" time="68.581495">
        <testsuite name="it keeps every application php file syntactically loadable for function-level testing" tests="425" assertions="1275" errors="0" failures="0" skipped="0" time="21.500799">
          <testcase name="it keeps every application php file syntactically loadable for function-level testing with data set &quot;('E:\laragon\www\inventory\app\…on.php') #1&quot;" file="tests\Unit\Architecture\ApplicationFunctionCoverageTest.php::it keeps every application php file syntactically loadable for function-level testing with data set &quot;('E:\laragon\www\inventory\app\…on.php') #1&quot;" class="Tests\Unit\Architecture\ApplicationFunctionCoverageTest" classname="Tests.Unit.Architecture.ApplicationFunctionCoverageTest" assertions="3" time="0.050039"/>
          <testcase name="it keeps every application php file syntactically loadable for function-level testing with data set &quot;('E:\laragon\www\inventory\app\…on.php') #2&quot;" file="tests\Unit\Architecture\ApplicationFunctionCoverageTest.php::it keeps every application php file syntactically loadable for function-level testing with data set &quot;('E:\laragon\www\inventory\app\…on.php') #2&quot;" class="Tests\Unit\Architecture\ApplicationFunctionCoverageTest" classname="Tests.Unit.Architecture.ApplicationFunctionCoverageTest" assertions="3" time="0.043763"/>
          <testcase name="it keeps every application php file syntactically loadable for function-level testing with data set &quot;('E:\laragon\www\inventory\app\…on.php') #3&quot;" file="tests\Unit\Architecture\ApplicationFunctionCoverageTest.php::it keeps every application php file syntactically loadable for function-level testing with data set &quot;('E:\laragon\www\inventory\app\…on.php') #3&quot;" class="Tests\Unit\Architecture\ApplicationFunctionCoverageTest" classname="Tests.Unit.Architecture.ApplicationFunctionCoverageTest" assertions="3" time="0.062579"/>
          <testcase name="it keeps every application php file syntactically loadable for function-level testing with data set &quot;('E:\laragon\www\inventory\app\…on.php') #4&quot;" file="tests\Unit\Architecture\ApplicationFunctionCoverageTest.php::it keeps every application php file syntactically loadable for function-level testing with data set &quot;('E:\laragon\www\inventory\app\…on.php') #4&quot;" class="Tests\Unit\Architecture\ApplicationFunctionCoverageTest" classname="Tests.Unit.Architecture.ApplicationFunctionCoverageTest" assertions="3" time="0.043520"/>
          <testcase name="it keeps every application php file syntactically loadable for function-level testing with data set &quot;('E:\laragon\www\inventory\app\…nd.php') #1&quot;" file="tests\Unit\Architecture\ApplicationFunctionCoverageTest.php::it keeps every application php file syntactically loadable for function-level testing with data set &quot;('E:\laragon\www\inventory\app\…nd.php') #1&quot;" class="Tests\Unit\Architecture\ApplicationFunctionCoverageTest" classname="Tests.Unit.Architecture.ApplicationFunctionCoverageTest" assertions="3" time="0.045112"/>
          <testcase name="it keeps every application php file syntactically loadable for function-level testing with data set &quot;('E:\laragon\www\inventory\app\…es.php') #1&quot;" file="tests\Unit\Architecture\ApplicationFunctionCoverageTest.php::it keeps every application php file syntactically loadable for function-level testing with data set &quot;('E:\laragon\www\inventory\app\…es.php') #1&quot;" class="Tests\Unit\Architecture\ApplicationFunctionCoverageTest" classname="Tests.Unit.Architecture.ApplicationFunctionCoverageTest" assertions="3" time="0.043567"/>
          <testcase name="it keeps every application php file syntactically loadable for function-level testing with data set &quot;('E:\laragon\www\inventory\app\…nd.php') #2&quot;" file="tests\Unit\Architecture\ApplicationFunctionCoverageTest.php::it keeps every application php file syntactically loadable for function-level testing with data set &quot;('E:\laragon\www\inventory\app\…nd.php') #2&quot;" class="Tests\Unit\Architecture\ApplicationFunctionCoverageTest" classname="Tests.Unit.Architecture.ApplicationFunctionCoverageTest" assertions="3" time="0.042903"/>
          <testcase name="it keeps every application php file syntactically loadable for function-level testing with data set &quot;('E:\laragon\www\inventory\app\…nd.php') #3&quot;" file="tests\Unit\Architecture\ApplicationFunctionCoverageTest.php::it keeps every application php file syntactically loadable for function-level testing with data set &quot;('E:\laragon\www\inventory\app\…nd.php') #3&quot;" class="Tests\Unit\Architecture\ApplicationFunctionCoverageTest" classname="Tests.Unit.Architecture.ApplicationFunctionCoverageTest" assertions="3" time="0.045417"/>
          <testcase name="it keeps every application php file syntactically loadable for function-level testing with data set &quot;('E:\laragon\www\inventory\app\…nd.php') #4&quot;" file="tests\Unit\Architecture\ApplicationFunctionCoverageTest.php::it keeps every application php file syntactically loadable for function-level testing with data set &quot;('E:\laragon\www\inventory\app\…nd.php') #4&quot;" class="Tests\Unit\Architecture\ApplicationFunctionCoverageTest" classname="Tests.Unit.Architecture.ApplicationFunctionCoverageTest" assertions="3" time="0.046673"/>
          <testcase name="it keeps every application php file syntactically loadable for function-level testing with data set &quot;('E:\laragon\www\inventory\app\…ls.php') #1&quot;" file="tests\Unit\Architecture\ApplicationFunctionCoverageTest.php::it keeps every application php file syntactically loadable for function-level testing with data set &quot;('E:\laragon\www\inventory\app\…ls.php') #1&quot;" class="Tests\Unit\Architecture\ApplicationFunctionCoverageTest" classname="Tests.Unit.Architecture.ApplicationFunctionCoverageTest" assertions="3" time="0.043824"/>
          <testcase name="it keeps every application php file syntactically loadable for function-level testing with data set &quot;('E:\laragon\www\inventory\app\…nd.php') #5&quot;" file="tests\Unit\Architecture\ApplicationFunctionCoverageTest.php::it keeps every application php file syntactically loadable for function-level testing with data set &quot;('E:\laragon\www\inventory\app\…nd.php') #5&quot;" class="Tests\Unit\Architecture\ApplicationFunctionCoverageTest" classname="Tests.Unit.Architecture.ApplicationFunctionCoverageTest" assertions="3" time="0.046945"/>
          <testcase name="it keeps every application php file syntactically loadable for function-level testing with data set &quot;('E:\laragon\www\inventory\app\…ty.php') #1&quot;" file="tests\Unit\Architecture\ApplicationFunctionCoverageTest.php::it keeps every application php file syntactically loadable for function-level testing with data set &quot;('E:\laragon\www\inventory\app\…ty.php') #1&quot;" class="Tests\Unit\Architecture\ApplicationFunctionCoverageTest" classname="Tests.Unit.Architecture.ApplicationFunctionCoverageTest" assertions="3" time="0.050650"/>
          <testcase name="it keeps every application php file syntactically loadable for function-level testing with data set &quot;('E:\laragon\www\inventory\app\…nd.php') #6&quot;" file="tests\Unit\Architecture\ApplicationFunctionCoverageTest.php::it keeps every application php file syntactically loadable for function-level testing with data set &quot;('E:\laragon\www\inventory\app\…nd.php') #6&quot;" class="Tests\Unit\Architecture\ApplicationFunctionCoverageTest" classname="Tests.Unit.Architecture.ApplicationFunctionCoverageTest" assertions="3" time="0.041614"/>
          <testcase name="it keeps every application php file syntactically loadable for function-level testing with data set &quot;('E:\laragon\www\inventory\app\…nd.php') #7&quot;" file="tests\Unit\Architecture\ApplicationFunctionCoverageTest.php::it keeps every application php file syntactically loadable for function-level testing with data set &quot;('E:\laragon\www\inventory\app\…nd.php') #7&quot;" class="Tests\Unit\Architecture\ApplicationFunctionCoverageTest" classname="Tests.Unit.Architecture.ApplicationFunctionCoverageTest" assertions="3" time="0.044457"/>
          <testcase name="it keeps every application php file syntactically loadable for function-level testing with data set &quot;('E:\laragon\www\inventory\app\…ty.php') #2&quot;" file="tests\Unit\Architecture\ApplicationFunctionCoverageTest.php::it keeps every application php file syntactically loadable for function-level testing with data set &quot;('E:\laragon\www\inventory\app\…ty.php') #2&quot;" class="Tests\Unit\Architecture\ApplicationFunctionCoverageTest" classname="Tests.Unit.Architecture.ApplicationFunctionCoverageTest" assertions="3" time="0.044242"/>
          <testcase name="it keeps every application php file syntactically loadable for function-level testing with data set &quot;('E:\laragon\www\inventory\app\…us.php')&quot;" file="tests\Unit\Architecture\ApplicationFunctionCoverageTest.php::it keeps every application php file syntactically loadable for function-level testing with data set &quot;('E:\laragon\www\inventory\app\…us.php')&quot;" class="Tests\Unit\Architecture\ApplicationFunctionCoverageTest" classname="Tests.Unit.Architecture.ApplicationFunctionCoverageTest" assertions="3" time="0.049713"/>
          <testcase name="it keeps every application php file syntactically loadable for function-level testing with data set &quot;('E:\laragon\www\inventory\app\…ts.php') #1&quot;" file="tests\Unit\Architecture\ApplicationFunctionCoverageTest.php::it keeps every application php file syntactically loadable for function-level testing with data set &quot;('E:\laragon\www\inventory\app\…ts.php') #1&quot;" class="Tests\Unit\Architecture\ApplicationFunctionCoverageTest" classname="Tests.Unit.Architecture.ApplicationFunctionCoverageTest" assertions="3" time="0.043248"/>
          <testcase name="it keeps every application php file syntactically loadable for function-level testing with data set &quot;('E:\laragon\www\inventory\app\…ty.php') #3&quot;" file="tests\Unit\Architecture\ApplicationFunctionCoverageTest.php::it keeps every application php file syntactically loadable for function-level testing with data set &quot;('E:\laragon\www\inventory\app\…ty.php') #3&quot;" class="Tests\Unit\Architecture\ApplicationFunctionCoverageTest" classname="Tests.Unit.Architecture.ApplicationFunctionCoverageTest" assertions="3" time="0.054693"/>
          <testcase name="it keeps every application php file syntactically loadable for function-level testing with data set &quot;('E:\laragon\www\inventory\app\…nd.php') #8&quot;" file="tests\Unit\Architecture\ApplicationFunctionCoverageTest.php::it keeps every application php file syntactically loadable for function-level testing with data set &quot;('E:\laragon\www\inventory\app\…nd.php') #8&quot;" class="Tests\Unit\Architecture\ApplicationFunctionCoverageTest" classname="Tests.Unit.Architecture.ApplicationFunctionCoverageTest" assertions="3" time="0.044149"/>
          <testcase name="it keeps every application php file syntactically loadable for function-level testing with data set &quot;('E:\laragon\www\inventory\app\…nd.php') #9&quot;" file="tests\Unit\Architecture\ApplicationFunctionCoverageTest.php::it keeps every application php file syntactically loadable for function-level testing with data set &quot;('E:\laragon\www\inventory\app\…nd.php') #9&quot;" class="Tests\Unit\Architecture\ApplicationFunctionCoverageTest" classname="Tests.Unit.Architecture.ApplicationFunctionCoverageTest" assertions="3" time="0.045701"/>
          <testcase name="it keeps every application php file syntactically loadable for function-level testing with data set &quot;('E:\laragon\www\inventory\app\…ty.php') #4&quot;" file="tests\Unit\Architecture\ApplicationFunctionCoverageTest.php::it keeps every application php file syntactically loadable for function-level testing with data set &quot;('E:\laragon\www\inventory\app\…ty.php') #4&quot;" class="Tests\Unit\Architecture\ApplicationFunctionCoverageTest" classname="Tests.Unit.Architecture.ApplicationFunctionCoverageTest" assertions="3" time="0.044610"/>
          <testcase name="it keeps every application php file syntactically loadable for function-level testing with data set &quot;('E:\laragon\www\inventory\app\…nd.php') #10&quot;" file="tests\Unit\Architecture\ApplicationFunctionCoverageTest.php::it keeps every application php file syntactically loadable for function-level testing with data set &quot;('E:\laragon\www\inventory\app\…nd.php') #10&quot;" class="Tests\Unit\Architecture\ApplicationFunctionCoverageTest" classname="Tests.Unit.Architecture.ApplicationFunctionCoverageTest" assertions="3" time="0.044379"/>
          <testcase name="it keeps every application php file syntactically loadable for function-level testing with data set &quot;('E:\laragon\www\inventory\app\…nd.php') #11&quot;" file="tests\Unit\Architecture\ApplicationFunctionCoverageTest.php::it keeps every application php file syntactically loadable for function-level testing with data set &quot;('E:\laragon\www\inventory\app\…nd.php') #11&quot;" class="Tests\Unit\Architecture\ApplicationFunctionCoverageTest" classname="Tests.Unit.Architecture.ApplicationFunctionCoverageTest" assertions="3" time="0.048830"/>
          <testcase name="it keeps every application php file syntactically loadable for function-level testing with data set &quot;('E:\laragon\www\inventory\app\…nd.php') #12&quot;" file="tests\Unit\Architecture\ApplicationFunctionCoverageTest.php::it keeps every application php file syntactically loadable for function-level testing with data set &quot;('E:\laragon\www\inventory\app\…nd.php') #12&quot;" class="Tests\Unit\Architecture\ApplicationFunctionCoverageTest" classname="Tests.Unit.Architecture.ApplicationFunctionCoverageTest" assertions="3" time="0.059622"/>
          <testcase name="it keeps every application php file syntactically loadable for function-level testing with data set &quot;('E:\laragon\www\inventory\app\…nd.php') #13&quot;" file="tests\Unit\Architecture\ApplicationFunctionCoverageTest.php::it keeps every application php file syntactically loadable for function-level testing with data set &quot;('E:\laragon\www\inventory\app\…nd.php') #13&quot;" class="Tests\Unit\Architecture\ApplicationFunctionCoverageTest" classname="Tests.Unit.Architecture.ApplicationFunctionCoverageTest" assertions="3" time="0.065798"/>
          <testcase name="it keeps every application php file syntactically loadable for function-level testing with data set &quot;('E:\laragon\www\inventory\app\…nd.php') #14&quot;" file="tests\Unit\Architecture\ApplicationFunctionCoverageTest.php::it keeps every application php file syntactically loadable for function-level testing with data set &quot;('E:\laragon\www\inventory\app\…nd.php') #14&quot;" class="Tests\Unit\Architecture\ApplicationFunctionCoverageTest" classname="Tests.Unit.Architecture.ApplicationFunctionCoverageTest" assertions="3" time="0.044329"/>
          <testcase name="it keeps every application php file syntactically loadable for function-level testing with data set &quot;('E:\laragon\www\inventory\app\…nd.php') #15&quot;" file="tests\Unit\Architecture\ApplicationFunctionCoverageTest.php::it keeps every application php file syntactically loadable for function-level testing with data set &quot;('E:\laragon\www\inventory\app\…nd.php') #15&quot;" class="Tests\Unit\Architecture\ApplicationFunctionCoverageTest" classname="Tests.Unit.Architecture.ApplicationFunctionCoverageTest" assertions="3" time="0.043429"/>
          <testcase name="it keeps every application php file syntactically loadable for function-level testing with data set &quot;('E:\laragon\www\inventory\app\…nd.php') #16&quot;" file="tests\Unit\Architecture\ApplicationFunctionCoverageTest.php::it keeps every application php file syntactically loadable for function-level testing with data set &quot;('E:\laragon\www\inventory\app\…nd.php') #16&quot;" class="Tests\Unit\Architecture\ApplicationFunctionCoverageTest" classname="Tests.Unit.Architecture.ApplicationFunctionCoverageTest" assertions="3" time="0.044209"/>
          <testcase name="it keeps every application php file syntactically loadable for function-level testing with data set &quot;('E:\laragon\www\inventory\app\…nd.php') #17&quot;" file="tests\Unit\Architecture\ApplicationFunctionCoverageTest.php::it keeps every application php file syntactically loadable for function-level testing with data set &quot;('E:\laragon\www\inventory\app\…nd.php') #17&quot;" class="Tests\Unit\Architecture\ApplicationFunctionCoverageTest" classname="Tests.Unit.Architecture.ApplicationFunctionCoverageTest" assertions="3" time="0.042459"/>
          <testcase name="it keeps every application php file syntactically loadable for function-level testing with data set &quot;('E:\laragon\www\inventory\app\…ow.php')&quot;" file="tests\Unit\Architecture\ApplicationFunctionCoverageTest.php::it keeps every application php file syntactically loadable for function-level testing with data set &quot;('E:\laragon\www\inventory\app\…ow.php')&quot;" class="Tests\Unit\Architecture\ApplicationFunctionCoverageTest" classname="Tests.Unit.Architecture.ApplicationFunctionCoverageTest" assertions="3" time="0.046557"/>
          <testcase name="it keeps every application php file syntactically loadable for function-level testing with data set &quot;('E:\laragon\www\inventory\app\…nd.php') #18&quot;" file="tests\Unit\Architecture\ApplicationFunctionCoverageTest.php::it keeps every application php file syntactically loadable for function-level testing with data set &quot;('E:\laragon\www\inventory\app\…nd.php') #18&quot;" class="Tests\Unit\Architecture\ApplicationFunctionCoverageTest" classname="Tests.Unit.Architecture.ApplicationFunctionCoverageTest" assertions="3" time="0.045973"/>
          <testcase name="it keeps every application php file syntactically loadable for function-level testing with data set &quot;('E:\laragon\www\inventory\app\…nd.php') #19&quot;" file="tests\Unit\Architecture\ApplicationFunctionCoverageTest.php::it keeps every application php file syntactically loadable for function-level testing with data set &quot;('E:\laragon\www\inventory\app\…nd.php') #19&quot;" class="Tests\Unit\Architecture\ApplicationFunctionCoverageTest" classname="Tests.Unit.Architecture.ApplicationFunctionCoverageTest" assertions="3" time="0.051372"/>
          <testcase name="it keeps every application php file syntactically loadable for function-level testing with data set &quot;('E:\laragon\www\inventory\app\…nd.php') #20&quot;" file="tests\Unit\Architecture\ApplicationFunctionCoverageTest.php::it keeps every application php file syntactically loadable for function-level testing with data set &quot;('E:\laragon\www\inventory\app\…nd.php') #20&quot;" class="Tests\Unit\Architecture\ApplicationFunctionCoverageTest" classname="Tests.Unit.Architecture.ApplicationFunctionCoverageTest" assertions="3" time="0.046716"/>
          <testcase name="it keeps every application php file syntactically loadable for function-level testing with data set &quot;('E:\laragon\www\inventory\app\…nd.php') #21&quot;" file="tests\Unit\Architecture\ApplicationFunctionCoverageTest.php::it keeps every application php file syntactically loadable for function-level testing with data set &quot;('E:\laragon\www\inventory\app\…nd.php') #21&quot;" class="Tests\Unit\Architecture\ApplicationFunctionCoverageTest" classname="Tests.Unit.Architecture.ApplicationFunctionCoverageTest" assertions="3" time="0.043347"/>
          <testcase name="it keeps every application php file syntactically loadable for function-level testing with data set &quot;('E:\laragon\www\inventory\app\…nd.php') #22&quot;" file="tests\Unit\Architecture\ApplicationFunctionCoverageTest.php::it keeps every application php file syntactically loadable for function-level testing with data set &quot;('E:\laragon\www\inventory\app\…nd.php') #22&quot;" class="Tests\Unit\Architecture\ApplicationFunctionCoverageTest" classname="Tests.Unit.Architecture.ApplicationFunctionCoverageTest" assertions="3" time="0.044356"/>
          <testcase name="it keeps every application php file syntactically loadable for function-level testing with data set &quot;('E:\laragon\www\inventory\app\…nd.php') #23&quot;" file="tests\Unit\Architecture\ApplicationFunctionCoverageTest.php::it keeps every application php file syntactically loadable for function-level testing with data set &quot;('E:\laragon\www\inventory\app\…nd.php') #23&quot;" class="Tests\Unit\Architecture\ApplicationFunctionCoverageTest" classname="Tests.Unit.Architecture.ApplicationFunctionCoverageTest" assertions="3" time="0.048123"/>
          <testcase name="it keeps every application php file syntactically loadable for function-level testing with data set &quot;('E:\laragon\www\inventory\app\…nd.php') #24&quot;" file="tests\Unit\Architecture\ApplicationFunctionCoverageTest.php::it keeps every application php file syntactically loadable for function-level testing with data set &quot;('E:\laragon\www\inventory\app\…nd.php') #24&quot;" class="Tests\Unit\Architecture\ApplicationFunctionCoverageTest" classname="Tests.Unit.Architecture.ApplicationFunctionCoverageTest" assertions="3" time="0.048914"/>
          <testcase name="it keeps every application php file syntactically loadable for function-level testing with data set &quot;('E:\laragon\www\inventory\app\…nd.php') #25&quot;" file="tests\Unit\Architecture\ApplicationFunctionCoverageTest.php::it keeps every application php file syntactically loadable for function-level testing with data set &quot;('E:\laragon\www\inventory\app\…nd.php') #25&quot;" class="Tests\Unit\Architecture\ApplicationFunctionCoverageTest" classname="Tests.Unit.Architecture.ApplicationFunctionCoverageTest" assertions="3" time="0.044277"/>
          <testcase name="it keeps every application php file syntactically loadable for function-level testing with data set &quot;('E:\laragon\www\inventory\app\…nd.php') #26&quot;" file="tests\Unit\Architecture\ApplicationFunctionCoverageTest.php::it keeps every application php file syntactically loadable for function-level testing with data set &quot;('E:\laragon\www\inventory\app\…nd.php') #26&quot;" class="Tests\Unit\Architecture\ApplicationFunctionCoverageTest" classname="Tests.Unit.Architecture.ApplicationFunctionCoverageTest" assertions="3" time="0.050562"/>
          <testcase name="it keeps every application php file syntactically loadable for function-level testing with data set &quot;('E:\laragon\www\inventory\app\…nd.php') #27&quot;" file="tests\Unit\Architecture\ApplicationFunctionCoverageTest.php::it keeps every application php file syntactically loadable for function-level testing with data set &quot;('E:\laragon\www\inventory\app\…nd.php') #27&quot;" class="Tests\Unit\Architecture\ApplicationFunctionCoverageTest" classname="Tests.Unit.Architecture.ApplicationFunctionCoverageTest" assertions="3" time="0.044712"/>
          <testcase name="it keeps every application php file syntactically loadable for function-level testing with data set &quot;('E:\laragon\www\inventory\app\…nd.php') #28&quot;" file="tests\Unit\Architecture\ApplicationFunctionCoverageTest.php::it keeps every application php file syntactically loadable for function-level testing with data set &quot;('E:\laragon\www\inventory\app\…nd.php') #28&quot;" class="Tests\Unit\Architecture\ApplicationFunctionCoverageTest" classname="Tests.Unit.Architecture.ApplicationFunctionCoverageTest" assertions="3" time="0.044112"/>
          <testcase name="it keeps every application php file syntactically loadable for function-level testing with data set &quot;('E:\laragon\www\inventory\app\…nd.php') #29&quot;" file="tests\Unit\Architecture\ApplicationFunctionCoverageTest.php::it keeps every application php file syntactically loadable for function-level testing with data set &quot;('E:\laragon\www\inventory\app\…nd.php') #29&quot;" class="Tests\Unit\Architecture\ApplicationFunctionCoverageTest" classname="Tests.Unit.Architecture.ApplicationFunctionCoverageTest" assertions="3" time="0.045900"/>
          <testcase name="it keeps every application php file syntactically loadable for function-level testing with data set &quot;('E:\laragon\www\inventory\app\…nd.php') #30&quot;" file="tests\Unit\Architecture\ApplicationFunctionCoverageTest.php::it keeps every application php file syntactically loadable for function-level testing with data set &quot;('E:\laragon\www\inventory\app\…nd.php') #30&quot;" class="Tests\Unit\Architecture\ApplicationFunctionCoverageTest" classname="Tests.Unit.Architecture.ApplicationFunctionCoverageTest" assertions="3" time="0.043460"/>
          <testcase name="it keeps every application php file syntactically loadable for function-level testing with data set &quot;('E:\laragon\www\inventory\app\…ts.php') #2&quot;" file="tests\Unit\Architecture\ApplicationFunctionCoverageTest.php::it keeps every application php file syntactically loadable for function-level testing with data set &quot;('E:\laragon\www\inventory\app\…ts.php') #2&quot;" class="Tests\Unit\Architecture\ApplicationFunctionCoverageTest" classname="Tests.Unit.Architecture.ApplicationFunctionCoverageTest" assertions="3" time="0.044616"/>
          <testcase name="it keeps every application php file syntactically loadable for function-level testing with data set &quot;('E:\laragon\www\inventory\app\…nd.php') #31&quot;" file="tests\Unit\Architecture\ApplicationFunctionCoverageTest.php::it keeps every application php file syntactically loadable for function-level testing with data set &quot;('E:\laragon\www\inventory\app\…nd.php') #31&quot;" class="Tests\Unit\Architecture\ApplicationFunctionCoverageTest" classname="Tests.Unit.Architecture.ApplicationFunctionCoverageTest" assertions="3" time="0.044359"/>
          <testcase name="it keeps every application php file syntactically loadable for function-level testing with data set &quot;('E:\laragon\www\inventory\app\…ta.php') #1&quot;" file="tests\Unit\Architecture\ApplicationFunctionCoverageTest.php::it keeps every application php file syntactically loadable for function-level testing with data set &quot;('E:\laragon\www\inventory\app\…ta.php') #1&quot;" class="Tests\Unit\Architecture\ApplicationFunctionCoverageTest" classname="Tests.Unit.Architecture.ApplicationFunctionCoverageTest" assertions="3" time="0.053202"/>
          <testcase name="it keeps every application php file syntactically loadable for function-level testing with data set &quot;('E:\laragon\www\inventory\app\…es.php') #2&quot;" file="tests\Unit\Architecture\ApplicationFunctionCoverageTest.php::it keeps every application php file syntactically loadable for function-level testing with data set &quot;('E:\laragon\www\inventory\app\…es.php') #2&quot;" class="Tests\Unit\Architecture\ApplicationFunctionCoverageTest" classname="Tests.Unit.Architecture.ApplicationFunctionCoverageTest" assertions="3" time="0.043808"/>
          <testcase name="it keeps every application php file syntactically loadable for function-level testing with data set &quot;('E:\laragon\www\inventory\app\…ta.php') #2&quot;" file="tests\Unit\Architecture\ApplicationFunctionCoverageTest.php::it keeps every application php file syntactically loadable for function-level testing with data set &quot;('E:\laragon\www\inventory\app\…ta.php') #2&quot;" class="Tests\Unit\Architecture\ApplicationFunctionCoverageTest" classname="Tests.Unit.Architecture.ApplicationFunctionCoverageTest" assertions="3" time="0.044476"/>
          <testcase name="it keeps every application php file syntactically loadable for function-level testing with data set &quot;('E:\laragon\www\inventory\app\…es.php') #3&quot;" file="tests\Unit\Architecture\ApplicationFunctionCoverageTest.php::it keeps every application php file syntactically loadable for function-level testing with data set &quot;('E:\laragon\www\inventory\app\…es.php') #3&quot;" class="Tests\Unit\Architecture\ApplicationFunctionCoverageTest" classname="Tests.Unit.Architecture.ApplicationFunctionCoverageTest" assertions="3" time="0.048244"/>
          <testcase name="it keeps every application php file syntactically loadable for function-level testing with data set &quot;('E:\laragon\www\inventory\app\…es.php') #4&quot;" file="tests\Unit\Architecture\ApplicationFunctionCoverageTest.php::it keeps every application php file syntactically loadable for function-level testing with data set &quot;('E:\laragon\www\inventory\app\…es.php') #4&quot;" class="Tests\Unit\Architecture\ApplicationFunctionCoverageTest" classname="Tests.Unit.Architecture.ApplicationFunctionCoverageTest" assertions="3" time="0.046385"/>
          <testcase name="it keeps every application php file syntactically loadable for function-level testing with data set &quot;('E:\laragon\www\inventory\app\…ns.php') #1&quot;" file="tests\Unit\Architecture\ApplicationFunctionCoverageTest.php::it keeps every application php file syntactically loadable for function-level testing with data set &quot;('E:\laragon\www\inventory\app\…ns.php') #1&quot;" class="Tests\Unit\Architecture\ApplicationFunctionCoverageTest" classname="Tests.Unit.Architecture.ApplicationFunctionCoverageTest" assertions="3" time="0.044305"/>
          <testcase name="it keeps every application php file syntactically loadable for function-level testing with data set &quot;('E:\laragon\www\inventory\app\…he.php')&quot;" file="tests\Unit\Architecture\ApplicationFunctionCoverageTest.php::it keeps every application php file syntactically loadable for function-level testing with data set &quot;('E:\laragon\www\inventory\app\…he.php')&quot;" class="Tests\Unit\Architecture\ApplicationFunctionCoverageTest" classname="Tests.Unit.Architecture.ApplicationFunctionCoverageTest" assertions="3" time="0.046605"/>
          <testcase name="it keeps every application php file syntactically loadable for function-level testing with data set &quot;('E:\laragon\www\inventory\app\…nd.php') #32&quot;" file="tests\Unit\Architecture\ApplicationFunctionCoverageTest.php::it keeps every application php file syntactically loadable for function-level testing with data set &quot;('E:\laragon\www\inventory\app\…nd.php') #32&quot;" class="Tests\Unit\Architecture\ApplicationFunctionCoverageTest" classname="Tests.Unit.Architecture.ApplicationFunctionCoverageTest" assertions="3" time="0.054822"/>
          <testcase name="it keeps every application php file syntactically loadable for function-level testing with data set &quot;('E:\laragon\www\inventory\app\…ue.php') #1&quot;" file="tests\Unit\Architecture\ApplicationFunctionCoverageTest.php::it keeps every application php file syntactically loadable for function-level testing with data set &quot;('E:\laragon\www\inventory\app\…ue.php') #1&quot;" class="Tests\Unit\Architecture\ApplicationFunctionCoverageTest" classname="Tests.Unit.Architecture.ApplicationFunctionCoverageTest" assertions="3" time="0.045581"/>
          <testcase name="it keeps every application php file syntactically loadable for function-level testing with data set &quot;('E:\laragon\www\inventory\app\…nd.php') #33&quot;" file="tests\Unit\Architecture\ApplicationFunctionCoverageTest.php::it keeps every application php file syntactically loadable for function-level testing with data set &quot;('E:\laragon\www\inventory\app\…nd.php') #33&quot;" class="Tests\Unit\Architecture\ApplicationFunctionCoverageTest" classname="Tests.Unit.Architecture.ApplicationFunctionCoverageTest" assertions="3" time="0.045164"/>
          <testcase name="it keeps every application php file syntactically loadable for function-level testing with data set &quot;('E:\laragon\www\inventory\app\…nd.php') #34&quot;" file="tests\Unit\Architecture\ApplicationFunctionCoverageTest.php::it keeps every application php file syntactically loadable for function-level testing with data set &quot;('E:\laragon\www\inventory\app\…nd.php') #34&quot;" class="Tests\Unit\Architecture\ApplicationFunctionCoverageTest" classname="Tests.Unit.Architecture.ApplicationFunctionCoverageTest" assertions="3" time="0.044293"/>
          <testcase name="it keeps every application php file syntactically loadable for function-level testing with data set &quot;('E:\laragon\www\inventory\app\…nd.php') #35&quot;" file="tests\Unit\Architecture\ApplicationFunctionCoverageTest.php::it keeps every application php file syntactically loadable for function-level testing with data set &quot;('E:\laragon\www\inventory\app\…nd.php') #35&quot;" class="Tests\Unit\Architecture\ApplicationFunctionCoverageTest" classname="Tests.Unit.Architecture.ApplicationFunctionCoverageTest" assertions="3" time="0.045931"/>
          <testcase name="it keeps every application php file syntactically loadable for function-level testing with data set &quot;('E:\laragon\www\inventory\app\…nd.php') #36&quot;" file="tests\Unit\Architecture\ApplicationFunctionCoverageTest.php::it keeps every application php file syntactically loadable for function-level testing with data set &quot;('E:\laragon\www\inventory\app\…nd.php') #36&quot;" class="Tests\Unit\Architecture\ApplicationFunctionCoverageTest" classname="Tests.Unit.Architecture.ApplicationFunctionCoverageTest" assertions="3" time="0.045037"/>
          <testcase name="it keeps every application php file syntactically loadable for function-level testing with data set &quot;('E:\laragon\www\inventory\app\…ts.php') #3&quot;" file="tests\Unit\Architecture\ApplicationFunctionCoverageTest.php::it keeps every application php file syntactically loadable for function-level testing with data set &quot;('E:\laragon\www\inventory\app\…ts.php') #3&quot;" class="Tests\Unit\Architecture\ApplicationFunctionCoverageTest" classname="Tests.Unit.Architecture.ApplicationFunctionCoverageTest" assertions="3" time="0.045837"/>
          <testcase name="it keeps every application php file syntactically loadable for function-level testing with data set &quot;('E:\laragon\www\inventory\app\…es.php') #5&quot;" file="tests\Unit\Architecture\ApplicationFunctionCoverageTest.php::it keeps every application php file syntactically loadable for function-level testing with data set &quot;('E:\laragon\www\inventory\app\…es.php') #5&quot;" class="Tests\Unit\Architecture\ApplicationFunctionCoverageTest" classname="Tests.Unit.Architecture.ApplicationFunctionCoverageTest" assertions="3" time="0.053550"/>
          <testcase name="it keeps every application php file syntactically loadable for function-level testing with data set &quot;('E:\laragon\www\inventory\app\…nd.php') #37&quot;" file="tests\Unit\Architecture\ApplicationFunctionCoverageTest.php::it keeps every application php file syntactically loadable for function-level testing with data set &quot;('E:\laragon\www\inventory\app\…nd.php') #37&quot;" class="Tests\Unit\Architecture\ApplicationFunctionCoverageTest" classname="Tests.Unit.Architecture.ApplicationFunctionCoverageTest" assertions="3" time="0.045241"/>
          <testcase name="it keeps every application php file syntactically loadable for function-level testing with data set &quot;('E:\laragon\www\inventory\app\…nd.php') #38&quot;" file="tests\Unit\Architecture\ApplicationFunctionCoverageTest.php::it keeps every application php file syntactically loadable for function-level testing with data set &quot;('E:\laragon\www\inventory\app\…nd.php') #38&quot;" class="Tests\Unit\Architecture\ApplicationFunctionCoverageTest" classname="Tests.Unit.Architecture.ApplicationFunctionCoverageTest" assertions="3" time="0.044792"/>
          <testcase name="it keeps every application php file syntactically loadable for function-level testing with data set &quot;('E:\laragon\www\inventory\app\…nd.php') #39&quot;" file="tests\Unit\Architecture\ApplicationFunctionCoverageTest.php::it keeps every application php file syntactically loadable for function-level testing with data set &quot;('E:\laragon\www\inventory\app\…nd.php') #39&quot;" class="Tests\Unit\Architecture\ApplicationFunctionCoverageTest" classname="Tests.Unit.Architecture.ApplicationFunctionCoverageTest" assertions="3" time="0.050419"/>
          <testcase name="it keeps every application php file syntactically loadable for function-level testing with data set &quot;('E:\laragon\www\inventory\app\…er.php') #1&quot;" file="tests\Unit\Architecture\ApplicationFunctionCoverageTest.php::it keeps every application php file syntactically loadable for function-level testing with data set &quot;('E:\laragon\www\inventory\app\…er.php') #1&quot;" class="Tests\Unit\Architecture\ApplicationFunctionCoverageTest" classname="Tests.Unit.Architecture.ApplicationFunctionCoverageTest" assertions="3" time="0.068400"/>
          <testcase name="it keeps every application php file syntactically loadable for function-level testing with data set &quot;('E:\laragon\www\inventory\app\…lt.php') #1&quot;" file="tests\Unit\Architecture\ApplicationFunctionCoverageTest.php::it keeps every application php file syntactically loadable for function-level testing with data set &quot;('E:\laragon\www\inventory\app\…lt.php') #1&quot;" class="Tests\Unit\Architecture\ApplicationFunctionCoverageTest" classname="Tests.Unit.Architecture.ApplicationFunctionCoverageTest" assertions="3" time="0.076220"/>
          <testcase name="it keeps every application php file syntactically loadable for function-level testing with data set &quot;('E:\laragon\www\inventory\app\…on.php') #5&quot;" file="tests\Unit\Architecture\ApplicationFunctionCoverageTest.php::it keeps every application php file syntactically loadable for function-level testing with data set &quot;('E:\laragon\www\inventory\app\…on.php') #5&quot;" class="Tests\Unit\Architecture\ApplicationFunctionCoverageTest" classname="Tests.Unit.Architecture.ApplicationFunctionCoverageTest" assertions="3" time="0.054814"/>
          <testcase name="it keeps every application php file syntactically loadable for function-level testing with data set &quot;('E:\laragon\www\inventory\app\…lt.php') #2&quot;" file="tests\Unit\Architecture\ApplicationFunctionCoverageTest.php::it keeps every application php file syntactically loadable for function-level testing with data set &quot;('E:\laragon\www\inventory\app\…lt.php') #2&quot;" class="Tests\Unit\Architecture\ApplicationFunctionCoverageTest" classname="Tests.Unit.Architecture.ApplicationFunctionCoverageTest" assertions="3" time="0.084015"/>
          <testcase name="it keeps every application php file syntactically loadable for function-level testing with data set &quot;('E:\laragon\www\inventory\app\…ta.php') #3&quot;" file="tests\Unit\Architecture\ApplicationFunctionCoverageTest.php::it keeps every application php file syntactically loadable for function-level testing with data set &quot;('E:\laragon\www\inventory\app\…ta.php') #3&quot;" class="Tests\Unit\Architecture\ApplicationFunctionCoverageTest" classname="Tests.Unit.Architecture.ApplicationFunctionCoverageTest" assertions="3" time="0.048094"/>
          <testcase name="it keeps every application php file syntactically loadable for function-level testing with data set &quot;('E:\laragon\www\inventory\app\…on.php') #6&quot;" file="tests\Unit\Architecture\ApplicationFunctionCoverageTest.php::it keeps every application php file syntactically loadable for function-level testing with data set &quot;('E:\laragon\www\inventory\app\…on.php') #6&quot;" class="Tests\Unit\Architecture\ApplicationFunctionCoverageTest" classname="Tests.Unit.Architecture.ApplicationFunctionCoverageTest" assertions="3" time="0.047360"/>
          <testcase name="it keeps every application php file syntactically loadable for function-level testing with data set &quot;('E:\laragon\www\inventory\app\…on.php') #7&quot;" file="tests\Unit\Architecture\ApplicationFunctionCoverageTest.php::it keeps every application php file syntactically loadable for function-level testing with data set &quot;('E:\laragon\www\inventory\app\…on.php') #7&quot;" class="Tests\Unit\Architecture\ApplicationFunctionCoverageTest" classname="Tests.Unit.Architecture.ApplicationFunctionCoverageTest" assertions="3" time="0.049233"/>
          <testcase name="it keeps every application php file syntactically loadable for function-level testing with data set &quot;('E:\laragon\www\inventory\app\…rt.php') #1&quot;" file="tests\Unit\Architecture\ApplicationFunctionCoverageTest.php::it keeps every application php file syntactically loadable for function-level testing with data set &quot;('E:\laragon\www\inventory\app\…rt.php') #1&quot;" class="Tests\Unit\Architecture\ApplicationFunctionCoverageTest" classname="Tests.Unit.Architecture.ApplicationFunctionCoverageTest" assertions="3" time="0.048462"/>
          <testcase name="it keeps every application php file syntactically loadable for function-level testing with data set &quot;('E:\laragon\www\inventory\app\…rt.php') #2&quot;" file="tests\Unit\Architecture\ApplicationFunctionCoverageTest.php::it keeps every application php file syntactically loadable for function-level testing with data set &quot;('E:\laragon\www\inventory\app\…rt.php') #2&quot;" class="Tests\Unit\Architecture\ApplicationFunctionCoverageTest" classname="Tests.Unit.Architecture.ApplicationFunctionCoverageTest" assertions="3" time="0.044923"/>
          <testcase name="it keeps every application php file syntactically loadable for function-level testing with data set &quot;('E:\laragon\www\inventory\app\…rt.php') #3&quot;" file="tests\Unit\Architecture\ApplicationFunctionCoverageTest.php::it keeps every application php file syntactically loadable for function-level testing with data set &quot;('E:\laragon\www\inventory\app\…rt.php') #3&quot;" class="Tests\Unit\Architecture\ApplicationFunctionCoverageTest" classname="Tests.Unit.Architecture.ApplicationFunctionCoverageTest" assertions="3" time="0.042866"/>
          <testcase name="it keeps every application php file syntactically loadable for function-level testing with data set &quot;('E:\laragon\www\inventory\app\…er.php') #2&quot;" file="tests\Unit\Architecture\ApplicationFunctionCoverageTest.php::it keeps every application php file syntactically loadable for function-level testing with data set &quot;('E:\laragon\www\inventory\app\…er.php') #2&quot;" class="Tests\Unit\Architecture\ApplicationFunctionCoverageTest" classname="Tests.Unit.Architecture.ApplicationFunctionCoverageTest" assertions="3" time="0.050859"/>
          <testcase name="it keeps every application php file syntactically loadable for function-level testing with data set &quot;('E:\laragon\www\inventory\app\…er.php') #3&quot;" file="tests\Unit\Architecture\ApplicationFunctionCoverageTest.php::it keeps every application php file syntactically loadable for function-level testing with data set &quot;('E:\laragon\www\inventory\app\…er.php') #3&quot;" class="Tests\Unit\Architecture\ApplicationFunctionCoverageTest" classname="Tests.Unit.Architecture.ApplicationFunctionCoverageTest" assertions="3" time="0.042664"/>
          <testcase name="it keeps every application php file syntactically loadable for function-level testing with data set &quot;('E:\laragon\www\inventory\app\…er.php') #4&quot;" file="tests\Unit\Architecture\ApplicationFunctionCoverageTest.php::it keeps every application php file syntactically loadable for function-level testing with data set &quot;('E:\laragon\www\inventory\app\…er.php') #4&quot;" class="Tests\Unit\Architecture\ApplicationFunctionCoverageTest" classname="Tests.Unit.Architecture.ApplicationFunctionCoverageTest" assertions="3" time="0.052662"/>
          <testcase name="it keeps every application php file syntactically loadable for function-level testing with data set &quot;('E:\laragon\www\inventory\app\…er.php') #5&quot;" file="tests\Unit\Architecture\ApplicationFunctionCoverageTest.php::it keeps every application php file syntactically loadable for function-level testing with data set &quot;('E:\laragon\www\inventory\app\…er.php') #5&quot;" class="Tests\Unit\Architecture\ApplicationFunctionCoverageTest" classname="Tests.Unit.Architecture.ApplicationFunctionCoverageTest" assertions="3" time="0.065998"/>
          <testcase name="it keeps every application php file syntactically loadable for function-level testing with data set &quot;('E:\laragon\www\inventory\app\…er.php') #6&quot;" file="tests\Unit\Architecture\ApplicationFunctionCoverageTest.php::it keeps every application php file syntactically loadable for function-level testing with data set &quot;('E:\laragon\www\inventory\app\…er.php') #6&quot;" class="Tests\Unit\Architecture\ApplicationFunctionCoverageTest" classname="Tests.Unit.Architecture.ApplicationFunctionCoverageTest" assertions="3" time="0.080369"/>
          <testcase name="it keeps every application php file syntactically loadable for function-level testing with data set &quot;('E:\laragon\www\inventory\app\…er.php') #7&quot;" file="tests\Unit\Architecture\ApplicationFunctionCoverageTest.php::it keeps every application php file syntactically loadable for function-level testing with data set &quot;('E:\laragon\www\inventory\app\…er.php') #7&quot;" class="Tests\Unit\Architecture\ApplicationFunctionCoverageTest" classname="Tests.Unit.Architecture.ApplicationFunctionCoverageTest" assertions="3" time="0.047020"/>
          <testcase name="it keeps every application php file syntactically loadable for function-level testing with data set &quot;('E:\laragon\www\inventory\app\…er.php') #8&quot;" file="tests\Unit\Architecture\ApplicationFunctionCoverageTest.php::it keeps every application php file syntactically loadable for function-level testing with data set &quot;('E:\laragon\www\inventory\app\…er.php') #8&quot;" class="Tests\Unit\Architecture\ApplicationFunctionCoverageTest" classname="Tests.Unit.Architecture.ApplicationFunctionCoverageTest" assertions="3" time="0.051798"/>
          <testcase name="it keeps every application php file syntactically loadable for function-level testing with data set &quot;('E:\laragon\www\inventory\app\…er.php') #9&quot;" file="tests\Unit\Architecture\ApplicationFunctionCoverageTest.php::it keeps every application php file syntactically loadable for function-level testing with data set &quot;('E:\laragon\www\inventory\app\…er.php') #9&quot;" class="Tests\Unit\Architecture\ApplicationFunctionCoverageTest" classname="Tests.Unit.Architecture.ApplicationFunctionCoverageTest" assertions="3" time="0.063509"/>
          <testcase name="it keeps every application php file syntactically loadable for function-level testing with data set &quot;('E:\laragon\www\inventory\app\…er.php') #10&quot;" file="tests\Unit\Architecture\ApplicationFunctionCoverageTest.php::it keeps every application php file syntactically loadable for function-level testing with data set &quot;('E:\laragon\www\inventory\app\…er.php') #10&quot;" class="Tests\Unit\Architecture\ApplicationFunctionCoverageTest" classname="Tests.Unit.Architecture.ApplicationFunctionCoverageTest" assertions="3" time="0.060093"/>
          <testcase name="it keeps every application php file syntactically loadable for function-level testing with data set &quot;('E:\laragon\www\inventory\app\…er.php') #11&quot;" file="tests\Unit\Architecture\ApplicationFunctionCoverageTest.php::it keeps every application php file syntactically loadable for function-level testing with data set &quot;('E:\laragon\www\inventory\app\…er.php') #11&quot;" class="Tests\Unit\Architecture\ApplicationFunctionCoverageTest" classname="Tests.Unit.Architecture.ApplicationFunctionCoverageTest" assertions="3" time="0.047947"/>
          <testcase name="it keeps every application php file syntactically loadable for function-level testing with data set &quot;('E:\laragon\www\inventory\app\…er.php') #12&quot;" file="tests\Unit\Architecture\ApplicationFunctionCoverageTest.php::it keeps every application php file syntactically loadable for function-level testing with data set &quot;('E:\laragon\www\inventory\app\…er.php') #12&quot;" class="Tests\Unit\Architecture\ApplicationFunctionCoverageTest" classname="Tests.Unit.Architecture.ApplicationFunctionCoverageTest" assertions="3" time="0.043529"/>
          <testcase name="it keeps every application php file syntactically loadable for function-level testing with data set &quot;('E:\laragon\www\inventory\app\…er.php') #13&quot;" file="tests\Unit\Architecture\ApplicationFunctionCoverageTest.php::it keeps every application php file syntactically loadable for function-level testing with data set &quot;('E:\laragon\www\inventory\app\…er.php') #13&quot;" class="Tests\Unit\Architecture\ApplicationFunctionCoverageTest" classname="Tests.Unit.Architecture.ApplicationFunctionCoverageTest" assertions="3" time="0.044722"/>
          <testcase name="it keeps every application php file syntactically loadable for function-level testing with data set &quot;('E:\laragon\www\inventory\app\…er.php') #14&quot;" file="tests\Unit\Architecture\ApplicationFunctionCoverageTest.php::it keeps every application php file syntactically loadable for function-level testing with data set &quot;('E:\laragon\www\inventory\app\…er.php') #14&quot;" class="Tests\Unit\Architecture\ApplicationFunctionCoverageTest" classname="Tests.Unit.Architecture.ApplicationFunctionCoverageTest" assertions="3" time="0.043568"/>
          <testcase name="it keeps every application php file syntactically loadable for function-level testing with data set &quot;('E:\laragon\www\inventory\app\…er.php') #15&quot;" file="tests\Unit\Architecture\ApplicationFunctionCoverageTest.php::it keeps every application php file syntactically loadable for function-level testing with data set &quot;('E:\laragon\www\inventory\app\…er.php') #15&quot;" class="Tests\Unit\Architecture\ApplicationFunctionCoverageTest" classname="Tests.Unit.Architecture.ApplicationFunctionCoverageTest" assertions="3" time="0.055993"/>
          <testcase name="it keeps every application php file syntactically loadable for function-level testing with data set &quot;('E:\laragon\www\inventory\app\…er.php') #16&quot;" file="tests\Unit\Architecture\ApplicationFunctionCoverageTest.php::it keeps every application php file syntactically loadable for function-level testing with data set &quot;('E:\laragon\www\inventory\app\…er.php') #16&quot;" class="Tests\Unit\Architecture\ApplicationFunctionCoverageTest" classname="Tests.Unit.Architecture.ApplicationFunctionCoverageTest" assertions="3" time="0.071788"/>
          <testcase name="it keeps every application php file syntactically loadable for function-level testing with data set &quot;('E:\laragon\www\inventory\app\…er.php') #17&quot;" file="tests\Unit\Architecture\ApplicationFunctionCoverageTest.php::it keeps every application php file syntactically loadable for function-level testing with data set &quot;('E:\laragon\www\inventory\app\…er.php') #17&quot;" class="Tests\Unit\Architecture\ApplicationFunctionCoverageTest" classname="Tests.Unit.Architecture.ApplicationFunctionCoverageTest" assertions="3" time="0.055830"/>
          <testcase name="it keeps every application php file syntactically loadable for function-level testing with data set &quot;('E:\laragon\www\inventory\app\…er.php') #18&quot;" file="tests\Unit\Architecture\ApplicationFunctionCoverageTest.php::it keeps every application php file syntactically loadable for function-level testing with data set &quot;('E:\laragon\www\inventory\app\…er.php') #18&quot;" class="Tests\Unit\Architecture\ApplicationFunctionCoverageTest" classname="Tests.Unit.Architecture.ApplicationFunctionCoverageTest" assertions="3" time="0.044698"/>
          <testcase name="it keeps every application php file syntactically loadable for function-level testing with data set &quot;('E:\laragon\www\inventory\app\…er.php') #19&quot;" file="tests\Unit\Architecture\ApplicationFunctionCoverageTest.php::it keeps every application php file syntactically loadable for function-level testing with data set &quot;('E:\laragon\www\inventory\app\…er.php') #19&quot;" class="Tests\Unit\Architecture\ApplicationFunctionCoverageTest" classname="Tests.Unit.Architecture.ApplicationFunctionCoverageTest" assertions="3" time="0.046277"/>
          <testcase name="it keeps every application php file syntactically loadable for function-level testing with data set &quot;('E:\laragon\www\inventory\app\…er.php') #20&quot;" file="tests\Unit\Architecture\ApplicationFunctionCoverageTest.php::it keeps every application php file syntactically loadable for function-level testing with data set &quot;('E:\laragon\www\inventory\app\…er.php') #20&quot;" class="Tests\Unit\Architecture\ApplicationFunctionCoverageTest" classname="Tests.Unit.Architecture.ApplicationFunctionCoverageTest" assertions="3" time="0.043417"/>
          <testcase name="it keeps every application php file syntactically loadable for function-level testing with data set &quot;('E:\laragon\www\inventory\app\…er.php') #21&quot;" file="tests\Unit\Architecture\ApplicationFunctionCoverageTest.php::it keeps every application php file syntactically loadable for function-level testing with data set &quot;('E:\laragon\www\inventory\app\…er.php') #21&quot;" class="Tests\Unit\Architecture\ApplicationFunctionCoverageTest" classname="Tests.Unit.Architecture.ApplicationFunctionCoverageTest" assertions="3" time="0.044143"/>
          <testcase name="it keeps every application php file syntactically loadable for function-level testing with data set &quot;('E:\laragon\www\inventory\app\…er.php') #22&quot;" file="tests\Unit\Architecture\ApplicationFunctionCoverageTest.php::it keeps every application php file syntactically loadable for function-level testing with data set &quot;('E:\laragon\www\inventory\app\…er.php') #22&quot;" class="Tests\Unit\Architecture\ApplicationFunctionCoverageTest" classname="Tests.Unit.Architecture.ApplicationFunctionCoverageTest" assertions="3" time="0.053283"/>
          <testcase name="it keeps every application php file syntactically loadable for function-level testing with data set &quot;('E:\laragon\www\inventory\app\…er.php') #23&quot;" file="tests\Unit\Architecture\ApplicationFunctionCoverageTest.php::it keeps every application php file syntactically loadable for function-level testing with data set &quot;('E:\laragon\www\inventory\app\…er.php') #23&quot;" class="Tests\Unit\Architecture\ApplicationFunctionCoverageTest" classname="Tests.Unit.Architecture.ApplicationFunctionCoverageTest" assertions="3" time="0.058892"/>
          <testcase name="it keeps every application php file syntactically loadable for function-level testing with data set &quot;('E:\laragon\www\inventory\app\…er.php') #24&quot;" file="tests\Unit\Architecture\ApplicationFunctionCoverageTest.php::it keeps every application php file syntactically loadable for function-level testing with data set &quot;('E:\laragon\www\inventory\app\…er.php') #24&quot;" class="Tests\Unit\Architecture\ApplicationFunctionCoverageTest" classname="Tests.Unit.Architecture.ApplicationFunctionCoverageTest" assertions="3" time="0.058774"/>
          <testcase name="it keeps every application php file syntactically loadable for function-level testing with data set &quot;('E:\laragon\www\inventory\app\…er.php') #25&quot;" file="tests\Unit\Architecture\ApplicationFunctionCoverageTest.php::it keeps every application php file syntactically loadable for function-level testing with data set &quot;('E:\laragon\www\inventory\app\…er.php') #25&quot;" class="Tests\Unit\Architecture\ApplicationFunctionCoverageTest" classname="Tests.Unit.Architecture.ApplicationFunctionCoverageTest" assertions="3" time="0.057611"/>
          <testcase name="it keeps every application php file syntactically loadable for function-level testing with data set &quot;('E:\laragon\www\inventory\app\…er.php') #26&quot;" file="tests\Unit\Architecture\ApplicationFunctionCoverageTest.php::it keeps every application php file syntactically loadable for function-level testing with data set &quot;('E:\laragon\www\inventory\app\…er.php') #26&quot;" class="Tests\Unit\Architecture\ApplicationFunctionCoverageTest" classname="Tests.Unit.Architecture.ApplicationFunctionCoverageTest" assertions="3" time="0.060276"/>
          <testcase name="it keeps every application php file syntactically loadable for function-level testing with data set &quot;('E:\laragon\www\inventory\app\…er.php') #27&quot;" file="tests\Unit\Architecture\ApplicationFunctionCoverageTest.php::it keeps every application php file syntactically loadable for function-level testing with data set &quot;('E:\laragon\www\inventory\app\…er.php') #27&quot;" class="Tests\Unit\Architecture\ApplicationFunctionCoverageTest" classname="Tests.Unit.Architecture.ApplicationFunctionCoverageTest" assertions="3" time="0.053816"/>
          <testcase name="it keeps every application php file syntactically loadable for function-level testing with data set &quot;('E:\laragon\www\inventory\app\…er.php') #28&quot;" file="tests\Unit\Architecture\ApplicationFunctionCoverageTest.php::it keeps every application php file syntactically loadable for function-level testing with data set &quot;('E:\laragon\www\inventory\app\…er.php') #28&quot;" class="Tests\Unit\Architecture\ApplicationFunctionCoverageTest" classname="Tests.Unit.Architecture.ApplicationFunctionCoverageTest" assertions="3" time="0.043913"/>
          <testcase name="it keeps every application php file syntactically loadable for function-level testing with data set &quot;('E:\laragon\www\inventory\app\…er.php') #29&quot;" file="tests\Unit\Architecture\ApplicationFunctionCoverageTest.php::it keeps every application php file syntactically loadable for function-level testing with data set &quot;('E:\laragon\www\inventory\app\…er.php') #29&quot;" class="Tests\Unit\Architecture\ApplicationFunctionCoverageTest" classname="Tests.Unit.Architecture.ApplicationFunctionCoverageTest" assertions="3" time="0.046835"/>
          <testcase name="it keeps every application php file syntactically loadable for function-level testing with data set &quot;('E:\laragon\www\inventory\app\…er.php') #30&quot;" file="tests\Unit\Architecture\ApplicationFunctionCoverageTest.php::it keeps every application php file syntactically loadable for function-level testing with data set &quot;('E:\laragon\www\inventory\app\…er.php') #30&quot;" class="Tests\Unit\Architecture\ApplicationFunctionCoverageTest" classname="Tests.Unit.Architecture.ApplicationFunctionCoverageTest" assertions="3" time="0.071445"/>
          <testcase name="it keeps every application php file syntactically loadable for function-level testing with data set &quot;('E:\laragon\www\inventory\app\…er.php') #31&quot;" file="tests\Unit\Architecture\ApplicationFunctionCoverageTest.php::it keeps every application php file syntactically loadable for function-level testing with data set &quot;('E:\laragon\www\inventory\app\…er.php') #31&quot;" class="Tests\Unit\Architecture\ApplicationFunctionCoverageTest" classname="Tests.Unit.Architecture.ApplicationFunctionCoverageTest" assertions="3" time="0.063919"/>
          <testcase name="it keeps every application php file syntactically loadable for function-level testing with data set &quot;('E:\laragon\www\inventory\app\…er.php') #32&quot;" file="tests\Unit\Architecture\ApplicationFunctionCoverageTest.php::it keeps every application php file syntactically loadable for function-level testing with data set &quot;('E:\laragon\www\inventory\app\…er.php') #32&quot;" class="Tests\Unit\Architecture\ApplicationFunctionCoverageTest" classname="Tests.Unit.Architecture.ApplicationFunctionCoverageTest" assertions="3" time="0.048667"/>
          <testcase name="it keeps every application php file syntactically loadable for function-level testing with data set &quot;('E:\laragon\www\inventory\app\…er.php') #33&quot;" file="tests\Unit\Architecture\ApplicationFunctionCoverageTest.php::it keeps every application php file syntactically loadable for function-level testing with data set &quot;('E:\laragon\www\inventory\app\…er.php') #33&quot;" class="Tests\Unit\Architecture\ApplicationFunctionCoverageTest" classname="Tests.Unit.Architecture.ApplicationFunctionCoverageTest" assertions="3" time="0.042698"/>
          <testcase name="it keeps every application php file syntactically loadable for function-level testing with data set &quot;('E:\laragon\www\inventory\app\…er.php') #34&quot;" file="tests\Unit\Architecture\ApplicationFunctionCoverageTest.php::it keeps every application php file syntactically loadable for function-level testing with data set &quot;('E:\laragon\www\inventory\app\…er.php') #34&quot;" class="Tests\Unit\Architecture\ApplicationFunctionCoverageTest" classname="Tests.Unit.Architecture.ApplicationFunctionCoverageTest" assertions="3" time="0.045855"/>
          <testcase name="it keeps every application php file syntactically loadable for function-level testing with data set &quot;('E:\laragon\www\inventory\app\…er.php') #35&quot;" file="tests\Unit\Architecture\ApplicationFunctionCoverageTest.php::it keeps every application php file syntactically loadable for function-level testing with data set &quot;('E:\laragon\www\inventory\app\…er.php') #35&quot;" class="Tests\Unit\Architecture\ApplicationFunctionCoverageTest" classname="Tests.Unit.Architecture.ApplicationFunctionCoverageTest" assertions="3" time="0.051176"/>
          <testcase name="it keeps every application php file syntactically loadable for function-level testing with data set &quot;('E:\laragon\www\inventory\app\…er.php') #36&quot;" file="tests\Unit\Architecture\ApplicationFunctionCoverageTest.php::it keeps every application php file syntactically loadable for function-level testing with data set &quot;('E:\laragon\www\inventory\app\…er.php') #36&quot;" class="Tests\Unit\Architecture\ApplicationFunctionCoverageTest" classname="Tests.Unit.Architecture.ApplicationFunctionCoverageTest" assertions="3" time="0.070501"/>
          <testcase name="it keeps every application php file syntactically loadable for function-level testing with data set &quot;('E:\laragon\www\inventory\app\…er.php') #37&quot;" file="tests\Unit\Architecture\ApplicationFunctionCoverageTest.php::it keeps every application php file syntactically loadable for function-level testing with data set &quot;('E:\laragon\www\inventory\app\…er.php') #37&quot;" class="Tests\Unit\Architecture\ApplicationFunctionCoverageTest" classname="Tests.Unit.Architecture.ApplicationFunctionCoverageTest" assertions="3" time="0.069083"/>
          <testcase name="it keeps every application php file syntactically loadable for function-level testing with data set &quot;('E:\laragon\www\inventory\app\…er.php') #38&quot;" file="tests\Unit\Architecture\ApplicationFunctionCoverageTest.php::it keeps every application php file syntactically loadable for function-level testing with data set &quot;('E:\laragon\www\inventory\app\…er.php') #38&quot;" class="Tests\Unit\Architecture\ApplicationFunctionCoverageTest" classname="Tests.Unit.Architecture.ApplicationFunctionCoverageTest" assertions="3" time="0.047251"/>
          <testcase name="it keeps every application php file syntactically loadable for function-level testing with data set &quot;('E:\laragon\www\inventory\app\…er.php') #39&quot;" file="tests\Unit\Architecture\ApplicationFunctionCoverageTest.php::it keeps every application php file syntactically loadable for function-level testing with data set &quot;('E:\laragon\www\inventory\app\…er.php') #39&quot;" class="Tests\Unit\Architecture\ApplicationFunctionCoverageTest" classname="Tests.Unit.Architecture.ApplicationFunctionCoverageTest" assertions="3" time="0.042586"/>
          <testcase name="it keeps every application php file syntactically loadable for function-level testing with data set &quot;('E:\laragon\www\inventory\app\…er.php') #40&quot;" file="tests\Unit\Architecture\ApplicationFunctionCoverageTest.php::it keeps every application php file syntactically loadable for function-level testing with data set &quot;('E:\laragon\www\inventory\app\…er.php') #40&quot;" class="Tests\Unit\Architecture\ApplicationFunctionCoverageTest" classname="Tests.Unit.Architecture.ApplicationFunctionCoverageTest" assertions="3" time="0.042794"/>
          <testcase name="it keeps every application php file syntactically loadable for function-level testing with data set &quot;('E:\laragon\www\inventory\app\…er.php') #41&quot;" file="tests\Unit\Architecture\ApplicationFunctionCoverageTest.php::it keeps every application php file syntactically loadable for function-level testing with data set &quot;('E:\laragon\www\inventory\app\…er.php') #41&quot;" class="Tests\Unit\Architecture\ApplicationFunctionCoverageTest" classname="Tests.Unit.Architecture.ApplicationFunctionCoverageTest" assertions="3" time="0.043147"/>
          <testcase name="it keeps every application php file syntactically loadable for function-level testing with data set &quot;('E:\laragon\www\inventory\app\…er.php') #42&quot;" file="tests\Unit\Architecture\ApplicationFunctionCoverageTest.php::it keeps every application php file syntactically loadable for function-level testing with data set &quot;('E:\laragon\www\inventory\app\…er.php') #42&quot;" class="Tests\Unit\Architecture\ApplicationFunctionCoverageTest" classname="Tests.Unit.Architecture.ApplicationFunctionCoverageTest" assertions="3" time="0.046121"/>
          <testcase name="it keeps every application php file syntactically loadable for function-level testing with data set &quot;('E:\laragon\www\inventory\app\…er.php') #43&quot;" file="tests\Unit\Architecture\ApplicationFunctionCoverageTest.php::it keeps every application php file syntactically loadable for function-level testing with data set &quot;('E:\laragon\www\inventory\app\…er.php') #43&quot;" class="Tests\Unit\Architecture\ApplicationFunctionCoverageTest" classname="Tests.Unit.Architecture.ApplicationFunctionCoverageTest" assertions="3" time="0.048721"/>
          <testcase name="it keeps every application php file syntactically loadable for function-level testing with data set &quot;('E:\laragon\www\inventory\app\…er.php') #44&quot;" file="tests\Unit\Architecture\ApplicationFunctionCoverageTest.php::it keeps every application php file syntactically loadable for function-level testing with data set &quot;('E:\laragon\www\inventory\app\…er.php') #44&quot;" class="Tests\Unit\Architecture\ApplicationFunctionCoverageTest" classname="Tests.Unit.Architecture.ApplicationFunctionCoverageTest" assertions="3" time="0.053425"/>
          <testcase name="it keeps every application php file syntactically loadable for function-level testing with data set &quot;('E:\laragon\www\inventory\app\…er.php') #45&quot;" file="tests\Unit\Architecture\ApplicationFunctionCoverageTest.php::it keeps every application php file syntactically loadable for function-level testing with data set &quot;('E:\laragon\www\inventory\app\…er.php') #45&quot;" class="Tests\Unit\Architecture\ApplicationFunctionCoverageTest" classname="Tests.Unit.Architecture.ApplicationFunctionCoverageTest" assertions="3" time="0.053320"/>
          <testcase name="it keeps every application php file syntactically loadable for function-level testing with data set &quot;('E:\laragon\www\inventory\app\…er.php') #46&quot;" file="tests\Unit\Architecture\ApplicationFunctionCoverageTest.php::it keeps every application php file syntactically loadable for function-level testing with data set &quot;('E:\laragon\www\inventory\app\…er.php') #46&quot;" class="Tests\Unit\Architecture\ApplicationFunctionCoverageTest" classname="Tests.Unit.Architecture.ApplicationFunctionCoverageTest" assertions="3" time="0.044475"/>
          <testcase name="it keeps every application php file syntactically loadable for function-level testing with data set &quot;('E:\laragon\www\inventory\app\…er.php') #47&quot;" file="tests\Unit\Architecture\ApplicationFunctionCoverageTest.php::it keeps every application php file syntactically loadable for function-level testing with data set &quot;('E:\laragon\www\inventory\app\…er.php') #47&quot;" class="Tests\Unit\Architecture\ApplicationFunctionCoverageTest" classname="Tests.Unit.Architecture.ApplicationFunctionCoverageTest" assertions="3" time="0.043153"/>
          <testcase name="it keeps every application php file syntactically loadable for function-level testing with data set &quot;('E:\laragon\www\inventory\app\…er.php') #48&quot;" file="tests\Unit\Architecture\ApplicationFunctionCoverageTest.php::it keeps every application php file syntactically loadable for function-level testing with data set &quot;('E:\laragon\www\inventory\app\…er.php') #48&quot;" class="Tests\Unit\Architecture\ApplicationFunctionCoverageTest" classname="Tests.Unit.Architecture.ApplicationFunctionCoverageTest" assertions="3" time="0.047870"/>
          <testcase name="it keeps every application php file syntactically loadable for function-level testing with data set &quot;('E:\laragon\www\inventory\app\…er.php') #49&quot;" file="tests\Unit\Architecture\ApplicationFunctionCoverageTest.php::it keeps every application php file syntactically loadable for function-level testing with data set &quot;('E:\laragon\www\inventory\app\…er.php') #49&quot;" class="Tests\Unit\Architecture\ApplicationFunctionCoverageTest" classname="Tests.Unit.Architecture.ApplicationFunctionCoverageTest" assertions="3" time="0.056573"/>
          <testcase name="it keeps every application php file syntactically loadable for function-level testing with data set &quot;('E:\laragon\www\inventory\app\…er.php') #50&quot;" file="tests\Unit\Architecture\ApplicationFunctionCoverageTest.php::it keeps every application php file syntactically loadable for function-level testing with data set &quot;('E:\laragon\www\inventory\app\…er.php') #50&quot;" class="Tests\Unit\Architecture\ApplicationFunctionCoverageTest" classname="Tests.Unit.Architecture.ApplicationFunctionCoverageTest" assertions="3" time="0.057114"/>
          <testcase name="it keeps every application php file syntactically loadable for function-level testing with data set &quot;('E:\laragon\www\inventory\app\…er.php') #51&quot;" file="tests\Unit\Architecture\ApplicationFunctionCoverageTest.php::it keeps every application php file syntactically loadable for function-level testing with data set &quot;('E:\laragon\www\inventory\app\…er.php') #51&quot;" class="Tests\Unit\Architecture\ApplicationFunctionCoverageTest" classname="Tests.Unit.Architecture.ApplicationFunctionCoverageTest" assertions="3" time="0.061505"/>
          <testcase name="it keeps every application php file syntactically loadable for function-level testing with data set &quot;('E:\laragon\www\inventory\app\…er.php') #52&quot;" file="tests\Unit\Architecture\ApplicationFunctionCoverageTest.php::it keeps every application php file syntactically loadable for function-level testing with data set &quot;('E:\laragon\www\inventory\app\…er.php') #52&quot;" class="Tests\Unit\Architecture\ApplicationFunctionCoverageTest" classname="Tests.Unit.Architecture.ApplicationFunctionCoverageTest" assertions="3" time="0.045313"/>
          <testcase name="it keeps every application php file syntactically loadable for function-level testing with data set &quot;('E:\laragon\www\inventory\app\…er.php') #53&quot;" file="tests\Unit\Architecture\ApplicationFunctionCoverageTest.php::it keeps every application php file syntactically loadable for function-level testing with data set &quot;('E:\laragon\www\inventory\app\…er.php') #53&quot;" class="Tests\Unit\Architecture\ApplicationFunctionCoverageTest" classname="Tests.Unit.Architecture.ApplicationFunctionCoverageTest" assertions="3" time="0.042803"/>
          <testcase name="it keeps every application php file syntactically loadable for function-level testing with data set &quot;('E:\laragon\www\inventory\app\…er.php') #54&quot;" file="tests\Unit\Architecture\ApplicationFunctionCoverageTest.php::it keeps every application php file syntactically loadable for function-level testing with data set &quot;('E:\laragon\www\inventory\app\…er.php') #54&quot;" class="Tests\Unit\Architecture\ApplicationFunctionCoverageTest" classname="Tests.Unit.Architecture.ApplicationFunctionCoverageTest" assertions="3" time="0.053407"/>
          <testcase name="it keeps every application php file syntactically loadable for function-level testing with data set &quot;('E:\laragon\www\inventory\app\…er.php') #55&quot;" file="tests\Unit\Architecture\ApplicationFunctionCoverageTest.php::it keeps every application php file syntactically loadable for function-level testing with data set &quot;('E:\laragon\www\inventory\app\…er.php') #55&quot;" class="Tests\Unit\Architecture\ApplicationFunctionCoverageTest" classname="Tests.Unit.Architecture.ApplicationFunctionCoverageTest" assertions="3" time="0.055050"/>
          <testcase name="it keeps every application php file syntactically loadable for function-level testing with data set &quot;('E:\laragon\www\inventory\app\…er.php') #56&quot;" file="tests\Unit\Architecture\ApplicationFunctionCoverageTest.php::it keeps every application php file syntactically loadable for function-level testing with data set &quot;('E:\laragon\www\inventory\app\…er.php') #56&quot;" class="Tests\Unit\Architecture\ApplicationFunctionCoverageTest" classname="Tests.Unit.Architecture.ApplicationFunctionCoverageTest" assertions="3" time="0.050635"/>
          <testcase name="it keeps every application php file syntactically loadable for function-level testing with data set &quot;('E:\laragon\www\inventory\app\…er.php') #57&quot;" file="tests\Unit\Architecture\ApplicationFunctionCoverageTest.php::it keeps every application php file syntactically loadable for function-level testing with data set &quot;('E:\laragon\www\inventory\app\…er.php') #57&quot;" class="Tests\Unit\Architecture\ApplicationFunctionCoverageTest" classname="Tests.Unit.Architecture.ApplicationFunctionCoverageTest" assertions="3" time="0.045016"/>
          <testcase name="it keeps every application php file syntactically loadable for function-level testing with data set &quot;('E:\laragon\www\inventory\app\…er.php') #58&quot;" file="tests\Unit\Architecture\ApplicationFunctionCoverageTest.php::it keeps every application php file syntactically loadable for function-level testing with data set &quot;('E:\laragon\www\inventory\app\…er.php') #58&quot;" class="Tests\Unit\Architecture\ApplicationFunctionCoverageTest" classname="Tests.Unit.Architecture.ApplicationFunctionCoverageTest" assertions="3" time="0.054124"/>
          <testcase name="it keeps every application php file syntactically loadable for function-level testing with data set &quot;('E:\laragon\www\inventory\app\…er.php') #59&quot;" file="tests\Unit\Architecture\ApplicationFunctionCoverageTest.php::it keeps every application php file syntactically loadable for function-level testing with data set &quot;('E:\laragon\www\inventory\app\…er.php') #59&quot;" class="Tests\Unit\Architecture\ApplicationFunctionCoverageTest" classname="Tests.Unit.Architecture.ApplicationFunctionCoverageTest" assertions="3" time="0.045068"/>
          <testcase name="it keeps every application php file syntactically loadable for function-level testing with data set &quot;('E:\laragon\www\inventory\app\…er.php') #60&quot;" file="tests\Unit\Architecture\ApplicationFunctionCoverageTest.php::it keeps every application php file syntactically loadable for function-level testing with data set &quot;('E:\laragon\www\inventory\app\…er.php') #60&quot;" class="Tests\Unit\Architecture\ApplicationFunctionCoverageTest" classname="Tests.Unit.Architecture.ApplicationFunctionCoverageTest" assertions="3" time="0.042405"/>
          <testcase name="it keeps every application php file syntactically loadable for function-level testing with data set &quot;('E:\laragon\www\inventory\app\…er.php') #61&quot;" file="tests\Unit\Architecture\ApplicationFunctionCoverageTest.php::it keeps every application php file syntactically loadable for function-level testing with data set &quot;('E:\laragon\www\inventory\app\…er.php') #61&quot;" class="Tests\Unit\Architecture\ApplicationFunctionCoverageTest" classname="Tests.Unit.Architecture.ApplicationFunctionCoverageTest" assertions="3" time="0.044301"/>
          <testcase name="it keeps every application php file syntactically loadable for function-level testing with data set &quot;('E:\laragon\www\inventory\app\…er.php') #62&quot;" file="tests\Unit\Architecture\ApplicationFunctionCoverageTest.php::it keeps every application php file syntactically loadable for function-level testing with data set &quot;('E:\laragon\www\inventory\app\…er.php') #62&quot;" class="Tests\Unit\Architecture\ApplicationFunctionCoverageTest" classname="Tests.Unit.Architecture.ApplicationFunctionCoverageTest" assertions="3" time="0.048608"/>
          <testcase name="it keeps every application php file syntactically loadable for function-level testing with data set &quot;('E:\laragon\www\inventory\app\…er.php') #63&quot;" file="tests\Unit\Architecture\ApplicationFunctionCoverageTest.php::it keeps every application php file syntactically loadable for function-level testing with data set &quot;('E:\laragon\www\inventory\app\…er.php') #63&quot;" class="Tests\Unit\Architecture\ApplicationFunctionCoverageTest" classname="Tests.Unit.Architecture.ApplicationFunctionCoverageTest" assertions="3" time="0.045136"/>
          <testcase name="it keeps every application php file syntactically loadable for function-level testing with data set &quot;('E:\laragon\www\inventory\app\…er.php') #64&quot;" file="tests\Unit\Architecture\ApplicationFunctionCoverageTest.php::it keeps every application php file syntactically loadable for function-level testing with data set &quot;('E:\laragon\www\inventory\app\…er.php') #64&quot;" class="Tests\Unit\Architecture\ApplicationFunctionCoverageTest" classname="Tests.Unit.Architecture.ApplicationFunctionCoverageTest" assertions="3" time="0.089585"/>
          <testcase name="it keeps every application php file syntactically loadable for function-level testing with data set &quot;('E:\laragon\www\inventory\app\…er.php') #65&quot;" file="tests\Unit\Architecture\ApplicationFunctionCoverageTest.php::it keeps every application php file syntactically loadable for function-level testing with data set &quot;('E:\laragon\www\inventory\app\…er.php') #65&quot;" class="Tests\Unit\Architecture\ApplicationFunctionCoverageTest" classname="Tests.Unit.Architecture.ApplicationFunctionCoverageTest" assertions="3" time="0.072756"/>
          <testcase name="it keeps every application php file syntactically loadable for function-level testing with data set &quot;('E:\laragon\www\inventory\app\…er.php') #66&quot;" file="tests\Unit\Architecture\ApplicationFunctionCoverageTest.php::it keeps every application php file syntactically loadable for function-level testing with data set &quot;('E:\laragon\www\inventory\app\…er.php') #66&quot;" class="Tests\Unit\Architecture\ApplicationFunctionCoverageTest" classname="Tests.Unit.Architecture.ApplicationFunctionCoverageTest" assertions="3" time="0.047800"/>
          <testcase name="it keeps every application php file syntactically loadable for function-level testing with data set &quot;('E:\laragon\www\inventory\app\…er.php') #67&quot;" file="tests\Unit\Architecture\ApplicationFunctionCoverageTest.php::it keeps every application php file syntactically loadable for function-level testing with data set &quot;('E:\laragon\www\inventory\app\…er.php') #67&quot;" class="Tests\Unit\Architecture\ApplicationFunctionCoverageTest" classname="Tests.Unit.Architecture.ApplicationFunctionCoverageTest" assertions="3" time="0.045981"/>
          <testcase name="it keeps every application php file syntactically loadable for function-level testing with data set &quot;('E:\laragon\www\inventory\app\…er.php') #68&quot;" file="tests\Unit\Architecture\ApplicationFunctionCoverageTest.php::it keeps every application php file syntactically loadable for function-level testing with data set &quot;('E:\laragon\www\inventory\app\…er.php') #68&quot;" class="Tests\Unit\Architecture\ApplicationFunctionCoverageTest" classname="Tests.Unit.Architecture.ApplicationFunctionCoverageTest" assertions="3" time="0.056036"/>
          <testcase name="it keeps every application php file syntactically loadable for function-level testing with data set &quot;('E:\laragon\www\inventory\app\…er.php') #69&quot;" file="tests\Unit\Architecture\ApplicationFunctionCoverageTest.php::it keeps every application php file syntactically loadable for function-level testing with data set &quot;('E:\laragon\www\inventory\app\…er.php') #69&quot;" class="Tests\Unit\Architecture\ApplicationFunctionCoverageTest" classname="Tests.Unit.Architecture.ApplicationFunctionCoverageTest" assertions="3" time="0.043466"/>
          <testcase name="it keeps every application php file syntactically loadable for function-level testing with data set &quot;('E:\laragon\www\inventory\app\…er.php') #70&quot;" file="tests\Unit\Architecture\ApplicationFunctionCoverageTest.php::it keeps every application php file syntactically loadable for function-level testing with data set &quot;('E:\laragon\www\inventory\app\…er.php') #70&quot;" class="Tests\Unit\Architecture\ApplicationFunctionCoverageTest" classname="Tests.Unit.Architecture.ApplicationFunctionCoverageTest" assertions="3" time="0.043807"/>
          <testcase name="it keeps every application php file syntactically loadable for function-level testing with data set &quot;('E:\laragon\www\inventory\app\…er.php') #71&quot;" file="tests\Unit\Architecture\ApplicationFunctionCoverageTest.php::it keeps every application php file syntactically loadable for function-level testing with data set &quot;('E:\laragon\www\inventory\app\…er.php') #71&quot;" class="Tests\Unit\Architecture\ApplicationFunctionCoverageTest" classname="Tests.Unit.Architecture.ApplicationFunctionCoverageTest" assertions="3" time="0.044276"/>
          <testcase name="it keeps every application php file syntactically loadable for function-level testing with data set &quot;('E:\laragon\www\inventory\app\…er.php') #72&quot;" file="tests\Unit\Architecture\ApplicationFunctionCoverageTest.php::it keeps every application php file syntactically loadable for function-level testing with data set &quot;('E:\laragon\www\inventory\app\…er.php') #72&quot;" class="Tests\Unit\Architecture\ApplicationFunctionCoverageTest" classname="Tests.Unit.Architecture.ApplicationFunctionCoverageTest" assertions="3" time="0.052411"/>
          <testcase name="it keeps every application php file syntactically loadable for function-level testing with data set &quot;('E:\laragon\www\inventory\app\…er.php') #73&quot;" file="tests\Unit\Architecture\ApplicationFunctionCoverageTest.php::it keeps every application php file syntactically loadable for function-level testing with data set &quot;('E:\laragon\www\inventory\app\…er.php') #73&quot;" class="Tests\Unit\Architecture\ApplicationFunctionCoverageTest" classname="Tests.Unit.Architecture.ApplicationFunctionCoverageTest" assertions="3" time="0.045224"/>
          <testcase name="it keeps every application php file syntactically loadable for function-level testing with data set &quot;('E:\laragon\www\inventory\app\…er.php') #74&quot;" file="tests\Unit\Architecture\ApplicationFunctionCoverageTest.php::it keeps every application php file syntactically loadable for function-level testing with data set &quot;('E:\laragon\www\inventory\app\…er.php') #74&quot;" class="Tests\Unit\Architecture\ApplicationFunctionCoverageTest" classname="Tests.Unit.Architecture.ApplicationFunctionCoverageTest" assertions="3" time="0.045942"/>
          <testcase name="it keeps every application php file syntactically loadable for function-level testing with data set &quot;('E:\laragon\www\inventory\app\…er.php') #75&quot;" file="tests\Unit\Architecture\ApplicationFunctionCoverageTest.php::it keeps every application php file syntactically loadable for function-level testing with data set &quot;('E:\laragon\www\inventory\app\…er.php') #75&quot;" class="Tests\Unit\Architecture\ApplicationFunctionCoverageTest" classname="Tests.Unit.Architecture.ApplicationFunctionCoverageTest" assertions="3" time="0.045226"/>
          <testcase name="it keeps every application php file syntactically loadable for function-level testing with data set &quot;('E:\laragon\www\inventory\app\…on.php') #8&quot;" file="tests\Unit\Architecture\ApplicationFunctionCoverageTest.php::it keeps every application php file syntactically loadable for function-level testing with data set &quot;('E:\laragon\www\inventory\app\…on.php') #8&quot;" class="Tests\Unit\Architecture\ApplicationFunctionCoverageTest" classname="Tests.Unit.Architecture.ApplicationFunctionCoverageTest" assertions="3" time="0.053366"/>
          <testcase name="it keeps every application php file syntactically loadable for function-level testing with data set &quot;('E:\laragon\www\inventory\app\…on.php') #9&quot;" file="tests\Unit\Architecture\ApplicationFunctionCoverageTest.php::it keeps every application php file syntactically loadable for function-level testing with data set &quot;('E:\laragon\www\inventory\app\…on.php') #9&quot;" class="Tests\Unit\Architecture\ApplicationFunctionCoverageTest" classname="Tests.Unit.Architecture.ApplicationFunctionCoverageTest" assertions="3" time="0.046094"/>
          <testcase name="it keeps every application php file syntactically loadable for function-level testing with data set &quot;('E:\laragon\www\inventory\app\…ts.php') #4&quot;" file="tests\Unit\Architecture\ApplicationFunctionCoverageTest.php::it keeps every application php file syntactically loadable for function-level testing with data set &quot;('E:\laragon\www\inventory\app\…ts.php') #4&quot;" class="Tests\Unit\Architecture\ApplicationFunctionCoverageTest" classname="Tests.Unit.Architecture.ApplicationFunctionCoverageTest" assertions="3" time="0.044518"/>
          <testcase name="it keeps every application php file syntactically loadable for function-level testing with data set &quot;('E:\laragon\www\inventory\app\…on.php') #10&quot;" file="tests\Unit\Architecture\ApplicationFunctionCoverageTest.php::it keeps every application php file syntactically loadable for function-level testing with data set &quot;('E:\laragon\www\inventory\app\…on.php') #10&quot;" class="Tests\Unit\Architecture\ApplicationFunctionCoverageTest" classname="Tests.Unit.Architecture.ApplicationFunctionCoverageTest" assertions="3" time="0.053943"/>
          <testcase name="it keeps every application php file syntactically loadable for function-level testing with data set &quot;('E:\laragon\www\inventory\app\…er.php') #76&quot;" file="tests\Unit\Architecture\ApplicationFunctionCoverageTest.php::it keeps every application php file syntactically loadable for function-level testing with data set &quot;('E:\laragon\www\inventory\app\…er.php') #76&quot;" class="Tests\Unit\Architecture\ApplicationFunctionCoverageTest" classname="Tests.Unit.Architecture.ApplicationFunctionCoverageTest" assertions="3" time="0.067881"/>
          <testcase name="it keeps every application php file syntactically loadable for function-level testing with data set &quot;('E:\laragon\www\inventory\app\…er.php') #77&quot;" file="tests\Unit\Architecture\ApplicationFunctionCoverageTest.php::it keeps every application php file syntactically loadable for function-level testing with data set &quot;('E:\laragon\www\inventory\app\…er.php') #77&quot;" class="Tests\Unit\Architecture\ApplicationFunctionCoverageTest" classname="Tests.Unit.Architecture.ApplicationFunctionCoverageTest" assertions="3" time="0.056311"/>
          <testcase name="it keeps every application php file syntactically loadable for function-level testing with data set &quot;('E:\laragon\www\inventory\app\…ss.php')&quot;" file="tests\Unit\Architecture\ApplicationFunctionCoverageTest.php::it keeps every application php file syntactically loadable for function-level testing with data set &quot;('E:\laragon\www\inventory\app\…ss.php')&quot;" class="Tests\Unit\Architecture\ApplicationFunctionCoverageTest" classname="Tests.Unit.Architecture.ApplicationFunctionCoverageTest" assertions="3" time="0.055929"/>
          <testcase name="it keeps every application php file syntactically loadable for function-level testing with data set &quot;('E:\laragon\www\inventory\app\…re.php')&quot;" file="tests\Unit\Architecture\ApplicationFunctionCoverageTest.php::it keeps every application php file syntactically loadable for function-level testing with data set &quot;('E:\laragon\www\inventory\app\…re.php')&quot;" class="Tests\Unit\Architecture\ApplicationFunctionCoverageTest" classname="Tests.Unit.Architecture.ApplicationFunctionCoverageTest" assertions="3" time="0.047447"/>
          <testcase name="it keeps every application php file syntactically loadable for function-level testing with data set &quot;('E:\laragon\www\inventory\app\…st.php') #1&quot;" file="tests\Unit\Architecture\ApplicationFunctionCoverageTest.php::it keeps every application php file syntactically loadable for function-level testing with data set &quot;('E:\laragon\www\inventory\app\…st.php') #1&quot;" class="Tests\Unit\Architecture\ApplicationFunctionCoverageTest" classname="Tests.Unit.Architecture.ApplicationFunctionCoverageTest" assertions="3" time="0.049817"/>
          <testcase name="it keeps every application php file syntactically loadable for function-level testing with data set &quot;('E:\laragon\www\inventory\app\…st.php') #2&quot;" file="tests\Unit\Architecture\ApplicationFunctionCoverageTest.php::it keeps every application php file syntactically loadable for function-level testing with data set &quot;('E:\laragon\www\inventory\app\…st.php') #2&quot;" class="Tests\Unit\Architecture\ApplicationFunctionCoverageTest" classname="Tests.Unit.Architecture.ApplicationFunctionCoverageTest" assertions="3" time="0.049085"/>
          <testcase name="it keeps every application php file syntactically loadable for function-level testing with data set &quot;('E:\laragon\www\inventory\app\…st.php') #3&quot;" file="tests\Unit\Architecture\ApplicationFunctionCoverageTest.php::it keeps every application php file syntactically loadable for function-level testing with data set &quot;('E:\laragon\www\inventory\app\…st.php') #3&quot;" class="Tests\Unit\Architecture\ApplicationFunctionCoverageTest" classname="Tests.Unit.Architecture.ApplicationFunctionCoverageTest" assertions="3" time="0.053898"/>
          <testcase name="it keeps every application php file syntactically loadable for function-level testing with data set &quot;('E:\laragon\www\inventory\app\…st.php') #4&quot;" file="tests\Unit\Architecture\ApplicationFunctionCoverageTest.php::it keeps every application php file syntactically loadable for function-level testing with data set &quot;('E:\laragon\www\inventory\app\…st.php') #4&quot;" class="Tests\Unit\Architecture\ApplicationFunctionCoverageTest" classname="Tests.Unit.Architecture.ApplicationFunctionCoverageTest" assertions="3" time="0.045539"/>
          <testcase name="it keeps every application php file syntactically loadable for function-level testing with data set &quot;('E:\laragon\www\inventory\app\…es.php') #6&quot;" file="tests\Unit\Architecture\ApplicationFunctionCoverageTest.php::it keeps every application php file syntactically loadable for function-level testing with data set &quot;('E:\laragon\www\inventory\app\…es.php') #6&quot;" class="Tests\Unit\Architecture\ApplicationFunctionCoverageTest" classname="Tests.Unit.Architecture.ApplicationFunctionCoverageTest" assertions="3" time="0.046098"/>
          <testcase name="it keeps every application php file syntactically loadable for function-level testing with data set &quot;('E:\laragon\www\inventory\app\…st.php') #5&quot;" file="tests\Unit\Architecture\ApplicationFunctionCoverageTest.php::it keeps every application php file syntactically loadable for function-level testing with data set &quot;('E:\laragon\www\inventory\app\…st.php') #5&quot;" class="Tests\Unit\Architecture\ApplicationFunctionCoverageTest" classname="Tests.Unit.Architecture.ApplicationFunctionCoverageTest" assertions="3" time="0.044563"/>
          <testcase name="it keeps every application php file syntactically loadable for function-level testing with data set &quot;('E:\laragon\www\inventory\app\…st.php') #6&quot;" file="tests\Unit\Architecture\ApplicationFunctionCoverageTest.php::it keeps every application php file syntactically loadable for function-level testing with data set &quot;('E:\laragon\www\inventory\app\…st.php') #6&quot;" class="Tests\Unit\Architecture\ApplicationFunctionCoverageTest" classname="Tests.Unit.Architecture.ApplicationFunctionCoverageTest" assertions="3" time="0.044005"/>
          <testcase name="it keeps every application php file syntactically loadable for function-level testing with data set &quot;('E:\laragon\www\inventory\app\…st.php') #7&quot;" file="tests\Unit\Architecture\ApplicationFunctionCoverageTest.php::it keeps every application php file syntactically loadable for function-level testing with data set &quot;('E:\laragon\www\inventory\app\…st.php') #7&quot;" class="Tests\Unit\Architecture\ApplicationFunctionCoverageTest" classname="Tests.Unit.Architecture.ApplicationFunctionCoverageTest" assertions="3" time="0.043673"/>
          <testcase name="it keeps every application php file syntactically loadable for function-level testing with data set &quot;('E:\laragon\www\inventory\app\…st.php') #8&quot;" file="tests\Unit\Architecture\ApplicationFunctionCoverageTest.php::it keeps every application php file syntactically loadable for function-level testing with data set &quot;('E:\laragon\www\inventory\app\…st.php') #8&quot;" class="Tests\Unit\Architecture\ApplicationFunctionCoverageTest" classname="Tests.Unit.Architecture.ApplicationFunctionCoverageTest" assertions="3" time="0.043188"/>
          <testcase name="it keeps every application php file syntactically loadable for function-level testing with data set &quot;('E:\laragon\www\inventory\app\…st.php') #9&quot;" file="tests\Unit\Architecture\ApplicationFunctionCoverageTest.php::it keeps every application php file syntactically loadable for function-level testing with data set &quot;('E:\laragon\www\inventory\app\…st.php') #9&quot;" class="Tests\Unit\Architecture\ApplicationFunctionCoverageTest" classname="Tests.Unit.Architecture.ApplicationFunctionCoverageTest" assertions="3" time="0.051399"/>
          <testcase name="it keeps every application php file syntactically loadable for function-level testing with data set &quot;('E:\laragon\www\inventory\app\…st.php') #10&quot;" file="tests\Unit\Architecture\ApplicationFunctionCoverageTest.php::it keeps every application php file syntactically loadable for function-level testing with data set &quot;('E:\laragon\www\inventory\app\…st.php') #10&quot;" class="Tests\Unit\Architecture\ApplicationFunctionCoverageTest" classname="Tests.Unit.Architecture.ApplicationFunctionCoverageTest" assertions="3" time="0.045262"/>
          <testcase name="it keeps every application php file syntactically loadable for function-level testing with data set &quot;('E:\laragon\www\inventory\app\…st.php') #11&quot;" file="tests\Unit\Architecture\ApplicationFunctionCoverageTest.php::it keeps every application php file syntactically loadable for function-level testing with data set &quot;('E:\laragon\www\inventory\app\…st.php') #11&quot;" class="Tests\Unit\Architecture\ApplicationFunctionCoverageTest" classname="Tests.Unit.Architecture.ApplicationFunctionCoverageTest" assertions="3" time="0.043652"/>
          <testcase name="it keeps every application php file syntactically loadable for function-level testing with data set &quot;('E:\laragon\www\inventory\app\…st.php') #12&quot;" file="tests\Unit\Architecture\ApplicationFunctionCoverageTest.php::it keeps every application php file syntactically loadable for function-level testing with data set &quot;('E:\laragon\www\inventory\app\…st.php') #12&quot;" class="Tests\Unit\Architecture\ApplicationFunctionCoverageTest" classname="Tests.Unit.Architecture.ApplicationFunctionCoverageTest" assertions="3" time="0.046403"/>
          <testcase name="it keeps every application php file syntactically loadable for function-level testing with data set &quot;('E:\laragon\www\inventory\app\…st.php') #13&quot;" file="tests\Unit\Architecture\ApplicationFunctionCoverageTest.php::it keeps every application php file syntactically loadable for function-level testing with data set &quot;('E:\laragon\www\inventory\app\…st.php') #13&quot;" class="Tests\Unit\Architecture\ApplicationFunctionCoverageTest" classname="Tests.Unit.Architecture.ApplicationFunctionCoverageTest" assertions="3" time="0.046612"/>
          <testcase name="it keeps every application php file syntactically loadable for function-level testing with data set &quot;('E:\laragon\www\inventory\app\…st.php') #14&quot;" file="tests\Unit\Architecture\ApplicationFunctionCoverageTest.php::it keeps every application php file syntactically loadable for function-level testing with data set &quot;('E:\laragon\www\inventory\app\…st.php') #14&quot;" class="Tests\Unit\Architecture\ApplicationFunctionCoverageTest" classname="Tests.Unit.Architecture.ApplicationFunctionCoverageTest" assertions="3" time="0.050395"/>
          <testcase name="it keeps every application php file syntactically loadable for function-level testing with data set &quot;('E:\laragon\www\inventory\app\…st.php') #15&quot;" file="tests\Unit\Architecture\ApplicationFunctionCoverageTest.php::it keeps every application php file syntactically loadable for function-level testing with data set &quot;('E:\laragon\www\inventory\app\…st.php') #15&quot;" class="Tests\Unit\Architecture\ApplicationFunctionCoverageTest" classname="Tests.Unit.Architecture.ApplicationFunctionCoverageTest" assertions="3" time="0.076566"/>
          <testcase name="it keeps every application php file syntactically loadable for function-level testing with data set &quot;('E:\laragon\www\inventory\app\…st.php') #16&quot;" file="tests\Unit\Architecture\ApplicationFunctionCoverageTest.php::it keeps every application php file syntactically loadable for function-level testing with data set &quot;('E:\laragon\www\inventory\app\…st.php') #16&quot;" class="Tests\Unit\Architecture\ApplicationFunctionCoverageTest" classname="Tests.Unit.Architecture.ApplicationFunctionCoverageTest" assertions="3" time="0.065624"/>
          <testcase name="it keeps every application php file syntactically loadable for function-level testing with data set &quot;('E:\laragon\www\inventory\app\…st.php') #17&quot;" file="tests\Unit\Architecture\ApplicationFunctionCoverageTest.php::it keeps every application php file syntactically loadable for function-level testing with data set &quot;('E:\laragon\www\inventory\app\…st.php') #17&quot;" class="Tests\Unit\Architecture\ApplicationFunctionCoverageTest" classname="Tests.Unit.Architecture.ApplicationFunctionCoverageTest" assertions="3" time="0.043277"/>
          <testcase name="it keeps every application php file syntactically loadable for function-level testing with data set &quot;('E:\laragon\www\inventory\app\…st.php') #18&quot;" file="tests\Unit\Architecture\ApplicationFunctionCoverageTest.php::it keeps every application php file syntactically loadable for function-level testing with data set &quot;('E:\laragon\www\inventory\app\…st.php') #18&quot;" class="Tests\Unit\Architecture\ApplicationFunctionCoverageTest" classname="Tests.Unit.Architecture.ApplicationFunctionCoverageTest" assertions="3" time="0.043642"/>
          <testcase name="it keeps every application php file syntactically loadable for function-level testing with data set &quot;('E:\laragon\www\inventory\app\…st.php') #19&quot;" file="tests\Unit\Architecture\ApplicationFunctionCoverageTest.php::it keeps every application php file syntactically loadable for function-level testing with data set &quot;('E:\laragon\www\inventory\app\…st.php') #19&quot;" class="Tests\Unit\Architecture\ApplicationFunctionCoverageTest" classname="Tests.Unit.Architecture.ApplicationFunctionCoverageTest" assertions="3" time="0.043998"/>
          <testcase name="it keeps every application php file syntactically loadable for function-level testing with data set &quot;('E:\laragon\www\inventory\app\…st.php') #20&quot;" file="tests\Unit\Architecture\ApplicationFunctionCoverageTest.php::it keeps every application php file syntactically loadable for function-level testing with data set &quot;('E:\laragon\www\inventory\app\…st.php') #20&quot;" class="Tests\Unit\Architecture\ApplicationFunctionCoverageTest" classname="Tests.Unit.Architecture.ApplicationFunctionCoverageTest" assertions="3" time="0.042555"/>
          <testcase name="it keeps every application php file syntactically loadable for function-level testing with data set &quot;('E:\laragon\www\inventory\app\…st.php') #21&quot;" file="tests\Unit\Architecture\ApplicationFunctionCoverageTest.php::it keeps every application php file syntactically loadable for function-level testing with data set &quot;('E:\laragon\www\inventory\app\…st.php') #21&quot;" class="Tests\Unit\Architecture\ApplicationFunctionCoverageTest" classname="Tests.Unit.Architecture.ApplicationFunctionCoverageTest" assertions="3" time="0.043161"/>
          <testcase name="it keeps every application php file syntactically loadable for function-level testing with data set &quot;('E:\laragon\www\inventory\app\…st.php') #22&quot;" file="tests\Unit\Architecture\ApplicationFunctionCoverageTest.php::it keeps every application php file syntactically loadable for function-level testing with data set &quot;('E:\laragon\www\inventory\app\…st.php') #22&quot;" class="Tests\Unit\Architecture\ApplicationFunctionCoverageTest" classname="Tests.Unit.Architecture.ApplicationFunctionCoverageTest" assertions="3" time="0.043946"/>
          <testcase name="it keeps every application php file syntactically loadable for function-level testing with data set &quot;('E:\laragon\www\inventory\app\…st.php') #23&quot;" file="tests\Unit\Architecture\ApplicationFunctionCoverageTest.php::it keeps every application php file syntactically loadable for function-level testing with data set &quot;('E:\laragon\www\inventory\app\…st.php') #23&quot;" class="Tests\Unit\Architecture\ApplicationFunctionCoverageTest" classname="Tests.Unit.Architecture.ApplicationFunctionCoverageTest" assertions="3" time="0.050296"/>
          <testcase name="it keeps every application php file syntactically loadable for function-level testing with data set &quot;('E:\laragon\www\inventory\app\…st.php') #24&quot;" file="tests\Unit\Architecture\ApplicationFunctionCoverageTest.php::it keeps every application php file syntactically loadable for function-level testing with data set &quot;('E:\laragon\www\inventory\app\…st.php') #24&quot;" class="Tests\Unit\Architecture\ApplicationFunctionCoverageTest" classname="Tests.Unit.Architecture.ApplicationFunctionCoverageTest" assertions="3" time="0.043750"/>
          <testcase name="it keeps every application php file syntactically loadable for function-level testing with data set &quot;('E:\laragon\www\inventory\app\…rt.php') #4&quot;" file="tests\Unit\Architecture\ApplicationFunctionCoverageTest.php::it keeps every application php file syntactically loadable for function-level testing with data set &quot;('E:\laragon\www\inventory\app\…rt.php') #4&quot;" class="Tests\Unit\Architecture\ApplicationFunctionCoverageTest" classname="Tests.Unit.Architecture.ApplicationFunctionCoverageTest" assertions="3" time="0.043455"/>
          <testcase name="it keeps every application php file syntactically loadable for function-level testing with data set &quot;('E:\laragon\www\inventory\app\…rt.php') #5&quot;" file="tests\Unit\Architecture\ApplicationFunctionCoverageTest.php::it keeps every application php file syntactically loadable for function-level testing with data set &quot;('E:\laragon\www\inventory\app\…rt.php') #5&quot;" class="Tests\Unit\Architecture\ApplicationFunctionCoverageTest" classname="Tests.Unit.Architecture.ApplicationFunctionCoverageTest" assertions="3" time="0.046432"/>
          <testcase name="it keeps every application php file syntactically loadable for function-level testing with data set &quot;('E:\laragon\www\inventory\app\…ob.php')&quot;" file="tests\Unit\Architecture\ApplicationFunctionCoverageTest.php::it keeps every application php file syntactically loadable for function-level testing with data set &quot;('E:\laragon\www\inventory\app\…ob.php')&quot;" class="Tests\Unit\Architecture\ApplicationFunctionCoverageTest" classname="Tests.Unit.Architecture.ApplicationFunctionCoverageTest" assertions="3" time="0.043309"/>
          <testcase name="it keeps every application php file syntactically loadable for function-level testing with data set &quot;('E:\laragon\www\inventory\app\…on.php') #11&quot;" file="tests\Unit\Architecture\ApplicationFunctionCoverageTest.php::it keeps every application php file syntactically loadable for function-level testing with data set &quot;('E:\laragon\www\inventory\app\…on.php') #11&quot;" class="Tests\Unit\Architecture\ApplicationFunctionCoverageTest" classname="Tests.Unit.Architecture.ApplicationFunctionCoverageTest" assertions="3" time="0.044796"/>
          <testcase name="it keeps every application php file syntactically loadable for function-level testing with data set &quot;('E:\laragon\www\inventory\app\…og.php') #1&quot;" file="tests\Unit\Architecture\ApplicationFunctionCoverageTest.php::it keeps every application php file syntactically loadable for function-level testing with data set &quot;('E:\laragon\www\inventory\app\…og.php') #1&quot;" class="Tests\Unit\Architecture\ApplicationFunctionCoverageTest" classname="Tests.Unit.Architecture.ApplicationFunctionCoverageTest" assertions="3" time="0.044655"/>
          <testcase name="it keeps every application php file syntactically loadable for function-level testing with data set &quot;('E:\laragon\www\inventory\app\…nt.php') #1&quot;" file="tests\Unit\Architecture\ApplicationFunctionCoverageTest.php::it keeps every application php file syntactically loadable for function-level testing with data set &quot;('E:\laragon\www\inventory\app\…nt.php') #1&quot;" class="Tests\Unit\Architecture\ApplicationFunctionCoverageTest" classname="Tests.Unit.Architecture.ApplicationFunctionCoverageTest" assertions="3" time="0.049906"/>
          <testcase name="it keeps every application php file syntactically loadable for function-level testing with data set &quot;('E:\laragon\www\inventory\app\…ry.php') #1&quot;" file="tests\Unit\Architecture\ApplicationFunctionCoverageTest.php::it keeps every application php file syntactically loadable for function-level testing with data set &quot;('E:\laragon\www\inventory\app\…ry.php') #1&quot;" class="Tests\Unit\Architecture\ApplicationFunctionCoverageTest" classname="Tests.Unit.Architecture.ApplicationFunctionCoverageTest" assertions="3" time="0.045196"/>
          <testcase name="it keeps every application php file syntactically loadable for function-level testing with data set &quot;('E:\laragon\www\inventory\app\…em.php') #1&quot;" file="tests\Unit\Architecture\ApplicationFunctionCoverageTest.php::it keeps every application php file syntactically loadable for function-level testing with data set &quot;('E:\laragon\www\inventory\app\…em.php') #1&quot;" class="Tests\Unit\Architecture\ApplicationFunctionCoverageTest" classname="Tests.Unit.Architecture.ApplicationFunctionCoverageTest" assertions="3" time="0.045575"/>
          <testcase name="it keeps every application php file syntactically loadable for function-level testing with data set &quot;('E:\laragon\www\inventory\app\…de.php') #1&quot;" file="tests\Unit\Architecture\ApplicationFunctionCoverageTest.php::it keeps every application php file syntactically loadable for function-level testing with data set &quot;('E:\laragon\www\inventory\app\…de.php') #1&quot;" class="Tests\Unit\Architecture\ApplicationFunctionCoverageTest" classname="Tests.Unit.Architecture.ApplicationFunctionCoverageTest" assertions="3" time="0.042681"/>
          <testcase name="it keeps every application php file syntactically loadable for function-level testing with data set &quot;('E:\laragon\www\inventory\app\…el.php')&quot;" file="tests\Unit\Architecture\ApplicationFunctionCoverageTest.php::it keeps every application php file syntactically loadable for function-level testing with data set &quot;('E:\laragon\www\inventory\app\…el.php')&quot;" class="Tests\Unit\Architecture\ApplicationFunctionCoverageTest" classname="Tests.Unit.Architecture.ApplicationFunctionCoverageTest" assertions="3" time="0.043622"/>
          <testcase name="it keeps every application php file syntactically loadable for function-level testing with data set &quot;('E:\laragon\www\inventory\app\…se.php') #1&quot;" file="tests\Unit\Architecture\ApplicationFunctionCoverageTest.php::it keeps every application php file syntactically loadable for function-level testing with data set &quot;('E:\laragon\www\inventory\app\…se.php') #1&quot;" class="Tests\Unit\Architecture\ApplicationFunctionCoverageTest" classname="Tests.Unit.Architecture.ApplicationFunctionCoverageTest" assertions="3" time="0.048931"/>
          <testcase name="it keeps every application php file syntactically loadable for function-level testing with data set &quot;('E:\laragon\www\inventory\app\…rt.php') #6&quot;" file="tests\Unit\Architecture\ApplicationFunctionCoverageTest.php::it keeps every application php file syntactically loadable for function-level testing with data set &quot;('E:\laragon\www\inventory\app\…rt.php') #6&quot;" class="Tests\Unit\Architecture\ApplicationFunctionCoverageTest" classname="Tests.Unit.Architecture.ApplicationFunctionCoverageTest" assertions="3" time="0.044274"/>
          <testcase name="it keeps every application php file syntactically loadable for function-level testing with data set &quot;('E:\laragon\www\inventory\app\…er.php') #78&quot;" file="tests\Unit\Architecture\ApplicationFunctionCoverageTest.php::it keeps every application php file syntactically loadable for function-level testing with data set &quot;('E:\laragon\www\inventory\app\…er.php') #78&quot;" class="Tests\Unit\Architecture\ApplicationFunctionCoverageTest" classname="Tests.Unit.Architecture.ApplicationFunctionCoverageTest" assertions="3" time="0.052154"/>
          <testcase name="it keeps every application php file syntactically loadable for function-level testing with data set &quot;('E:\laragon\www\inventory\app\…ry.php') #2&quot;" file="tests\Unit\Architecture\ApplicationFunctionCoverageTest.php::it keeps every application php file syntactically loadable for function-level testing with data set &quot;('E:\laragon\www\inventory\app\…ry.php') #2&quot;" class="Tests\Unit\Architecture\ApplicationFunctionCoverageTest" classname="Tests.Unit.Architecture.ApplicationFunctionCoverageTest" assertions="3" time="0.044911"/>
          <testcase name="it keeps every application php file syntactically loadable for function-level testing with data set &quot;('E:\laragon\www\inventory\app\…ue.php') #2&quot;" file="tests\Unit\Architecture\ApplicationFunctionCoverageTest.php::it keeps every application php file syntactically loadable for function-level testing with data set &quot;('E:\laragon\www\inventory\app\…ue.php') #2&quot;" class="Tests\Unit\Architecture\ApplicationFunctionCoverageTest" classname="Tests.Unit.Architecture.ApplicationFunctionCoverageTest" assertions="3" time="0.043710"/>
          <testcase name="it keeps every application php file syntactically loadable for function-level testing with data set &quot;('E:\laragon\www\inventory\app\…ty.php') #5&quot;" file="tests\Unit\Architecture\ApplicationFunctionCoverageTest.php::it keeps every application php file syntactically loadable for function-level testing with data set &quot;('E:\laragon\www\inventory\app\…ty.php') #5&quot;" class="Tests\Unit\Architecture\ApplicationFunctionCoverageTest" classname="Tests.Unit.Architecture.ApplicationFunctionCoverageTest" assertions="3" time="0.043612"/>
          <testcase name="it keeps every application php file syntactically loadable for function-level testing with data set &quot;('E:\laragon\www\inventory\app\…or.php') #1&quot;" file="tests\Unit\Architecture\ApplicationFunctionCoverageTest.php::it keeps every application php file syntactically loadable for function-level testing with data set &quot;('E:\laragon\www\inventory\app\…or.php') #1&quot;" class="Tests\Unit\Architecture\ApplicationFunctionCoverageTest" classname="Tests.Unit.Architecture.ApplicationFunctionCoverageTest" assertions="3" time="0.043470"/>
          <testcase name="it keeps every application php file syntactically loadable for function-level testing with data set &quot;('E:\laragon\www\inventory\app\…nt.php') #2&quot;" file="tests\Unit\Architecture\ApplicationFunctionCoverageTest.php::it keeps every application php file syntactically loadable for function-level testing with data set &quot;('E:\laragon\www\inventory\app\…nt.php') #2&quot;" class="Tests\Unit\Architecture\ApplicationFunctionCoverageTest" classname="Tests.Unit.Architecture.ApplicationFunctionCoverageTest" assertions="3" time="0.043565"/>
          <testcase name="it keeps every application php file syntactically loadable for function-level testing with data set &quot;('E:\laragon\www\inventory\app\…ng.php') #1&quot;" file="tests\Unit\Architecture\ApplicationFunctionCoverageTest.php::it keeps every application php file syntactically loadable for function-level testing with data set &quot;('E:\laragon\www\inventory\app\…ng.php') #1&quot;" class="Tests\Unit\Architecture\ApplicationFunctionCoverageTest" classname="Tests.Unit.Architecture.ApplicationFunctionCoverageTest" assertions="3" time="0.042554"/>
          <testcase name="it keeps every application php file syntactically loadable for function-level testing with data set &quot;('E:\laragon\www\inventory\app\…gn.php')&quot;" file="tests\Unit\Architecture\ApplicationFunctionCoverageTest.php::it keeps every application php file syntactically loadable for function-level testing with data set &quot;('E:\laragon\www\inventory\app\…gn.php')&quot;" class="Tests\Unit\Architecture\ApplicationFunctionCoverageTest" classname="Tests.Unit.Architecture.ApplicationFunctionCoverageTest" assertions="3" time="0.049236"/>
          <testcase name="it keeps every application php file syntactically loadable for function-level testing with data set &quot;('E:\laragon\www\inventory\app\…et.php') #1&quot;" file="tests\Unit\Architecture\ApplicationFunctionCoverageTest.php::it keeps every application php file syntactically loadable for function-level testing with data set &quot;('E:\laragon\www\inventory\app\…et.php') #1&quot;" class="Tests\Unit\Architecture\ApplicationFunctionCoverageTest" classname="Tests.Unit.Architecture.ApplicationFunctionCoverageTest" assertions="3" time="0.041852"/>
          <testcase name="it keeps every application php file syntactically loadable for function-level testing with data set &quot;('E:\laragon\www\inventory\app\…ry.php') #3&quot;" file="tests\Unit\Architecture\ApplicationFunctionCoverageTest.php::it keeps every application php file syntactically loadable for function-level testing with data set &quot;('E:\laragon\www\inventory\app\…ry.php') #3&quot;" class="Tests\Unit\Architecture\ApplicationFunctionCoverageTest" classname="Tests.Unit.Architecture.ApplicationFunctionCoverageTest" assertions="3" time="0.043656"/>
          <testcase name="it keeps every application php file syntactically loadable for function-level testing with data set &quot;('E:\laragon\www\inventory\app\…nt.php') #3&quot;" file="tests\Unit\Architecture\ApplicationFunctionCoverageTest.php::it keeps every application php file syntactically loadable for function-level testing with data set &quot;('E:\laragon\www\inventory\app\…nt.php') #3&quot;" class="Tests\Unit\Architecture\ApplicationFunctionCoverageTest" classname="Tests.Unit.Architecture.ApplicationFunctionCoverageTest" assertions="3" time="0.043056"/>
          <testcase name="it keeps every application php file syntactically loadable for function-level testing with data set &quot;('E:\laragon\www\inventory\app\…nt.php') #4&quot;" file="tests\Unit\Architecture\ApplicationFunctionCoverageTest.php::it keeps every application php file syntactically loadable for function-level testing with data set &quot;('E:\laragon\www\inventory\app\…nt.php') #4&quot;" class="Tests\Unit\Architecture\ApplicationFunctionCoverageTest" classname="Tests.Unit.Architecture.ApplicationFunctionCoverageTest" assertions="3" time="0.043869"/>
          <testcase name="it keeps every application php file syntactically loadable for function-level testing with data set &quot;('E:\laragon\www\inventory\app\…on.php') #12&quot;" file="tests\Unit\Architecture\ApplicationFunctionCoverageTest.php::it keeps every application php file syntactically loadable for function-level testing with data set &quot;('E:\laragon\www\inventory\app\…on.php') #12&quot;" class="Tests\Unit\Architecture\ApplicationFunctionCoverageTest" classname="Tests.Unit.Architecture.ApplicationFunctionCoverageTest" assertions="3" time="0.042895"/>
          <testcase name="it keeps every application php file syntactically loadable for function-level testing with data set &quot;('E:\laragon\www\inventory\app\…nt.php') #5&quot;" file="tests\Unit\Architecture\ApplicationFunctionCoverageTest.php::it keeps every application php file syntactically loadable for function-level testing with data set &quot;('E:\laragon\www\inventory\app\…nt.php') #5&quot;" class="Tests\Unit\Architecture\ApplicationFunctionCoverageTest" classname="Tests.Unit.Architecture.ApplicationFunctionCoverageTest" assertions="3" time="0.043633"/>
          <testcase name="it keeps every application php file syntactically loadable for function-level testing with data set &quot;('E:\laragon\www\inventory\app\…em.php') #2&quot;" file="tests\Unit\Architecture\ApplicationFunctionCoverageTest.php::it keeps every application php file syntactically loadable for function-level testing with data set &quot;('E:\laragon\www\inventory\app\…em.php') #2&quot;" class="Tests\Unit\Architecture\ApplicationFunctionCoverageTest" classname="Tests.Unit.Architecture.ApplicationFunctionCoverageTest" assertions="3" time="0.051158"/>
          <testcase name="it keeps every application php file syntactically loadable for function-level testing with data set &quot;('E:\laragon\www\inventory\app\…ox.php') #1&quot;" file="tests\Unit\Architecture\ApplicationFunctionCoverageTest.php::it keeps every application php file syntactically loadable for function-level testing with data set &quot;('E:\laragon\www\inventory\app\…ox.php') #1&quot;" class="Tests\Unit\Architecture\ApplicationFunctionCoverageTest" classname="Tests.Unit.Architecture.ApplicationFunctionCoverageTest" assertions="3" time="0.043316"/>
          <testcase name="it keeps every application php file syntactically loadable for function-level testing with data set &quot;('E:\laragon\www\inventory\app\…ry.php') #4&quot;" file="tests\Unit\Architecture\ApplicationFunctionCoverageTest.php::it keeps every application php file syntactically loadable for function-level testing with data set &quot;('E:\laragon\www\inventory\app\…ry.php') #4&quot;" class="Tests\Unit\Architecture\ApplicationFunctionCoverageTest" classname="Tests.Unit.Architecture.ApplicationFunctionCoverageTest" assertions="3" time="0.043224"/>
          <testcase name="it keeps every application php file syntactically loadable for function-level testing with data set &quot;('E:\laragon\www\inventory\app\…nt.php') #6&quot;" file="tests\Unit\Architecture\ApplicationFunctionCoverageTest.php::it keeps every application php file syntactically loadable for function-level testing with data set &quot;('E:\laragon\www\inventory\app\…nt.php') #6&quot;" class="Tests\Unit\Architecture\ApplicationFunctionCoverageTest" classname="Tests.Unit.Architecture.ApplicationFunctionCoverageTest" assertions="3" time="0.044686"/>
          <testcase name="it keeps every application php file syntactically loadable for function-level testing with data set &quot;('E:\laragon\www\inventory\app\…od.php') #1&quot;" file="tests\Unit\Architecture\ApplicationFunctionCoverageTest.php::it keeps every application php file syntactically loadable for function-level testing with data set &quot;('E:\laragon\www\inventory\app\…od.php') #1&quot;" class="Tests\Unit\Architecture\ApplicationFunctionCoverageTest" classname="Tests.Unit.Architecture.ApplicationFunctionCoverageTest" assertions="3" time="0.045021"/>
          <testcase name="it keeps every application php file syntactically loadable for function-level testing with data set &quot;('E:\laragon\www\inventory\app\…nt.php') #7&quot;" file="tests\Unit\Architecture\ApplicationFunctionCoverageTest.php::it keeps every application php file syntactically loadable for function-level testing with data set &quot;('E:\laragon\www\inventory\app\…nt.php') #7&quot;" class="Tests\Unit\Architecture\ApplicationFunctionCoverageTest" classname="Tests.Unit.Architecture.ApplicationFunctionCoverageTest" assertions="3" time="0.042602"/>
          <testcase name="it keeps every application php file syntactically loadable for function-level testing with data set &quot;('E:\laragon\www\inventory\app\…on.php') #13&quot;" file="tests\Unit\Architecture\ApplicationFunctionCoverageTest.php::it keeps every application php file syntactically loadable for function-level testing with data set &quot;('E:\laragon\www\inventory\app\…on.php') #13&quot;" class="Tests\Unit\Architecture\ApplicationFunctionCoverageTest" classname="Tests.Unit.Architecture.ApplicationFunctionCoverageTest" assertions="3" time="0.043766"/>
          <testcase name="it keeps every application php file syntactically loadable for function-level testing with data set &quot;('E:\laragon\www\inventory\app\…ng.php') #2&quot;" file="tests\Unit\Architecture\ApplicationFunctionCoverageTest.php::it keeps every application php file syntactically loadable for function-level testing with data set &quot;('E:\laragon\www\inventory\app\…ng.php') #2&quot;" class="Tests\Unit\Architecture\ApplicationFunctionCoverageTest" classname="Tests.Unit.Architecture.ApplicationFunctionCoverageTest" assertions="3" time="0.054309"/>
          <testcase name="it keeps every application php file syntactically loadable for function-level testing with data set &quot;('E:\laragon\www\inventory\app\…ox.php') #2&quot;" file="tests\Unit\Architecture\ApplicationFunctionCoverageTest.php::it keeps every application php file syntactically loadable for function-level testing with data set &quot;('E:\laragon\www\inventory\app\…ox.php') #2&quot;" class="Tests\Unit\Architecture\ApplicationFunctionCoverageTest" classname="Tests.Unit.Architecture.ApplicationFunctionCoverageTest" assertions="3" time="0.044747"/>
          <testcase name="it keeps every application php file syntactically loadable for function-level testing with data set &quot;('E:\laragon\www\inventory\app\…ng.php') #3&quot;" file="tests\Unit\Architecture\ApplicationFunctionCoverageTest.php::it keeps every application php file syntactically loadable for function-level testing with data set &quot;('E:\laragon\www\inventory\app\…ng.php') #3&quot;" class="Tests\Unit\Architecture\ApplicationFunctionCoverageTest" classname="Tests.Unit.Architecture.ApplicationFunctionCoverageTest" assertions="3" time="0.046245"/>
          <testcase name="it keeps every application php file syntactically loadable for function-level testing with data set &quot;('E:\laragon\www\inventory\app\…nt.php') #8&quot;" file="tests\Unit\Architecture\ApplicationFunctionCoverageTest.php::it keeps every application php file syntactically loadable for function-level testing with data set &quot;('E:\laragon\www\inventory\app\…nt.php') #8&quot;" class="Tests\Unit\Architecture\ApplicationFunctionCoverageTest" classname="Tests.Unit.Architecture.ApplicationFunctionCoverageTest" assertions="3" time="0.044094"/>
          <testcase name="it keeps every application php file syntactically loadable for function-level testing with data set &quot;('E:\laragon\www\inventory\app\…et.php') #2&quot;" file="tests\Unit\Architecture\ApplicationFunctionCoverageTest.php::it keeps every application php file syntactically loadable for function-level testing with data set &quot;('E:\laragon\www\inventory\app\…et.php') #2&quot;" class="Tests\Unit\Architecture\ApplicationFunctionCoverageTest" classname="Tests.Unit.Architecture.ApplicationFunctionCoverageTest" assertions="3" time="0.044231"/>
          <testcase name="it keeps every application php file syntactically loadable for function-level testing with data set &quot;('E:\laragon\www\inventory\app\…er.php') #79&quot;" file="tests\Unit\Architecture\ApplicationFunctionCoverageTest.php::it keeps every application php file syntactically loadable for function-level testing with data set &quot;('E:\laragon\www\inventory\app\…er.php') #79&quot;" class="Tests\Unit\Architecture\ApplicationFunctionCoverageTest" classname="Tests.Unit.Architecture.ApplicationFunctionCoverageTest" assertions="3" time="0.045372"/>
          <testcase name="it keeps every application php file syntactically loadable for function-level testing with data set &quot;('E:\laragon\www\inventory\app\…er.php') #80&quot;" file="tests\Unit\Architecture\ApplicationFunctionCoverageTest.php::it keeps every application php file syntactically loadable for function-level testing with data set &quot;('E:\laragon\www\inventory\app\…er.php') #80&quot;" class="Tests\Unit\Architecture\ApplicationFunctionCoverageTest" classname="Tests.Unit.Architecture.ApplicationFunctionCoverageTest" assertions="3" time="0.043256"/>
          <testcase name="it keeps every application php file syntactically loadable for function-level testing with data set &quot;('E:\laragon\www\inventory\app\…de.php') #2&quot;" file="tests\Unit\Architecture\ApplicationFunctionCoverageTest.php::it keeps every application php file syntactically loadable for function-level testing with data set &quot;('E:\laragon\www\inventory\app\…de.php') #2&quot;" class="Tests\Unit\Architecture\ApplicationFunctionCoverageTest" classname="Tests.Unit.Architecture.ApplicationFunctionCoverageTest" assertions="3" time="0.050424"/>
          <testcase name="it keeps every application php file syntactically loadable for function-level testing with data set &quot;('E:\laragon\www\inventory\app\…ne.php')&quot;" file="tests\Unit\Architecture\ApplicationFunctionCoverageTest.php::it keeps every application php file syntactically loadable for function-level testing with data set &quot;('E:\laragon\www\inventory\app\…ne.php')&quot;" class="Tests\Unit\Architecture\ApplicationFunctionCoverageTest" classname="Tests.Unit.Architecture.ApplicationFunctionCoverageTest" assertions="3" time="0.045954"/>
          <testcase name="it keeps every application php file syntactically loadable for function-level testing with data set &quot;('E:\laragon\www\inventory\app\…ch.php')&quot;" file="tests\Unit\Architecture\ApplicationFunctionCoverageTest.php::it keeps every application php file syntactically loadable for function-level testing with data set &quot;('E:\laragon\www\inventory\app\…ch.php')&quot;" class="Tests\Unit\Architecture\ApplicationFunctionCoverageTest" classname="Tests.Unit.Architecture.ApplicationFunctionCoverageTest" assertions="3" time="0.044106"/>
          <testcase name="it keeps every application php file syntactically loadable for function-level testing with data set &quot;('E:\laragon\www\inventory\app\…em.php') #3&quot;" file="tests\Unit\Architecture\ApplicationFunctionCoverageTest.php::it keeps every application php file syntactically loadable for function-level testing with data set &quot;('E:\laragon\www\inventory\app\…em.php') #3&quot;" class="Tests\Unit\Architecture\ApplicationFunctionCoverageTest" classname="Tests.Unit.Architecture.ApplicationFunctionCoverageTest" assertions="3" time="0.043114"/>
          <testcase name="it keeps every application php file syntactically loadable for function-level testing with data set &quot;('E:\laragon\www\inventory\app\…te.php') #1&quot;" file="tests\Unit\Architecture\ApplicationFunctionCoverageTest.php::it keeps every application php file syntactically loadable for function-level testing with data set &quot;('E:\laragon\www\inventory\app\…te.php') #1&quot;" class="Tests\Unit\Architecture\ApplicationFunctionCoverageTest" classname="Tests.Unit.Architecture.ApplicationFunctionCoverageTest" assertions="3" time="0.044114"/>
          <testcase name="it keeps every application php file syntactically loadable for function-level testing with data set &quot;('E:\laragon\www\inventory\app\…og.php') #2&quot;" file="tests\Unit\Architecture\ApplicationFunctionCoverageTest.php::it keeps every application php file syntactically loadable for function-level testing with data set &quot;('E:\laragon\www\inventory\app\…og.php') #2&quot;" class="Tests\Unit\Architecture\ApplicationFunctionCoverageTest" classname="Tests.Unit.Architecture.ApplicationFunctionCoverageTest" assertions="3" time="0.043448"/>
          <testcase name="it keeps every application php file syntactically loadable for function-level testing with data set &quot;('E:\laragon\www\inventory\app\…ng.php') #4&quot;" file="tests\Unit\Architecture\ApplicationFunctionCoverageTest.php::it keeps every application php file syntactically loadable for function-level testing with data set &quot;('E:\laragon\www\inventory\app\…ng.php') #4&quot;" class="Tests\Unit\Architecture\ApplicationFunctionCoverageTest" classname="Tests.Unit.Architecture.ApplicationFunctionCoverageTest" assertions="3" time="0.044520"/>
          <testcase name="it keeps every application php file syntactically loadable for function-level testing with data set &quot;('E:\laragon\www\inventory\app\…ce.php') #1&quot;" file="tests\Unit\Architecture\ApplicationFunctionCoverageTest.php::it keeps every application php file syntactically loadable for function-level testing with data set &quot;('E:\laragon\www\inventory\app\…ce.php') #1&quot;" class="Tests\Unit\Architecture\ApplicationFunctionCoverageTest" classname="Tests.Unit.Architecture.ApplicationFunctionCoverageTest" assertions="3" time="0.048717"/>
          <testcase name="it keeps every application php file syntactically loadable for function-level testing with data set &quot;('E:\laragon\www\inventory\app\…nt.php') #9&quot;" file="tests\Unit\Architecture\ApplicationFunctionCoverageTest.php::it keeps every application php file syntactically loadable for function-level testing with data set &quot;('E:\laragon\www\inventory\app\…nt.php') #9&quot;" class="Tests\Unit\Architecture\ApplicationFunctionCoverageTest" classname="Tests.Unit.Architecture.ApplicationFunctionCoverageTest" assertions="3" time="0.043137"/>
          <testcase name="it keeps every application php file syntactically loadable for function-level testing with data set &quot;('E:\laragon\www\inventory\app\…em.php') #4&quot;" file="tests\Unit\Architecture\ApplicationFunctionCoverageTest.php::it keeps every application php file syntactically loadable for function-level testing with data set &quot;('E:\laragon\www\inventory\app\…em.php') #4&quot;" class="Tests\Unit\Architecture\ApplicationFunctionCoverageTest" classname="Tests.Unit.Architecture.ApplicationFunctionCoverageTest" assertions="3" time="0.043381"/>
          <testcase name="it keeps every application php file syntactically loadable for function-level testing with data set &quot;('E:\laragon\www\inventory\app\…te.php') #2&quot;" file="tests\Unit\Architecture\ApplicationFunctionCoverageTest.php::it keeps every application php file syntactically loadable for function-level testing with data set &quot;('E:\laragon\www\inventory\app\…te.php') #2&quot;" class="Tests\Unit\Architecture\ApplicationFunctionCoverageTest" classname="Tests.Unit.Architecture.ApplicationFunctionCoverageTest" assertions="3" time="0.043479"/>
          <testcase name="it keeps every application php file syntactically loadable for function-level testing with data set &quot;('E:\laragon\www\inventory\app\…nt.php') #10&quot;" file="tests\Unit\Architecture\ApplicationFunctionCoverageTest.php::it keeps every application php file syntactically loadable for function-level testing with data set &quot;('E:\laragon\www\inventory\app\…nt.php') #10&quot;" class="Tests\Unit\Architecture\ApplicationFunctionCoverageTest" classname="Tests.Unit.Architecture.ApplicationFunctionCoverageTest" assertions="3" time="0.044494"/>
          <testcase name="it keeps every application php file syntactically loadable for function-level testing with data set &quot;('E:\laragon\www\inventory\app\…st.php') #25&quot;" file="tests\Unit\Architecture\ApplicationFunctionCoverageTest.php::it keeps every application php file syntactically loadable for function-level testing with data set &quot;('E:\laragon\www\inventory\app\…st.php') #25&quot;" class="Tests\Unit\Architecture\ApplicationFunctionCoverageTest" classname="Tests.Unit.Architecture.ApplicationFunctionCoverageTest" assertions="3" time="0.044634"/>
          <testcase name="it keeps every application php file syntactically loadable for function-level testing with data set &quot;('E:\laragon\www\inventory\app\…on.php') #14&quot;" file="tests\Unit\Architecture\ApplicationFunctionCoverageTest.php::it keeps every application php file syntactically loadable for function-level testing with data set &quot;('E:\laragon\www\inventory\app\…on.php') #14&quot;" class="Tests\Unit\Architecture\ApplicationFunctionCoverageTest" classname="Tests.Unit.Architecture.ApplicationFunctionCoverageTest" assertions="3" time="0.043869"/>
          <testcase name="it keeps every application php file syntactically loadable for function-level testing with data set &quot;('E:\laragon\www\inventory\app\…er.php') #81&quot;" file="tests\Unit\Architecture\ApplicationFunctionCoverageTest.php::it keeps every application php file syntactically loadable for function-level testing with data set &quot;('E:\laragon\www\inventory\app\…er.php') #81&quot;" class="Tests\Unit\Architecture\ApplicationFunctionCoverageTest" classname="Tests.Unit.Architecture.ApplicationFunctionCoverageTest" assertions="3" time="0.050997"/>
          <testcase name="it keeps every application php file syntactically loadable for function-level testing with data set &quot;('E:\laragon\www\inventory\app\…em.php') #5&quot;" file="tests\Unit\Architecture\ApplicationFunctionCoverageTest.php::it keeps every application php file syntactically loadable for function-level testing with data set &quot;('E:\laragon\www\inventory\app\…em.php') #5&quot;" class="Tests\Unit\Architecture\ApplicationFunctionCoverageTest" classname="Tests.Unit.Architecture.ApplicationFunctionCoverageTest" assertions="3" time="0.044081"/>
          <testcase name="it keeps every application php file syntactically loadable for function-level testing with data set &quot;('E:\laragon\www\inventory\app\…ew.php')&quot;" file="tests\Unit\Architecture\ApplicationFunctionCoverageTest.php::it keeps every application php file syntactically loadable for function-level testing with data set &quot;('E:\laragon\www\inventory\app\…ew.php')&quot;" class="Tests\Unit\Architecture\ApplicationFunctionCoverageTest" classname="Tests.Unit.Architecture.ApplicationFunctionCoverageTest" assertions="3" time="0.042691"/>
          <testcase name="it keeps every application php file syntactically loadable for function-level testing with data set &quot;('E:\laragon\www\inventory\app\…nt.php') #11&quot;" file="tests\Unit\Architecture\ApplicationFunctionCoverageTest.php::it keeps every application php file syntactically loadable for function-level testing with data set &quot;('E:\laragon\www\inventory\app\…nt.php') #11&quot;" class="Tests\Unit\Architecture\ApplicationFunctionCoverageTest" classname="Tests.Unit.Architecture.ApplicationFunctionCoverageTest" assertions="3" time="0.043498"/>
          <testcase name="it keeps every application php file syntactically loadable for function-level testing with data set &quot;('E:\laragon\www\inventory\app\…em.php') #6&quot;" file="tests\Unit\Architecture\ApplicationFunctionCoverageTest.php::it keeps every application php file syntactically loadable for function-level testing with data set &quot;('E:\laragon\www\inventory\app\…em.php') #6&quot;" class="Tests\Unit\Architecture\ApplicationFunctionCoverageTest" classname="Tests.Unit.Architecture.ApplicationFunctionCoverageTest" assertions="3" time="0.044010"/>
          <testcase name="it keeps every application php file syntactically loadable for function-level testing with data set &quot;('E:\laragon\www\inventory\app\…ct.php') #1&quot;" file="tests\Unit\Architecture\ApplicationFunctionCoverageTest.php::it keeps every application php file syntactically loadable for function-level testing with data set &quot;('E:\laragon\www\inventory\app\…ct.php') #1&quot;" class="Tests\Unit\Architecture\ApplicationFunctionCoverageTest" classname="Tests.Unit.Architecture.ApplicationFunctionCoverageTest" assertions="3" time="0.044508"/>
          <testcase name="it keeps every application php file syntactically loadable for function-level testing with data set &quot;('E:\laragon\www\inventory\app\…nt.php') #12&quot;" file="tests\Unit\Architecture\ApplicationFunctionCoverageTest.php::it keeps every application php file syntactically loadable for function-level testing with data set &quot;('E:\laragon\www\inventory\app\…nt.php') #12&quot;" class="Tests\Unit\Architecture\ApplicationFunctionCoverageTest" classname="Tests.Unit.Architecture.ApplicationFunctionCoverageTest" assertions="3" time="0.045291"/>
          <testcase name="it keeps every application php file syntactically loadable for function-level testing with data set &quot;('E:\laragon\www\inventory\app\…em.php') #7&quot;" file="tests\Unit\Architecture\ApplicationFunctionCoverageTest.php::it keeps every application php file syntactically loadable for function-level testing with data set &quot;('E:\laragon\www\inventory\app\…em.php') #7&quot;" class="Tests\Unit\Architecture\ApplicationFunctionCoverageTest" classname="Tests.Unit.Architecture.ApplicationFunctionCoverageTest" assertions="3" time="0.051626"/>
          <testcase name="it keeps every application php file syntactically loadable for function-level testing with data set &quot;('E:\laragon\www\inventory\app\…nt.php') #13&quot;" file="tests\Unit\Architecture\ApplicationFunctionCoverageTest.php::it keeps every application php file syntactically loadable for function-level testing with data set &quot;('E:\laragon\www\inventory\app\…nt.php') #13&quot;" class="Tests\Unit\Architecture\ApplicationFunctionCoverageTest" classname="Tests.Unit.Architecture.ApplicationFunctionCoverageTest" assertions="3" time="0.043729"/>
          <testcase name="it keeps every application php file syntactically loadable for function-level testing with data set &quot;('E:\laragon\www\inventory\app\…ce.php') #2&quot;" file="tests\Unit\Architecture\ApplicationFunctionCoverageTest.php::it keeps every application php file syntactically loadable for function-level testing with data set &quot;('E:\laragon\www\inventory\app\…ce.php') #2&quot;" class="Tests\Unit\Architecture\ApplicationFunctionCoverageTest" classname="Tests.Unit.Architecture.ApplicationFunctionCoverageTest" assertions="3" time="0.044149"/>
          <testcase name="it keeps every application php file syntactically loadable for function-level testing with data set &quot;('E:\laragon\www\inventory\app\…se.php') #2&quot;" file="tests\Unit\Architecture\ApplicationFunctionCoverageTest.php::it keeps every application php file syntactically loadable for function-level testing with data set &quot;('E:\laragon\www\inventory\app\…se.php') #2&quot;" class="Tests\Unit\Architecture\ApplicationFunctionCoverageTest" classname="Tests.Unit.Architecture.ApplicationFunctionCoverageTest" assertions="3" time="0.044142"/>
          <testcase name="it keeps every application php file syntactically loadable for function-level testing with data set &quot;('E:\laragon\www\inventory\app\…em.php') #8&quot;" file="tests\Unit\Architecture\ApplicationFunctionCoverageTest.php::it keeps every application php file syntactically loadable for function-level testing with data set &quot;('E:\laragon\www\inventory\app\…em.php') #8&quot;" class="Tests\Unit\Architecture\ApplicationFunctionCoverageTest" classname="Tests.Unit.Architecture.ApplicationFunctionCoverageTest" assertions="3" time="0.041987"/>
          <testcase name="it keeps every application php file syntactically loadable for function-level testing with data set &quot;('E:\laragon\www\inventory\app\…le.php') #1&quot;" file="tests\Unit\Architecture\ApplicationFunctionCoverageTest.php::it keeps every application php file syntactically loadable for function-level testing with data set &quot;('E:\laragon\www\inventory\app\…le.php') #1&quot;" class="Tests\Unit\Architecture\ApplicationFunctionCoverageTest" classname="Tests.Unit.Architecture.ApplicationFunctionCoverageTest" assertions="3" time="0.043800"/>
          <testcase name="it keeps every application php file syntactically loadable for function-level testing with data set &quot;('E:\laragon\www\inventory\app\…ry.php') #5&quot;" file="tests\Unit\Architecture\ApplicationFunctionCoverageTest.php::it keeps every application php file syntactically loadable for function-level testing with data set &quot;('E:\laragon\www\inventory\app\…ry.php') #5&quot;" class="Tests\Unit\Architecture\ApplicationFunctionCoverageTest" classname="Tests.Unit.Architecture.ApplicationFunctionCoverageTest" assertions="3" time="0.045460"/>
          <testcase name="it keeps every application php file syntactically loadable for function-level testing with data set &quot;('E:\laragon\www\inventory\app\…nt.php') #14&quot;" file="tests\Unit\Architecture\ApplicationFunctionCoverageTest.php::it keeps every application php file syntactically loadable for function-level testing with data set &quot;('E:\laragon\www\inventory\app\…nt.php') #14&quot;" class="Tests\Unit\Architecture\ApplicationFunctionCoverageTest" classname="Tests.Unit.Architecture.ApplicationFunctionCoverageTest" assertions="3" time="0.050960"/>
          <testcase name="it keeps every application php file syntactically loadable for function-level testing with data set &quot;('E:\laragon\www\inventory\app\…em.php') #9&quot;" file="tests\Unit\Architecture\ApplicationFunctionCoverageTest.php::it keeps every application php file syntactically loadable for function-level testing with data set &quot;('E:\laragon\www\inventory\app\…em.php') #9&quot;" class="Tests\Unit\Architecture\ApplicationFunctionCoverageTest" classname="Tests.Unit.Architecture.ApplicationFunctionCoverageTest" assertions="3" time="0.042291"/>
          <testcase name="it keeps every application php file syntactically loadable for function-level testing with data set &quot;('E:\laragon\www\inventory\app\…on.php') #15&quot;" file="tests\Unit\Architecture\ApplicationFunctionCoverageTest.php::it keeps every application php file syntactically loadable for function-level testing with data set &quot;('E:\laragon\www\inventory\app\…on.php') #15&quot;" class="Tests\Unit\Architecture\ApplicationFunctionCoverageTest" classname="Tests.Unit.Architecture.ApplicationFunctionCoverageTest" assertions="3" time="0.042821"/>
          <testcase name="it keeps every application php file syntactically loadable for function-level testing with data set &quot;('E:\laragon\www\inventory\app\…it.php')&quot;" file="tests\Unit\Architecture\ApplicationFunctionCoverageTest.php::it keeps every application php file syntactically loadable for function-level testing with data set &quot;('E:\laragon\www\inventory\app\…it.php')&quot;" class="Tests\Unit\Architecture\ApplicationFunctionCoverageTest" classname="Tests.Unit.Architecture.ApplicationFunctionCoverageTest" assertions="3" time="0.045355"/>
          <testcase name="it keeps every application php file syntactically loadable for function-level testing with data set &quot;('E:\laragon\www\inventory\app\…nt.php') #15&quot;" file="tests\Unit\Architecture\ApplicationFunctionCoverageTest.php::it keeps every application php file syntactically loadable for function-level testing with data set &quot;('E:\laragon\www\inventory\app\…nt.php') #15&quot;" class="Tests\Unit\Architecture\ApplicationFunctionCoverageTest" classname="Tests.Unit.Architecture.ApplicationFunctionCoverageTest" assertions="3" time="0.041649"/>
          <testcase name="it keeps every application php file syntactically loadable for function-level testing with data set &quot;('E:\laragon\www\inventory\app\…em.php') #10&quot;" file="tests\Unit\Architecture\ApplicationFunctionCoverageTest.php::it keeps every application php file syntactically loadable for function-level testing with data set &quot;('E:\laragon\www\inventory\app\…em.php') #10&quot;" class="Tests\Unit\Architecture\ApplicationFunctionCoverageTest" classname="Tests.Unit.Architecture.ApplicationFunctionCoverageTest" assertions="3" time="0.051461"/>
          <testcase name="it keeps every application php file syntactically loadable for function-level testing with data set &quot;('E:\laragon\www\inventory\app\…od.php') #2&quot;" file="tests\Unit\Architecture\ApplicationFunctionCoverageTest.php::it keeps every application php file syntactically loadable for function-level testing with data set &quot;('E:\laragon\www\inventory\app\…od.php') #2&quot;" class="Tests\Unit\Architecture\ApplicationFunctionCoverageTest" classname="Tests.Unit.Architecture.ApplicationFunctionCoverageTest" assertions="3" time="0.048797"/>
          <testcase name="it keeps every application php file syntactically loadable for function-level testing with data set &quot;('E:\laragon\www\inventory\app\…ce.php') #3&quot;" file="tests\Unit\Architecture\ApplicationFunctionCoverageTest.php::it keeps every application php file syntactically loadable for function-level testing with data set &quot;('E:\laragon\www\inventory\app\…ce.php') #3&quot;" class="Tests\Unit\Architecture\ApplicationFunctionCoverageTest" classname="Tests.Unit.Architecture.ApplicationFunctionCoverageTest" assertions="3" time="0.063526"/>
          <testcase name="it keeps every application php file syntactically loadable for function-level testing with data set &quot;('E:\laragon\www\inventory\app\…ct.php') #2&quot;" file="tests\Unit\Architecture\ApplicationFunctionCoverageTest.php::it keeps every application php file syntactically loadable for function-level testing with data set &quot;('E:\laragon\www\inventory\app\…ct.php') #2&quot;" class="Tests\Unit\Architecture\ApplicationFunctionCoverageTest" classname="Tests.Unit.Architecture.ApplicationFunctionCoverageTest" assertions="3" time="0.049730"/>
          <testcase name="it keeps every application php file syntactically loadable for function-level testing with data set &quot;('E:\laragon\www\inventory\app\…nt.php') #16&quot;" file="tests\Unit\Architecture\ApplicationFunctionCoverageTest.php::it keeps every application php file syntactically loadable for function-level testing with data set &quot;('E:\laragon\www\inventory\app\…nt.php') #16&quot;" class="Tests\Unit\Architecture\ApplicationFunctionCoverageTest" classname="Tests.Unit.Architecture.ApplicationFunctionCoverageTest" assertions="3" time="0.047509"/>
          <testcase name="it keeps every application php file syntactically loadable for function-level testing with data set &quot;('E:\laragon\www\inventory\app\…ry.php') #6&quot;" file="tests\Unit\Architecture\ApplicationFunctionCoverageTest.php::it keeps every application php file syntactically loadable for function-level testing with data set &quot;('E:\laragon\www\inventory\app\…ry.php') #6&quot;" class="Tests\Unit\Architecture\ApplicationFunctionCoverageTest" classname="Tests.Unit.Architecture.ApplicationFunctionCoverageTest" assertions="3" time="0.048923"/>
          <testcase name="it keeps every application php file syntactically loadable for function-level testing with data set &quot;('E:\laragon\www\inventory\app\…em.php') #11&quot;" file="tests\Unit\Architecture\ApplicationFunctionCoverageTest.php::it keeps every application php file syntactically loadable for function-level testing with data set &quot;('E:\laragon\www\inventory\app\…em.php') #11&quot;" class="Tests\Unit\Architecture\ApplicationFunctionCoverageTest" classname="Tests.Unit.Architecture.ApplicationFunctionCoverageTest" assertions="3" time="0.054306"/>
          <testcase name="it keeps every application php file syntactically loadable for function-level testing with data set &quot;('E:\laragon\www\inventory\app\…nt.php') #17&quot;" file="tests\Unit\Architecture\ApplicationFunctionCoverageTest.php::it keeps every application php file syntactically loadable for function-level testing with data set &quot;('E:\laragon\www\inventory\app\…nt.php') #17&quot;" class="Tests\Unit\Architecture\ApplicationFunctionCoverageTest" classname="Tests.Unit.Architecture.ApplicationFunctionCoverageTest" assertions="3" time="0.051571"/>
          <testcase name="it keeps every application php file syntactically loadable for function-level testing with data set &quot;('E:\laragon\www\inventory\app\…er.php') #82&quot;" file="tests\Unit\Architecture\ApplicationFunctionCoverageTest.php::it keeps every application php file syntactically loadable for function-level testing with data set &quot;('E:\laragon\www\inventory\app\…er.php') #82&quot;" class="Tests\Unit\Architecture\ApplicationFunctionCoverageTest" classname="Tests.Unit.Architecture.ApplicationFunctionCoverageTest" assertions="3" time="0.051692"/>
          <testcase name="it keeps every application php file syntactically loadable for function-level testing with data set &quot;('E:\laragon\www\inventory\app\…er.php') #83&quot;" file="tests\Unit\Architecture\ApplicationFunctionCoverageTest.php::it keeps every application php file syntactically loadable for function-level testing with data set &quot;('E:\laragon\www\inventory\app\…er.php') #83&quot;" class="Tests\Unit\Architecture\ApplicationFunctionCoverageTest" classname="Tests.Unit.Architecture.ApplicationFunctionCoverageTest" assertions="3" time="0.062646"/>
          <testcase name="it keeps every application php file syntactically loadable for function-level testing with data set &quot;('E:\laragon\www\inventory\app\…on.php') #16&quot;" file="tests\Unit\Architecture\ApplicationFunctionCoverageTest.php::it keeps every application php file syntactically loadable for function-level testing with data set &quot;('E:\laragon\www\inventory\app\…on.php') #16&quot;" class="Tests\Unit\Architecture\ApplicationFunctionCoverageTest" classname="Tests.Unit.Architecture.ApplicationFunctionCoverageTest" assertions="3" time="0.054548"/>
          <testcase name="it keeps every application php file syntactically loadable for function-level testing with data set &quot;('E:\laragon\www\inventory\app\…er.php') #84&quot;" file="tests\Unit\Architecture\ApplicationFunctionCoverageTest.php::it keeps every application php file syntactically loadable for function-level testing with data set &quot;('E:\laragon\www\inventory\app\…er.php') #84&quot;" class="Tests\Unit\Architecture\ApplicationFunctionCoverageTest" classname="Tests.Unit.Architecture.ApplicationFunctionCoverageTest" assertions="3" time="0.057216"/>
          <testcase name="it keeps every application php file syntactically loadable for function-level testing with data set &quot;('E:\laragon\www\inventory\app\…se.php') #3&quot;" file="tests\Unit\Architecture\ApplicationFunctionCoverageTest.php::it keeps every application php file syntactically loadable for function-level testing with data set &quot;('E:\laragon\www\inventory\app\…se.php') #3&quot;" class="Tests\Unit\Architecture\ApplicationFunctionCoverageTest" classname="Tests.Unit.Architecture.ApplicationFunctionCoverageTest" assertions="3" time="0.049850"/>
          <testcase name="it keeps every application php file syntactically loadable for function-level testing with data set &quot;('E:\laragon\www\inventory\app\…pt.php')&quot;" file="tests\Unit\Architecture\ApplicationFunctionCoverageTest.php::it keeps every application php file syntactically loadable for function-level testing with data set &quot;('E:\laragon\www\inventory\app\…pt.php')&quot;" class="Tests\Unit\Architecture\ApplicationFunctionCoverageTest" classname="Tests.Unit.Architecture.ApplicationFunctionCoverageTest" assertions="3" time="0.057631"/>
          <testcase name="it keeps every application php file syntactically loadable for function-level testing with data set &quot;('E:\laragon\www\inventory\app\…em.php') #12&quot;" file="tests\Unit\Architecture\ApplicationFunctionCoverageTest.php::it keeps every application php file syntactically loadable for function-level testing with data set &quot;('E:\laragon\www\inventory\app\…em.php') #12&quot;" class="Tests\Unit\Architecture\ApplicationFunctionCoverageTest" classname="Tests.Unit.Architecture.ApplicationFunctionCoverageTest" assertions="3" time="0.217510"/>
          <testcase name="it keeps every application php file syntactically loadable for function-level testing with data set &quot;('E:\laragon\www\inventory\app\…on.php') #17&quot;" file="tests\Unit\Architecture\ApplicationFunctionCoverageTest.php::it keeps every application php file syntactically loadable for function-level testing with data set &quot;('E:\laragon\www\inventory\app\…on.php') #17&quot;" class="Tests\Unit\Architecture\ApplicationFunctionCoverageTest" classname="Tests.Unit.Architecture.ApplicationFunctionCoverageTest" assertions="3" time="0.051645"/>
          <testcase name="it keeps every application php file syntactically loadable for function-level testing with data set &quot;('E:\laragon\www\inventory\app\…nt.php') #18&quot;" file="tests\Unit\Architecture\ApplicationFunctionCoverageTest.php::it keeps every application php file syntactically loadable for function-level testing with data set &quot;('E:\laragon\www\inventory\app\…nt.php') #18&quot;" class="Tests\Unit\Architecture\ApplicationFunctionCoverageTest" classname="Tests.Unit.Architecture.ApplicationFunctionCoverageTest" assertions="3" time="0.058466"/>
          <testcase name="it keeps every application php file syntactically loadable for function-level testing with data set &quot;('E:\laragon\www\inventory\app\…ck.php') #1&quot;" file="tests\Unit\Architecture\ApplicationFunctionCoverageTest.php::it keeps every application php file syntactically loadable for function-level testing with data set &quot;('E:\laragon\www\inventory\app\…ck.php') #1&quot;" class="Tests\Unit\Architecture\ApplicationFunctionCoverageTest" classname="Tests.Unit.Architecture.ApplicationFunctionCoverageTest" assertions="3" time="0.053474"/>
          <testcase name="it keeps every application php file syntactically loadable for function-level testing with data set &quot;('E:\laragon\www\inventory\app\…og.php') #3&quot;" file="tests\Unit\Architecture\ApplicationFunctionCoverageTest.php::it keeps every application php file syntactically loadable for function-level testing with data set &quot;('E:\laragon\www\inventory\app\…og.php') #3&quot;" class="Tests\Unit\Architecture\ApplicationFunctionCoverageTest" classname="Tests.Unit.Architecture.ApplicationFunctionCoverageTest" assertions="3" time="0.049958"/>
          <testcase name="it keeps every application php file syntactically loadable for function-level testing with data set &quot;('E:\laragon\www\inventory\app\…og.php') #4&quot;" file="tests\Unit\Architecture\ApplicationFunctionCoverageTest.php::it keeps every application php file syntactically loadable for function-level testing with data set &quot;('E:\laragon\www\inventory\app\…og.php') #4&quot;" class="Tests\Unit\Architecture\ApplicationFunctionCoverageTest" classname="Tests.Unit.Architecture.ApplicationFunctionCoverageTest" assertions="3" time="0.049394"/>
          <testcase name="it keeps every application php file syntactically loadable for function-level testing with data set &quot;('E:\laragon\www\inventory\app\…ot.php')&quot;" file="tests\Unit\Architecture\ApplicationFunctionCoverageTest.php::it keeps every application php file syntactically loadable for function-level testing with data set &quot;('E:\laragon\www\inventory\app\…ot.php')&quot;" class="Tests\Unit\Architecture\ApplicationFunctionCoverageTest" classname="Tests.Unit.Architecture.ApplicationFunctionCoverageTest" assertions="3" time="0.048796"/>
          <testcase name="it keeps every application php file syntactically loadable for function-level testing with data set &quot;('E:\laragon\www\inventory\app\…ck.php') #2&quot;" file="tests\Unit\Architecture\ApplicationFunctionCoverageTest.php::it keeps every application php file syntactically loadable for function-level testing with data set &quot;('E:\laragon\www\inventory\app\…ck.php') #2&quot;" class="Tests\Unit\Architecture\ApplicationFunctionCoverageTest" classname="Tests.Unit.Architecture.ApplicationFunctionCoverageTest" assertions="3" time="0.047960"/>
          <testcase name="it keeps every application php file syntactically loadable for function-level testing with data set &quot;('E:\laragon\www\inventory\app\…er.php') #85&quot;" file="tests\Unit\Architecture\ApplicationFunctionCoverageTest.php::it keeps every application php file syntactically loadable for function-level testing with data set &quot;('E:\laragon\www\inventory\app\…er.php') #85&quot;" class="Tests\Unit\Architecture\ApplicationFunctionCoverageTest" classname="Tests.Unit.Architecture.ApplicationFunctionCoverageTest" assertions="3" time="0.052458"/>
          <testcase name="it keeps every application php file syntactically loadable for function-level testing with data set &quot;('E:\laragon\www\inventory\app\…em.php') #13&quot;" file="tests\Unit\Architecture\ApplicationFunctionCoverageTest.php::it keeps every application php file syntactically loadable for function-level testing with data set &quot;('E:\laragon\www\inventory\app\…em.php') #13&quot;" class="Tests\Unit\Architecture\ApplicationFunctionCoverageTest" classname="Tests.Unit.Architecture.ApplicationFunctionCoverageTest" assertions="3" time="0.055213"/>
          <testcase name="it keeps every application php file syntactically loadable for function-level testing with data set &quot;('E:\laragon\www\inventory\app\…er.php') #86&quot;" file="tests\Unit\Architecture\ApplicationFunctionCoverageTest.php::it keeps every application php file syntactically loadable for function-level testing with data set &quot;('E:\laragon\www\inventory\app\…er.php') #86&quot;" class="Tests\Unit\Architecture\ApplicationFunctionCoverageTest" classname="Tests.Unit.Architecture.ApplicationFunctionCoverageTest" assertions="3" time="0.046819"/>
          <testcase name="it keeps every application php file syntactically loadable for function-level testing with data set &quot;('E:\laragon\www\inventory\app\…er.php') #87&quot;" file="tests\Unit\Architecture\ApplicationFunctionCoverageTest.php::it keeps every application php file syntactically loadable for function-level testing with data set &quot;('E:\laragon\www\inventory\app\…er.php') #87&quot;" class="Tests\Unit\Architecture\ApplicationFunctionCoverageTest" classname="Tests.Unit.Architecture.ApplicationFunctionCoverageTest" assertions="3" time="0.049315"/>
          <testcase name="it keeps every application php file syntactically loadable for function-level testing with data set &quot;('E:\laragon\www\inventory\app\…er.php') #88&quot;" file="tests\Unit\Architecture\ApplicationFunctionCoverageTest.php::it keeps every application php file syntactically loadable for function-level testing with data set &quot;('E:\laragon\www\inventory\app\…er.php') #88&quot;" class="Tests\Unit\Architecture\ApplicationFunctionCoverageTest" classname="Tests.Unit.Architecture.ApplicationFunctionCoverageTest" assertions="3" time="0.046275"/>
          <testcase name="it keeps every application php file syntactically loadable for function-level testing with data set &quot;('E:\laragon\www\inventory\app\…er.php') #89&quot;" file="tests\Unit\Architecture\ApplicationFunctionCoverageTest.php::it keeps every application php file syntactically loadable for function-level testing with data set &quot;('E:\laragon\www\inventory\app\…er.php') #89&quot;" class="Tests\Unit\Architecture\ApplicationFunctionCoverageTest" classname="Tests.Unit.Architecture.ApplicationFunctionCoverageTest" assertions="3" time="0.050921"/>
          <testcase name="it keeps every application php file syntactically loadable for function-level testing with data set &quot;('E:\laragon\www\inventory\app\…er.php') #90&quot;" file="tests\Unit\Architecture\ApplicationFunctionCoverageTest.php::it keeps every application php file syntactically loadable for function-level testing with data set &quot;('E:\laragon\www\inventory\app\…er.php') #90&quot;" class="Tests\Unit\Architecture\ApplicationFunctionCoverageTest" classname="Tests.Unit.Architecture.ApplicationFunctionCoverageTest" assertions="3" time="0.048283"/>
          <testcase name="it keeps every application php file syntactically loadable for function-level testing with data set &quot;('E:\laragon\www\inventory\app\…er.php') #91&quot;" file="tests\Unit\Architecture\ApplicationFunctionCoverageTest.php::it keeps every application php file syntactically loadable for function-level testing with data set &quot;('E:\laragon\www\inventory\app\…er.php') #91&quot;" class="Tests\Unit\Architecture\ApplicationFunctionCoverageTest" classname="Tests.Unit.Architecture.ApplicationFunctionCoverageTest" assertions="3" time="0.053133"/>
          <testcase name="it keeps every application php file syntactically loadable for function-level testing with data set &quot;('E:\laragon\www\inventory\app\…er.php') #92&quot;" file="tests\Unit\Architecture\ApplicationFunctionCoverageTest.php::it keeps every application php file syntactically loadable for function-level testing with data set &quot;('E:\laragon\www\inventory\app\…er.php') #92&quot;" class="Tests\Unit\Architecture\ApplicationFunctionCoverageTest" classname="Tests.Unit.Architecture.ApplicationFunctionCoverageTest" assertions="3" time="0.059042"/>
          <testcase name="it keeps every application php file syntactically loadable for function-level testing with data set &quot;('E:\laragon\www\inventory\app\…er.php') #93&quot;" file="tests\Unit\Architecture\ApplicationFunctionCoverageTest.php::it keeps every application php file syntactically loadable for function-level testing with data set &quot;('E:\laragon\www\inventory\app\…er.php') #93&quot;" class="Tests\Unit\Architecture\ApplicationFunctionCoverageTest" classname="Tests.Unit.Architecture.ApplicationFunctionCoverageTest" assertions="3" time="0.048001"/>
          <testcase name="it keeps every application php file syntactically loadable for function-level testing with data set &quot;('E:\laragon\www\inventory\app\…le.php') #2&quot;" file="tests\Unit\Architecture\ApplicationFunctionCoverageTest.php::it keeps every application php file syntactically loadable for function-level testing with data set &quot;('E:\laragon\www\inventory\app\…le.php') #2&quot;" class="Tests\Unit\Architecture\ApplicationFunctionCoverageTest" classname="Tests.Unit.Architecture.ApplicationFunctionCoverageTest" assertions="3" time="0.050342"/>
          <testcase name="it keeps every application php file syntactically loadable for function-level testing with data set &quot;('E:\laragon\www\inventory\app\…ce.php') #4&quot;" file="tests\Unit\Architecture\ApplicationFunctionCoverageTest.php::it keeps every application php file syntactically loadable for function-level testing with data set &quot;('E:\laragon\www\inventory\app\…ce.php') #4&quot;" class="Tests\Unit\Architecture\ApplicationFunctionCoverageTest" classname="Tests.Unit.Architecture.ApplicationFunctionCoverageTest" assertions="3" time="0.048021"/>
          <testcase name="it keeps every application php file syntactically loadable for function-level testing with data set &quot;('E:\laragon\www\inventory\app\…ce.php') #5&quot;" file="tests\Unit\Architecture\ApplicationFunctionCoverageTest.php::it keeps every application php file syntactically loadable for function-level testing with data set &quot;('E:\laragon\www\inventory\app\…ce.php') #5&quot;" class="Tests\Unit\Architecture\ApplicationFunctionCoverageTest" classname="Tests.Unit.Architecture.ApplicationFunctionCoverageTest" assertions="3" time="0.048002"/>
          <testcase name="it keeps every application php file syntactically loadable for function-level testing with data set &quot;('E:\laragon\www\inventory\app\…ce.php') #6&quot;" file="tests\Unit\Architecture\ApplicationFunctionCoverageTest.php::it keeps every application php file syntactically loadable for function-level testing with data set &quot;('E:\laragon\www\inventory\app\…ce.php') #6&quot;" class="Tests\Unit\Architecture\ApplicationFunctionCoverageTest" classname="Tests.Unit.Architecture.ApplicationFunctionCoverageTest" assertions="3" time="0.045086"/>
          <testcase name="it keeps every application php file syntactically loadable for function-level testing with data set &quot;('E:\laragon\www\inventory\app\…ce.php') #7&quot;" file="tests\Unit\Architecture\ApplicationFunctionCoverageTest.php::it keeps every application php file syntactically loadable for function-level testing with data set &quot;('E:\laragon\www\inventory\app\…ce.php') #7&quot;" class="Tests\Unit\Architecture\ApplicationFunctionCoverageTest" classname="Tests.Unit.Architecture.ApplicationFunctionCoverageTest" assertions="3" time="0.044906"/>
          <testcase name="it keeps every application php file syntactically loadable for function-level testing with data set &quot;('E:\laragon\www\inventory\app\…ce.php') #8&quot;" file="tests\Unit\Architecture\ApplicationFunctionCoverageTest.php::it keeps every application php file syntactically loadable for function-level testing with data set &quot;('E:\laragon\www\inventory\app\…ce.php') #8&quot;" class="Tests\Unit\Architecture\ApplicationFunctionCoverageTest" classname="Tests.Unit.Architecture.ApplicationFunctionCoverageTest" assertions="3" time="0.050374"/>
          <testcase name="it keeps every application php file syntactically loadable for function-level testing with data set &quot;('E:\laragon\www\inventory\app\…ce.php') #9&quot;" file="tests\Unit\Architecture\ApplicationFunctionCoverageTest.php::it keeps every application php file syntactically loadable for function-level testing with data set &quot;('E:\laragon\www\inventory\app\…ce.php') #9&quot;" class="Tests\Unit\Architecture\ApplicationFunctionCoverageTest" classname="Tests.Unit.Architecture.ApplicationFunctionCoverageTest" assertions="3" time="0.082501"/>
          <testcase name="it keeps every application php file syntactically loadable for function-level testing with data set &quot;('E:\laragon\www\inventory\app\…ce.php') #10&quot;" file="tests\Unit\Architecture\ApplicationFunctionCoverageTest.php::it keeps every application php file syntactically loadable for function-level testing with data set &quot;('E:\laragon\www\inventory\app\…ce.php') #10&quot;" class="Tests\Unit\Architecture\ApplicationFunctionCoverageTest" classname="Tests.Unit.Architecture.ApplicationFunctionCoverageTest" assertions="3" time="0.099915"/>
          <testcase name="it keeps every application php file syntactically loadable for function-level testing with data set &quot;('E:\laragon\www\inventory\app\…ce.php') #11&quot;" file="tests\Unit\Architecture\ApplicationFunctionCoverageTest.php::it keeps every application php file syntactically loadable for function-level testing with data set &quot;('E:\laragon\www\inventory\app\…ce.php') #11&quot;" class="Tests\Unit\Architecture\ApplicationFunctionCoverageTest" classname="Tests.Unit.Architecture.ApplicationFunctionCoverageTest" assertions="3" time="0.110959"/>
          <testcase name="it keeps every application php file syntactically loadable for function-level testing with data set &quot;('E:\laragon\www\inventory\app\…ce.php') #12&quot;" file="tests\Unit\Architecture\ApplicationFunctionCoverageTest.php::it keeps every application php file syntactically loadable for function-level testing with data set &quot;('E:\laragon\www\inventory\app\…ce.php') #12&quot;" class="Tests\Unit\Architecture\ApplicationFunctionCoverageTest" classname="Tests.Unit.Architecture.ApplicationFunctionCoverageTest" assertions="3" time="0.087152"/>
          <testcase name="it keeps every application php file syntactically loadable for function-level testing with data set &quot;('E:\laragon\www\inventory\app\…ce.php') #13&quot;" file="tests\Unit\Architecture\ApplicationFunctionCoverageTest.php::it keeps every application php file syntactically loadable for function-level testing with data set &quot;('E:\laragon\www\inventory\app\…ce.php') #13&quot;" class="Tests\Unit\Architecture\ApplicationFunctionCoverageTest" classname="Tests.Unit.Architecture.ApplicationFunctionCoverageTest" assertions="3" time="0.072241"/>
          <testcase name="it keeps every application php file syntactically loadable for function-level testing with data set &quot;('E:\laragon\www\inventory\app\…er.php') #94&quot;" file="tests\Unit\Architecture\ApplicationFunctionCoverageTest.php::it keeps every application php file syntactically loadable for function-level testing with data set &quot;('E:\laragon\www\inventory\app\…er.php') #94&quot;" class="Tests\Unit\Architecture\ApplicationFunctionCoverageTest" classname="Tests.Unit.Architecture.ApplicationFunctionCoverageTest" assertions="3" time="0.055347"/>
          <testcase name="it keeps every application php file syntactically loadable for function-level testing with data set &quot;('E:\laragon\www\inventory\app\…ce.php') #14&quot;" file="tests\Unit\Architecture\ApplicationFunctionCoverageTest.php::it keeps every application php file syntactically loadable for function-level testing with data set &quot;('E:\laragon\www\inventory\app\…ce.php') #14&quot;" class="Tests\Unit\Architecture\ApplicationFunctionCoverageTest" classname="Tests.Unit.Architecture.ApplicationFunctionCoverageTest" assertions="3" time="0.061383"/>
          <testcase name="it keeps every application php file syntactically loadable for function-level testing with data set &quot;('E:\laragon\www\inventory\app\…er.php') #95&quot;" file="tests\Unit\Architecture\ApplicationFunctionCoverageTest.php::it keeps every application php file syntactically loadable for function-level testing with data set &quot;('E:\laragon\www\inventory\app\…er.php') #95&quot;" class="Tests\Unit\Architecture\ApplicationFunctionCoverageTest" classname="Tests.Unit.Architecture.ApplicationFunctionCoverageTest" assertions="3" time="0.054387"/>
          <testcase name="it keeps every application php file syntactically loadable for function-level testing with data set &quot;('E:\laragon\www\inventory\app\…ce.php') #15&quot;" file="tests\Unit\Architecture\ApplicationFunctionCoverageTest.php::it keeps every application php file syntactically loadable for function-level testing with data set &quot;('E:\laragon\www\inventory\app\…ce.php') #15&quot;" class="Tests\Unit\Architecture\ApplicationFunctionCoverageTest" classname="Tests.Unit.Architecture.ApplicationFunctionCoverageTest" assertions="3" time="0.047895"/>
          <testcase name="it keeps every application php file syntactically loadable for function-level testing with data set &quot;('E:\laragon\www\inventory\app\…ce.php') #16&quot;" file="tests\Unit\Architecture\ApplicationFunctionCoverageTest.php::it keeps every application php file syntactically loadable for function-level testing with data set &quot;('E:\laragon\www\inventory\app\…ce.php') #16&quot;" class="Tests\Unit\Architecture\ApplicationFunctionCoverageTest" classname="Tests.Unit.Architecture.ApplicationFunctionCoverageTest" assertions="3" time="0.050565"/>
          <testcase name="it keeps every application php file syntactically loadable for function-level testing with data set &quot;('E:\laragon\www\inventory\app\…ce.php') #17&quot;" file="tests\Unit\Architecture\ApplicationFunctionCoverageTest.php::it keeps every application php file syntactically loadable for function-level testing with data set &quot;('E:\laragon\www\inventory\app\…ce.php') #17&quot;" class="Tests\Unit\Architecture\ApplicationFunctionCoverageTest" classname="Tests.Unit.Architecture.ApplicationFunctionCoverageTest" assertions="3" time="0.055852"/>
          <testcase name="it keeps every application php file syntactically loadable for function-level testing with data set &quot;('E:\laragon\www\inventory\app\…ce.php') #18&quot;" file="tests\Unit\Architecture\ApplicationFunctionCoverageTest.php::it keeps every application php file syntactically loadable for function-level testing with data set &quot;('E:\laragon\www\inventory\app\…ce.php') #18&quot;" class="Tests\Unit\Architecture\ApplicationFunctionCoverageTest" classname="Tests.Unit.Architecture.ApplicationFunctionCoverageTest" assertions="3" time="0.049800"/>
          <testcase name="it keeps every application php file syntactically loadable for function-level testing with data set &quot;('E:\laragon\www\inventory\app\…ce.php') #19&quot;" file="tests\Unit\Architecture\ApplicationFunctionCoverageTest.php::it keeps every application php file syntactically loadable for function-level testing with data set &quot;('E:\laragon\www\inventory\app\…ce.php') #19&quot;" class="Tests\Unit\Architecture\ApplicationFunctionCoverageTest" classname="Tests.Unit.Architecture.ApplicationFunctionCoverageTest" assertions="3" time="0.052337"/>
          <testcase name="it keeps every application php file syntactically loadable for function-level testing with data set &quot;('E:\laragon\www\inventory\app\…ce.php') #20&quot;" file="tests\Unit\Architecture\ApplicationFunctionCoverageTest.php::it keeps every application php file syntactically loadable for function-level testing with data set &quot;('E:\laragon\www\inventory\app\…ce.php') #20&quot;" class="Tests\Unit\Architecture\ApplicationFunctionCoverageTest" classname="Tests.Unit.Architecture.ApplicationFunctionCoverageTest" assertions="3" time="0.062697"/>
          <testcase name="it keeps every application php file syntactically loadable for function-level testing with data set &quot;('E:\laragon\www\inventory\app\…ce.php') #21&quot;" file="tests\Unit\Architecture\ApplicationFunctionCoverageTest.php::it keeps every application php file syntactically loadable for function-level testing with data set &quot;('E:\laragon\www\inventory\app\…ce.php') #21&quot;" class="Tests\Unit\Architecture\ApplicationFunctionCoverageTest" classname="Tests.Unit.Architecture.ApplicationFunctionCoverageTest" assertions="3" time="0.070528"/>
          <testcase name="it keeps every application php file syntactically loadable for function-level testing with data set &quot;('E:\laragon\www\inventory\app\…or.php') #2&quot;" file="tests\Unit\Architecture\ApplicationFunctionCoverageTest.php::it keeps every application php file syntactically loadable for function-level testing with data set &quot;('E:\laragon\www\inventory\app\…or.php') #2&quot;" class="Tests\Unit\Architecture\ApplicationFunctionCoverageTest" classname="Tests.Unit.Architecture.ApplicationFunctionCoverageTest" assertions="3" time="0.066423"/>
          <testcase name="it keeps every application php file syntactically loadable for function-level testing with data set &quot;('E:\laragon\www\inventory\app\…ey.php')&quot;" file="tests\Unit\Architecture\ApplicationFunctionCoverageTest.php::it keeps every application php file syntactically loadable for function-level testing with data set &quot;('E:\laragon\www\inventory\app\…ey.php')&quot;" class="Tests\Unit\Architecture\ApplicationFunctionCoverageTest" classname="Tests.Unit.Architecture.ApplicationFunctionCoverageTest" assertions="3" time="0.057185"/>
          <testcase name="it keeps every application php file syntactically loadable for function-level testing with data set &quot;('E:\laragon\www\inventory\app\…ce.php') #22&quot;" file="tests\Unit\Architecture\ApplicationFunctionCoverageTest.php::it keeps every application php file syntactically loadable for function-level testing with data set &quot;('E:\laragon\www\inventory\app\…ce.php') #22&quot;" class="Tests\Unit\Architecture\ApplicationFunctionCoverageTest" classname="Tests.Unit.Architecture.ApplicationFunctionCoverageTest" assertions="3" time="0.048437"/>
          <testcase name="it keeps every application php file syntactically loadable for function-level testing with data set &quot;('E:\laragon\www\inventory\app\…er.php') #96&quot;" file="tests\Unit\Architecture\ApplicationFunctionCoverageTest.php::it keeps every application php file syntactically loadable for function-level testing with data set &quot;('E:\laragon\www\inventory\app\…er.php') #96&quot;" class="Tests\Unit\Architecture\ApplicationFunctionCoverageTest" classname="Tests.Unit.Architecture.ApplicationFunctionCoverageTest" assertions="3" time="0.051289"/>
          <testcase name="it keeps every application php file syntactically loadable for function-level testing with data set &quot;('E:\laragon\www\inventory\app\…ce.php') #23&quot;" file="tests\Unit\Architecture\ApplicationFunctionCoverageTest.php::it keeps every application php file syntactically loadable for function-level testing with data set &quot;('E:\laragon\www\inventory\app\…ce.php') #23&quot;" class="Tests\Unit\Architecture\ApplicationFunctionCoverageTest" classname="Tests.Unit.Architecture.ApplicationFunctionCoverageTest" assertions="3" time="0.048280"/>
          <testcase name="it keeps every application php file syntactically loadable for function-level testing with data set &quot;('E:\laragon\www\inventory\app\…ce.php') #24&quot;" file="tests\Unit\Architecture\ApplicationFunctionCoverageTest.php::it keeps every application php file syntactically loadable for function-level testing with data set &quot;('E:\laragon\www\inventory\app\…ce.php') #24&quot;" class="Tests\Unit\Architecture\ApplicationFunctionCoverageTest" classname="Tests.Unit.Architecture.ApplicationFunctionCoverageTest" assertions="3" time="0.061403"/>
          <testcase name="it keeps every application php file syntactically loadable for function-level testing with data set &quot;('E:\laragon\www\inventory\app\…ce.php') #25&quot;" file="tests\Unit\Architecture\ApplicationFunctionCoverageTest.php::it keeps every application php file syntactically loadable for function-level testing with data set &quot;('E:\laragon\www\inventory\app\…ce.php') #25&quot;" class="Tests\Unit\Architecture\ApplicationFunctionCoverageTest" classname="Tests.Unit.Architecture.ApplicationFunctionCoverageTest" assertions="3" time="0.045824"/>
          <testcase name="it keeps every application php file syntactically loadable for function-level testing with data set &quot;('E:\laragon\www\inventory\app\…er.php') #97&quot;" file="tests\Unit\Architecture\ApplicationFunctionCoverageTest.php::it keeps every application php file syntactically loadable for function-level testing with data set &quot;('E:\laragon\www\inventory\app\…er.php') #97&quot;" class="Tests\Unit\Architecture\ApplicationFunctionCoverageTest" classname="Tests.Unit.Architecture.ApplicationFunctionCoverageTest" assertions="3" time="0.044053"/>
          <testcase name="it keeps every application php file syntactically loadable for function-level testing with data set &quot;('E:\laragon\www\inventory\app\…ce.php') #26&quot;" file="tests\Unit\Architecture\ApplicationFunctionCoverageTest.php::it keeps every application php file syntactically loadable for function-level testing with data set &quot;('E:\laragon\www\inventory\app\…ce.php') #26&quot;" class="Tests\Unit\Architecture\ApplicationFunctionCoverageTest" classname="Tests.Unit.Architecture.ApplicationFunctionCoverageTest" assertions="3" time="0.044506"/>
          <testcase name="it keeps every application php file syntactically loadable for function-level testing with data set &quot;('E:\laragon\www\inventory\app\…ce.php') #27&quot;" file="tests\Unit\Architecture\ApplicationFunctionCoverageTest.php::it keeps every application php file syntactically loadable for function-level testing with data set &quot;('E:\laragon\www\inventory\app\…ce.php') #27&quot;" class="Tests\Unit\Architecture\ApplicationFunctionCoverageTest" classname="Tests.Unit.Architecture.ApplicationFunctionCoverageTest" assertions="3" time="0.043265"/>
          <testcase name="it keeps every application php file syntactically loadable for function-level testing with data set &quot;('E:\laragon\www\inventory\app\…ce.php') #28&quot;" file="tests\Unit\Architecture\ApplicationFunctionCoverageTest.php::it keeps every application php file syntactically loadable for function-level testing with data set &quot;('E:\laragon\www\inventory\app\…ce.php') #28&quot;" class="Tests\Unit\Architecture\ApplicationFunctionCoverageTest" classname="Tests.Unit.Architecture.ApplicationFunctionCoverageTest" assertions="3" time="0.044258"/>
          <testcase name="it keeps every application php file syntactically loadable for function-level testing with data set &quot;('E:\laragon\www\inventory\app\…ce.php') #29&quot;" file="tests\Unit\Architecture\ApplicationFunctionCoverageTest.php::it keeps every application php file syntactically loadable for function-level testing with data set &quot;('E:\laragon\www\inventory\app\…ce.php') #29&quot;" class="Tests\Unit\Architecture\ApplicationFunctionCoverageTest" classname="Tests.Unit.Architecture.ApplicationFunctionCoverageTest" assertions="3" time="0.047785"/>
          <testcase name="it keeps every application php file syntactically loadable for function-level testing with data set &quot;('E:\laragon\www\inventory\app\…ce.php') #30&quot;" file="tests\Unit\Architecture\ApplicationFunctionCoverageTest.php::it keeps every application php file syntactically loadable for function-level testing with data set &quot;('E:\laragon\www\inventory\app\…ce.php') #30&quot;" class="Tests\Unit\Architecture\ApplicationFunctionCoverageTest" classname="Tests.Unit.Architecture.ApplicationFunctionCoverageTest" assertions="3" time="0.052484"/>
          <testcase name="it keeps every application php file syntactically loadable for function-level testing with data set &quot;('E:\laragon\www\inventory\app\…et.php') #3&quot;" file="tests\Unit\Architecture\ApplicationFunctionCoverageTest.php::it keeps every application php file syntactically loadable for function-level testing with data set &quot;('E:\laragon\www\inventory\app\…et.php') #3&quot;" class="Tests\Unit\Architecture\ApplicationFunctionCoverageTest" classname="Tests.Unit.Architecture.ApplicationFunctionCoverageTest" assertions="3" time="0.044232"/>
          <testcase name="it keeps every application php file syntactically loadable for function-level testing with data set &quot;('E:\laragon\www\inventory\app\…ce.php') #31&quot;" file="tests\Unit\Architecture\ApplicationFunctionCoverageTest.php::it keeps every application php file syntactically loadable for function-level testing with data set &quot;('E:\laragon\www\inventory\app\…ce.php') #31&quot;" class="Tests\Unit\Architecture\ApplicationFunctionCoverageTest" classname="Tests.Unit.Architecture.ApplicationFunctionCoverageTest" assertions="3" time="0.048689"/>
          <testcase name="it keeps every application php file syntactically loadable for function-level testing with data set &quot;('E:\laragon\www\inventory\app\…er.php') #98&quot;" file="tests\Unit\Architecture\ApplicationFunctionCoverageTest.php::it keeps every application php file syntactically loadable for function-level testing with data set &quot;('E:\laragon\www\inventory\app\…er.php') #98&quot;" class="Tests\Unit\Architecture\ApplicationFunctionCoverageTest" classname="Tests.Unit.Architecture.ApplicationFunctionCoverageTest" assertions="3" time="0.045169"/>
          <testcase name="it keeps every application php file syntactically loadable for function-level testing with data set &quot;('E:\laragon\www\inventory\app\…nt.php') #19&quot;" file="tests\Unit\Architecture\ApplicationFunctionCoverageTest.php::it keeps every application php file syntactically loadable for function-level testing with data set &quot;('E:\laragon\www\inventory\app\…nt.php') #19&quot;" class="Tests\Unit\Architecture\ApplicationFunctionCoverageTest" classname="Tests.Unit.Architecture.ApplicationFunctionCoverageTest" assertions="3" time="0.042341"/>
          <testcase name="it keeps every application php file syntactically loadable for function-level testing with data set &quot;('E:\laragon\www\inventory\app\…ce.php') #32&quot;" file="tests\Unit\Architecture\ApplicationFunctionCoverageTest.php::it keeps every application php file syntactically loadable for function-level testing with data set &quot;('E:\laragon\www\inventory\app\…ce.php') #32&quot;" class="Tests\Unit\Architecture\ApplicationFunctionCoverageTest" classname="Tests.Unit.Architecture.ApplicationFunctionCoverageTest" assertions="3" time="0.043446"/>
          <testcase name="it keeps every application php file syntactically loadable for function-level testing with data set &quot;('E:\laragon\www\inventory\app\…ce.php') #33&quot;" file="tests\Unit\Architecture\ApplicationFunctionCoverageTest.php::it keeps every application php file syntactically loadable for function-level testing with data set &quot;('E:\laragon\www\inventory\app\…ce.php') #33&quot;" class="Tests\Unit\Architecture\ApplicationFunctionCoverageTest" classname="Tests.Unit.Architecture.ApplicationFunctionCoverageTest" assertions="3" time="0.044165"/>
          <testcase name="it keeps every application php file syntactically loadable for function-level testing with data set &quot;('E:\laragon\www\inventory\app\…ce.php') #34&quot;" file="tests\Unit\Architecture\ApplicationFunctionCoverageTest.php::it keeps every application php file syntactically loadable for function-level testing with data set &quot;('E:\laragon\www\inventory\app\…ce.php') #34&quot;" class="Tests\Unit\Architecture\ApplicationFunctionCoverageTest" classname="Tests.Unit.Architecture.ApplicationFunctionCoverageTest" assertions="3" time="0.050473"/>
          <testcase name="it keeps every application php file syntactically loadable for function-level testing with data set &quot;('E:\laragon\www\inventory\app\…er.php') #99&quot;" file="tests\Unit\Architecture\ApplicationFunctionCoverageTest.php::it keeps every application php file syntactically loadable for function-level testing with data set &quot;('E:\laragon\www\inventory\app\…er.php') #99&quot;" class="Tests\Unit\Architecture\ApplicationFunctionCoverageTest" classname="Tests.Unit.Architecture.ApplicationFunctionCoverageTest" assertions="3" time="0.046843"/>
          <testcase name="it keeps every application php file syntactically loadable for function-level testing with data set &quot;('E:\laragon\www\inventory\app\…er.php') #100&quot;" file="tests\Unit\Architecture\ApplicationFunctionCoverageTest.php::it keeps every application php file syntactically loadable for function-level testing with data set &quot;('E:\laragon\www\inventory\app\…er.php') #100&quot;" class="Tests\Unit\Architecture\ApplicationFunctionCoverageTest" classname="Tests.Unit.Architecture.ApplicationFunctionCoverageTest" assertions="3" time="0.042675"/>
          <testcase name="it keeps every application php file syntactically loadable for function-level testing with data set &quot;('E:\laragon\www\inventory\app\…ce.php') #35&quot;" file="tests\Unit\Architecture\ApplicationFunctionCoverageTest.php::it keeps every application php file syntactically loadable for function-level testing with data set &quot;('E:\laragon\www\inventory\app\…ce.php') #35&quot;" class="Tests\Unit\Architecture\ApplicationFunctionCoverageTest" classname="Tests.Unit.Architecture.ApplicationFunctionCoverageTest" assertions="3" time="0.042864"/>
          <testcase name="it keeps every application php file syntactically loadable for function-level testing with data set &quot;('E:\laragon\www\inventory\app\…er.php') #101&quot;" file="tests\Unit\Architecture\ApplicationFunctionCoverageTest.php::it keeps every application php file syntactically loadable for function-level testing with data set &quot;('E:\laragon\www\inventory\app\…er.php') #101&quot;" class="Tests\Unit\Architecture\ApplicationFunctionCoverageTest" classname="Tests.Unit.Architecture.ApplicationFunctionCoverageTest" assertions="3" time="0.045451"/>
          <testcase name="it keeps every application php file syntactically loadable for function-level testing with data set &quot;('E:\laragon\www\inventory\app\…er.php') #102&quot;" file="tests\Unit\Architecture\ApplicationFunctionCoverageTest.php::it keeps every application php file syntactically loadable for function-level testing with data set &quot;('E:\laragon\www\inventory\app\…er.php') #102&quot;" class="Tests\Unit\Architecture\ApplicationFunctionCoverageTest" classname="Tests.Unit.Architecture.ApplicationFunctionCoverageTest" assertions="3" time="0.041217"/>
          <testcase name="it keeps every application php file syntactically loadable for function-level testing with data set &quot;('E:\laragon\www\inventory\app\…ce.php') #36&quot;" file="tests\Unit\Architecture\ApplicationFunctionCoverageTest.php::it keeps every application php file syntactically loadable for function-level testing with data set &quot;('E:\laragon\www\inventory\app\…ce.php') #36&quot;" class="Tests\Unit\Architecture\ApplicationFunctionCoverageTest" classname="Tests.Unit.Architecture.ApplicationFunctionCoverageTest" assertions="3" time="0.047161"/>
          <testcase name="it keeps every application php file syntactically loadable for function-level testing with data set &quot;('E:\laragon\www\inventory\app\…ce.php') #37&quot;" file="tests\Unit\Architecture\ApplicationFunctionCoverageTest.php::it keeps every application php file syntactically loadable for function-level testing with data set &quot;('E:\laragon\www\inventory\app\…ce.php') #37&quot;" class="Tests\Unit\Architecture\ApplicationFunctionCoverageTest" classname="Tests.Unit.Architecture.ApplicationFunctionCoverageTest" assertions="3" time="0.054188"/>
          <testcase name="it keeps every application php file syntactically loadable for function-level testing with data set &quot;('E:\laragon\www\inventory\app\…ce.php') #38&quot;" file="tests\Unit\Architecture\ApplicationFunctionCoverageTest.php::it keeps every application php file syntactically loadable for function-level testing with data set &quot;('E:\laragon\www\inventory\app\…ce.php') #38&quot;" class="Tests\Unit\Architecture\ApplicationFunctionCoverageTest" classname="Tests.Unit.Architecture.ApplicationFunctionCoverageTest" assertions="3" time="0.045935"/>
          <testcase name="it keeps every application php file syntactically loadable for function-level testing with data set &quot;('E:\laragon\www\inventory\app\…ce.php') #39&quot;" file="tests\Unit\Architecture\ApplicationFunctionCoverageTest.php::it keeps every application php file syntactically loadable for function-level testing with data set &quot;('E:\laragon\www\inventory\app\…ce.php') #39&quot;" class="Tests\Unit\Architecture\ApplicationFunctionCoverageTest" classname="Tests.Unit.Architecture.ApplicationFunctionCoverageTest" assertions="3" time="0.048905"/>
          <testcase name="it keeps every application php file syntactically loadable for function-level testing with data set &quot;('E:\laragon\www\inventory\app\…ce.php') #40&quot;" file="tests\Unit\Architecture\ApplicationFunctionCoverageTest.php::it keeps every application php file syntactically loadable for function-level testing with data set &quot;('E:\laragon\www\inventory\app\…ce.php') #40&quot;" class="Tests\Unit\Architecture\ApplicationFunctionCoverageTest" classname="Tests.Unit.Architecture.ApplicationFunctionCoverageTest" assertions="3" time="0.050281"/>
          <testcase name="it keeps every application php file syntactically loadable for function-level testing with data set &quot;('E:\laragon\www\inventory\app\…ce.php') #41&quot;" file="tests\Unit\Architecture\ApplicationFunctionCoverageTest.php::it keeps every application php file syntactically loadable for function-level testing with data set &quot;('E:\laragon\www\inventory\app\…ce.php') #41&quot;" class="Tests\Unit\Architecture\ApplicationFunctionCoverageTest" classname="Tests.Unit.Architecture.ApplicationFunctionCoverageTest" assertions="3" time="0.052377"/>
          <testcase name="it keeps every application php file syntactically loadable for function-level testing with data set &quot;('E:\laragon\www\inventory\app\…ce.php') #42&quot;" file="tests\Unit\Architecture\ApplicationFunctionCoverageTest.php::it keeps every application php file syntactically loadable for function-level testing with data set &quot;('E:\laragon\www\inventory\app\…ce.php') #42&quot;" class="Tests\Unit\Architecture\ApplicationFunctionCoverageTest" classname="Tests.Unit.Architecture.ApplicationFunctionCoverageTest" assertions="3" time="0.055066"/>
          <testcase name="it keeps every application php file syntactically loadable for function-level testing with data set &quot;('E:\laragon\www\inventory\app\…ce.php') #43&quot;" file="tests\Unit\Architecture\ApplicationFunctionCoverageTest.php::it keeps every application php file syntactically loadable for function-level testing with data set &quot;('E:\laragon\www\inventory\app\…ce.php') #43&quot;" class="Tests\Unit\Architecture\ApplicationFunctionCoverageTest" classname="Tests.Unit.Architecture.ApplicationFunctionCoverageTest" assertions="3" time="0.049857"/>
          <testcase name="it keeps every application php file syntactically loadable for function-level testing with data set &quot;('E:\laragon\www\inventory\app\…ce.php') #44&quot;" file="tests\Unit\Architecture\ApplicationFunctionCoverageTest.php::it keeps every application php file syntactically loadable for function-level testing with data set &quot;('E:\laragon\www\inventory\app\…ce.php') #44&quot;" class="Tests\Unit\Architecture\ApplicationFunctionCoverageTest" classname="Tests.Unit.Architecture.ApplicationFunctionCoverageTest" assertions="3" time="0.059394"/>
          <testcase name="it keeps every application php file syntactically loadable for function-level testing with data set &quot;('E:\laragon\www\inventory\app\…ce.php') #45&quot;" file="tests\Unit\Architecture\ApplicationFunctionCoverageTest.php::it keeps every application php file syntactically loadable for function-level testing with data set &quot;('E:\laragon\www\inventory\app\…ce.php') #45&quot;" class="Tests\Unit\Architecture\ApplicationFunctionCoverageTest" classname="Tests.Unit.Architecture.ApplicationFunctionCoverageTest" assertions="3" time="0.047678"/>
          <testcase name="it keeps every application php file syntactically loadable for function-level testing with data set &quot;('E:\laragon\www\inventory\app\…ce.php') #46&quot;" file="tests\Unit\Architecture\ApplicationFunctionCoverageTest.php::it keeps every application php file syntactically loadable for function-level testing with data set &quot;('E:\laragon\www\inventory\app\…ce.php') #46&quot;" class="Tests\Unit\Architecture\ApplicationFunctionCoverageTest" classname="Tests.Unit.Architecture.ApplicationFunctionCoverageTest" assertions="3" time="0.047957"/>
          <testcase name="it keeps every application php file syntactically loadable for function-level testing with data set &quot;('E:\laragon\www\inventory\app\…ce.php') #47&quot;" file="tests\Unit\Architecture\ApplicationFunctionCoverageTest.php::it keeps every application php file syntactically loadable for function-level testing with data set &quot;('E:\laragon\www\inventory\app\…ce.php') #47&quot;" class="Tests\Unit\Architecture\ApplicationFunctionCoverageTest" classname="Tests.Unit.Architecture.ApplicationFunctionCoverageTest" assertions="3" time="0.055849"/>
          <testcase name="it keeps every application php file syntactically loadable for function-level testing with data set &quot;('E:\laragon\www\inventory\app\…ce.php') #48&quot;" file="tests\Unit\Architecture\ApplicationFunctionCoverageTest.php::it keeps every application php file syntactically loadable for function-level testing with data set &quot;('E:\laragon\www\inventory\app\…ce.php') #48&quot;" class="Tests\Unit\Architecture\ApplicationFunctionCoverageTest" classname="Tests.Unit.Architecture.ApplicationFunctionCoverageTest" assertions="3" time="0.052527"/>
          <testcase name="it keeps every application php file syntactically loadable for function-level testing with data set &quot;('E:\laragon\www\inventory\app\…er.php') #103&quot;" file="tests\Unit\Architecture\ApplicationFunctionCoverageTest.php::it keeps every application php file syntactically loadable for function-level testing with data set &quot;('E:\laragon\www\inventory\app\…er.php') #103&quot;" class="Tests\Unit\Architecture\ApplicationFunctionCoverageTest" classname="Tests.Unit.Architecture.ApplicationFunctionCoverageTest" assertions="3" time="0.052243"/>
          <testcase name="it keeps every application php file syntactically loadable for function-level testing with data set &quot;('E:\laragon\www\inventory\app\…ce.php') #49&quot;" file="tests\Unit\Architecture\ApplicationFunctionCoverageTest.php::it keeps every application php file syntactically loadable for function-level testing with data set &quot;('E:\laragon\www\inventory\app\…ce.php') #49&quot;" class="Tests\Unit\Architecture\ApplicationFunctionCoverageTest" classname="Tests.Unit.Architecture.ApplicationFunctionCoverageTest" assertions="3" time="0.053432"/>
          <testcase name="it keeps every application php file syntactically loadable for function-level testing with data set &quot;('E:\laragon\www\inventory\app\…ce.php') #50&quot;" file="tests\Unit\Architecture\ApplicationFunctionCoverageTest.php::it keeps every application php file syntactically loadable for function-level testing with data set &quot;('E:\laragon\www\inventory\app\…ce.php') #50&quot;" class="Tests\Unit\Architecture\ApplicationFunctionCoverageTest" classname="Tests.Unit.Architecture.ApplicationFunctionCoverageTest" assertions="3" time="0.058593"/>
          <testcase name="it keeps every application php file syntactically loadable for function-level testing with data set &quot;('E:\laragon\www\inventory\app\…ce.php') #51&quot;" file="tests\Unit\Architecture\ApplicationFunctionCoverageTest.php::it keeps every application php file syntactically loadable for function-level testing with data set &quot;('E:\laragon\www\inventory\app\…ce.php') #51&quot;" class="Tests\Unit\Architecture\ApplicationFunctionCoverageTest" classname="Tests.Unit.Architecture.ApplicationFunctionCoverageTest" assertions="3" time="0.052159"/>
          <testcase name="it keeps every application php file syntactically loadable for function-level testing with data set &quot;('E:\laragon\www\inventory\app\…er.php') #104&quot;" file="tests\Unit\Architecture\ApplicationFunctionCoverageTest.php::it keeps every application php file syntactically loadable for function-level testing with data set &quot;('E:\laragon\www\inventory\app\…er.php') #104&quot;" class="Tests\Unit\Architecture\ApplicationFunctionCoverageTest" classname="Tests.Unit.Architecture.ApplicationFunctionCoverageTest" assertions="3" time="0.052263"/>
          <testcase name="it keeps every application php file syntactically loadable for function-level testing with data set &quot;('E:\laragon\www\inventory\app\…ce.php') #52&quot;" file="tests\Unit\Architecture\ApplicationFunctionCoverageTest.php::it keeps every application php file syntactically loadable for function-level testing with data set &quot;('E:\laragon\www\inventory\app\…ce.php') #52&quot;" class="Tests\Unit\Architecture\ApplicationFunctionCoverageTest" classname="Tests.Unit.Architecture.ApplicationFunctionCoverageTest" assertions="3" time="0.047077"/>
          <testcase name="it keeps every application php file syntactically loadable for function-level testing with data set &quot;('E:\laragon\www\inventory\app\…or.php') #3&quot;" file="tests\Unit\Architecture\ApplicationFunctionCoverageTest.php::it keeps every application php file syntactically loadable for function-level testing with data set &quot;('E:\laragon\www\inventory\app\…or.php') #3&quot;" class="Tests\Unit\Architecture\ApplicationFunctionCoverageTest" classname="Tests.Unit.Architecture.ApplicationFunctionCoverageTest" assertions="3" time="0.045515"/>
          <testcase name="it keeps every application php file syntactically loadable for function-level testing with data set &quot;('E:\laragon\www\inventory\app\…ce.php') #53&quot;" file="tests\Unit\Architecture\ApplicationFunctionCoverageTest.php::it keeps every application php file syntactically loadable for function-level testing with data set &quot;('E:\laragon\www\inventory\app\…ce.php') #53&quot;" class="Tests\Unit\Architecture\ApplicationFunctionCoverageTest" classname="Tests.Unit.Architecture.ApplicationFunctionCoverageTest" assertions="3" time="0.051989"/>
          <testcase name="it keeps every application php file syntactically loadable for function-level testing with data set &quot;('E:\laragon\www\inventory\app\…ce.php') #54&quot;" file="tests\Unit\Architecture\ApplicationFunctionCoverageTest.php::it keeps every application php file syntactically loadable for function-level testing with data set &quot;('E:\laragon\www\inventory\app\…ce.php') #54&quot;" class="Tests\Unit\Architecture\ApplicationFunctionCoverageTest" classname="Tests.Unit.Architecture.ApplicationFunctionCoverageTest" assertions="3" time="0.045976"/>
          <testcase name="it keeps every application php file syntactically loadable for function-level testing with data set &quot;('E:\laragon\www\inventory\app\…ce.php') #55&quot;" file="tests\Unit\Architecture\ApplicationFunctionCoverageTest.php::it keeps every application php file syntactically loadable for function-level testing with data set &quot;('E:\laragon\www\inventory\app\…ce.php') #55&quot;" class="Tests\Unit\Architecture\ApplicationFunctionCoverageTest" classname="Tests.Unit.Architecture.ApplicationFunctionCoverageTest" assertions="3" time="0.061444"/>
          <testcase name="it keeps every application php file syntactically loadable for function-level testing with data set &quot;('E:\laragon\www\inventory\app\…ce.php') #56&quot;" file="tests\Unit\Architecture\ApplicationFunctionCoverageTest.php::it keeps every application php file syntactically loadable for function-level testing with data set &quot;('E:\laragon\www\inventory\app\…ce.php') #56&quot;" class="Tests\Unit\Architecture\ApplicationFunctionCoverageTest" classname="Tests.Unit.Architecture.ApplicationFunctionCoverageTest" assertions="3" time="0.048197"/>
          <testcase name="it keeps every application php file syntactically loadable for function-level testing with data set &quot;('E:\laragon\www\inventory\app\…ce.php') #57&quot;" file="tests\Unit\Architecture\ApplicationFunctionCoverageTest.php::it keeps every application php file syntactically loadable for function-level testing with data set &quot;('E:\laragon\www\inventory\app\…ce.php') #57&quot;" class="Tests\Unit\Architecture\ApplicationFunctionCoverageTest" classname="Tests.Unit.Architecture.ApplicationFunctionCoverageTest" assertions="3" time="0.047556"/>
          <testcase name="it keeps every application php file syntactically loadable for function-level testing with data set &quot;('E:\laragon\www\inventory\app\…ce.php') #58&quot;" file="tests\Unit\Architecture\ApplicationFunctionCoverageTest.php::it keeps every application php file syntactically loadable for function-level testing with data set &quot;('E:\laragon\www\inventory\app\…ce.php') #58&quot;" class="Tests\Unit\Architecture\ApplicationFunctionCoverageTest" classname="Tests.Unit.Architecture.ApplicationFunctionCoverageTest" assertions="3" time="0.047870"/>
          <testcase name="it keeps every application php file syntactically loadable for function-level testing with data set &quot;('E:\laragon\www\inventory\app\…ce.php') #59&quot;" file="tests\Unit\Architecture\ApplicationFunctionCoverageTest.php::it keeps every application php file syntactically loadable for function-level testing with data set &quot;('E:\laragon\www\inventory\app\…ce.php') #59&quot;" class="Tests\Unit\Architecture\ApplicationFunctionCoverageTest" classname="Tests.Unit.Architecture.ApplicationFunctionCoverageTest" assertions="3" time="0.044936"/>
          <testcase name="it keeps every application php file syntactically loadable for function-level testing with data set &quot;('E:\laragon\www\inventory\app\…or.php') #4&quot;" file="tests\Unit\Architecture\ApplicationFunctionCoverageTest.php::it keeps every application php file syntactically loadable for function-level testing with data set &quot;('E:\laragon\www\inventory\app\…or.php') #4&quot;" class="Tests\Unit\Architecture\ApplicationFunctionCoverageTest" classname="Tests.Unit.Architecture.ApplicationFunctionCoverageTest" assertions="3" time="0.050031"/>
          <testcase name="it keeps every application php file syntactically loadable for function-level testing with data set &quot;('E:\laragon\www\inventory\app\…ce.php') #60&quot;" file="tests\Unit\Architecture\ApplicationFunctionCoverageTest.php::it keeps every application php file syntactically loadable for function-level testing with data set &quot;('E:\laragon\www\inventory\app\…ce.php') #60&quot;" class="Tests\Unit\Architecture\ApplicationFunctionCoverageTest" classname="Tests.Unit.Architecture.ApplicationFunctionCoverageTest" assertions="3" time="0.056015"/>
          <testcase name="it keeps every application php file syntactically loadable for function-level testing with data set &quot;('E:\laragon\www\inventory\app\…ce.php') #61&quot;" file="tests\Unit\Architecture\ApplicationFunctionCoverageTest.php::it keeps every application php file syntactically loadable for function-level testing with data set &quot;('E:\laragon\www\inventory\app\…ce.php') #61&quot;" class="Tests\Unit\Architecture\ApplicationFunctionCoverageTest" classname="Tests.Unit.Architecture.ApplicationFunctionCoverageTest" assertions="3" time="0.062683"/>
          <testcase name="it keeps every application php file syntactically loadable for function-level testing with data set &quot;('E:\laragon\www\inventory\app\…ce.php') #62&quot;" file="tests\Unit\Architecture\ApplicationFunctionCoverageTest.php::it keeps every application php file syntactically loadable for function-level testing with data set &quot;('E:\laragon\www\inventory\app\…ce.php') #62&quot;" class="Tests\Unit\Architecture\ApplicationFunctionCoverageTest" classname="Tests.Unit.Architecture.ApplicationFunctionCoverageTest" assertions="3" time="0.054703"/>
          <testcase name="it keeps every application php file syntactically loadable for function-level testing with data set &quot;('E:\laragon\www\inventory\app\…ce.php') #63&quot;" file="tests\Unit\Architecture\ApplicationFunctionCoverageTest.php::it keeps every application php file syntactically loadable for function-level testing with data set &quot;('E:\laragon\www\inventory\app\…ce.php') #63&quot;" class="Tests\Unit\Architecture\ApplicationFunctionCoverageTest" classname="Tests.Unit.Architecture.ApplicationFunctionCoverageTest" assertions="3" time="0.057270"/>
          <testcase name="it keeps every application php file syntactically loadable for function-level testing with data set &quot;('E:\laragon\www\inventory\app\…ce.php') #64&quot;" file="tests\Unit\Architecture\ApplicationFunctionCoverageTest.php::it keeps every application php file syntactically loadable for function-level testing with data set &quot;('E:\laragon\www\inventory\app\…ce.php') #64&quot;" class="Tests\Unit\Architecture\ApplicationFunctionCoverageTest" classname="Tests.Unit.Architecture.ApplicationFunctionCoverageTest" assertions="3" time="0.049085"/>
          <testcase name="it keeps every application php file syntactically loadable for function-level testing with data set &quot;('E:\laragon\www\inventory\app\…ce.php') #65&quot;" file="tests\Unit\Architecture\ApplicationFunctionCoverageTest.php::it keeps every application php file syntactically loadable for function-level testing with data set &quot;('E:\laragon\www\inventory\app\…ce.php') #65&quot;" class="Tests\Unit\Architecture\ApplicationFunctionCoverageTest" classname="Tests.Unit.Architecture.ApplicationFunctionCoverageTest" assertions="3" time="0.047709"/>
          <testcase name="it keeps every application php file syntactically loadable for function-level testing with data set &quot;('E:\laragon\www\inventory\app\…rt.php') #7&quot;" file="tests\Unit\Architecture\ApplicationFunctionCoverageTest.php::it keeps every application php file syntactically loadable for function-level testing with data set &quot;('E:\laragon\www\inventory\app\…rt.php') #7&quot;" class="Tests\Unit\Architecture\ApplicationFunctionCoverageTest" classname="Tests.Unit.Architecture.ApplicationFunctionCoverageTest" assertions="3" time="0.044906"/>
          <testcase name="it keeps every application php file syntactically loadable for function-level testing with data set &quot;('E:\laragon\www\inventory\app\…ce.php') #66&quot;" file="tests\Unit\Architecture\ApplicationFunctionCoverageTest.php::it keeps every application php file syntactically loadable for function-level testing with data set &quot;('E:\laragon\www\inventory\app\…ce.php') #66&quot;" class="Tests\Unit\Architecture\ApplicationFunctionCoverageTest" classname="Tests.Unit.Architecture.ApplicationFunctionCoverageTest" assertions="3" time="0.046890"/>
          <testcase name="it keeps every application php file syntactically loadable for function-level testing with data set &quot;('E:\laragon\www\inventory\app\…ce.php') #67&quot;" file="tests\Unit\Architecture\ApplicationFunctionCoverageTest.php::it keeps every application php file syntactically loadable for function-level testing with data set &quot;('E:\laragon\www\inventory\app\…ce.php') #67&quot;" class="Tests\Unit\Architecture\ApplicationFunctionCoverageTest" classname="Tests.Unit.Architecture.ApplicationFunctionCoverageTest" assertions="3" time="0.052469"/>
          <testcase name="it keeps every application php file syntactically loadable for function-level testing with data set &quot;('E:\laragon\www\inventory\app\…ce.php') #68&quot;" file="tests\Unit\Architecture\ApplicationFunctionCoverageTest.php::it keeps every application php file syntactically loadable for function-level testing with data set &quot;('E:\laragon\www\inventory\app\…ce.php') #68&quot;" class="Tests\Unit\Architecture\ApplicationFunctionCoverageTest" classname="Tests.Unit.Architecture.ApplicationFunctionCoverageTest" assertions="3" time="0.062031"/>
          <testcase name="it keeps every application php file syntactically loadable for function-level testing with data set &quot;('E:\laragon\www\inventory\app\…ce.php') #69&quot;" file="tests\Unit\Architecture\ApplicationFunctionCoverageTest.php::it keeps every application php file syntactically loadable for function-level testing with data set &quot;('E:\laragon\www\inventory\app\…ce.php') #69&quot;" class="Tests\Unit\Architecture\ApplicationFunctionCoverageTest" classname="Tests.Unit.Architecture.ApplicationFunctionCoverageTest" assertions="3" time="0.050310"/>
          <testcase name="it keeps every application php file syntactically loadable for function-level testing with data set &quot;('E:\laragon\www\inventory\app\…ce.php') #70&quot;" file="tests\Unit\Architecture\ApplicationFunctionCoverageTest.php::it keeps every application php file syntactically loadable for function-level testing with data set &quot;('E:\laragon\www\inventory\app\…ce.php') #70&quot;" class="Tests\Unit\Architecture\ApplicationFunctionCoverageTest" classname="Tests.Unit.Architecture.ApplicationFunctionCoverageTest" assertions="3" time="0.049836"/>
          <testcase name="it keeps every application php file syntactically loadable for function-level testing with data set &quot;('E:\laragon\www\inventory\app\…ce.php') #71&quot;" file="tests\Unit\Architecture\ApplicationFunctionCoverageTest.php::it keeps every application php file syntactically loadable for function-level testing with data set &quot;('E:\laragon\www\inventory\app\…ce.php') #71&quot;" class="Tests\Unit\Architecture\ApplicationFunctionCoverageTest" classname="Tests.Unit.Architecture.ApplicationFunctionCoverageTest" assertions="3" time="0.056996"/>
          <testcase name="it keeps every application php file syntactically loadable for function-level testing with data set &quot;('E:\laragon\www\inventory\app\…ce.php') #72&quot;" file="tests\Unit\Architecture\ApplicationFunctionCoverageTest.php::it keeps every application php file syntactically loadable for function-level testing with data set &quot;('E:\laragon\www\inventory\app\…ce.php') #72&quot;" class="Tests\Unit\Architecture\ApplicationFunctionCoverageTest" classname="Tests.Unit.Architecture.ApplicationFunctionCoverageTest" assertions="3" time="0.050757"/>
          <testcase name="it keeps every application php file syntactically loadable for function-level testing with data set &quot;('E:\laragon\www\inventory\app\…ce.php') #73&quot;" file="tests\Unit\Architecture\ApplicationFunctionCoverageTest.php::it keeps every application php file syntactically loadable for function-level testing with data set &quot;('E:\laragon\www\inventory\app\…ce.php') #73&quot;" class="Tests\Unit\Architecture\ApplicationFunctionCoverageTest" classname="Tests.Unit.Architecture.ApplicationFunctionCoverageTest" assertions="3" time="0.046722"/>
          <testcase name="it keeps every application php file syntactically loadable for function-level testing with data set &quot;('E:\laragon\www\inventory\app\…ce.php') #74&quot;" file="tests\Unit\Architecture\ApplicationFunctionCoverageTest.php::it keeps every application php file syntactically loadable for function-level testing with data set &quot;('E:\laragon\www\inventory\app\…ce.php') #74&quot;" class="Tests\Unit\Architecture\ApplicationFunctionCoverageTest" classname="Tests.Unit.Architecture.ApplicationFunctionCoverageTest" assertions="3" time="0.057864"/>
          <testcase name="it keeps every application php file syntactically loadable for function-level testing with data set &quot;('E:\laragon\www\inventory\app\…cy.php') #1&quot;" file="tests\Unit\Architecture\ApplicationFunctionCoverageTest.php::it keeps every application php file syntactically loadable for function-level testing with data set &quot;('E:\laragon\www\inventory\app\…cy.php') #1&quot;" class="Tests\Unit\Architecture\ApplicationFunctionCoverageTest" classname="Tests.Unit.Architecture.ApplicationFunctionCoverageTest" assertions="3" time="0.046163"/>
          <testcase name="it keeps every application php file syntactically loadable for function-level testing with data set &quot;('E:\laragon\www\inventory\app\…er.php') #105&quot;" file="tests\Unit\Architecture\ApplicationFunctionCoverageTest.php::it keeps every application php file syntactically loadable for function-level testing with data set &quot;('E:\laragon\www\inventory\app\…er.php') #105&quot;" class="Tests\Unit\Architecture\ApplicationFunctionCoverageTest" classname="Tests.Unit.Architecture.ApplicationFunctionCoverageTest" assertions="3" time="0.048903"/>
          <testcase name="it keeps every application php file syntactically loadable for function-level testing with data set &quot;('E:\laragon\www\inventory\app\…er.php') #106&quot;" file="tests\Unit\Architecture\ApplicationFunctionCoverageTest.php::it keeps every application php file syntactically loadable for function-level testing with data set &quot;('E:\laragon\www\inventory\app\…er.php') #106&quot;" class="Tests\Unit\Architecture\ApplicationFunctionCoverageTest" classname="Tests.Unit.Architecture.ApplicationFunctionCoverageTest" assertions="3" time="0.050069"/>
          <testcase name="it keeps every application php file syntactically loadable for function-level testing with data set &quot;('E:\laragon\www\inventory\app\…ce.php') #75&quot;" file="tests\Unit\Architecture\ApplicationFunctionCoverageTest.php::it keeps every application php file syntactically loadable for function-level testing with data set &quot;('E:\laragon\www\inventory\app\…ce.php') #75&quot;" class="Tests\Unit\Architecture\ApplicationFunctionCoverageTest" classname="Tests.Unit.Architecture.ApplicationFunctionCoverageTest" assertions="3" time="0.048294"/>
          <testcase name="it keeps every application php file syntactically loadable for function-level testing with data set &quot;('E:\laragon\www\inventory\app\…ce.php') #76&quot;" file="tests\Unit\Architecture\ApplicationFunctionCoverageTest.php::it keeps every application php file syntactically loadable for function-level testing with data set &quot;('E:\laragon\www\inventory\app\…ce.php') #76&quot;" class="Tests\Unit\Architecture\ApplicationFunctionCoverageTest" classname="Tests.Unit.Architecture.ApplicationFunctionCoverageTest" assertions="3" time="0.043116"/>
          <testcase name="it keeps every application php file syntactically loadable for function-level testing with data set &quot;('E:\laragon\www\inventory\app\…ce.php') #77&quot;" file="tests\Unit\Architecture\ApplicationFunctionCoverageTest.php::it keeps every application php file syntactically loadable for function-level testing with data set &quot;('E:\laragon\www\inventory\app\…ce.php') #77&quot;" class="Tests\Unit\Architecture\ApplicationFunctionCoverageTest" classname="Tests.Unit.Architecture.ApplicationFunctionCoverageTest" assertions="3" time="0.043877"/>
          <testcase name="it keeps every application php file syntactically loadable for function-level testing with data set &quot;('E:\laragon\www\inventory\app\…rd.php')&quot;" file="tests\Unit\Architecture\ApplicationFunctionCoverageTest.php::it keeps every application php file syntactically loadable for function-level testing with data set &quot;('E:\laragon\www\inventory\app\…rd.php')&quot;" class="Tests\Unit\Architecture\ApplicationFunctionCoverageTest" classname="Tests.Unit.Architecture.ApplicationFunctionCoverageTest" assertions="3" time="0.055095"/>
          <testcase name="it keeps every application php file syntactically loadable for function-level testing with data set &quot;('E:\laragon\www\inventory\app\…lt.php') #3&quot;" file="tests\Unit\Architecture\ApplicationFunctionCoverageTest.php::it keeps every application php file syntactically loadable for function-level testing with data set &quot;('E:\laragon\www\inventory\app\…lt.php') #3&quot;" class="Tests\Unit\Architecture\ApplicationFunctionCoverageTest" classname="Tests.Unit.Architecture.ApplicationFunctionCoverageTest" assertions="3" time="0.044270"/>
          <testcase name="it keeps every application php file syntactically loadable for function-level testing with data set &quot;('E:\laragon\www\inventory\app\…ce.php') #78&quot;" file="tests\Unit\Architecture\ApplicationFunctionCoverageTest.php::it keeps every application php file syntactically loadable for function-level testing with data set &quot;('E:\laragon\www\inventory\app\…ce.php') #78&quot;" class="Tests\Unit\Architecture\ApplicationFunctionCoverageTest" classname="Tests.Unit.Architecture.ApplicationFunctionCoverageTest" assertions="3" time="0.047612"/>
          <testcase name="it keeps every application php file syntactically loadable for function-level testing with data set &quot;('E:\laragon\www\inventory\app\…ce.php') #79&quot;" file="tests\Unit\Architecture\ApplicationFunctionCoverageTest.php::it keeps every application php file syntactically loadable for function-level testing with data set &quot;('E:\laragon\www\inventory\app\…ce.php') #79&quot;" class="Tests\Unit\Architecture\ApplicationFunctionCoverageTest" classname="Tests.Unit.Architecture.ApplicationFunctionCoverageTest" assertions="3" time="0.049177"/>
          <testcase name="it keeps every application php file syntactically loadable for function-level testing with data set &quot;('E:\laragon\www\inventory\app\…ce.php') #80&quot;" file="tests\Unit\Architecture\ApplicationFunctionCoverageTest.php::it keeps every application php file syntactically loadable for function-level testing with data set &quot;('E:\laragon\www\inventory\app\…ce.php') #80&quot;" class="Tests\Unit\Architecture\ApplicationFunctionCoverageTest" classname="Tests.Unit.Architecture.ApplicationFunctionCoverageTest" assertions="3" time="0.046143"/>
          <testcase name="it keeps every application php file syntactically loadable for function-level testing with data set &quot;('E:\laragon\www\inventory\app\…ce.php') #81&quot;" file="tests\Unit\Architecture\ApplicationFunctionCoverageTest.php::it keeps every application php file syntactically loadable for function-level testing with data set &quot;('E:\laragon\www\inventory\app\…ce.php') #81&quot;" class="Tests\Unit\Architecture\ApplicationFunctionCoverageTest" classname="Tests.Unit.Architecture.ApplicationFunctionCoverageTest" assertions="3" time="0.051325"/>
          <testcase name="it keeps every application php file syntactically loadable for function-level testing with data set &quot;('E:\laragon\www\inventory\app\…ce.php') #82&quot;" file="tests\Unit\Architecture\ApplicationFunctionCoverageTest.php::it keeps every application php file syntactically loadable for function-level testing with data set &quot;('E:\laragon\www\inventory\app\…ce.php') #82&quot;" class="Tests\Unit\Architecture\ApplicationFunctionCoverageTest" classname="Tests.Unit.Architecture.ApplicationFunctionCoverageTest" assertions="3" time="0.044330"/>
          <testcase name="it keeps every application php file syntactically loadable for function-level testing with data set &quot;('E:\laragon\www\inventory\app\…ce.php') #83&quot;" file="tests\Unit\Architecture\ApplicationFunctionCoverageTest.php::it keeps every application php file syntactically loadable for function-level testing with data set &quot;('E:\laragon\www\inventory\app\…ce.php') #83&quot;" class="Tests\Unit\Architecture\ApplicationFunctionCoverageTest" classname="Tests.Unit.Architecture.ApplicationFunctionCoverageTest" assertions="3" time="0.054088"/>
          <testcase name="it keeps every application php file syntactically loadable for function-level testing with data set &quot;('E:\laragon\www\inventory\app\…te.php') #3&quot;" file="tests\Unit\Architecture\ApplicationFunctionCoverageTest.php::it keeps every application php file syntactically loadable for function-level testing with data set &quot;('E:\laragon\www\inventory\app\…te.php') #3&quot;" class="Tests\Unit\Architecture\ApplicationFunctionCoverageTest" classname="Tests.Unit.Architecture.ApplicationFunctionCoverageTest" assertions="3" time="0.044013"/>
          <testcase name="it keeps every application php file syntactically loadable for function-level testing with data set &quot;('E:\laragon\www\inventory\app\…ce.php') #84&quot;" file="tests\Unit\Architecture\ApplicationFunctionCoverageTest.php::it keeps every application php file syntactically loadable for function-level testing with data set &quot;('E:\laragon\www\inventory\app\…ce.php') #84&quot;" class="Tests\Unit\Architecture\ApplicationFunctionCoverageTest" classname="Tests.Unit.Architecture.ApplicationFunctionCoverageTest" assertions="3" time="0.045044"/>
          <testcase name="it keeps every application php file syntactically loadable for function-level testing with data set &quot;('E:\laragon\www\inventory\app\…ce.php') #85&quot;" file="tests\Unit\Architecture\ApplicationFunctionCoverageTest.php::it keeps every application php file syntactically loadable for function-level testing with data set &quot;('E:\laragon\www\inventory\app\…ce.php') #85&quot;" class="Tests\Unit\Architecture\ApplicationFunctionCoverageTest" classname="Tests.Unit.Architecture.ApplicationFunctionCoverageTest" assertions="3" time="0.063295"/>
          <testcase name="it keeps every application php file syntactically loadable for function-level testing with data set &quot;('E:\laragon\www\inventory\app\…ce.php') #86&quot;" file="tests\Unit\Architecture\ApplicationFunctionCoverageTest.php::it keeps every application php file syntactically loadable for function-level testing with data set &quot;('E:\laragon\www\inventory\app\…ce.php') #86&quot;" class="Tests\Unit\Architecture\ApplicationFunctionCoverageTest" classname="Tests.Unit.Architecture.ApplicationFunctionCoverageTest" assertions="3" time="0.064597"/>
          <testcase name="it keeps every application php file syntactically loadable for function-level testing with data set &quot;('E:\laragon\www\inventory\app\…ce.php') #87&quot;" file="tests\Unit\Architecture\ApplicationFunctionCoverageTest.php::it keeps every application php file syntactically loadable for function-level testing with data set &quot;('E:\laragon\www\inventory\app\…ce.php') #87&quot;" class="Tests\Unit\Architecture\ApplicationFunctionCoverageTest" classname="Tests.Unit.Architecture.ApplicationFunctionCoverageTest" assertions="3" time="0.051248"/>
          <testcase name="it keeps every application php file syntactically loadable for function-level testing with data set &quot;('E:\laragon\www\inventory\app\…ce.php') #88&quot;" file="tests\Unit\Architecture\ApplicationFunctionCoverageTest.php::it keeps every application php file syntactically loadable for function-level testing with data set &quot;('E:\laragon\www\inventory\app\…ce.php') #88&quot;" class="Tests\Unit\Architecture\ApplicationFunctionCoverageTest" classname="Tests.Unit.Architecture.ApplicationFunctionCoverageTest" assertions="3" time="0.047235"/>
          <testcase name="it keeps every application php file syntactically loadable for function-level testing with data set &quot;('E:\laragon\www\inventory\app\…ce.php') #89&quot;" file="tests\Unit\Architecture\ApplicationFunctionCoverageTest.php::it keeps every application php file syntactically loadable for function-level testing with data set &quot;('E:\laragon\www\inventory\app\…ce.php') #89&quot;" class="Tests\Unit\Architecture\ApplicationFunctionCoverageTest" classname="Tests.Unit.Architecture.ApplicationFunctionCoverageTest" assertions="3" time="0.059111"/>
          <testcase name="it keeps every application php file syntactically loadable for function-level testing with data set &quot;('E:\laragon\www\inventory\app\…er.php') #107&quot;" file="tests\Unit\Architecture\ApplicationFunctionCoverageTest.php::it keeps every application php file syntactically loadable for function-level testing with data set &quot;('E:\laragon\www\inventory\app\…er.php') #107&quot;" class="Tests\Unit\Architecture\ApplicationFunctionCoverageTest" classname="Tests.Unit.Architecture.ApplicationFunctionCoverageTest" assertions="3" time="0.047075"/>
          <testcase name="it keeps every application php file syntactically loadable for function-level testing with data set &quot;('E:\laragon\www\inventory\app\…or.php') #5&quot;" file="tests\Unit\Architecture\ApplicationFunctionCoverageTest.php::it keeps every application php file syntactically loadable for function-level testing with data set &quot;('E:\laragon\www\inventory\app\…or.php') #5&quot;" class="Tests\Unit\Architecture\ApplicationFunctionCoverageTest" classname="Tests.Unit.Architecture.ApplicationFunctionCoverageTest" assertions="3" time="0.052546"/>
          <testcase name="it keeps every application php file syntactically loadable for function-level testing with data set &quot;('E:\laragon\www\inventory\app\…er.php') #108&quot;" file="tests\Unit\Architecture\ApplicationFunctionCoverageTest.php::it keeps every application php file syntactically loadable for function-level testing with data set &quot;('E:\laragon\www\inventory\app\…er.php') #108&quot;" class="Tests\Unit\Architecture\ApplicationFunctionCoverageTest" classname="Tests.Unit.Architecture.ApplicationFunctionCoverageTest" assertions="3" time="0.048454"/>
          <testcase name="it keeps every application php file syntactically loadable for function-level testing with data set &quot;('E:\laragon\www\inventory\app\…er.php') #109&quot;" file="tests\Unit\Architecture\ApplicationFunctionCoverageTest.php::it keeps every application php file syntactically loadable for function-level testing with data set &quot;('E:\laragon\www\inventory\app\…er.php') #109&quot;" class="Tests\Unit\Architecture\ApplicationFunctionCoverageTest" classname="Tests.Unit.Architecture.ApplicationFunctionCoverageTest" assertions="3" time="0.046890"/>
          <testcase name="it keeps every application php file syntactically loadable for function-level testing with data set &quot;('E:\laragon\www\inventory\app\…er.php') #110&quot;" file="tests\Unit\Architecture\ApplicationFunctionCoverageTest.php::it keeps every application php file syntactically loadable for function-level testing with data set &quot;('E:\laragon\www\inventory\app\…er.php') #110&quot;" class="Tests\Unit\Architecture\ApplicationFunctionCoverageTest" classname="Tests.Unit.Architecture.ApplicationFunctionCoverageTest" assertions="3" time="0.046461"/>
          <testcase name="it keeps every application php file syntactically loadable for function-level testing with data set &quot;('E:\laragon\www\inventory\app\…or.php') #6&quot;" file="tests\Unit\Architecture\ApplicationFunctionCoverageTest.php::it keeps every application php file syntactically loadable for function-level testing with data set &quot;('E:\laragon\www\inventory\app\…or.php') #6&quot;" class="Tests\Unit\Architecture\ApplicationFunctionCoverageTest" classname="Tests.Unit.Architecture.ApplicationFunctionCoverageTest" assertions="3" time="0.058317"/>
          <testcase name="it keeps every application php file syntactically loadable for function-level testing with data set &quot;('E:\laragon\www\inventory\app\…or.php') #7&quot;" file="tests\Unit\Architecture\ApplicationFunctionCoverageTest.php::it keeps every application php file syntactically loadable for function-level testing with data set &quot;('E:\laragon\www\inventory\app\…or.php') #7&quot;" class="Tests\Unit\Architecture\ApplicationFunctionCoverageTest" classname="Tests.Unit.Architecture.ApplicationFunctionCoverageTest" assertions="3" time="0.065088"/>
          <testcase name="it keeps every application php file syntactically loadable for function-level testing with data set &quot;('E:\laragon\www\inventory\app\…or.php') #8&quot;" file="tests\Unit\Architecture\ApplicationFunctionCoverageTest.php::it keeps every application php file syntactically loadable for function-level testing with data set &quot;('E:\laragon\www\inventory\app\…or.php') #8&quot;" class="Tests\Unit\Architecture\ApplicationFunctionCoverageTest" classname="Tests.Unit.Architecture.ApplicationFunctionCoverageTest" assertions="3" time="0.058557"/>
          <testcase name="it keeps every application php file syntactically loadable for function-level testing with data set &quot;('E:\laragon\www\inventory\app\…or.php') #9&quot;" file="tests\Unit\Architecture\ApplicationFunctionCoverageTest.php::it keeps every application php file syntactically loadable for function-level testing with data set &quot;('E:\laragon\www\inventory\app\…or.php') #9&quot;" class="Tests\Unit\Architecture\ApplicationFunctionCoverageTest" classname="Tests.Unit.Architecture.ApplicationFunctionCoverageTest" assertions="3" time="0.047208"/>
          <testcase name="it keeps every application php file syntactically loadable for function-level testing with data set &quot;('E:\laragon\www\inventory\app\…or.php') #10&quot;" file="tests\Unit\Architecture\ApplicationFunctionCoverageTest.php::it keeps every application php file syntactically loadable for function-level testing with data set &quot;('E:\laragon\www\inventory\app\…or.php') #10&quot;" class="Tests\Unit\Architecture\ApplicationFunctionCoverageTest" classname="Tests.Unit.Architecture.ApplicationFunctionCoverageTest" assertions="3" time="0.046595"/>
          <testcase name="it keeps every application php file syntactically loadable for function-level testing with data set &quot;('E:\laragon\www\inventory\app\…or.php') #11&quot;" file="tests\Unit\Architecture\ApplicationFunctionCoverageTest.php::it keeps every application php file syntactically loadable for function-level testing with data set &quot;('E:\laragon\www\inventory\app\…or.php') #11&quot;" class="Tests\Unit\Architecture\ApplicationFunctionCoverageTest" classname="Tests.Unit.Architecture.ApplicationFunctionCoverageTest" assertions="3" time="0.055054"/>
          <testcase name="it keeps every application php file syntactically loadable for function-level testing with data set &quot;('E:\laragon\www\inventory\app\…es.php') #7&quot;" file="tests\Unit\Architecture\ApplicationFunctionCoverageTest.php::it keeps every application php file syntactically loadable for function-level testing with data set &quot;('E:\laragon\www\inventory\app\…es.php') #7&quot;" class="Tests\Unit\Architecture\ApplicationFunctionCoverageTest" classname="Tests.Unit.Architecture.ApplicationFunctionCoverageTest" assertions="3" time="0.055118"/>
          <testcase name="it keeps every application php file syntactically loadable for function-level testing with data set &quot;('E:\laragon\www\inventory\app\…es.php') #8&quot;" file="tests\Unit\Architecture\ApplicationFunctionCoverageTest.php::it keeps every application php file syntactically loadable for function-level testing with data set &quot;('E:\laragon\www\inventory\app\…es.php') #8&quot;" class="Tests\Unit\Architecture\ApplicationFunctionCoverageTest" classname="Tests.Unit.Architecture.ApplicationFunctionCoverageTest" assertions="3" time="0.049224"/>
          <testcase name="it keeps every application php file syntactically loadable for function-level testing with data set &quot;('E:\laragon\www\inventory\app\…es.php') #9&quot;" file="tests\Unit\Architecture\ApplicationFunctionCoverageTest.php::it keeps every application php file syntactically loadable for function-level testing with data set &quot;('E:\laragon\www\inventory\app\…es.php') #9&quot;" class="Tests\Unit\Architecture\ApplicationFunctionCoverageTest" classname="Tests.Unit.Architecture.ApplicationFunctionCoverageTest" assertions="3" time="0.056008"/>
          <testcase name="it keeps every application php file syntactically loadable for function-level testing with data set &quot;('E:\laragon\www\inventory\app\…es.php') #10&quot;" file="tests\Unit\Architecture\ApplicationFunctionCoverageTest.php::it keeps every application php file syntactically loadable for function-level testing with data set &quot;('E:\laragon\www\inventory\app\…es.php') #10&quot;" class="Tests\Unit\Architecture\ApplicationFunctionCoverageTest" classname="Tests.Unit.Architecture.ApplicationFunctionCoverageTest" assertions="3" time="0.066312"/>
          <testcase name="it keeps every application php file syntactically loadable for function-level testing with data set &quot;('E:\laragon\www\inventory\app\…cy.php') #2&quot;" file="tests\Unit\Architecture\ApplicationFunctionCoverageTest.php::it keeps every application php file syntactically loadable for function-level testing with data set &quot;('E:\laragon\www\inventory\app\…cy.php') #2&quot;" class="Tests\Unit\Architecture\ApplicationFunctionCoverageTest" classname="Tests.Unit.Architecture.ApplicationFunctionCoverageTest" assertions="3" time="0.048465"/>
          <testcase name="it keeps every application php file syntactically loadable for function-level testing with data set &quot;('E:\laragon\www\inventory\app\…or.php') #12&quot;" file="tests\Unit\Architecture\ApplicationFunctionCoverageTest.php::it keeps every application php file syntactically loadable for function-level testing with data set &quot;('E:\laragon\www\inventory\app\…or.php') #12&quot;" class="Tests\Unit\Architecture\ApplicationFunctionCoverageTest" classname="Tests.Unit.Architecture.ApplicationFunctionCoverageTest" assertions="3" time="0.044210"/>
          <testcase name="it keeps every application php file syntactically loadable for function-level testing with data set &quot;('E:\laragon\www\inventory\app\…er.php') #111&quot;" file="tests\Unit\Architecture\ApplicationFunctionCoverageTest.php::it keeps every application php file syntactically loadable for function-level testing with data set &quot;('E:\laragon\www\inventory\app\…er.php') #111&quot;" class="Tests\Unit\Architecture\ApplicationFunctionCoverageTest" classname="Tests.Unit.Architecture.ApplicationFunctionCoverageTest" assertions="3" time="0.044681"/>
          <testcase name="it keeps every application php file syntactically loadable for function-level testing with data set &quot;('E:\laragon\www\inventory\app\…ns.php') #2&quot;" file="tests\Unit\Architecture\ApplicationFunctionCoverageTest.php::it keeps every application php file syntactically loadable for function-level testing with data set &quot;('E:\laragon\www\inventory\app\…ns.php') #2&quot;" class="Tests\Unit\Architecture\ApplicationFunctionCoverageTest" classname="Tests.Unit.Architecture.ApplicationFunctionCoverageTest" assertions="3" time="0.045464"/>
          <testcase name="it keeps every application php file syntactically loadable for function-level testing with data set &quot;('E:\laragon\www\inventory\app\…te.php') #4&quot;" file="tests\Unit\Architecture\ApplicationFunctionCoverageTest.php::it keeps every application php file syntactically loadable for function-level testing with data set &quot;('E:\laragon\www\inventory\app\…te.php') #4&quot;" class="Tests\Unit\Architecture\ApplicationFunctionCoverageTest" classname="Tests.Unit.Architecture.ApplicationFunctionCoverageTest" assertions="3" time="0.081362"/>
          <testcase name="it keeps every application php file syntactically loadable for function-level testing with data set &quot;('E:\laragon\www\inventory\app\…og.php') #5&quot;" file="tests\Unit\Architecture\ApplicationFunctionCoverageTest.php::it keeps every application php file syntactically loadable for function-level testing with data set &quot;('E:\laragon\www\inventory\app\…og.php') #5&quot;" class="Tests\Unit\Architecture\ApplicationFunctionCoverageTest" classname="Tests.Unit.Architecture.ApplicationFunctionCoverageTest" assertions="3" time="0.064457"/>
          <testcase name="it keeps every application php file syntactically loadable for function-level testing with data set &quot;('E:\laragon\www\inventory\app\…ge.php')&quot;" file="tests\Unit\Architecture\ApplicationFunctionCoverageTest.php::it keeps every application php file syntactically loadable for function-level testing with data set &quot;('E:\laragon\www\inventory\app\…ge.php')&quot;" class="Tests\Unit\Architecture\ApplicationFunctionCoverageTest" classname="Tests.Unit.Architecture.ApplicationFunctionCoverageTest" assertions="3" time="0.050981"/>
          <testcase name="it keeps every application php file syntactically loadable for function-level testing with data set &quot;('E:\laragon\www\inventory\app\…og.php') #6&quot;" file="tests\Unit\Architecture\ApplicationFunctionCoverageTest.php::it keeps every application php file syntactically loadable for function-level testing with data set &quot;('E:\laragon\www\inventory\app\…og.php') #6&quot;" class="Tests\Unit\Architecture\ApplicationFunctionCoverageTest" classname="Tests.Unit.Architecture.ApplicationFunctionCoverageTest" assertions="3" time="0.054152"/>
          <testcase name="it keeps every application php file syntactically loadable for function-level testing with data set &quot;('E:\laragon\www\inventory\app\…og.php') #7&quot;" file="tests\Unit\Architecture\ApplicationFunctionCoverageTest.php::it keeps every application php file syntactically loadable for function-level testing with data set &quot;('E:\laragon\www\inventory\app\…og.php') #7&quot;" class="Tests\Unit\Architecture\ApplicationFunctionCoverageTest" classname="Tests.Unit.Architecture.ApplicationFunctionCoverageTest" assertions="3" time="0.049126"/>
          <testcase name="it keeps every application php file syntactically loadable for function-level testing with data set &quot;('E:\laragon\www\inventory\app\…er.php') #112&quot;" file="tests\Unit\Architecture\ApplicationFunctionCoverageTest.php::it keeps every application php file syntactically loadable for function-level testing with data set &quot;('E:\laragon\www\inventory\app\…er.php') #112&quot;" class="Tests\Unit\Architecture\ApplicationFunctionCoverageTest" classname="Tests.Unit.Architecture.ApplicationFunctionCoverageTest" assertions="3" time="0.053348"/>
          <testcase name="it keeps every application php file syntactically loadable for function-level testing with data set &quot;('E:\laragon\www\inventory\app\…er.php') #113&quot;" file="tests\Unit\Architecture\ApplicationFunctionCoverageTest.php::it keeps every application php file syntactically loadable for function-level testing with data set &quot;('E:\laragon\www\inventory\app\…er.php') #113&quot;" class="Tests\Unit\Architecture\ApplicationFunctionCoverageTest" classname="Tests.Unit.Architecture.ApplicationFunctionCoverageTest" assertions="3" time="0.046850"/>
          <testcase name="it keeps every application php file syntactically loadable for function-level testing with data set &quot;('E:\laragon\www\inventory\app\…ls.php') #2&quot;" file="tests\Unit\Architecture\ApplicationFunctionCoverageTest.php::it keeps every application php file syntactically loadable for function-level testing with data set &quot;('E:\laragon\www\inventory\app\…ls.php') #2&quot;" class="Tests\Unit\Architecture\ApplicationFunctionCoverageTest" classname="Tests.Unit.Architecture.ApplicationFunctionCoverageTest" assertions="3" time="0.084744"/>
          <testcase name="it keeps every application php file syntactically loadable for function-level testing with data set &quot;('E:\laragon\www\inventory\app\…ut.php') #1&quot;" file="tests\Unit\Architecture\ApplicationFunctionCoverageTest.php::it keeps every application php file syntactically loadable for function-level testing with data set &quot;('E:\laragon\www\inventory\app\…ut.php') #1&quot;" class="Tests\Unit\Architecture\ApplicationFunctionCoverageTest" classname="Tests.Unit.Architecture.ApplicationFunctionCoverageTest" assertions="3" time="0.063206"/>
          <testcase name="it keeps every application php file syntactically loadable for function-level testing with data set &quot;('E:\laragon\www\inventory\app\…ut.php') #2&quot;" file="tests\Unit\Architecture\ApplicationFunctionCoverageTest.php::it keeps every application php file syntactically loadable for function-level testing with data set &quot;('E:\laragon\www\inventory\app\…ut.php') #2&quot;" class="Tests\Unit\Architecture\ApplicationFunctionCoverageTest" classname="Tests.Unit.Architecture.ApplicationFunctionCoverageTest" assertions="3" time="0.048689"/>
        </testsuite>
        <testsuite name="it rejects debug side effects from all application functions and controllers" tests="425" assertions="850" errors="0" failures="0" skipped="0" time="23.649169">
          <testcase name="it rejects debug side effects from all application functions and controllers with data set &quot;('E:\laragon\www\inventory\app\…on.php') #1&quot;" file="tests\Unit\Architecture\ApplicationFunctionCoverageTest.php::it rejects debug side effects from all application functions and controllers with data set &quot;('E:\laragon\www\inventory\app\…on.php') #1&quot;" class="Tests\Unit\Architecture\ApplicationFunctionCoverageTest" classname="Tests.Unit.Architecture.ApplicationFunctionCoverageTest" assertions="2" time="0.050949"/>
          <testcase name="it rejects debug side effects from all application functions and controllers with data set &quot;('E:\laragon\www\inventory\app\…on.php') #2&quot;" file="tests\Unit\Architecture\ApplicationFunctionCoverageTest.php::it rejects debug side effects from all application functions and controllers with data set &quot;('E:\laragon\www\inventory\app\…on.php') #2&quot;" class="Tests\Unit\Architecture\ApplicationFunctionCoverageTest" classname="Tests.Unit.Architecture.ApplicationFunctionCoverageTest" assertions="2" time="0.049735"/>
          <testcase name="it rejects debug side effects from all application functions and controllers with data set &quot;('E:\laragon\www\inventory\app\…on.php') #3&quot;" file="tests\Unit\Architecture\ApplicationFunctionCoverageTest.php::it rejects debug side effects from all application functions and controllers with data set &quot;('E:\laragon\www\inventory\app\…on.php') #3&quot;" class="Tests\Unit\Architecture\ApplicationFunctionCoverageTest" classname="Tests.Unit.Architecture.ApplicationFunctionCoverageTest" assertions="2" time="0.060626"/>
          <testcase name="it rejects debug side effects from all application functions and controllers with data set &quot;('E:\laragon\www\inventory\app\…on.php') #4&quot;" file="tests\Unit\Architecture\ApplicationFunctionCoverageTest.php::it rejects debug side effects from all application functions and controllers with data set &quot;('E:\laragon\www\inventory\app\…on.php') #4&quot;" class="Tests\Unit\Architecture\ApplicationFunctionCoverageTest" classname="Tests.Unit.Architecture.ApplicationFunctionCoverageTest" assertions="2" time="0.052282"/>
          <testcase name="it rejects debug side effects from all application functions and controllers with data set &quot;('E:\laragon\www\inventory\app\…nd.php') #1&quot;" file="tests\Unit\Architecture\ApplicationFunctionCoverageTest.php::it rejects debug side effects from all application functions and controllers with data set &quot;('E:\laragon\www\inventory\app\…nd.php') #1&quot;" class="Tests\Unit\Architecture\ApplicationFunctionCoverageTest" classname="Tests.Unit.Architecture.ApplicationFunctionCoverageTest" assertions="2" time="0.059581"/>
          <testcase name="it rejects debug side effects from all application functions and controllers with data set &quot;('E:\laragon\www\inventory\app\…es.php') #1&quot;" file="tests\Unit\Architecture\ApplicationFunctionCoverageTest.php::it rejects debug side effects from all application functions and controllers with data set &quot;('E:\laragon\www\inventory\app\…es.php') #1&quot;" class="Tests\Unit\Architecture\ApplicationFunctionCoverageTest" classname="Tests.Unit.Architecture.ApplicationFunctionCoverageTest" assertions="2" time="0.050099"/>
          <testcase name="it rejects debug side effects from all application functions and controllers with data set &quot;('E:\laragon\www\inventory\app\…nd.php') #2&quot;" file="tests\Unit\Architecture\ApplicationFunctionCoverageTest.php::it rejects debug side effects from all application functions and controllers with data set &quot;('E:\laragon\www\inventory\app\…nd.php') #2&quot;" class="Tests\Unit\Architecture\ApplicationFunctionCoverageTest" classname="Tests.Unit.Architecture.ApplicationFunctionCoverageTest" assertions="2" time="0.048295"/>
          <testcase name="it rejects debug side effects from all application functions and controllers with data set &quot;('E:\laragon\www\inventory\app\…nd.php') #3&quot;" file="tests\Unit\Architecture\ApplicationFunctionCoverageTest.php::it rejects debug side effects from all application functions and controllers with data set &quot;('E:\laragon\www\inventory\app\…nd.php') #3&quot;" class="Tests\Unit\Architecture\ApplicationFunctionCoverageTest" classname="Tests.Unit.Architecture.ApplicationFunctionCoverageTest" assertions="2" time="0.046798"/>
          <testcase name="it rejects debug side effects from all application functions and controllers with data set &quot;('E:\laragon\www\inventory\app\…nd.php') #4&quot;" file="tests\Unit\Architecture\ApplicationFunctionCoverageTest.php::it rejects debug side effects from all application functions and controllers with data set &quot;('E:\laragon\www\inventory\app\…nd.php') #4&quot;" class="Tests\Unit\Architecture\ApplicationFunctionCoverageTest" classname="Tests.Unit.Architecture.ApplicationFunctionCoverageTest" assertions="2" time="0.059216"/>
          <testcase name="it rejects debug side effects from all application functions and controllers with data set &quot;('E:\laragon\www\inventory\app\…ls.php') #1&quot;" file="tests\Unit\Architecture\ApplicationFunctionCoverageTest.php::it rejects debug side effects from all application functions and controllers with data set &quot;('E:\laragon\www\inventory\app\…ls.php') #1&quot;" class="Tests\Unit\Architecture\ApplicationFunctionCoverageTest" classname="Tests.Unit.Architecture.ApplicationFunctionCoverageTest" assertions="2" time="0.092290"/>
          <testcase name="it rejects debug side effects from all application functions and controllers with data set &quot;('E:\laragon\www\inventory\app\…nd.php') #5&quot;" file="tests\Unit\Architecture\ApplicationFunctionCoverageTest.php::it rejects debug side effects from all application functions and controllers with data set &quot;('E:\laragon\www\inventory\app\…nd.php') #5&quot;" class="Tests\Unit\Architecture\ApplicationFunctionCoverageTest" classname="Tests.Unit.Architecture.ApplicationFunctionCoverageTest" assertions="2" time="0.057060"/>
          <testcase name="it rejects debug side effects from all application functions and controllers with data set &quot;('E:\laragon\www\inventory\app\…ty.php') #1&quot;" file="tests\Unit\Architecture\ApplicationFunctionCoverageTest.php::it rejects debug side effects from all application functions and controllers with data set &quot;('E:\laragon\www\inventory\app\…ty.php') #1&quot;" class="Tests\Unit\Architecture\ApplicationFunctionCoverageTest" classname="Tests.Unit.Architecture.ApplicationFunctionCoverageTest" assertions="2" time="0.059911"/>
          <testcase name="it rejects debug side effects from all application functions and controllers with data set &quot;('E:\laragon\www\inventory\app\…nd.php') #6&quot;" file="tests\Unit\Architecture\ApplicationFunctionCoverageTest.php::it rejects debug side effects from all application functions and controllers with data set &quot;('E:\laragon\www\inventory\app\…nd.php') #6&quot;" class="Tests\Unit\Architecture\ApplicationFunctionCoverageTest" classname="Tests.Unit.Architecture.ApplicationFunctionCoverageTest" assertions="2" time="0.056512"/>
          <testcase name="it rejects debug side effects from all application functions and controllers with data set &quot;('E:\laragon\www\inventory\app\…nd.php') #7&quot;" file="tests\Unit\Architecture\ApplicationFunctionCoverageTest.php::it rejects debug side effects from all application functions and controllers with data set &quot;('E:\laragon\www\inventory\app\…nd.php') #7&quot;" class="Tests\Unit\Architecture\ApplicationFunctionCoverageTest" classname="Tests.Unit.Architecture.ApplicationFunctionCoverageTest" assertions="2" time="0.060207"/>
          <testcase name="it rejects debug side effects from all application functions and controllers with data set &quot;('E:\laragon\www\inventory\app\…ty.php') #2&quot;" file="tests\Unit\Architecture\ApplicationFunctionCoverageTest.php::it rejects debug side effects from all application functions and controllers with data set &quot;('E:\laragon\www\inventory\app\…ty.php') #2&quot;" class="Tests\Unit\Architecture\ApplicationFunctionCoverageTest" classname="Tests.Unit.Architecture.ApplicationFunctionCoverageTest" assertions="2" time="0.047946"/>
          <testcase name="it rejects debug side effects from all application functions and controllers with data set &quot;('E:\laragon\www\inventory\app\…us.php')&quot;" file="tests\Unit\Architecture\ApplicationFunctionCoverageTest.php::it rejects debug side effects from all application functions and controllers with data set &quot;('E:\laragon\www\inventory\app\…us.php')&quot;" class="Tests\Unit\Architecture\ApplicationFunctionCoverageTest" classname="Tests.Unit.Architecture.ApplicationFunctionCoverageTest" assertions="2" time="0.050340"/>
          <testcase name="it rejects debug side effects from all application functions and controllers with data set &quot;('E:\laragon\www\inventory\app\…ts.php') #1&quot;" file="tests\Unit\Architecture\ApplicationFunctionCoverageTest.php::it rejects debug side effects from all application functions and controllers with data set &quot;('E:\laragon\www\inventory\app\…ts.php') #1&quot;" class="Tests\Unit\Architecture\ApplicationFunctionCoverageTest" classname="Tests.Unit.Architecture.ApplicationFunctionCoverageTest" assertions="2" time="0.053070"/>
          <testcase name="it rejects debug side effects from all application functions and controllers with data set &quot;('E:\laragon\www\inventory\app\…ty.php') #3&quot;" file="tests\Unit\Architecture\ApplicationFunctionCoverageTest.php::it rejects debug side effects from all application functions and controllers with data set &quot;('E:\laragon\www\inventory\app\…ty.php') #3&quot;" class="Tests\Unit\Architecture\ApplicationFunctionCoverageTest" classname="Tests.Unit.Architecture.ApplicationFunctionCoverageTest" assertions="2" time="0.053342"/>
          <testcase name="it rejects debug side effects from all application functions and controllers with data set &quot;('E:\laragon\www\inventory\app\…nd.php') #8&quot;" file="tests\Unit\Architecture\ApplicationFunctionCoverageTest.php::it rejects debug side effects from all application functions and controllers with data set &quot;('E:\laragon\www\inventory\app\…nd.php') #8&quot;" class="Tests\Unit\Architecture\ApplicationFunctionCoverageTest" classname="Tests.Unit.Architecture.ApplicationFunctionCoverageTest" assertions="2" time="0.064803"/>
          <testcase name="it rejects debug side effects from all application functions and controllers with data set &quot;('E:\laragon\www\inventory\app\…nd.php') #9&quot;" file="tests\Unit\Architecture\ApplicationFunctionCoverageTest.php::it rejects debug side effects from all application functions and controllers with data set &quot;('E:\laragon\www\inventory\app\…nd.php') #9&quot;" class="Tests\Unit\Architecture\ApplicationFunctionCoverageTest" classname="Tests.Unit.Architecture.ApplicationFunctionCoverageTest" assertions="2" time="0.051298"/>
          <testcase name="it rejects debug side effects from all application functions and controllers with data set &quot;('E:\laragon\www\inventory\app\…ty.php') #4&quot;" file="tests\Unit\Architecture\ApplicationFunctionCoverageTest.php::it rejects debug side effects from all application functions and controllers with data set &quot;('E:\laragon\www\inventory\app\…ty.php') #4&quot;" class="Tests\Unit\Architecture\ApplicationFunctionCoverageTest" classname="Tests.Unit.Architecture.ApplicationFunctionCoverageTest" assertions="2" time="0.059244"/>
          <testcase name="it rejects debug side effects from all application functions and controllers with data set &quot;('E:\laragon\www\inventory\app\…nd.php') #10&quot;" file="tests\Unit\Architecture\ApplicationFunctionCoverageTest.php::it rejects debug side effects from all application functions and controllers with data set &quot;('E:\laragon\www\inventory\app\…nd.php') #10&quot;" class="Tests\Unit\Architecture\ApplicationFunctionCoverageTest" classname="Tests.Unit.Architecture.ApplicationFunctionCoverageTest" assertions="2" time="0.046789"/>
          <testcase name="it rejects debug side effects from all application functions and controllers with data set &quot;('E:\laragon\www\inventory\app\…nd.php') #11&quot;" file="tests\Unit\Architecture\ApplicationFunctionCoverageTest.php::it rejects debug side effects from all application functions and controllers with data set &quot;('E:\laragon\www\inventory\app\…nd.php') #11&quot;" class="Tests\Unit\Architecture\ApplicationFunctionCoverageTest" classname="Tests.Unit.Architecture.ApplicationFunctionCoverageTest" assertions="2" time="0.049205"/>
          <testcase name="it rejects debug side effects from all application functions and controllers with data set &quot;('E:\laragon\www\inventory\app\…nd.php') #12&quot;" file="tests\Unit\Architecture\ApplicationFunctionCoverageTest.php::it rejects debug side effects from all application functions and controllers with data set &quot;('E:\laragon\www\inventory\app\…nd.php') #12&quot;" class="Tests\Unit\Architecture\ApplicationFunctionCoverageTest" classname="Tests.Unit.Architecture.ApplicationFunctionCoverageTest" assertions="2" time="0.048109"/>
          <testcase name="it rejects debug side effects from all application functions and controllers with data set &quot;('E:\laragon\www\inventory\app\…nd.php') #13&quot;" file="tests\Unit\Architecture\ApplicationFunctionCoverageTest.php::it rejects debug side effects from all application functions and controllers with data set &quot;('E:\laragon\www\inventory\app\…nd.php') #13&quot;" class="Tests\Unit\Architecture\ApplicationFunctionCoverageTest" classname="Tests.Unit.Architecture.ApplicationFunctionCoverageTest" assertions="2" time="0.047251"/>
          <testcase name="it rejects debug side effects from all application functions and controllers with data set &quot;('E:\laragon\www\inventory\app\…nd.php') #14&quot;" file="tests\Unit\Architecture\ApplicationFunctionCoverageTest.php::it rejects debug side effects from all application functions and controllers with data set &quot;('E:\laragon\www\inventory\app\…nd.php') #14&quot;" class="Tests\Unit\Architecture\ApplicationFunctionCoverageTest" classname="Tests.Unit.Architecture.ApplicationFunctionCoverageTest" assertions="2" time="0.054934"/>
          <testcase name="it rejects debug side effects from all application functions and controllers with data set &quot;('E:\laragon\www\inventory\app\…nd.php') #15&quot;" file="tests\Unit\Architecture\ApplicationFunctionCoverageTest.php::it rejects debug side effects from all application functions and controllers with data set &quot;('E:\laragon\www\inventory\app\…nd.php') #15&quot;" class="Tests\Unit\Architecture\ApplicationFunctionCoverageTest" classname="Tests.Unit.Architecture.ApplicationFunctionCoverageTest" assertions="2" time="0.048834"/>
          <testcase name="it rejects debug side effects from all application functions and controllers with data set &quot;('E:\laragon\www\inventory\app\…nd.php') #16&quot;" file="tests\Unit\Architecture\ApplicationFunctionCoverageTest.php::it rejects debug side effects from all application functions and controllers with data set &quot;('E:\laragon\www\inventory\app\…nd.php') #16&quot;" class="Tests\Unit\Architecture\ApplicationFunctionCoverageTest" classname="Tests.Unit.Architecture.ApplicationFunctionCoverageTest" assertions="2" time="0.065015"/>
          <testcase name="it rejects debug side effects from all application functions and controllers with data set &quot;('E:\laragon\www\inventory\app\…nd.php') #17&quot;" file="tests\Unit\Architecture\ApplicationFunctionCoverageTest.php::it rejects debug side effects from all application functions and controllers with data set &quot;('E:\laragon\www\inventory\app\…nd.php') #17&quot;" class="Tests\Unit\Architecture\ApplicationFunctionCoverageTest" classname="Tests.Unit.Architecture.ApplicationFunctionCoverageTest" assertions="2" time="0.145166"/>
          <testcase name="it rejects debug side effects from all application functions and controllers with data set &quot;('E:\laragon\www\inventory\app\…ow.php')&quot;" file="tests\Unit\Architecture\ApplicationFunctionCoverageTest.php::it rejects debug side effects from all application functions and controllers with data set &quot;('E:\laragon\www\inventory\app\…ow.php')&quot;" class="Tests\Unit\Architecture\ApplicationFunctionCoverageTest" classname="Tests.Unit.Architecture.ApplicationFunctionCoverageTest" assertions="2" time="0.055524"/>
          <testcase name="it rejects debug side effects from all application functions and controllers with data set &quot;('E:\laragon\www\inventory\app\…nd.php') #18&quot;" file="tests\Unit\Architecture\ApplicationFunctionCoverageTest.php::it rejects debug side effects from all application functions and controllers with data set &quot;('E:\laragon\www\inventory\app\…nd.php') #18&quot;" class="Tests\Unit\Architecture\ApplicationFunctionCoverageTest" classname="Tests.Unit.Architecture.ApplicationFunctionCoverageTest" assertions="2" time="0.054493"/>
          <testcase name="it rejects debug side effects from all application functions and controllers with data set &quot;('E:\laragon\www\inventory\app\…nd.php') #19&quot;" file="tests\Unit\Architecture\ApplicationFunctionCoverageTest.php::it rejects debug side effects from all application functions and controllers with data set &quot;('E:\laragon\www\inventory\app\…nd.php') #19&quot;" class="Tests\Unit\Architecture\ApplicationFunctionCoverageTest" classname="Tests.Unit.Architecture.ApplicationFunctionCoverageTest" assertions="2" time="0.050765"/>
          <testcase name="it rejects debug side effects from all application functions and controllers with data set &quot;('E:\laragon\www\inventory\app\…nd.php') #20&quot;" file="tests\Unit\Architecture\ApplicationFunctionCoverageTest.php::it rejects debug side effects from all application functions and controllers with data set &quot;('E:\laragon\www\inventory\app\…nd.php') #20&quot;" class="Tests\Unit\Architecture\ApplicationFunctionCoverageTest" classname="Tests.Unit.Architecture.ApplicationFunctionCoverageTest" assertions="2" time="0.064123"/>
          <testcase name="it rejects debug side effects from all application functions and controllers with data set &quot;('E:\laragon\www\inventory\app\…nd.php') #21&quot;" file="tests\Unit\Architecture\ApplicationFunctionCoverageTest.php::it rejects debug side effects from all application functions and controllers with data set &quot;('E:\laragon\www\inventory\app\…nd.php') #21&quot;" class="Tests\Unit\Architecture\ApplicationFunctionCoverageTest" classname="Tests.Unit.Architecture.ApplicationFunctionCoverageTest" assertions="2" time="0.053829"/>
          <testcase name="it rejects debug side effects from all application functions and controllers with data set &quot;('E:\laragon\www\inventory\app\…nd.php') #22&quot;" file="tests\Unit\Architecture\ApplicationFunctionCoverageTest.php::it rejects debug side effects from all application functions and controllers with data set &quot;('E:\laragon\www\inventory\app\…nd.php') #22&quot;" class="Tests\Unit\Architecture\ApplicationFunctionCoverageTest" classname="Tests.Unit.Architecture.ApplicationFunctionCoverageTest" assertions="2" time="0.057841"/>
          <testcase name="it rejects debug side effects from all application functions and controllers with data set &quot;('E:\laragon\www\inventory\app\…nd.php') #23&quot;" file="tests\Unit\Architecture\ApplicationFunctionCoverageTest.php::it rejects debug side effects from all application functions and controllers with data set &quot;('E:\laragon\www\inventory\app\…nd.php') #23&quot;" class="Tests\Unit\Architecture\ApplicationFunctionCoverageTest" classname="Tests.Unit.Architecture.ApplicationFunctionCoverageTest" assertions="2" time="0.047838"/>
          <testcase name="it rejects debug side effects from all application functions and controllers with data set &quot;('E:\laragon\www\inventory\app\…nd.php') #24&quot;" file="tests\Unit\Architecture\ApplicationFunctionCoverageTest.php::it rejects debug side effects from all application functions and controllers with data set &quot;('E:\laragon\www\inventory\app\…nd.php') #24&quot;" class="Tests\Unit\Architecture\ApplicationFunctionCoverageTest" classname="Tests.Unit.Architecture.ApplicationFunctionCoverageTest" assertions="2" time="0.048339"/>
          <testcase name="it rejects debug side effects from all application functions and controllers with data set &quot;('E:\laragon\www\inventory\app\…nd.php') #25&quot;" file="tests\Unit\Architecture\ApplicationFunctionCoverageTest.php::it rejects debug side effects from all application functions and controllers with data set &quot;('E:\laragon\www\inventory\app\…nd.php') #25&quot;" class="Tests\Unit\Architecture\ApplicationFunctionCoverageTest" classname="Tests.Unit.Architecture.ApplicationFunctionCoverageTest" assertions="2" time="0.046714"/>
          <testcase name="it rejects debug side effects from all application functions and controllers with data set &quot;('E:\laragon\www\inventory\app\…nd.php') #26&quot;" file="tests\Unit\Architecture\ApplicationFunctionCoverageTest.php::it rejects debug side effects from all application functions and controllers with data set &quot;('E:\laragon\www\inventory\app\…nd.php') #26&quot;" class="Tests\Unit\Architecture\ApplicationFunctionCoverageTest" classname="Tests.Unit.Architecture.ApplicationFunctionCoverageTest" assertions="2" time="0.053838"/>
          <testcase name="it rejects debug side effects from all application functions and controllers with data set &quot;('E:\laragon\www\inventory\app\…nd.php') #27&quot;" file="tests\Unit\Architecture\ApplicationFunctionCoverageTest.php::it rejects debug side effects from all application functions and controllers with data set &quot;('E:\laragon\www\inventory\app\…nd.php') #27&quot;" class="Tests\Unit\Architecture\ApplicationFunctionCoverageTest" classname="Tests.Unit.Architecture.ApplicationFunctionCoverageTest" assertions="2" time="0.064741"/>
          <testcase name="it rejects debug side effects from all application functions and controllers with data set &quot;('E:\laragon\www\inventory\app\…nd.php') #28&quot;" file="tests\Unit\Architecture\ApplicationFunctionCoverageTest.php::it rejects debug side effects from all application functions and controllers with data set &quot;('E:\laragon\www\inventory\app\…nd.php') #28&quot;" class="Tests\Unit\Architecture\ApplicationFunctionCoverageTest" classname="Tests.Unit.Architecture.ApplicationFunctionCoverageTest" assertions="2" time="0.052824"/>
          <testcase name="it rejects debug side effects from all application functions and controllers with data set &quot;('E:\laragon\www\inventory\app\…nd.php') #29&quot;" file="tests\Unit\Architecture\ApplicationFunctionCoverageTest.php::it rejects debug side effects from all application functions and controllers with data set &quot;('E:\laragon\www\inventory\app\…nd.php') #29&quot;" class="Tests\Unit\Architecture\ApplicationFunctionCoverageTest" classname="Tests.Unit.Architecture.ApplicationFunctionCoverageTest" assertions="2" time="0.048640"/>
          <testcase name="it rejects debug side effects from all application functions and controllers with data set &quot;('E:\laragon\www\inventory\app\…nd.php') #30&quot;" file="tests\Unit\Architecture\ApplicationFunctionCoverageTest.php::it rejects debug side effects from all application functions and controllers with data set &quot;('E:\laragon\www\inventory\app\…nd.php') #30&quot;" class="Tests\Unit\Architecture\ApplicationFunctionCoverageTest" classname="Tests.Unit.Architecture.ApplicationFunctionCoverageTest" assertions="2" time="0.050825"/>
          <testcase name="it rejects debug side effects from all application functions and controllers with data set &quot;('E:\laragon\www\inventory\app\…ts.php') #2&quot;" file="tests\Unit\Architecture\ApplicationFunctionCoverageTest.php::it rejects debug side effects from all application functions and controllers with data set &quot;('E:\laragon\www\inventory\app\…ts.php') #2&quot;" class="Tests\Unit\Architecture\ApplicationFunctionCoverageTest" classname="Tests.Unit.Architecture.ApplicationFunctionCoverageTest" assertions="2" time="0.045075"/>
          <testcase name="it rejects debug side effects from all application functions and controllers with data set &quot;('E:\laragon\www\inventory\app\…nd.php') #31&quot;" file="tests\Unit\Architecture\ApplicationFunctionCoverageTest.php::it rejects debug side effects from all application functions and controllers with data set &quot;('E:\laragon\www\inventory\app\…nd.php') #31&quot;" class="Tests\Unit\Architecture\ApplicationFunctionCoverageTest" classname="Tests.Unit.Architecture.ApplicationFunctionCoverageTest" assertions="2" time="0.049414"/>
          <testcase name="it rejects debug side effects from all application functions and controllers with data set &quot;('E:\laragon\www\inventory\app\…ta.php') #1&quot;" file="tests\Unit\Architecture\ApplicationFunctionCoverageTest.php::it rejects debug side effects from all application functions and controllers with data set &quot;('E:\laragon\www\inventory\app\…ta.php') #1&quot;" class="Tests\Unit\Architecture\ApplicationFunctionCoverageTest" classname="Tests.Unit.Architecture.ApplicationFunctionCoverageTest" assertions="2" time="0.046440"/>
          <testcase name="it rejects debug side effects from all application functions and controllers with data set &quot;('E:\laragon\www\inventory\app\…es.php') #2&quot;" file="tests\Unit\Architecture\ApplicationFunctionCoverageTest.php::it rejects debug side effects from all application functions and controllers with data set &quot;('E:\laragon\www\inventory\app\…es.php') #2&quot;" class="Tests\Unit\Architecture\ApplicationFunctionCoverageTest" classname="Tests.Unit.Architecture.ApplicationFunctionCoverageTest" assertions="2" time="0.052595"/>
          <testcase name="it rejects debug side effects from all application functions and controllers with data set &quot;('E:\laragon\www\inventory\app\…ta.php') #2&quot;" file="tests\Unit\Architecture\ApplicationFunctionCoverageTest.php::it rejects debug side effects from all application functions and controllers with data set &quot;('E:\laragon\www\inventory\app\…ta.php') #2&quot;" class="Tests\Unit\Architecture\ApplicationFunctionCoverageTest" classname="Tests.Unit.Architecture.ApplicationFunctionCoverageTest" assertions="2" time="0.053983"/>
          <testcase name="it rejects debug side effects from all application functions and controllers with data set &quot;('E:\laragon\www\inventory\app\…es.php') #3&quot;" file="tests\Unit\Architecture\ApplicationFunctionCoverageTest.php::it rejects debug side effects from all application functions and controllers with data set &quot;('E:\laragon\www\inventory\app\…es.php') #3&quot;" class="Tests\Unit\Architecture\ApplicationFunctionCoverageTest" classname="Tests.Unit.Architecture.ApplicationFunctionCoverageTest" assertions="2" time="0.049062"/>
          <testcase name="it rejects debug side effects from all application functions and controllers with data set &quot;('E:\laragon\www\inventory\app\…es.php') #4&quot;" file="tests\Unit\Architecture\ApplicationFunctionCoverageTest.php::it rejects debug side effects from all application functions and controllers with data set &quot;('E:\laragon\www\inventory\app\…es.php') #4&quot;" class="Tests\Unit\Architecture\ApplicationFunctionCoverageTest" classname="Tests.Unit.Architecture.ApplicationFunctionCoverageTest" assertions="2" time="0.048210"/>
          <testcase name="it rejects debug side effects from all application functions and controllers with data set &quot;('E:\laragon\www\inventory\app\…ns.php') #1&quot;" file="tests\Unit\Architecture\ApplicationFunctionCoverageTest.php::it rejects debug side effects from all application functions and controllers with data set &quot;('E:\laragon\www\inventory\app\…ns.php') #1&quot;" class="Tests\Unit\Architecture\ApplicationFunctionCoverageTest" classname="Tests.Unit.Architecture.ApplicationFunctionCoverageTest" assertions="2" time="0.044344"/>
          <testcase name="it rejects debug side effects from all application functions and controllers with data set &quot;('E:\laragon\www\inventory\app\…he.php')&quot;" file="tests\Unit\Architecture\ApplicationFunctionCoverageTest.php::it rejects debug side effects from all application functions and controllers with data set &quot;('E:\laragon\www\inventory\app\…he.php')&quot;" class="Tests\Unit\Architecture\ApplicationFunctionCoverageTest" classname="Tests.Unit.Architecture.ApplicationFunctionCoverageTest" assertions="2" time="0.047056"/>
          <testcase name="it rejects debug side effects from all application functions and controllers with data set &quot;('E:\laragon\www\inventory\app\…nd.php') #32&quot;" file="tests\Unit\Architecture\ApplicationFunctionCoverageTest.php::it rejects debug side effects from all application functions and controllers with data set &quot;('E:\laragon\www\inventory\app\…nd.php') #32&quot;" class="Tests\Unit\Architecture\ApplicationFunctionCoverageTest" classname="Tests.Unit.Architecture.ApplicationFunctionCoverageTest" assertions="2" time="0.054452"/>
          <testcase name="it rejects debug side effects from all application functions and controllers with data set &quot;('E:\laragon\www\inventory\app\…ue.php') #1&quot;" file="tests\Unit\Architecture\ApplicationFunctionCoverageTest.php::it rejects debug side effects from all application functions and controllers with data set &quot;('E:\laragon\www\inventory\app\…ue.php') #1&quot;" class="Tests\Unit\Architecture\ApplicationFunctionCoverageTest" classname="Tests.Unit.Architecture.ApplicationFunctionCoverageTest" assertions="2" time="0.063262"/>
          <testcase name="it rejects debug side effects from all application functions and controllers with data set &quot;('E:\laragon\www\inventory\app\…nd.php') #33&quot;" file="tests\Unit\Architecture\ApplicationFunctionCoverageTest.php::it rejects debug side effects from all application functions and controllers with data set &quot;('E:\laragon\www\inventory\app\…nd.php') #33&quot;" class="Tests\Unit\Architecture\ApplicationFunctionCoverageTest" classname="Tests.Unit.Architecture.ApplicationFunctionCoverageTest" assertions="2" time="0.059961"/>
          <testcase name="it rejects debug side effects from all application functions and controllers with data set &quot;('E:\laragon\www\inventory\app\…nd.php') #34&quot;" file="tests\Unit\Architecture\ApplicationFunctionCoverageTest.php::it rejects debug side effects from all application functions and controllers with data set &quot;('E:\laragon\www\inventory\app\…nd.php') #34&quot;" class="Tests\Unit\Architecture\ApplicationFunctionCoverageTest" classname="Tests.Unit.Architecture.ApplicationFunctionCoverageTest" assertions="2" time="0.049097"/>
          <testcase name="it rejects debug side effects from all application functions and controllers with data set &quot;('E:\laragon\www\inventory\app\…nd.php') #35&quot;" file="tests\Unit\Architecture\ApplicationFunctionCoverageTest.php::it rejects debug side effects from all application functions and controllers with data set &quot;('E:\laragon\www\inventory\app\…nd.php') #35&quot;" class="Tests\Unit\Architecture\ApplicationFunctionCoverageTest" classname="Tests.Unit.Architecture.ApplicationFunctionCoverageTest" assertions="2" time="0.054043"/>
          <testcase name="it rejects debug side effects from all application functions and controllers with data set &quot;('E:\laragon\www\inventory\app\…nd.php') #36&quot;" file="tests\Unit\Architecture\ApplicationFunctionCoverageTest.php::it rejects debug side effects from all application functions and controllers with data set &quot;('E:\laragon\www\inventory\app\…nd.php') #36&quot;" class="Tests\Unit\Architecture\ApplicationFunctionCoverageTest" classname="Tests.Unit.Architecture.ApplicationFunctionCoverageTest" assertions="2" time="0.064528"/>
          <testcase name="it rejects debug side effects from all application functions and controllers with data set &quot;('E:\laragon\www\inventory\app\…ts.php') #3&quot;" file="tests\Unit\Architecture\ApplicationFunctionCoverageTest.php::it rejects debug side effects from all application functions and controllers with data set &quot;('E:\laragon\www\inventory\app\…ts.php') #3&quot;" class="Tests\Unit\Architecture\ApplicationFunctionCoverageTest" classname="Tests.Unit.Architecture.ApplicationFunctionCoverageTest" assertions="2" time="0.049124"/>
          <testcase name="it rejects debug side effects from all application functions and controllers with data set &quot;('E:\laragon\www\inventory\app\…es.php') #5&quot;" file="tests\Unit\Architecture\ApplicationFunctionCoverageTest.php::it rejects debug side effects from all application functions and controllers with data set &quot;('E:\laragon\www\inventory\app\…es.php') #5&quot;" class="Tests\Unit\Architecture\ApplicationFunctionCoverageTest" classname="Tests.Unit.Architecture.ApplicationFunctionCoverageTest" assertions="2" time="0.048031"/>
          <testcase name="it rejects debug side effects from all application functions and controllers with data set &quot;('E:\laragon\www\inventory\app\…nd.php') #37&quot;" file="tests\Unit\Architecture\ApplicationFunctionCoverageTest.php::it rejects debug side effects from all application functions and controllers with data set &quot;('E:\laragon\www\inventory\app\…nd.php') #37&quot;" class="Tests\Unit\Architecture\ApplicationFunctionCoverageTest" classname="Tests.Unit.Architecture.ApplicationFunctionCoverageTest" assertions="2" time="0.053980"/>
          <testcase name="it rejects debug side effects from all application functions and controllers with data set &quot;('E:\laragon\www\inventory\app\…nd.php') #38&quot;" file="tests\Unit\Architecture\ApplicationFunctionCoverageTest.php::it rejects debug side effects from all application functions and controllers with data set &quot;('E:\laragon\www\inventory\app\…nd.php') #38&quot;" class="Tests\Unit\Architecture\ApplicationFunctionCoverageTest" classname="Tests.Unit.Architecture.ApplicationFunctionCoverageTest" assertions="2" time="0.054562"/>
          <testcase name="it rejects debug side effects from all application functions and controllers with data set &quot;('E:\laragon\www\inventory\app\…nd.php') #39&quot;" file="tests\Unit\Architecture\ApplicationFunctionCoverageTest.php::it rejects debug side effects from all application functions and controllers with data set &quot;('E:\laragon\www\inventory\app\…nd.php') #39&quot;" class="Tests\Unit\Architecture\ApplicationFunctionCoverageTest" classname="Tests.Unit.Architecture.ApplicationFunctionCoverageTest" assertions="2" time="0.060582"/>
          <testcase name="it rejects debug side effects from all application functions and controllers with data set &quot;('E:\laragon\www\inventory\app\…er.php') #1&quot;" file="tests\Unit\Architecture\ApplicationFunctionCoverageTest.php::it rejects debug side effects from all application functions and controllers with data set &quot;('E:\laragon\www\inventory\app\…er.php') #1&quot;" class="Tests\Unit\Architecture\ApplicationFunctionCoverageTest" classname="Tests.Unit.Architecture.ApplicationFunctionCoverageTest" assertions="2" time="0.064100"/>
          <testcase name="it rejects debug side effects from all application functions and controllers with data set &quot;('E:\laragon\www\inventory\app\…lt.php') #1&quot;" file="tests\Unit\Architecture\ApplicationFunctionCoverageTest.php::it rejects debug side effects from all application functions and controllers with data set &quot;('E:\laragon\www\inventory\app\…lt.php') #1&quot;" class="Tests\Unit\Architecture\ApplicationFunctionCoverageTest" classname="Tests.Unit.Architecture.ApplicationFunctionCoverageTest" assertions="2" time="0.052881"/>
          <testcase name="it rejects debug side effects from all application functions and controllers with data set &quot;('E:\laragon\www\inventory\app\…on.php') #5&quot;" file="tests\Unit\Architecture\ApplicationFunctionCoverageTest.php::it rejects debug side effects from all application functions and controllers with data set &quot;('E:\laragon\www\inventory\app\…on.php') #5&quot;" class="Tests\Unit\Architecture\ApplicationFunctionCoverageTest" classname="Tests.Unit.Architecture.ApplicationFunctionCoverageTest" assertions="2" time="0.061479"/>
          <testcase name="it rejects debug side effects from all application functions and controllers with data set &quot;('E:\laragon\www\inventory\app\…lt.php') #2&quot;" file="tests\Unit\Architecture\ApplicationFunctionCoverageTest.php::it rejects debug side effects from all application functions and controllers with data set &quot;('E:\laragon\www\inventory\app\…lt.php') #2&quot;" class="Tests\Unit\Architecture\ApplicationFunctionCoverageTest" classname="Tests.Unit.Architecture.ApplicationFunctionCoverageTest" assertions="2" time="0.051719"/>
          <testcase name="it rejects debug side effects from all application functions and controllers with data set &quot;('E:\laragon\www\inventory\app\…ta.php') #3&quot;" file="tests\Unit\Architecture\ApplicationFunctionCoverageTest.php::it rejects debug side effects from all application functions and controllers with data set &quot;('E:\laragon\www\inventory\app\…ta.php') #3&quot;" class="Tests\Unit\Architecture\ApplicationFunctionCoverageTest" classname="Tests.Unit.Architecture.ApplicationFunctionCoverageTest" assertions="2" time="0.054508"/>
          <testcase name="it rejects debug side effects from all application functions and controllers with data set &quot;('E:\laragon\www\inventory\app\…on.php') #6&quot;" file="tests\Unit\Architecture\ApplicationFunctionCoverageTest.php::it rejects debug side effects from all application functions and controllers with data set &quot;('E:\laragon\www\inventory\app\…on.php') #6&quot;" class="Tests\Unit\Architecture\ApplicationFunctionCoverageTest" classname="Tests.Unit.Architecture.ApplicationFunctionCoverageTest" assertions="2" time="0.049941"/>
          <testcase name="it rejects debug side effects from all application functions and controllers with data set &quot;('E:\laragon\www\inventory\app\…on.php') #7&quot;" file="tests\Unit\Architecture\ApplicationFunctionCoverageTest.php::it rejects debug side effects from all application functions and controllers with data set &quot;('E:\laragon\www\inventory\app\…on.php') #7&quot;" class="Tests\Unit\Architecture\ApplicationFunctionCoverageTest" classname="Tests.Unit.Architecture.ApplicationFunctionCoverageTest" assertions="2" time="0.049258"/>
          <testcase name="it rejects debug side effects from all application functions and controllers with data set &quot;('E:\laragon\www\inventory\app\…rt.php') #1&quot;" file="tests\Unit\Architecture\ApplicationFunctionCoverageTest.php::it rejects debug side effects from all application functions and controllers with data set &quot;('E:\laragon\www\inventory\app\…rt.php') #1&quot;" class="Tests\Unit\Architecture\ApplicationFunctionCoverageTest" classname="Tests.Unit.Architecture.ApplicationFunctionCoverageTest" assertions="2" time="0.049917"/>
          <testcase name="it rejects debug side effects from all application functions and controllers with data set &quot;('E:\laragon\www\inventory\app\…rt.php') #2&quot;" file="tests\Unit\Architecture\ApplicationFunctionCoverageTest.php::it rejects debug side effects from all application functions and controllers with data set &quot;('E:\laragon\www\inventory\app\…rt.php') #2&quot;" class="Tests\Unit\Architecture\ApplicationFunctionCoverageTest" classname="Tests.Unit.Architecture.ApplicationFunctionCoverageTest" assertions="2" time="0.053087"/>
          <testcase name="it rejects debug side effects from all application functions and controllers with data set &quot;('E:\laragon\www\inventory\app\…rt.php') #3&quot;" file="tests\Unit\Architecture\ApplicationFunctionCoverageTest.php::it rejects debug side effects from all application functions and controllers with data set &quot;('E:\laragon\www\inventory\app\…rt.php') #3&quot;" class="Tests\Unit\Architecture\ApplicationFunctionCoverageTest" classname="Tests.Unit.Architecture.ApplicationFunctionCoverageTest" assertions="2" time="0.059017"/>
          <testcase name="it rejects debug side effects from all application functions and controllers with data set &quot;('E:\laragon\www\inventory\app\…er.php') #2&quot;" file="tests\Unit\Architecture\ApplicationFunctionCoverageTest.php::it rejects debug side effects from all application functions and controllers with data set &quot;('E:\laragon\www\inventory\app\…er.php') #2&quot;" class="Tests\Unit\Architecture\ApplicationFunctionCoverageTest" classname="Tests.Unit.Architecture.ApplicationFunctionCoverageTest" assertions="2" time="0.048135"/>
          <testcase name="it rejects debug side effects from all application functions and controllers with data set &quot;('E:\laragon\www\inventory\app\…er.php') #3&quot;" file="tests\Unit\Architecture\ApplicationFunctionCoverageTest.php::it rejects debug side effects from all application functions and controllers with data set &quot;('E:\laragon\www\inventory\app\…er.php') #3&quot;" class="Tests\Unit\Architecture\ApplicationFunctionCoverageTest" classname="Tests.Unit.Architecture.ApplicationFunctionCoverageTest" assertions="2" time="0.059620"/>
          <testcase name="it rejects debug side effects from all application functions and controllers with data set &quot;('E:\laragon\www\inventory\app\…er.php') #4&quot;" file="tests\Unit\Architecture\ApplicationFunctionCoverageTest.php::it rejects debug side effects from all application functions and controllers with data set &quot;('E:\laragon\www\inventory\app\…er.php') #4&quot;" class="Tests\Unit\Architecture\ApplicationFunctionCoverageTest" classname="Tests.Unit.Architecture.ApplicationFunctionCoverageTest" assertions="2" time="0.057736"/>
          <testcase name="it rejects debug side effects from all application functions and controllers with data set &quot;('E:\laragon\www\inventory\app\…er.php') #5&quot;" file="tests\Unit\Architecture\ApplicationFunctionCoverageTest.php::it rejects debug side effects from all application functions and controllers with data set &quot;('E:\laragon\www\inventory\app\…er.php') #5&quot;" class="Tests\Unit\Architecture\ApplicationFunctionCoverageTest" classname="Tests.Unit.Architecture.ApplicationFunctionCoverageTest" assertions="2" time="0.052739"/>
          <testcase name="it rejects debug side effects from all application functions and controllers with data set &quot;('E:\laragon\www\inventory\app\…er.php') #6&quot;" file="tests\Unit\Architecture\ApplicationFunctionCoverageTest.php::it rejects debug side effects from all application functions and controllers with data set &quot;('E:\laragon\www\inventory\app\…er.php') #6&quot;" class="Tests\Unit\Architecture\ApplicationFunctionCoverageTest" classname="Tests.Unit.Architecture.ApplicationFunctionCoverageTest" assertions="2" time="0.049952"/>
          <testcase name="it rejects debug side effects from all application functions and controllers with data set &quot;('E:\laragon\www\inventory\app\…er.php') #7&quot;" file="tests\Unit\Architecture\ApplicationFunctionCoverageTest.php::it rejects debug side effects from all application functions and controllers with data set &quot;('E:\laragon\www\inventory\app\…er.php') #7&quot;" class="Tests\Unit\Architecture\ApplicationFunctionCoverageTest" classname="Tests.Unit.Architecture.ApplicationFunctionCoverageTest" assertions="2" time="0.050391"/>
          <testcase name="it rejects debug side effects from all application functions and controllers with data set &quot;('E:\laragon\www\inventory\app\…er.php') #8&quot;" file="tests\Unit\Architecture\ApplicationFunctionCoverageTest.php::it rejects debug side effects from all application functions and controllers with data set &quot;('E:\laragon\www\inventory\app\…er.php') #8&quot;" class="Tests\Unit\Architecture\ApplicationFunctionCoverageTest" classname="Tests.Unit.Architecture.ApplicationFunctionCoverageTest" assertions="2" time="0.052610"/>
          <testcase name="it rejects debug side effects from all application functions and controllers with data set &quot;('E:\laragon\www\inventory\app\…er.php') #9&quot;" file="tests\Unit\Architecture\ApplicationFunctionCoverageTest.php::it rejects debug side effects from all application functions and controllers with data set &quot;('E:\laragon\www\inventory\app\…er.php') #9&quot;" class="Tests\Unit\Architecture\ApplicationFunctionCoverageTest" classname="Tests.Unit.Architecture.ApplicationFunctionCoverageTest" assertions="2" time="0.049825"/>
          <testcase name="it rejects debug side effects from all application functions and controllers with data set &quot;('E:\laragon\www\inventory\app\…er.php') #10&quot;" file="tests\Unit\Architecture\ApplicationFunctionCoverageTest.php::it rejects debug side effects from all application functions and controllers with data set &quot;('E:\laragon\www\inventory\app\…er.php') #10&quot;" class="Tests\Unit\Architecture\ApplicationFunctionCoverageTest" classname="Tests.Unit.Architecture.ApplicationFunctionCoverageTest" assertions="2" time="0.065228"/>
          <testcase name="it rejects debug side effects from all application functions and controllers with data set &quot;('E:\laragon\www\inventory\app\…er.php') #11&quot;" file="tests\Unit\Architecture\ApplicationFunctionCoverageTest.php::it rejects debug side effects from all application functions and controllers with data set &quot;('E:\laragon\www\inventory\app\…er.php') #11&quot;" class="Tests\Unit\Architecture\ApplicationFunctionCoverageTest" classname="Tests.Unit.Architecture.ApplicationFunctionCoverageTest" assertions="2" time="0.053714"/>
          <testcase name="it rejects debug side effects from all application functions and controllers with data set &quot;('E:\laragon\www\inventory\app\…er.php') #12&quot;" file="tests\Unit\Architecture\ApplicationFunctionCoverageTest.php::it rejects debug side effects from all application functions and controllers with data set &quot;('E:\laragon\www\inventory\app\…er.php') #12&quot;" class="Tests\Unit\Architecture\ApplicationFunctionCoverageTest" classname="Tests.Unit.Architecture.ApplicationFunctionCoverageTest" assertions="2" time="0.060369"/>
          <testcase name="it rejects debug side effects from all application functions and controllers with data set &quot;('E:\laragon\www\inventory\app\…er.php') #13&quot;" file="tests\Unit\Architecture\ApplicationFunctionCoverageTest.php::it rejects debug side effects from all application functions and controllers with data set &quot;('E:\laragon\www\inventory\app\…er.php') #13&quot;" class="Tests\Unit\Architecture\ApplicationFunctionCoverageTest" classname="Tests.Unit.Architecture.ApplicationFunctionCoverageTest" assertions="2" time="0.060792"/>
          <testcase name="it rejects debug side effects from all application functions and controllers with data set &quot;('E:\laragon\www\inventory\app\…er.php') #14&quot;" file="tests\Unit\Architecture\ApplicationFunctionCoverageTest.php::it rejects debug side effects from all application functions and controllers with data set &quot;('E:\laragon\www\inventory\app\…er.php') #14&quot;" class="Tests\Unit\Architecture\ApplicationFunctionCoverageTest" classname="Tests.Unit.Architecture.ApplicationFunctionCoverageTest" assertions="2" time="0.074052"/>
          <testcase name="it rejects debug side effects from all application functions and controllers with data set &quot;('E:\laragon\www\inventory\app\…er.php') #15&quot;" file="tests\Unit\Architecture\ApplicationFunctionCoverageTest.php::it rejects debug side effects from all application functions and controllers with data set &quot;('E:\laragon\www\inventory\app\…er.php') #15&quot;" class="Tests\Unit\Architecture\ApplicationFunctionCoverageTest" classname="Tests.Unit.Architecture.ApplicationFunctionCoverageTest" assertions="2" time="0.055956"/>
          <testcase name="it rejects debug side effects from all application functions and controllers with data set &quot;('E:\laragon\www\inventory\app\…er.php') #16&quot;" file="tests\Unit\Architecture\ApplicationFunctionCoverageTest.php::it rejects debug side effects from all application functions and controllers with data set &quot;('E:\laragon\www\inventory\app\…er.php') #16&quot;" class="Tests\Unit\Architecture\ApplicationFunctionCoverageTest" classname="Tests.Unit.Architecture.ApplicationFunctionCoverageTest" assertions="2" time="0.054000"/>
          <testcase name="it rejects debug side effects from all application functions and controllers with data set &quot;('E:\laragon\www\inventory\app\…er.php') #17&quot;" file="tests\Unit\Architecture\ApplicationFunctionCoverageTest.php::it rejects debug side effects from all application functions and controllers with data set &quot;('E:\laragon\www\inventory\app\…er.php') #17&quot;" class="Tests\Unit\Architecture\ApplicationFunctionCoverageTest" classname="Tests.Unit.Architecture.ApplicationFunctionCoverageTest" assertions="2" time="0.067411"/>
          <testcase name="it rejects debug side effects from all application functions and controllers with data set &quot;('E:\laragon\www\inventory\app\…er.php') #18&quot;" file="tests\Unit\Architecture\ApplicationFunctionCoverageTest.php::it rejects debug side effects from all application functions and controllers with data set &quot;('E:\laragon\www\inventory\app\…er.php') #18&quot;" class="Tests\Unit\Architecture\ApplicationFunctionCoverageTest" classname="Tests.Unit.Architecture.ApplicationFunctionCoverageTest" assertions="2" time="0.054435"/>
          <testcase name="it rejects debug side effects from all application functions and controllers with data set &quot;('E:\laragon\www\inventory\app\…er.php') #19&quot;" file="tests\Unit\Architecture\ApplicationFunctionCoverageTest.php::it rejects debug side effects from all application functions and controllers with data set &quot;('E:\laragon\www\inventory\app\…er.php') #19&quot;" class="Tests\Unit\Architecture\ApplicationFunctionCoverageTest" classname="Tests.Unit.Architecture.ApplicationFunctionCoverageTest" assertions="2" time="0.052749"/>
          <testcase name="it rejects debug side effects from all application functions and controllers with data set &quot;('E:\laragon\www\inventory\app\…er.php') #20&quot;" file="tests\Unit\Architecture\ApplicationFunctionCoverageTest.php::it rejects debug side effects from all application functions and controllers with data set &quot;('E:\laragon\www\inventory\app\…er.php') #20&quot;" class="Tests\Unit\Architecture\ApplicationFunctionCoverageTest" classname="Tests.Unit.Architecture.ApplicationFunctionCoverageTest" assertions="2" time="0.062044"/>
          <testcase name="it rejects debug side effects from all application functions and controllers with data set &quot;('E:\laragon\www\inventory\app\…er.php') #21&quot;" file="tests\Unit\Architecture\ApplicationFunctionCoverageTest.php::it rejects debug side effects from all application functions and controllers with data set &quot;('E:\laragon\www\inventory\app\…er.php') #21&quot;" class="Tests\Unit\Architecture\ApplicationFunctionCoverageTest" classname="Tests.Unit.Architecture.ApplicationFunctionCoverageTest" assertions="2" time="0.072216"/>
          <testcase name="it rejects debug side effects from all application functions and controllers with data set &quot;('E:\laragon\www\inventory\app\…er.php') #22&quot;" file="tests\Unit\Architecture\ApplicationFunctionCoverageTest.php::it rejects debug side effects from all application functions and controllers with data set &quot;('E:\laragon\www\inventory\app\…er.php') #22&quot;" class="Tests\Unit\Architecture\ApplicationFunctionCoverageTest" classname="Tests.Unit.Architecture.ApplicationFunctionCoverageTest" assertions="2" time="0.051165"/>
          <testcase name="it rejects debug side effects from all application functions and controllers with data set &quot;('E:\laragon\www\inventory\app\…er.php') #23&quot;" file="tests\Unit\Architecture\ApplicationFunctionCoverageTest.php::it rejects debug side effects from all application functions and controllers with data set &quot;('E:\laragon\www\inventory\app\…er.php') #23&quot;" class="Tests\Unit\Architecture\ApplicationFunctionCoverageTest" classname="Tests.Unit.Architecture.ApplicationFunctionCoverageTest" assertions="2" time="0.050966"/>
          <testcase name="it rejects debug side effects from all application functions and controllers with data set &quot;('E:\laragon\www\inventory\app\…er.php') #24&quot;" file="tests\Unit\Architecture\ApplicationFunctionCoverageTest.php::it rejects debug side effects from all application functions and controllers with data set &quot;('E:\laragon\www\inventory\app\…er.php') #24&quot;" class="Tests\Unit\Architecture\ApplicationFunctionCoverageTest" classname="Tests.Unit.Architecture.ApplicationFunctionCoverageTest" assertions="2" time="0.066026"/>
          <testcase name="it rejects debug side effects from all application functions and controllers with data set &quot;('E:\laragon\www\inventory\app\…er.php') #25&quot;" file="tests\Unit\Architecture\ApplicationFunctionCoverageTest.php::it rejects debug side effects from all application functions and controllers with data set &quot;('E:\laragon\www\inventory\app\…er.php') #25&quot;" class="Tests\Unit\Architecture\ApplicationFunctionCoverageTest" classname="Tests.Unit.Architecture.ApplicationFunctionCoverageTest" assertions="2" time="0.064987"/>
          <testcase name="it rejects debug side effects from all application functions and controllers with data set &quot;('E:\laragon\www\inventory\app\…er.php') #26&quot;" file="tests\Unit\Architecture\ApplicationFunctionCoverageTest.php::it rejects debug side effects from all application functions and controllers with data set &quot;('E:\laragon\www\inventory\app\…er.php') #26&quot;" class="Tests\Unit\Architecture\ApplicationFunctionCoverageTest" classname="Tests.Unit.Architecture.ApplicationFunctionCoverageTest" assertions="2" time="0.052930"/>
          <testcase name="it rejects debug side effects from all application functions and controllers with data set &quot;('E:\laragon\www\inventory\app\…er.php') #27&quot;" file="tests\Unit\Architecture\ApplicationFunctionCoverageTest.php::it rejects debug side effects from all application functions and controllers with data set &quot;('E:\laragon\www\inventory\app\…er.php') #27&quot;" class="Tests\Unit\Architecture\ApplicationFunctionCoverageTest" classname="Tests.Unit.Architecture.ApplicationFunctionCoverageTest" assertions="2" time="0.060564"/>
          <testcase name="it rejects debug side effects from all application functions and controllers with data set &quot;('E:\laragon\www\inventory\app\…er.php') #28&quot;" file="tests\Unit\Architecture\ApplicationFunctionCoverageTest.php::it rejects debug side effects from all application functions and controllers with data set &quot;('E:\laragon\www\inventory\app\…er.php') #28&quot;" class="Tests\Unit\Architecture\ApplicationFunctionCoverageTest" classname="Tests.Unit.Architecture.ApplicationFunctionCoverageTest" assertions="2" time="0.056040"/>
          <testcase name="it rejects debug side effects from all application functions and controllers with data set &quot;('E:\laragon\www\inventory\app\…er.php') #29&quot;" file="tests\Unit\Architecture\ApplicationFunctionCoverageTest.php::it rejects debug side effects from all application functions and controllers with data set &quot;('E:\laragon\www\inventory\app\…er.php') #29&quot;" class="Tests\Unit\Architecture\ApplicationFunctionCoverageTest" classname="Tests.Unit.Architecture.ApplicationFunctionCoverageTest" assertions="2" time="0.076924"/>
          <testcase name="it rejects debug side effects from all application functions and controllers with data set &quot;('E:\laragon\www\inventory\app\…er.php') #30&quot;" file="tests\Unit\Architecture\ApplicationFunctionCoverageTest.php::it rejects debug side effects from all application functions and controllers with data set &quot;('E:\laragon\www\inventory\app\…er.php') #30&quot;" class="Tests\Unit\Architecture\ApplicationFunctionCoverageTest" classname="Tests.Unit.Architecture.ApplicationFunctionCoverageTest" assertions="2" time="0.055014"/>
          <testcase name="it rejects debug side effects from all application functions and controllers with data set &quot;('E:\laragon\www\inventory\app\…er.php') #31&quot;" file="tests\Unit\Architecture\ApplicationFunctionCoverageTest.php::it rejects debug side effects from all application functions and controllers with data set &quot;('E:\laragon\www\inventory\app\…er.php') #31&quot;" class="Tests\Unit\Architecture\ApplicationFunctionCoverageTest" classname="Tests.Unit.Architecture.ApplicationFunctionCoverageTest" assertions="2" time="0.063194"/>
          <testcase name="it rejects debug side effects from all application functions and controllers with data set &quot;('E:\laragon\www\inventory\app\…er.php') #32&quot;" file="tests\Unit\Architecture\ApplicationFunctionCoverageTest.php::it rejects debug side effects from all application functions and controllers with data set &quot;('E:\laragon\www\inventory\app\…er.php') #32&quot;" class="Tests\Unit\Architecture\ApplicationFunctionCoverageTest" classname="Tests.Unit.Architecture.ApplicationFunctionCoverageTest" assertions="2" time="0.058021"/>
          <testcase name="it rejects debug side effects from all application functions and controllers with data set &quot;('E:\laragon\www\inventory\app\…er.php') #33&quot;" file="tests\Unit\Architecture\ApplicationFunctionCoverageTest.php::it rejects debug side effects from all application functions and controllers with data set &quot;('E:\laragon\www\inventory\app\…er.php') #33&quot;" class="Tests\Unit\Architecture\ApplicationFunctionCoverageTest" classname="Tests.Unit.Architecture.ApplicationFunctionCoverageTest" assertions="2" time="0.059794"/>
          <testcase name="it rejects debug side effects from all application functions and controllers with data set &quot;('E:\laragon\www\inventory\app\…er.php') #34&quot;" file="tests\Unit\Architecture\ApplicationFunctionCoverageTest.php::it rejects debug side effects from all application functions and controllers with data set &quot;('E:\laragon\www\inventory\app\…er.php') #34&quot;" class="Tests\Unit\Architecture\ApplicationFunctionCoverageTest" classname="Tests.Unit.Architecture.ApplicationFunctionCoverageTest" assertions="2" time="0.057138"/>
          <testcase name="it rejects debug side effects from all application functions and controllers with data set &quot;('E:\laragon\www\inventory\app\…er.php') #35&quot;" file="tests\Unit\Architecture\ApplicationFunctionCoverageTest.php::it rejects debug side effects from all application functions and controllers with data set &quot;('E:\laragon\www\inventory\app\…er.php') #35&quot;" class="Tests\Unit\Architecture\ApplicationFunctionCoverageTest" classname="Tests.Unit.Architecture.ApplicationFunctionCoverageTest" assertions="2" time="0.062755"/>
          <testcase name="it rejects debug side effects from all application functions and controllers with data set &quot;('E:\laragon\www\inventory\app\…er.php') #36&quot;" file="tests\Unit\Architecture\ApplicationFunctionCoverageTest.php::it rejects debug side effects from all application functions and controllers with data set &quot;('E:\laragon\www\inventory\app\…er.php') #36&quot;" class="Tests\Unit\Architecture\ApplicationFunctionCoverageTest" classname="Tests.Unit.Architecture.ApplicationFunctionCoverageTest" assertions="2" time="0.057025"/>
          <testcase name="it rejects debug side effects from all application functions and controllers with data set &quot;('E:\laragon\www\inventory\app\…er.php') #37&quot;" file="tests\Unit\Architecture\ApplicationFunctionCoverageTest.php::it rejects debug side effects from all application functions and controllers with data set &quot;('E:\laragon\www\inventory\app\…er.php') #37&quot;" class="Tests\Unit\Architecture\ApplicationFunctionCoverageTest" classname="Tests.Unit.Architecture.ApplicationFunctionCoverageTest" assertions="2" time="0.049993"/>
          <testcase name="it rejects debug side effects from all application functions and controllers with data set &quot;('E:\laragon\www\inventory\app\…er.php') #38&quot;" file="tests\Unit\Architecture\ApplicationFunctionCoverageTest.php::it rejects debug side effects from all application functions and controllers with data set &quot;('E:\laragon\www\inventory\app\…er.php') #38&quot;" class="Tests\Unit\Architecture\ApplicationFunctionCoverageTest" classname="Tests.Unit.Architecture.ApplicationFunctionCoverageTest" assertions="2" time="0.058001"/>
          <testcase name="it rejects debug side effects from all application functions and controllers with data set &quot;('E:\laragon\www\inventory\app\…er.php') #39&quot;" file="tests\Unit\Architecture\ApplicationFunctionCoverageTest.php::it rejects debug side effects from all application functions and controllers with data set &quot;('E:\laragon\www\inventory\app\…er.php') #39&quot;" class="Tests\Unit\Architecture\ApplicationFunctionCoverageTest" classname="Tests.Unit.Architecture.ApplicationFunctionCoverageTest" assertions="2" time="0.050081"/>
          <testcase name="it rejects debug side effects from all application functions and controllers with data set &quot;('E:\laragon\www\inventory\app\…er.php') #40&quot;" file="tests\Unit\Architecture\ApplicationFunctionCoverageTest.php::it rejects debug side effects from all application functions and controllers with data set &quot;('E:\laragon\www\inventory\app\…er.php') #40&quot;" class="Tests\Unit\Architecture\ApplicationFunctionCoverageTest" classname="Tests.Unit.Architecture.ApplicationFunctionCoverageTest" assertions="2" time="0.050760"/>
          <testcase name="it rejects debug side effects from all application functions and controllers with data set &quot;('E:\laragon\www\inventory\app\…er.php') #41&quot;" file="tests\Unit\Architecture\ApplicationFunctionCoverageTest.php::it rejects debug side effects from all application functions and controllers with data set &quot;('E:\laragon\www\inventory\app\…er.php') #41&quot;" class="Tests\Unit\Architecture\ApplicationFunctionCoverageTest" classname="Tests.Unit.Architecture.ApplicationFunctionCoverageTest" assertions="2" time="0.048611"/>
          <testcase name="it rejects debug side effects from all application functions and controllers with data set &quot;('E:\laragon\www\inventory\app\…er.php') #42&quot;" file="tests\Unit\Architecture\ApplicationFunctionCoverageTest.php::it rejects debug side effects from all application functions and controllers with data set &quot;('E:\laragon\www\inventory\app\…er.php') #42&quot;" class="Tests\Unit\Architecture\ApplicationFunctionCoverageTest" classname="Tests.Unit.Architecture.ApplicationFunctionCoverageTest" assertions="2" time="0.050627"/>
          <testcase name="it rejects debug side effects from all application functions and controllers with data set &quot;('E:\laragon\www\inventory\app\…er.php') #43&quot;" file="tests\Unit\Architecture\ApplicationFunctionCoverageTest.php::it rejects debug side effects from all application functions and controllers with data set &quot;('E:\laragon\www\inventory\app\…er.php') #43&quot;" class="Tests\Unit\Architecture\ApplicationFunctionCoverageTest" classname="Tests.Unit.Architecture.ApplicationFunctionCoverageTest" assertions="2" time="0.049492"/>
          <testcase name="it rejects debug side effects from all application functions and controllers with data set &quot;('E:\laragon\www\inventory\app\…er.php') #44&quot;" file="tests\Unit\Architecture\ApplicationFunctionCoverageTest.php::it rejects debug side effects from all application functions and controllers with data set &quot;('E:\laragon\www\inventory\app\…er.php') #44&quot;" class="Tests\Unit\Architecture\ApplicationFunctionCoverageTest" classname="Tests.Unit.Architecture.ApplicationFunctionCoverageTest" assertions="2" time="0.048739"/>
          <testcase name="it rejects debug side effects from all application functions and controllers with data set &quot;('E:\laragon\www\inventory\app\…er.php') #45&quot;" file="tests\Unit\Architecture\ApplicationFunctionCoverageTest.php::it rejects debug side effects from all application functions and controllers with data set &quot;('E:\laragon\www\inventory\app\…er.php') #45&quot;" class="Tests\Unit\Architecture\ApplicationFunctionCoverageTest" classname="Tests.Unit.Architecture.ApplicationFunctionCoverageTest" assertions="2" time="0.058765"/>
          <testcase name="it rejects debug side effects from all application functions and controllers with data set &quot;('E:\laragon\www\inventory\app\…er.php') #46&quot;" file="tests\Unit\Architecture\ApplicationFunctionCoverageTest.php::it rejects debug side effects from all application functions and controllers with data set &quot;('E:\laragon\www\inventory\app\…er.php') #46&quot;" class="Tests\Unit\Architecture\ApplicationFunctionCoverageTest" classname="Tests.Unit.Architecture.ApplicationFunctionCoverageTest" assertions="2" time="0.045037"/>
          <testcase name="it rejects debug side effects from all application functions and controllers with data set &quot;('E:\laragon\www\inventory\app\…er.php') #47&quot;" file="tests\Unit\Architecture\ApplicationFunctionCoverageTest.php::it rejects debug side effects from all application functions and controllers with data set &quot;('E:\laragon\www\inventory\app\…er.php') #47&quot;" class="Tests\Unit\Architecture\ApplicationFunctionCoverageTest" classname="Tests.Unit.Architecture.ApplicationFunctionCoverageTest" assertions="2" time="0.053005"/>
          <testcase name="it rejects debug side effects from all application functions and controllers with data set &quot;('E:\laragon\www\inventory\app\…er.php') #48&quot;" file="tests\Unit\Architecture\ApplicationFunctionCoverageTest.php::it rejects debug side effects from all application functions and controllers with data set &quot;('E:\laragon\www\inventory\app\…er.php') #48&quot;" class="Tests\Unit\Architecture\ApplicationFunctionCoverageTest" classname="Tests.Unit.Architecture.ApplicationFunctionCoverageTest" assertions="2" time="0.047795"/>
          <testcase name="it rejects debug side effects from all application functions and controllers with data set &quot;('E:\laragon\www\inventory\app\…er.php') #49&quot;" file="tests\Unit\Architecture\ApplicationFunctionCoverageTest.php::it rejects debug side effects from all application functions and controllers with data set &quot;('E:\laragon\www\inventory\app\…er.php') #49&quot;" class="Tests\Unit\Architecture\ApplicationFunctionCoverageTest" classname="Tests.Unit.Architecture.ApplicationFunctionCoverageTest" assertions="2" time="0.049101"/>
          <testcase name="it rejects debug side effects from all application functions and controllers with data set &quot;('E:\laragon\www\inventory\app\…er.php') #50&quot;" file="tests\Unit\Architecture\ApplicationFunctionCoverageTest.php::it rejects debug side effects from all application functions and controllers with data set &quot;('E:\laragon\www\inventory\app\…er.php') #50&quot;" class="Tests\Unit\Architecture\ApplicationFunctionCoverageTest" classname="Tests.Unit.Architecture.ApplicationFunctionCoverageTest" assertions="2" time="0.050471"/>
          <testcase name="it rejects debug side effects from all application functions and controllers with data set &quot;('E:\laragon\www\inventory\app\…er.php') #51&quot;" file="tests\Unit\Architecture\ApplicationFunctionCoverageTest.php::it rejects debug side effects from all application functions and controllers with data set &quot;('E:\laragon\www\inventory\app\…er.php') #51&quot;" class="Tests\Unit\Architecture\ApplicationFunctionCoverageTest" classname="Tests.Unit.Architecture.ApplicationFunctionCoverageTest" assertions="2" time="0.049259"/>
          <testcase name="it rejects debug side effects from all application functions and controllers with data set &quot;('E:\laragon\www\inventory\app\…er.php') #52&quot;" file="tests\Unit\Architecture\ApplicationFunctionCoverageTest.php::it rejects debug side effects from all application functions and controllers with data set &quot;('E:\laragon\www\inventory\app\…er.php') #52&quot;" class="Tests\Unit\Architecture\ApplicationFunctionCoverageTest" classname="Tests.Unit.Architecture.ApplicationFunctionCoverageTest" assertions="2" time="0.058540"/>
          <testcase name="it rejects debug side effects from all application functions and controllers with data set &quot;('E:\laragon\www\inventory\app\…er.php') #53&quot;" file="tests\Unit\Architecture\ApplicationFunctionCoverageTest.php::it rejects debug side effects from all application functions and controllers with data set &quot;('E:\laragon\www\inventory\app\…er.php') #53&quot;" class="Tests\Unit\Architecture\ApplicationFunctionCoverageTest" classname="Tests.Unit.Architecture.ApplicationFunctionCoverageTest" assertions="2" time="0.054878"/>
          <testcase name="it rejects debug side effects from all application functions and controllers with data set &quot;('E:\laragon\www\inventory\app\…er.php') #54&quot;" file="tests\Unit\Architecture\ApplicationFunctionCoverageTest.php::it rejects debug side effects from all application functions and controllers with data set &quot;('E:\laragon\www\inventory\app\…er.php') #54&quot;" class="Tests\Unit\Architecture\ApplicationFunctionCoverageTest" classname="Tests.Unit.Architecture.ApplicationFunctionCoverageTest" assertions="2" time="0.059869"/>
          <testcase name="it rejects debug side effects from all application functions and controllers with data set &quot;('E:\laragon\www\inventory\app\…er.php') #55&quot;" file="tests\Unit\Architecture\ApplicationFunctionCoverageTest.php::it rejects debug side effects from all application functions and controllers with data set &quot;('E:\laragon\www\inventory\app\…er.php') #55&quot;" class="Tests\Unit\Architecture\ApplicationFunctionCoverageTest" classname="Tests.Unit.Architecture.ApplicationFunctionCoverageTest" assertions="2" time="0.057373"/>
          <testcase name="it rejects debug side effects from all application functions and controllers with data set &quot;('E:\laragon\www\inventory\app\…er.php') #56&quot;" file="tests\Unit\Architecture\ApplicationFunctionCoverageTest.php::it rejects debug side effects from all application functions and controllers with data set &quot;('E:\laragon\www\inventory\app\…er.php') #56&quot;" class="Tests\Unit\Architecture\ApplicationFunctionCoverageTest" classname="Tests.Unit.Architecture.ApplicationFunctionCoverageTest" assertions="2" time="0.054781"/>
          <testcase name="it rejects debug side effects from all application functions and controllers with data set &quot;('E:\laragon\www\inventory\app\…er.php') #57&quot;" file="tests\Unit\Architecture\ApplicationFunctionCoverageTest.php::it rejects debug side effects from all application functions and controllers with data set &quot;('E:\laragon\www\inventory\app\…er.php') #57&quot;" class="Tests\Unit\Architecture\ApplicationFunctionCoverageTest" classname="Tests.Unit.Architecture.ApplicationFunctionCoverageTest" assertions="2" time="0.050247"/>
          <testcase name="it rejects debug side effects from all application functions and controllers with data set &quot;('E:\laragon\www\inventory\app\…er.php') #58&quot;" file="tests\Unit\Architecture\ApplicationFunctionCoverageTest.php::it rejects debug side effects from all application functions and controllers with data set &quot;('E:\laragon\www\inventory\app\…er.php') #58&quot;" class="Tests\Unit\Architecture\ApplicationFunctionCoverageTest" classname="Tests.Unit.Architecture.ApplicationFunctionCoverageTest" assertions="2" time="0.051790"/>
          <testcase name="it rejects debug side effects from all application functions and controllers with data set &quot;('E:\laragon\www\inventory\app\…er.php') #59&quot;" file="tests\Unit\Architecture\ApplicationFunctionCoverageTest.php::it rejects debug side effects from all application functions and controllers with data set &quot;('E:\laragon\www\inventory\app\…er.php') #59&quot;" class="Tests\Unit\Architecture\ApplicationFunctionCoverageTest" classname="Tests.Unit.Architecture.ApplicationFunctionCoverageTest" assertions="2" time="0.064149"/>
          <testcase name="it rejects debug side effects from all application functions and controllers with data set &quot;('E:\laragon\www\inventory\app\…er.php') #60&quot;" file="tests\Unit\Architecture\ApplicationFunctionCoverageTest.php::it rejects debug side effects from all application functions and controllers with data set &quot;('E:\laragon\www\inventory\app\…er.php') #60&quot;" class="Tests\Unit\Architecture\ApplicationFunctionCoverageTest" classname="Tests.Unit.Architecture.ApplicationFunctionCoverageTest" assertions="2" time="0.055438"/>
          <testcase name="it rejects debug side effects from all application functions and controllers with data set &quot;('E:\laragon\www\inventory\app\…er.php') #61&quot;" file="tests\Unit\Architecture\ApplicationFunctionCoverageTest.php::it rejects debug side effects from all application functions and controllers with data set &quot;('E:\laragon\www\inventory\app\…er.php') #61&quot;" class="Tests\Unit\Architecture\ApplicationFunctionCoverageTest" classname="Tests.Unit.Architecture.ApplicationFunctionCoverageTest" assertions="2" time="0.051928"/>
          <testcase name="it rejects debug side effects from all application functions and controllers with data set &quot;('E:\laragon\www\inventory\app\…er.php') #62&quot;" file="tests\Unit\Architecture\ApplicationFunctionCoverageTest.php::it rejects debug side effects from all application functions and controllers with data set &quot;('E:\laragon\www\inventory\app\…er.php') #62&quot;" class="Tests\Unit\Architecture\ApplicationFunctionCoverageTest" classname="Tests.Unit.Architecture.ApplicationFunctionCoverageTest" assertions="2" time="0.049194"/>
          <testcase name="it rejects debug side effects from all application functions and controllers with data set &quot;('E:\laragon\www\inventory\app\…er.php') #63&quot;" file="tests\Unit\Architecture\ApplicationFunctionCoverageTest.php::it rejects debug side effects from all application functions and controllers with data set &quot;('E:\laragon\www\inventory\app\…er.php') #63&quot;" class="Tests\Unit\Architecture\ApplicationFunctionCoverageTest" classname="Tests.Unit.Architecture.ApplicationFunctionCoverageTest" assertions="2" time="0.056762"/>
          <testcase name="it rejects debug side effects from all application functions and controllers with data set &quot;('E:\laragon\www\inventory\app\…er.php') #64&quot;" file="tests\Unit\Architecture\ApplicationFunctionCoverageTest.php::it rejects debug side effects from all application functions and controllers with data set &quot;('E:\laragon\www\inventory\app\…er.php') #64&quot;" class="Tests\Unit\Architecture\ApplicationFunctionCoverageTest" classname="Tests.Unit.Architecture.ApplicationFunctionCoverageTest" assertions="2" time="0.050574"/>
          <testcase name="it rejects debug side effects from all application functions and controllers with data set &quot;('E:\laragon\www\inventory\app\…er.php') #65&quot;" file="tests\Unit\Architecture\ApplicationFunctionCoverageTest.php::it rejects debug side effects from all application functions and controllers with data set &quot;('E:\laragon\www\inventory\app\…er.php') #65&quot;" class="Tests\Unit\Architecture\ApplicationFunctionCoverageTest" classname="Tests.Unit.Architecture.ApplicationFunctionCoverageTest" assertions="2" time="0.053537"/>
          <testcase name="it rejects debug side effects from all application functions and controllers with data set &quot;('E:\laragon\www\inventory\app\…er.php') #66&quot;" file="tests\Unit\Architecture\ApplicationFunctionCoverageTest.php::it rejects debug side effects from all application functions and controllers with data set &quot;('E:\laragon\www\inventory\app\…er.php') #66&quot;" class="Tests\Unit\Architecture\ApplicationFunctionCoverageTest" classname="Tests.Unit.Architecture.ApplicationFunctionCoverageTest" assertions="2" time="0.058689"/>
          <testcase name="it rejects debug side effects from all application functions and controllers with data set &quot;('E:\laragon\www\inventory\app\…er.php') #67&quot;" file="tests\Unit\Architecture\ApplicationFunctionCoverageTest.php::it rejects debug side effects from all application functions and controllers with data set &quot;('E:\laragon\www\inventory\app\…er.php') #67&quot;" class="Tests\Unit\Architecture\ApplicationFunctionCoverageTest" classname="Tests.Unit.Architecture.ApplicationFunctionCoverageTest" assertions="2" time="0.050554"/>
          <testcase name="it rejects debug side effects from all application functions and controllers with data set &quot;('E:\laragon\www\inventory\app\…er.php') #68&quot;" file="tests\Unit\Architecture\ApplicationFunctionCoverageTest.php::it rejects debug side effects from all application functions and controllers with data set &quot;('E:\laragon\www\inventory\app\…er.php') #68&quot;" class="Tests\Unit\Architecture\ApplicationFunctionCoverageTest" classname="Tests.Unit.Architecture.ApplicationFunctionCoverageTest" assertions="2" time="0.064075"/>
          <testcase name="it rejects debug side effects from all application functions and controllers with data set &quot;('E:\laragon\www\inventory\app\…er.php') #69&quot;" file="tests\Unit\Architecture\ApplicationFunctionCoverageTest.php::it rejects debug side effects from all application functions and controllers with data set &quot;('E:\laragon\www\inventory\app\…er.php') #69&quot;" class="Tests\Unit\Architecture\ApplicationFunctionCoverageTest" classname="Tests.Unit.Architecture.ApplicationFunctionCoverageTest" assertions="2" time="0.046243"/>
          <testcase name="it rejects debug side effects from all application functions and controllers with data set &quot;('E:\laragon\www\inventory\app\…er.php') #70&quot;" file="tests\Unit\Architecture\ApplicationFunctionCoverageTest.php::it rejects debug side effects from all application functions and controllers with data set &quot;('E:\laragon\www\inventory\app\…er.php') #70&quot;" class="Tests\Unit\Architecture\ApplicationFunctionCoverageTest" classname="Tests.Unit.Architecture.ApplicationFunctionCoverageTest" assertions="2" time="0.063042"/>
          <testcase name="it rejects debug side effects from all application functions and controllers with data set &quot;('E:\laragon\www\inventory\app\…er.php') #71&quot;" file="tests\Unit\Architecture\ApplicationFunctionCoverageTest.php::it rejects debug side effects from all application functions and controllers with data set &quot;('E:\laragon\www\inventory\app\…er.php') #71&quot;" class="Tests\Unit\Architecture\ApplicationFunctionCoverageTest" classname="Tests.Unit.Architecture.ApplicationFunctionCoverageTest" assertions="2" time="0.051598"/>
          <testcase name="it rejects debug side effects from all application functions and controllers with data set &quot;('E:\laragon\www\inventory\app\…er.php') #72&quot;" file="tests\Unit\Architecture\ApplicationFunctionCoverageTest.php::it rejects debug side effects from all application functions and controllers with data set &quot;('E:\laragon\www\inventory\app\…er.php') #72&quot;" class="Tests\Unit\Architecture\ApplicationFunctionCoverageTest" classname="Tests.Unit.Architecture.ApplicationFunctionCoverageTest" assertions="2" time="0.048765"/>
          <testcase name="it rejects debug side effects from all application functions and controllers with data set &quot;('E:\laragon\www\inventory\app\…er.php') #73&quot;" file="tests\Unit\Architecture\ApplicationFunctionCoverageTest.php::it rejects debug side effects from all application functions and controllers with data set &quot;('E:\laragon\www\inventory\app\…er.php') #73&quot;" class="Tests\Unit\Architecture\ApplicationFunctionCoverageTest" classname="Tests.Unit.Architecture.ApplicationFunctionCoverageTest" assertions="2" time="0.054812"/>
          <testcase name="it rejects debug side effects from all application functions and controllers with data set &quot;('E:\laragon\www\inventory\app\…er.php') #74&quot;" file="tests\Unit\Architecture\ApplicationFunctionCoverageTest.php::it rejects debug side effects from all application functions and controllers with data set &quot;('E:\laragon\www\inventory\app\…er.php') #74&quot;" class="Tests\Unit\Architecture\ApplicationFunctionCoverageTest" classname="Tests.Unit.Architecture.ApplicationFunctionCoverageTest" assertions="2" time="0.048965"/>
          <testcase name="it rejects debug side effects from all application functions and controllers with data set &quot;('E:\laragon\www\inventory\app\…er.php') #75&quot;" file="tests\Unit\Architecture\ApplicationFunctionCoverageTest.php::it rejects debug side effects from all application functions and controllers with data set &quot;('E:\laragon\www\inventory\app\…er.php') #75&quot;" class="Tests\Unit\Architecture\ApplicationFunctionCoverageTest" classname="Tests.Unit.Architecture.ApplicationFunctionCoverageTest" assertions="2" time="0.044932"/>
          <testcase name="it rejects debug side effects from all application functions and controllers with data set &quot;('E:\laragon\www\inventory\app\…on.php') #8&quot;" file="tests\Unit\Architecture\ApplicationFunctionCoverageTest.php::it rejects debug side effects from all application functions and controllers with data set &quot;('E:\laragon\www\inventory\app\…on.php') #8&quot;" class="Tests\Unit\Architecture\ApplicationFunctionCoverageTest" classname="Tests.Unit.Architecture.ApplicationFunctionCoverageTest" assertions="2" time="0.046113"/>
          <testcase name="it rejects debug side effects from all application functions and controllers with data set &quot;('E:\laragon\www\inventory\app\…on.php') #9&quot;" file="tests\Unit\Architecture\ApplicationFunctionCoverageTest.php::it rejects debug side effects from all application functions and controllers with data set &quot;('E:\laragon\www\inventory\app\…on.php') #9&quot;" class="Tests\Unit\Architecture\ApplicationFunctionCoverageTest" classname="Tests.Unit.Architecture.ApplicationFunctionCoverageTest" assertions="2" time="0.059169"/>
          <testcase name="it rejects debug side effects from all application functions and controllers with data set &quot;('E:\laragon\www\inventory\app\…ts.php') #4&quot;" file="tests\Unit\Architecture\ApplicationFunctionCoverageTest.php::it rejects debug side effects from all application functions and controllers with data set &quot;('E:\laragon\www\inventory\app\…ts.php') #4&quot;" class="Tests\Unit\Architecture\ApplicationFunctionCoverageTest" classname="Tests.Unit.Architecture.ApplicationFunctionCoverageTest" assertions="2" time="0.071359"/>
          <testcase name="it rejects debug side effects from all application functions and controllers with data set &quot;('E:\laragon\www\inventory\app\…on.php') #10&quot;" file="tests\Unit\Architecture\ApplicationFunctionCoverageTest.php::it rejects debug side effects from all application functions and controllers with data set &quot;('E:\laragon\www\inventory\app\…on.php') #10&quot;" class="Tests\Unit\Architecture\ApplicationFunctionCoverageTest" classname="Tests.Unit.Architecture.ApplicationFunctionCoverageTest" assertions="2" time="0.064876"/>
          <testcase name="it rejects debug side effects from all application functions and controllers with data set &quot;('E:\laragon\www\inventory\app\…er.php') #76&quot;" file="tests\Unit\Architecture\ApplicationFunctionCoverageTest.php::it rejects debug side effects from all application functions and controllers with data set &quot;('E:\laragon\www\inventory\app\…er.php') #76&quot;" class="Tests\Unit\Architecture\ApplicationFunctionCoverageTest" classname="Tests.Unit.Architecture.ApplicationFunctionCoverageTest" assertions="2" time="0.086684"/>
          <testcase name="it rejects debug side effects from all application functions and controllers with data set &quot;('E:\laragon\www\inventory\app\…er.php') #77&quot;" file="tests\Unit\Architecture\ApplicationFunctionCoverageTest.php::it rejects debug side effects from all application functions and controllers with data set &quot;('E:\laragon\www\inventory\app\…er.php') #77&quot;" class="Tests\Unit\Architecture\ApplicationFunctionCoverageTest" classname="Tests.Unit.Architecture.ApplicationFunctionCoverageTest" assertions="2" time="0.051333"/>
          <testcase name="it rejects debug side effects from all application functions and controllers with data set &quot;('E:\laragon\www\inventory\app\…ss.php')&quot;" file="tests\Unit\Architecture\ApplicationFunctionCoverageTest.php::it rejects debug side effects from all application functions and controllers with data set &quot;('E:\laragon\www\inventory\app\…ss.php')&quot;" class="Tests\Unit\Architecture\ApplicationFunctionCoverageTest" classname="Tests.Unit.Architecture.ApplicationFunctionCoverageTest" assertions="2" time="0.050484"/>
          <testcase name="it rejects debug side effects from all application functions and controllers with data set &quot;('E:\laragon\www\inventory\app\…re.php')&quot;" file="tests\Unit\Architecture\ApplicationFunctionCoverageTest.php::it rejects debug side effects from all application functions and controllers with data set &quot;('E:\laragon\www\inventory\app\…re.php')&quot;" class="Tests\Unit\Architecture\ApplicationFunctionCoverageTest" classname="Tests.Unit.Architecture.ApplicationFunctionCoverageTest" assertions="2" time="0.053970"/>
          <testcase name="it rejects debug side effects from all application functions and controllers with data set &quot;('E:\laragon\www\inventory\app\…st.php') #1&quot;" file="tests\Unit\Architecture\ApplicationFunctionCoverageTest.php::it rejects debug side effects from all application functions and controllers with data set &quot;('E:\laragon\www\inventory\app\…st.php') #1&quot;" class="Tests\Unit\Architecture\ApplicationFunctionCoverageTest" classname="Tests.Unit.Architecture.ApplicationFunctionCoverageTest" assertions="2" time="0.067223"/>
          <testcase name="it rejects debug side effects from all application functions and controllers with data set &quot;('E:\laragon\www\inventory\app\…st.php') #2&quot;" file="tests\Unit\Architecture\ApplicationFunctionCoverageTest.php::it rejects debug side effects from all application functions and controllers with data set &quot;('E:\laragon\www\inventory\app\…st.php') #2&quot;" class="Tests\Unit\Architecture\ApplicationFunctionCoverageTest" classname="Tests.Unit.Architecture.ApplicationFunctionCoverageTest" assertions="2" time="0.054962"/>
          <testcase name="it rejects debug side effects from all application functions and controllers with data set &quot;('E:\laragon\www\inventory\app\…st.php') #3&quot;" file="tests\Unit\Architecture\ApplicationFunctionCoverageTest.php::it rejects debug side effects from all application functions and controllers with data set &quot;('E:\laragon\www\inventory\app\…st.php') #3&quot;" class="Tests\Unit\Architecture\ApplicationFunctionCoverageTest" classname="Tests.Unit.Architecture.ApplicationFunctionCoverageTest" assertions="2" time="0.062076"/>
          <testcase name="it rejects debug side effects from all application functions and controllers with data set &quot;('E:\laragon\www\inventory\app\…st.php') #4&quot;" file="tests\Unit\Architecture\ApplicationFunctionCoverageTest.php::it rejects debug side effects from all application functions and controllers with data set &quot;('E:\laragon\www\inventory\app\…st.php') #4&quot;" class="Tests\Unit\Architecture\ApplicationFunctionCoverageTest" classname="Tests.Unit.Architecture.ApplicationFunctionCoverageTest" assertions="2" time="0.064956"/>
          <testcase name="it rejects debug side effects from all application functions and controllers with data set &quot;('E:\laragon\www\inventory\app\…es.php') #6&quot;" file="tests\Unit\Architecture\ApplicationFunctionCoverageTest.php::it rejects debug side effects from all application functions and controllers with data set &quot;('E:\laragon\www\inventory\app\…es.php') #6&quot;" class="Tests\Unit\Architecture\ApplicationFunctionCoverageTest" classname="Tests.Unit.Architecture.ApplicationFunctionCoverageTest" assertions="2" time="0.060075"/>
          <testcase name="it rejects debug side effects from all application functions and controllers with data set &quot;('E:\laragon\www\inventory\app\…st.php') #5&quot;" file="tests\Unit\Architecture\ApplicationFunctionCoverageTest.php::it rejects debug side effects from all application functions and controllers with data set &quot;('E:\laragon\www\inventory\app\…st.php') #5&quot;" class="Tests\Unit\Architecture\ApplicationFunctionCoverageTest" classname="Tests.Unit.Architecture.ApplicationFunctionCoverageTest" assertions="2" time="0.050344"/>
          <testcase name="it rejects debug side effects from all application functions and controllers with data set &quot;('E:\laragon\www\inventory\app\…st.php') #6&quot;" file="tests\Unit\Architecture\ApplicationFunctionCoverageTest.php::it rejects debug side effects from all application functions and controllers with data set &quot;('E:\laragon\www\inventory\app\…st.php') #6&quot;" class="Tests\Unit\Architecture\ApplicationFunctionCoverageTest" classname="Tests.Unit.Architecture.ApplicationFunctionCoverageTest" assertions="2" time="0.052114"/>
          <testcase name="it rejects debug side effects from all application functions and controllers with data set &quot;('E:\laragon\www\inventory\app\…st.php') #7&quot;" file="tests\Unit\Architecture\ApplicationFunctionCoverageTest.php::it rejects debug side effects from all application functions and controllers with data set &quot;('E:\laragon\www\inventory\app\…st.php') #7&quot;" class="Tests\Unit\Architecture\ApplicationFunctionCoverageTest" classname="Tests.Unit.Architecture.ApplicationFunctionCoverageTest" assertions="2" time="0.053995"/>
          <testcase name="it rejects debug side effects from all application functions and controllers with data set &quot;('E:\laragon\www\inventory\app\…st.php') #8&quot;" file="tests\Unit\Architecture\ApplicationFunctionCoverageTest.php::it rejects debug side effects from all application functions and controllers with data set &quot;('E:\laragon\www\inventory\app\…st.php') #8&quot;" class="Tests\Unit\Architecture\ApplicationFunctionCoverageTest" classname="Tests.Unit.Architecture.ApplicationFunctionCoverageTest" assertions="2" time="0.055260"/>
          <testcase name="it rejects debug side effects from all application functions and controllers with data set &quot;('E:\laragon\www\inventory\app\…st.php') #9&quot;" file="tests\Unit\Architecture\ApplicationFunctionCoverageTest.php::it rejects debug side effects from all application functions and controllers with data set &quot;('E:\laragon\www\inventory\app\…st.php') #9&quot;" class="Tests\Unit\Architecture\ApplicationFunctionCoverageTest" classname="Tests.Unit.Architecture.ApplicationFunctionCoverageTest" assertions="2" time="0.058585"/>
          <testcase name="it rejects debug side effects from all application functions and controllers with data set &quot;('E:\laragon\www\inventory\app\…st.php') #10&quot;" file="tests\Unit\Architecture\ApplicationFunctionCoverageTest.php::it rejects debug side effects from all application functions and controllers with data set &quot;('E:\laragon\www\inventory\app\…st.php') #10&quot;" class="Tests\Unit\Architecture\ApplicationFunctionCoverageTest" classname="Tests.Unit.Architecture.ApplicationFunctionCoverageTest" assertions="2" time="0.082846"/>
          <testcase name="it rejects debug side effects from all application functions and controllers with data set &quot;('E:\laragon\www\inventory\app\…st.php') #11&quot;" file="tests\Unit\Architecture\ApplicationFunctionCoverageTest.php::it rejects debug side effects from all application functions and controllers with data set &quot;('E:\laragon\www\inventory\app\…st.php') #11&quot;" class="Tests\Unit\Architecture\ApplicationFunctionCoverageTest" classname="Tests.Unit.Architecture.ApplicationFunctionCoverageTest" assertions="2" time="0.057729"/>
          <testcase name="it rejects debug side effects from all application functions and controllers with data set &quot;('E:\laragon\www\inventory\app\…st.php') #12&quot;" file="tests\Unit\Architecture\ApplicationFunctionCoverageTest.php::it rejects debug side effects from all application functions and controllers with data set &quot;('E:\laragon\www\inventory\app\…st.php') #12&quot;" class="Tests\Unit\Architecture\ApplicationFunctionCoverageTest" classname="Tests.Unit.Architecture.ApplicationFunctionCoverageTest" assertions="2" time="0.055998"/>
          <testcase name="it rejects debug side effects from all application functions and controllers with data set &quot;('E:\laragon\www\inventory\app\…st.php') #13&quot;" file="tests\Unit\Architecture\ApplicationFunctionCoverageTest.php::it rejects debug side effects from all application functions and controllers with data set &quot;('E:\laragon\www\inventory\app\…st.php') #13&quot;" class="Tests\Unit\Architecture\ApplicationFunctionCoverageTest" classname="Tests.Unit.Architecture.ApplicationFunctionCoverageTest" assertions="2" time="0.075620"/>
          <testcase name="it rejects debug side effects from all application functions and controllers with data set &quot;('E:\laragon\www\inventory\app\…st.php') #14&quot;" file="tests\Unit\Architecture\ApplicationFunctionCoverageTest.php::it rejects debug side effects from all application functions and controllers with data set &quot;('E:\laragon\www\inventory\app\…st.php') #14&quot;" class="Tests\Unit\Architecture\ApplicationFunctionCoverageTest" classname="Tests.Unit.Architecture.ApplicationFunctionCoverageTest" assertions="2" time="0.074991"/>
          <testcase name="it rejects debug side effects from all application functions and controllers with data set &quot;('E:\laragon\www\inventory\app\…st.php') #15&quot;" file="tests\Unit\Architecture\ApplicationFunctionCoverageTest.php::it rejects debug side effects from all application functions and controllers with data set &quot;('E:\laragon\www\inventory\app\…st.php') #15&quot;" class="Tests\Unit\Architecture\ApplicationFunctionCoverageTest" classname="Tests.Unit.Architecture.ApplicationFunctionCoverageTest" assertions="2" time="0.050633"/>
          <testcase name="it rejects debug side effects from all application functions and controllers with data set &quot;('E:\laragon\www\inventory\app\…st.php') #16&quot;" file="tests\Unit\Architecture\ApplicationFunctionCoverageTest.php::it rejects debug side effects from all application functions and controllers with data set &quot;('E:\laragon\www\inventory\app\…st.php') #16&quot;" class="Tests\Unit\Architecture\ApplicationFunctionCoverageTest" classname="Tests.Unit.Architecture.ApplicationFunctionCoverageTest" assertions="2" time="0.053824"/>
          <testcase name="it rejects debug side effects from all application functions and controllers with data set &quot;('E:\laragon\www\inventory\app\…st.php') #17&quot;" file="tests\Unit\Architecture\ApplicationFunctionCoverageTest.php::it rejects debug side effects from all application functions and controllers with data set &quot;('E:\laragon\www\inventory\app\…st.php') #17&quot;" class="Tests\Unit\Architecture\ApplicationFunctionCoverageTest" classname="Tests.Unit.Architecture.ApplicationFunctionCoverageTest" assertions="2" time="0.106331"/>
          <testcase name="it rejects debug side effects from all application functions and controllers with data set &quot;('E:\laragon\www\inventory\app\…st.php') #18&quot;" file="tests\Unit\Architecture\ApplicationFunctionCoverageTest.php::it rejects debug side effects from all application functions and controllers with data set &quot;('E:\laragon\www\inventory\app\…st.php') #18&quot;" class="Tests\Unit\Architecture\ApplicationFunctionCoverageTest" classname="Tests.Unit.Architecture.ApplicationFunctionCoverageTest" assertions="2" time="0.064604"/>
          <testcase name="it rejects debug side effects from all application functions and controllers with data set &quot;('E:\laragon\www\inventory\app\…st.php') #19&quot;" file="tests\Unit\Architecture\ApplicationFunctionCoverageTest.php::it rejects debug side effects from all application functions and controllers with data set &quot;('E:\laragon\www\inventory\app\…st.php') #19&quot;" class="Tests\Unit\Architecture\ApplicationFunctionCoverageTest" classname="Tests.Unit.Architecture.ApplicationFunctionCoverageTest" assertions="2" time="0.045475"/>
          <testcase name="it rejects debug side effects from all application functions and controllers with data set &quot;('E:\laragon\www\inventory\app\…st.php') #20&quot;" file="tests\Unit\Architecture\ApplicationFunctionCoverageTest.php::it rejects debug side effects from all application functions and controllers with data set &quot;('E:\laragon\www\inventory\app\…st.php') #20&quot;" class="Tests\Unit\Architecture\ApplicationFunctionCoverageTest" classname="Tests.Unit.Architecture.ApplicationFunctionCoverageTest" assertions="2" time="0.046920"/>
          <testcase name="it rejects debug side effects from all application functions and controllers with data set &quot;('E:\laragon\www\inventory\app\…st.php') #21&quot;" file="tests\Unit\Architecture\ApplicationFunctionCoverageTest.php::it rejects debug side effects from all application functions and controllers with data set &quot;('E:\laragon\www\inventory\app\…st.php') #21&quot;" class="Tests\Unit\Architecture\ApplicationFunctionCoverageTest" classname="Tests.Unit.Architecture.ApplicationFunctionCoverageTest" assertions="2" time="0.061432"/>
          <testcase name="it rejects debug side effects from all application functions and controllers with data set &quot;('E:\laragon\www\inventory\app\…st.php') #22&quot;" file="tests\Unit\Architecture\ApplicationFunctionCoverageTest.php::it rejects debug side effects from all application functions and controllers with data set &quot;('E:\laragon\www\inventory\app\…st.php') #22&quot;" class="Tests\Unit\Architecture\ApplicationFunctionCoverageTest" classname="Tests.Unit.Architecture.ApplicationFunctionCoverageTest" assertions="2" time="0.069379"/>
          <testcase name="it rejects debug side effects from all application functions and controllers with data set &quot;('E:\laragon\www\inventory\app\…st.php') #23&quot;" file="tests\Unit\Architecture\ApplicationFunctionCoverageTest.php::it rejects debug side effects from all application functions and controllers with data set &quot;('E:\laragon\www\inventory\app\…st.php') #23&quot;" class="Tests\Unit\Architecture\ApplicationFunctionCoverageTest" classname="Tests.Unit.Architecture.ApplicationFunctionCoverageTest" assertions="2" time="0.078562"/>
          <testcase name="it rejects debug side effects from all application functions and controllers with data set &quot;('E:\laragon\www\inventory\app\…st.php') #24&quot;" file="tests\Unit\Architecture\ApplicationFunctionCoverageTest.php::it rejects debug side effects from all application functions and controllers with data set &quot;('E:\laragon\www\inventory\app\…st.php') #24&quot;" class="Tests\Unit\Architecture\ApplicationFunctionCoverageTest" classname="Tests.Unit.Architecture.ApplicationFunctionCoverageTest" assertions="2" time="0.059534"/>
          <testcase name="it rejects debug side effects from all application functions and controllers with data set &quot;('E:\laragon\www\inventory\app\…rt.php') #4&quot;" file="tests\Unit\Architecture\ApplicationFunctionCoverageTest.php::it rejects debug side effects from all application functions and controllers with data set &quot;('E:\laragon\www\inventory\app\…rt.php') #4&quot;" class="Tests\Unit\Architecture\ApplicationFunctionCoverageTest" classname="Tests.Unit.Architecture.ApplicationFunctionCoverageTest" assertions="2" time="0.046411"/>
          <testcase name="it rejects debug side effects from all application functions and controllers with data set &quot;('E:\laragon\www\inventory\app\…rt.php') #5&quot;" file="tests\Unit\Architecture\ApplicationFunctionCoverageTest.php::it rejects debug side effects from all application functions and controllers with data set &quot;('E:\laragon\www\inventory\app\…rt.php') #5&quot;" class="Tests\Unit\Architecture\ApplicationFunctionCoverageTest" classname="Tests.Unit.Architecture.ApplicationFunctionCoverageTest" assertions="2" time="0.047338"/>
          <testcase name="it rejects debug side effects from all application functions and controllers with data set &quot;('E:\laragon\www\inventory\app\…ob.php')&quot;" file="tests\Unit\Architecture\ApplicationFunctionCoverageTest.php::it rejects debug side effects from all application functions and controllers with data set &quot;('E:\laragon\www\inventory\app\…ob.php')&quot;" class="Tests\Unit\Architecture\ApplicationFunctionCoverageTest" classname="Tests.Unit.Architecture.ApplicationFunctionCoverageTest" assertions="2" time="0.047067"/>
          <testcase name="it rejects debug side effects from all application functions and controllers with data set &quot;('E:\laragon\www\inventory\app\…on.php') #11&quot;" file="tests\Unit\Architecture\ApplicationFunctionCoverageTest.php::it rejects debug side effects from all application functions and controllers with data set &quot;('E:\laragon\www\inventory\app\…on.php') #11&quot;" class="Tests\Unit\Architecture\ApplicationFunctionCoverageTest" classname="Tests.Unit.Architecture.ApplicationFunctionCoverageTest" assertions="2" time="0.045866"/>
          <testcase name="it rejects debug side effects from all application functions and controllers with data set &quot;('E:\laragon\www\inventory\app\…og.php') #1&quot;" file="tests\Unit\Architecture\ApplicationFunctionCoverageTest.php::it rejects debug side effects from all application functions and controllers with data set &quot;('E:\laragon\www\inventory\app\…og.php') #1&quot;" class="Tests\Unit\Architecture\ApplicationFunctionCoverageTest" classname="Tests.Unit.Architecture.ApplicationFunctionCoverageTest" assertions="2" time="0.048354"/>
          <testcase name="it rejects debug side effects from all application functions and controllers with data set &quot;('E:\laragon\www\inventory\app\…nt.php') #1&quot;" file="tests\Unit\Architecture\ApplicationFunctionCoverageTest.php::it rejects debug side effects from all application functions and controllers with data set &quot;('E:\laragon\www\inventory\app\…nt.php') #1&quot;" class="Tests\Unit\Architecture\ApplicationFunctionCoverageTest" classname="Tests.Unit.Architecture.ApplicationFunctionCoverageTest" assertions="2" time="0.059218"/>
          <testcase name="it rejects debug side effects from all application functions and controllers with data set &quot;('E:\laragon\www\inventory\app\…ry.php') #1&quot;" file="tests\Unit\Architecture\ApplicationFunctionCoverageTest.php::it rejects debug side effects from all application functions and controllers with data set &quot;('E:\laragon\www\inventory\app\…ry.php') #1&quot;" class="Tests\Unit\Architecture\ApplicationFunctionCoverageTest" classname="Tests.Unit.Architecture.ApplicationFunctionCoverageTest" assertions="2" time="0.073203"/>
          <testcase name="it rejects debug side effects from all application functions and controllers with data set &quot;('E:\laragon\www\inventory\app\…em.php') #1&quot;" file="tests\Unit\Architecture\ApplicationFunctionCoverageTest.php::it rejects debug side effects from all application functions and controllers with data set &quot;('E:\laragon\www\inventory\app\…em.php') #1&quot;" class="Tests\Unit\Architecture\ApplicationFunctionCoverageTest" classname="Tests.Unit.Architecture.ApplicationFunctionCoverageTest" assertions="2" time="0.054869"/>
          <testcase name="it rejects debug side effects from all application functions and controllers with data set &quot;('E:\laragon\www\inventory\app\…de.php') #1&quot;" file="tests\Unit\Architecture\ApplicationFunctionCoverageTest.php::it rejects debug side effects from all application functions and controllers with data set &quot;('E:\laragon\www\inventory\app\…de.php') #1&quot;" class="Tests\Unit\Architecture\ApplicationFunctionCoverageTest" classname="Tests.Unit.Architecture.ApplicationFunctionCoverageTest" assertions="2" time="0.049141"/>
          <testcase name="it rejects debug side effects from all application functions and controllers with data set &quot;('E:\laragon\www\inventory\app\…el.php')&quot;" file="tests\Unit\Architecture\ApplicationFunctionCoverageTest.php::it rejects debug side effects from all application functions and controllers with data set &quot;('E:\laragon\www\inventory\app\…el.php')&quot;" class="Tests\Unit\Architecture\ApplicationFunctionCoverageTest" classname="Tests.Unit.Architecture.ApplicationFunctionCoverageTest" assertions="2" time="0.053134"/>
          <testcase name="it rejects debug side effects from all application functions and controllers with data set &quot;('E:\laragon\www\inventory\app\…se.php') #1&quot;" file="tests\Unit\Architecture\ApplicationFunctionCoverageTest.php::it rejects debug side effects from all application functions and controllers with data set &quot;('E:\laragon\www\inventory\app\…se.php') #1&quot;" class="Tests\Unit\Architecture\ApplicationFunctionCoverageTest" classname="Tests.Unit.Architecture.ApplicationFunctionCoverageTest" assertions="2" time="0.099509"/>
          <testcase name="it rejects debug side effects from all application functions and controllers with data set &quot;('E:\laragon\www\inventory\app\…rt.php') #6&quot;" file="tests\Unit\Architecture\ApplicationFunctionCoverageTest.php::it rejects debug side effects from all application functions and controllers with data set &quot;('E:\laragon\www\inventory\app\…rt.php') #6&quot;" class="Tests\Unit\Architecture\ApplicationFunctionCoverageTest" classname="Tests.Unit.Architecture.ApplicationFunctionCoverageTest" assertions="2" time="0.077187"/>
          <testcase name="it rejects debug side effects from all application functions and controllers with data set &quot;('E:\laragon\www\inventory\app\…er.php') #78&quot;" file="tests\Unit\Architecture\ApplicationFunctionCoverageTest.php::it rejects debug side effects from all application functions and controllers with data set &quot;('E:\laragon\www\inventory\app\…er.php') #78&quot;" class="Tests\Unit\Architecture\ApplicationFunctionCoverageTest" classname="Tests.Unit.Architecture.ApplicationFunctionCoverageTest" assertions="2" time="0.057847"/>
          <testcase name="it rejects debug side effects from all application functions and controllers with data set &quot;('E:\laragon\www\inventory\app\…ry.php') #2&quot;" file="tests\Unit\Architecture\ApplicationFunctionCoverageTest.php::it rejects debug side effects from all application functions and controllers with data set &quot;('E:\laragon\www\inventory\app\…ry.php') #2&quot;" class="Tests\Unit\Architecture\ApplicationFunctionCoverageTest" classname="Tests.Unit.Architecture.ApplicationFunctionCoverageTest" assertions="2" time="0.081320"/>
          <testcase name="it rejects debug side effects from all application functions and controllers with data set &quot;('E:\laragon\www\inventory\app\…ue.php') #2&quot;" file="tests\Unit\Architecture\ApplicationFunctionCoverageTest.php::it rejects debug side effects from all application functions and controllers with data set &quot;('E:\laragon\www\inventory\app\…ue.php') #2&quot;" class="Tests\Unit\Architecture\ApplicationFunctionCoverageTest" classname="Tests.Unit.Architecture.ApplicationFunctionCoverageTest" assertions="2" time="0.061434"/>
          <testcase name="it rejects debug side effects from all application functions and controllers with data set &quot;('E:\laragon\www\inventory\app\…ty.php') #5&quot;" file="tests\Unit\Architecture\ApplicationFunctionCoverageTest.php::it rejects debug side effects from all application functions and controllers with data set &quot;('E:\laragon\www\inventory\app\…ty.php') #5&quot;" class="Tests\Unit\Architecture\ApplicationFunctionCoverageTest" classname="Tests.Unit.Architecture.ApplicationFunctionCoverageTest" assertions="2" time="0.057567"/>
          <testcase name="it rejects debug side effects from all application functions and controllers with data set &quot;('E:\laragon\www\inventory\app\…or.php') #1&quot;" file="tests\Unit\Architecture\ApplicationFunctionCoverageTest.php::it rejects debug side effects from all application functions and controllers with data set &quot;('E:\laragon\www\inventory\app\…or.php') #1&quot;" class="Tests\Unit\Architecture\ApplicationFunctionCoverageTest" classname="Tests.Unit.Architecture.ApplicationFunctionCoverageTest" assertions="2" time="0.052048"/>
          <testcase name="it rejects debug side effects from all application functions and controllers with data set &quot;('E:\laragon\www\inventory\app\…nt.php') #2&quot;" file="tests\Unit\Architecture\ApplicationFunctionCoverageTest.php::it rejects debug side effects from all application functions and controllers with data set &quot;('E:\laragon\www\inventory\app\…nt.php') #2&quot;" class="Tests\Unit\Architecture\ApplicationFunctionCoverageTest" classname="Tests.Unit.Architecture.ApplicationFunctionCoverageTest" assertions="2" time="0.064525"/>
          <testcase name="it rejects debug side effects from all application functions and controllers with data set &quot;('E:\laragon\www\inventory\app\…ng.php') #1&quot;" file="tests\Unit\Architecture\ApplicationFunctionCoverageTest.php::it rejects debug side effects from all application functions and controllers with data set &quot;('E:\laragon\www\inventory\app\…ng.php') #1&quot;" class="Tests\Unit\Architecture\ApplicationFunctionCoverageTest" classname="Tests.Unit.Architecture.ApplicationFunctionCoverageTest" assertions="2" time="0.049370"/>
          <testcase name="it rejects debug side effects from all application functions and controllers with data set &quot;('E:\laragon\www\inventory\app\…gn.php')&quot;" file="tests\Unit\Architecture\ApplicationFunctionCoverageTest.php::it rejects debug side effects from all application functions and controllers with data set &quot;('E:\laragon\www\inventory\app\…gn.php')&quot;" class="Tests\Unit\Architecture\ApplicationFunctionCoverageTest" classname="Tests.Unit.Architecture.ApplicationFunctionCoverageTest" assertions="2" time="0.063798"/>
          <testcase name="it rejects debug side effects from all application functions and controllers with data set &quot;('E:\laragon\www\inventory\app\…et.php') #1&quot;" file="tests\Unit\Architecture\ApplicationFunctionCoverageTest.php::it rejects debug side effects from all application functions and controllers with data set &quot;('E:\laragon\www\inventory\app\…et.php') #1&quot;" class="Tests\Unit\Architecture\ApplicationFunctionCoverageTest" classname="Tests.Unit.Architecture.ApplicationFunctionCoverageTest" assertions="2" time="0.060577"/>
          <testcase name="it rejects debug side effects from all application functions and controllers with data set &quot;('E:\laragon\www\inventory\app\…ry.php') #3&quot;" file="tests\Unit\Architecture\ApplicationFunctionCoverageTest.php::it rejects debug side effects from all application functions and controllers with data set &quot;('E:\laragon\www\inventory\app\…ry.php') #3&quot;" class="Tests\Unit\Architecture\ApplicationFunctionCoverageTest" classname="Tests.Unit.Architecture.ApplicationFunctionCoverageTest" assertions="2" time="0.058453"/>
          <testcase name="it rejects debug side effects from all application functions and controllers with data set &quot;('E:\laragon\www\inventory\app\…nt.php') #3&quot;" file="tests\Unit\Architecture\ApplicationFunctionCoverageTest.php::it rejects debug side effects from all application functions and controllers with data set &quot;('E:\laragon\www\inventory\app\…nt.php') #3&quot;" class="Tests\Unit\Architecture\ApplicationFunctionCoverageTest" classname="Tests.Unit.Architecture.ApplicationFunctionCoverageTest" assertions="2" time="0.088673"/>
          <testcase name="it rejects debug side effects from all application functions and controllers with data set &quot;('E:\laragon\www\inventory\app\…nt.php') #4&quot;" file="tests\Unit\Architecture\ApplicationFunctionCoverageTest.php::it rejects debug side effects from all application functions and controllers with data set &quot;('E:\laragon\www\inventory\app\…nt.php') #4&quot;" class="Tests\Unit\Architecture\ApplicationFunctionCoverageTest" classname="Tests.Unit.Architecture.ApplicationFunctionCoverageTest" assertions="2" time="0.088548"/>
          <testcase name="it rejects debug side effects from all application functions and controllers with data set &quot;('E:\laragon\www\inventory\app\…on.php') #12&quot;" file="tests\Unit\Architecture\ApplicationFunctionCoverageTest.php::it rejects debug side effects from all application functions and controllers with data set &quot;('E:\laragon\www\inventory\app\…on.php') #12&quot;" class="Tests\Unit\Architecture\ApplicationFunctionCoverageTest" classname="Tests.Unit.Architecture.ApplicationFunctionCoverageTest" assertions="2" time="0.049440"/>
          <testcase name="it rejects debug side effects from all application functions and controllers with data set &quot;('E:\laragon\www\inventory\app\…nt.php') #5&quot;" file="tests\Unit\Architecture\ApplicationFunctionCoverageTest.php::it rejects debug side effects from all application functions and controllers with data set &quot;('E:\laragon\www\inventory\app\…nt.php') #5&quot;" class="Tests\Unit\Architecture\ApplicationFunctionCoverageTest" classname="Tests.Unit.Architecture.ApplicationFunctionCoverageTest" assertions="2" time="0.050007"/>
          <testcase name="it rejects debug side effects from all application functions and controllers with data set &quot;('E:\laragon\www\inventory\app\…em.php') #2&quot;" file="tests\Unit\Architecture\ApplicationFunctionCoverageTest.php::it rejects debug side effects from all application functions and controllers with data set &quot;('E:\laragon\www\inventory\app\…em.php') #2&quot;" class="Tests\Unit\Architecture\ApplicationFunctionCoverageTest" classname="Tests.Unit.Architecture.ApplicationFunctionCoverageTest" assertions="2" time="0.070984"/>
          <testcase name="it rejects debug side effects from all application functions and controllers with data set &quot;('E:\laragon\www\inventory\app\…ox.php') #1&quot;" file="tests\Unit\Architecture\ApplicationFunctionCoverageTest.php::it rejects debug side effects from all application functions and controllers with data set &quot;('E:\laragon\www\inventory\app\…ox.php') #1&quot;" class="Tests\Unit\Architecture\ApplicationFunctionCoverageTest" classname="Tests.Unit.Architecture.ApplicationFunctionCoverageTest" assertions="2" time="0.080899"/>
          <testcase name="it rejects debug side effects from all application functions and controllers with data set &quot;('E:\laragon\www\inventory\app\…ry.php') #4&quot;" file="tests\Unit\Architecture\ApplicationFunctionCoverageTest.php::it rejects debug side effects from all application functions and controllers with data set &quot;('E:\laragon\www\inventory\app\…ry.php') #4&quot;" class="Tests\Unit\Architecture\ApplicationFunctionCoverageTest" classname="Tests.Unit.Architecture.ApplicationFunctionCoverageTest" assertions="2" time="0.053857"/>
          <testcase name="it rejects debug side effects from all application functions and controllers with data set &quot;('E:\laragon\www\inventory\app\…nt.php') #6&quot;" file="tests\Unit\Architecture\ApplicationFunctionCoverageTest.php::it rejects debug side effects from all application functions and controllers with data set &quot;('E:\laragon\www\inventory\app\…nt.php') #6&quot;" class="Tests\Unit\Architecture\ApplicationFunctionCoverageTest" classname="Tests.Unit.Architecture.ApplicationFunctionCoverageTest" assertions="2" time="0.051928"/>
          <testcase name="it rejects debug side effects from all application functions and controllers with data set &quot;('E:\laragon\www\inventory\app\…od.php') #1&quot;" file="tests\Unit\Architecture\ApplicationFunctionCoverageTest.php::it rejects debug side effects from all application functions and controllers with data set &quot;('E:\laragon\www\inventory\app\…od.php') #1&quot;" class="Tests\Unit\Architecture\ApplicationFunctionCoverageTest" classname="Tests.Unit.Architecture.ApplicationFunctionCoverageTest" assertions="2" time="0.051522"/>
          <testcase name="it rejects debug side effects from all application functions and controllers with data set &quot;('E:\laragon\www\inventory\app\…nt.php') #7&quot;" file="tests\Unit\Architecture\ApplicationFunctionCoverageTest.php::it rejects debug side effects from all application functions and controllers with data set &quot;('E:\laragon\www\inventory\app\…nt.php') #7&quot;" class="Tests\Unit\Architecture\ApplicationFunctionCoverageTest" classname="Tests.Unit.Architecture.ApplicationFunctionCoverageTest" assertions="2" time="0.051898"/>
          <testcase name="it rejects debug side effects from all application functions and controllers with data set &quot;('E:\laragon\www\inventory\app\…on.php') #13&quot;" file="tests\Unit\Architecture\ApplicationFunctionCoverageTest.php::it rejects debug side effects from all application functions and controllers with data set &quot;('E:\laragon\www\inventory\app\…on.php') #13&quot;" class="Tests\Unit\Architecture\ApplicationFunctionCoverageTest" classname="Tests.Unit.Architecture.ApplicationFunctionCoverageTest" assertions="2" time="0.071418"/>
          <testcase name="it rejects debug side effects from all application functions and controllers with data set &quot;('E:\laragon\www\inventory\app\…ng.php') #2&quot;" file="tests\Unit\Architecture\ApplicationFunctionCoverageTest.php::it rejects debug side effects from all application functions and controllers with data set &quot;('E:\laragon\www\inventory\app\…ng.php') #2&quot;" class="Tests\Unit\Architecture\ApplicationFunctionCoverageTest" classname="Tests.Unit.Architecture.ApplicationFunctionCoverageTest" assertions="2" time="0.072376"/>
          <testcase name="it rejects debug side effects from all application functions and controllers with data set &quot;('E:\laragon\www\inventory\app\…ox.php') #2&quot;" file="tests\Unit\Architecture\ApplicationFunctionCoverageTest.php::it rejects debug side effects from all application functions and controllers with data set &quot;('E:\laragon\www\inventory\app\…ox.php') #2&quot;" class="Tests\Unit\Architecture\ApplicationFunctionCoverageTest" classname="Tests.Unit.Architecture.ApplicationFunctionCoverageTest" assertions="2" time="0.069723"/>
          <testcase name="it rejects debug side effects from all application functions and controllers with data set &quot;('E:\laragon\www\inventory\app\…ng.php') #3&quot;" file="tests\Unit\Architecture\ApplicationFunctionCoverageTest.php::it rejects debug side effects from all application functions and controllers with data set &quot;('E:\laragon\www\inventory\app\…ng.php') #3&quot;" class="Tests\Unit\Architecture\ApplicationFunctionCoverageTest" classname="Tests.Unit.Architecture.ApplicationFunctionCoverageTest" assertions="2" time="0.056924"/>
          <testcase name="it rejects debug side effects from all application functions and controllers with data set &quot;('E:\laragon\www\inventory\app\…nt.php') #8&quot;" file="tests\Unit\Architecture\ApplicationFunctionCoverageTest.php::it rejects debug side effects from all application functions and controllers with data set &quot;('E:\laragon\www\inventory\app\…nt.php') #8&quot;" class="Tests\Unit\Architecture\ApplicationFunctionCoverageTest" classname="Tests.Unit.Architecture.ApplicationFunctionCoverageTest" assertions="2" time="0.061520"/>
          <testcase name="it rejects debug side effects from all application functions and controllers with data set &quot;('E:\laragon\www\inventory\app\…et.php') #2&quot;" file="tests\Unit\Architecture\ApplicationFunctionCoverageTest.php::it rejects debug side effects from all application functions and controllers with data set &quot;('E:\laragon\www\inventory\app\…et.php') #2&quot;" class="Tests\Unit\Architecture\ApplicationFunctionCoverageTest" classname="Tests.Unit.Architecture.ApplicationFunctionCoverageTest" assertions="2" time="0.065019"/>
          <testcase name="it rejects debug side effects from all application functions and controllers with data set &quot;('E:\laragon\www\inventory\app\…er.php') #79&quot;" file="tests\Unit\Architecture\ApplicationFunctionCoverageTest.php::it rejects debug side effects from all application functions and controllers with data set &quot;('E:\laragon\www\inventory\app\…er.php') #79&quot;" class="Tests\Unit\Architecture\ApplicationFunctionCoverageTest" classname="Tests.Unit.Architecture.ApplicationFunctionCoverageTest" assertions="2" time="0.066529"/>
          <testcase name="it rejects debug side effects from all application functions and controllers with data set &quot;('E:\laragon\www\inventory\app\…er.php') #80&quot;" file="tests\Unit\Architecture\ApplicationFunctionCoverageTest.php::it rejects debug side effects from all application functions and controllers with data set &quot;('E:\laragon\www\inventory\app\…er.php') #80&quot;" class="Tests\Unit\Architecture\ApplicationFunctionCoverageTest" classname="Tests.Unit.Architecture.ApplicationFunctionCoverageTest" assertions="2" time="0.046335"/>
          <testcase name="it rejects debug side effects from all application functions and controllers with data set &quot;('E:\laragon\www\inventory\app\…de.php') #2&quot;" file="tests\Unit\Architecture\ApplicationFunctionCoverageTest.php::it rejects debug side effects from all application functions and controllers with data set &quot;('E:\laragon\www\inventory\app\…de.php') #2&quot;" class="Tests\Unit\Architecture\ApplicationFunctionCoverageTest" classname="Tests.Unit.Architecture.ApplicationFunctionCoverageTest" assertions="2" time="0.046662"/>
          <testcase name="it rejects debug side effects from all application functions and controllers with data set &quot;('E:\laragon\www\inventory\app\…ne.php')&quot;" file="tests\Unit\Architecture\ApplicationFunctionCoverageTest.php::it rejects debug side effects from all application functions and controllers with data set &quot;('E:\laragon\www\inventory\app\…ne.php')&quot;" class="Tests\Unit\Architecture\ApplicationFunctionCoverageTest" classname="Tests.Unit.Architecture.ApplicationFunctionCoverageTest" assertions="2" time="0.054934"/>
          <testcase name="it rejects debug side effects from all application functions and controllers with data set &quot;('E:\laragon\www\inventory\app\…ch.php')&quot;" file="tests\Unit\Architecture\ApplicationFunctionCoverageTest.php::it rejects debug side effects from all application functions and controllers with data set &quot;('E:\laragon\www\inventory\app\…ch.php')&quot;" class="Tests\Unit\Architecture\ApplicationFunctionCoverageTest" classname="Tests.Unit.Architecture.ApplicationFunctionCoverageTest" assertions="2" time="0.062247"/>
          <testcase name="it rejects debug side effects from all application functions and controllers with data set &quot;('E:\laragon\www\inventory\app\…em.php') #3&quot;" file="tests\Unit\Architecture\ApplicationFunctionCoverageTest.php::it rejects debug side effects from all application functions and controllers with data set &quot;('E:\laragon\www\inventory\app\…em.php') #3&quot;" class="Tests\Unit\Architecture\ApplicationFunctionCoverageTest" classname="Tests.Unit.Architecture.ApplicationFunctionCoverageTest" assertions="2" time="0.058358"/>
          <testcase name="it rejects debug side effects from all application functions and controllers with data set &quot;('E:\laragon\www\inventory\app\…te.php') #1&quot;" file="tests\Unit\Architecture\ApplicationFunctionCoverageTest.php::it rejects debug side effects from all application functions and controllers with data set &quot;('E:\laragon\www\inventory\app\…te.php') #1&quot;" class="Tests\Unit\Architecture\ApplicationFunctionCoverageTest" classname="Tests.Unit.Architecture.ApplicationFunctionCoverageTest" assertions="2" time="0.066770"/>
          <testcase name="it rejects debug side effects from all application functions and controllers with data set &quot;('E:\laragon\www\inventory\app\…og.php') #2&quot;" file="tests\Unit\Architecture\ApplicationFunctionCoverageTest.php::it rejects debug side effects from all application functions and controllers with data set &quot;('E:\laragon\www\inventory\app\…og.php') #2&quot;" class="Tests\Unit\Architecture\ApplicationFunctionCoverageTest" classname="Tests.Unit.Architecture.ApplicationFunctionCoverageTest" assertions="2" time="0.046928"/>
          <testcase name="it rejects debug side effects from all application functions and controllers with data set &quot;('E:\laragon\www\inventory\app\…ng.php') #4&quot;" file="tests\Unit\Architecture\ApplicationFunctionCoverageTest.php::it rejects debug side effects from all application functions and controllers with data set &quot;('E:\laragon\www\inventory\app\…ng.php') #4&quot;" class="Tests\Unit\Architecture\ApplicationFunctionCoverageTest" classname="Tests.Unit.Architecture.ApplicationFunctionCoverageTest" assertions="2" time="0.046338"/>
          <testcase name="it rejects debug side effects from all application functions and controllers with data set &quot;('E:\laragon\www\inventory\app\…ce.php') #1&quot;" file="tests\Unit\Architecture\ApplicationFunctionCoverageTest.php::it rejects debug side effects from all application functions and controllers with data set &quot;('E:\laragon\www\inventory\app\…ce.php') #1&quot;" class="Tests\Unit\Architecture\ApplicationFunctionCoverageTest" classname="Tests.Unit.Architecture.ApplicationFunctionCoverageTest" assertions="2" time="0.046465"/>
          <testcase name="it rejects debug side effects from all application functions and controllers with data set &quot;('E:\laragon\www\inventory\app\…nt.php') #9&quot;" file="tests\Unit\Architecture\ApplicationFunctionCoverageTest.php::it rejects debug side effects from all application functions and controllers with data set &quot;('E:\laragon\www\inventory\app\…nt.php') #9&quot;" class="Tests\Unit\Architecture\ApplicationFunctionCoverageTest" classname="Tests.Unit.Architecture.ApplicationFunctionCoverageTest" assertions="2" time="0.053946"/>
          <testcase name="it rejects debug side effects from all application functions and controllers with data set &quot;('E:\laragon\www\inventory\app\…em.php') #4&quot;" file="tests\Unit\Architecture\ApplicationFunctionCoverageTest.php::it rejects debug side effects from all application functions and controllers with data set &quot;('E:\laragon\www\inventory\app\…em.php') #4&quot;" class="Tests\Unit\Architecture\ApplicationFunctionCoverageTest" classname="Tests.Unit.Architecture.ApplicationFunctionCoverageTest" assertions="2" time="0.047440"/>
          <testcase name="it rejects debug side effects from all application functions and controllers with data set &quot;('E:\laragon\www\inventory\app\…te.php') #2&quot;" file="tests\Unit\Architecture\ApplicationFunctionCoverageTest.php::it rejects debug side effects from all application functions and controllers with data set &quot;('E:\laragon\www\inventory\app\…te.php') #2&quot;" class="Tests\Unit\Architecture\ApplicationFunctionCoverageTest" classname="Tests.Unit.Architecture.ApplicationFunctionCoverageTest" assertions="2" time="0.061641"/>
          <testcase name="it rejects debug side effects from all application functions and controllers with data set &quot;('E:\laragon\www\inventory\app\…nt.php') #10&quot;" file="tests\Unit\Architecture\ApplicationFunctionCoverageTest.php::it rejects debug side effects from all application functions and controllers with data set &quot;('E:\laragon\www\inventory\app\…nt.php') #10&quot;" class="Tests\Unit\Architecture\ApplicationFunctionCoverageTest" classname="Tests.Unit.Architecture.ApplicationFunctionCoverageTest" assertions="2" time="0.067185"/>
          <testcase name="it rejects debug side effects from all application functions and controllers with data set &quot;('E:\laragon\www\inventory\app\…st.php') #25&quot;" file="tests\Unit\Architecture\ApplicationFunctionCoverageTest.php::it rejects debug side effects from all application functions and controllers with data set &quot;('E:\laragon\www\inventory\app\…st.php') #25&quot;" class="Tests\Unit\Architecture\ApplicationFunctionCoverageTest" classname="Tests.Unit.Architecture.ApplicationFunctionCoverageTest" assertions="2" time="0.054597"/>
          <testcase name="it rejects debug side effects from all application functions and controllers with data set &quot;('E:\laragon\www\inventory\app\…on.php') #14&quot;" file="tests\Unit\Architecture\ApplicationFunctionCoverageTest.php::it rejects debug side effects from all application functions and controllers with data set &quot;('E:\laragon\www\inventory\app\…on.php') #14&quot;" class="Tests\Unit\Architecture\ApplicationFunctionCoverageTest" classname="Tests.Unit.Architecture.ApplicationFunctionCoverageTest" assertions="2" time="0.046815"/>
          <testcase name="it rejects debug side effects from all application functions and controllers with data set &quot;('E:\laragon\www\inventory\app\…er.php') #81&quot;" file="tests\Unit\Architecture\ApplicationFunctionCoverageTest.php::it rejects debug side effects from all application functions and controllers with data set &quot;('E:\laragon\www\inventory\app\…er.php') #81&quot;" class="Tests\Unit\Architecture\ApplicationFunctionCoverageTest" classname="Tests.Unit.Architecture.ApplicationFunctionCoverageTest" assertions="2" time="0.048456"/>
          <testcase name="it rejects debug side effects from all application functions and controllers with data set &quot;('E:\laragon\www\inventory\app\…em.php') #5&quot;" file="tests\Unit\Architecture\ApplicationFunctionCoverageTest.php::it rejects debug side effects from all application functions and controllers with data set &quot;('E:\laragon\www\inventory\app\…em.php') #5&quot;" class="Tests\Unit\Architecture\ApplicationFunctionCoverageTest" classname="Tests.Unit.Architecture.ApplicationFunctionCoverageTest" assertions="2" time="0.055199"/>
          <testcase name="it rejects debug side effects from all application functions and controllers with data set &quot;('E:\laragon\www\inventory\app\…ew.php')&quot;" file="tests\Unit\Architecture\ApplicationFunctionCoverageTest.php::it rejects debug side effects from all application functions and controllers with data set &quot;('E:\laragon\www\inventory\app\…ew.php')&quot;" class="Tests\Unit\Architecture\ApplicationFunctionCoverageTest" classname="Tests.Unit.Architecture.ApplicationFunctionCoverageTest" assertions="2" time="0.051207"/>
          <testcase name="it rejects debug side effects from all application functions and controllers with data set &quot;('E:\laragon\www\inventory\app\…nt.php') #11&quot;" file="tests\Unit\Architecture\ApplicationFunctionCoverageTest.php::it rejects debug side effects from all application functions and controllers with data set &quot;('E:\laragon\www\inventory\app\…nt.php') #11&quot;" class="Tests\Unit\Architecture\ApplicationFunctionCoverageTest" classname="Tests.Unit.Architecture.ApplicationFunctionCoverageTest" assertions="2" time="0.047663"/>
          <testcase name="it rejects debug side effects from all application functions and controllers with data set &quot;('E:\laragon\www\inventory\app\…em.php') #6&quot;" file="tests\Unit\Architecture\ApplicationFunctionCoverageTest.php::it rejects debug side effects from all application functions and controllers with data set &quot;('E:\laragon\www\inventory\app\…em.php') #6&quot;" class="Tests\Unit\Architecture\ApplicationFunctionCoverageTest" classname="Tests.Unit.Architecture.ApplicationFunctionCoverageTest" assertions="2" time="0.046715"/>
          <testcase name="it rejects debug side effects from all application functions and controllers with data set &quot;('E:\laragon\www\inventory\app\…ct.php') #1&quot;" file="tests\Unit\Architecture\ApplicationFunctionCoverageTest.php::it rejects debug side effects from all application functions and controllers with data set &quot;('E:\laragon\www\inventory\app\…ct.php') #1&quot;" class="Tests\Unit\Architecture\ApplicationFunctionCoverageTest" classname="Tests.Unit.Architecture.ApplicationFunctionCoverageTest" assertions="2" time="0.054541"/>
          <testcase name="it rejects debug side effects from all application functions and controllers with data set &quot;('E:\laragon\www\inventory\app\…nt.php') #12&quot;" file="tests\Unit\Architecture\ApplicationFunctionCoverageTest.php::it rejects debug side effects from all application functions and controllers with data set &quot;('E:\laragon\www\inventory\app\…nt.php') #12&quot;" class="Tests\Unit\Architecture\ApplicationFunctionCoverageTest" classname="Tests.Unit.Architecture.ApplicationFunctionCoverageTest" assertions="2" time="0.061511"/>
          <testcase name="it rejects debug side effects from all application functions and controllers with data set &quot;('E:\laragon\www\inventory\app\…em.php') #7&quot;" file="tests\Unit\Architecture\ApplicationFunctionCoverageTest.php::it rejects debug side effects from all application functions and controllers with data set &quot;('E:\laragon\www\inventory\app\…em.php') #7&quot;" class="Tests\Unit\Architecture\ApplicationFunctionCoverageTest" classname="Tests.Unit.Architecture.ApplicationFunctionCoverageTest" assertions="2" time="0.057181"/>
          <testcase name="it rejects debug side effects from all application functions and controllers with data set &quot;('E:\laragon\www\inventory\app\…nt.php') #13&quot;" file="tests\Unit\Architecture\ApplicationFunctionCoverageTest.php::it rejects debug side effects from all application functions and controllers with data set &quot;('E:\laragon\www\inventory\app\…nt.php') #13&quot;" class="Tests\Unit\Architecture\ApplicationFunctionCoverageTest" classname="Tests.Unit.Architecture.ApplicationFunctionCoverageTest" assertions="2" time="0.057956"/>
          <testcase name="it rejects debug side effects from all application functions and controllers with data set &quot;('E:\laragon\www\inventory\app\…ce.php') #2&quot;" file="tests\Unit\Architecture\ApplicationFunctionCoverageTest.php::it rejects debug side effects from all application functions and controllers with data set &quot;('E:\laragon\www\inventory\app\…ce.php') #2&quot;" class="Tests\Unit\Architecture\ApplicationFunctionCoverageTest" classname="Tests.Unit.Architecture.ApplicationFunctionCoverageTest" assertions="2" time="0.046590"/>
          <testcase name="it rejects debug side effects from all application functions and controllers with data set &quot;('E:\laragon\www\inventory\app\…se.php') #2&quot;" file="tests\Unit\Architecture\ApplicationFunctionCoverageTest.php::it rejects debug side effects from all application functions and controllers with data set &quot;('E:\laragon\www\inventory\app\…se.php') #2&quot;" class="Tests\Unit\Architecture\ApplicationFunctionCoverageTest" classname="Tests.Unit.Architecture.ApplicationFunctionCoverageTest" assertions="2" time="0.047043"/>
          <testcase name="it rejects debug side effects from all application functions and controllers with data set &quot;('E:\laragon\www\inventory\app\…em.php') #8&quot;" file="tests\Unit\Architecture\ApplicationFunctionCoverageTest.php::it rejects debug side effects from all application functions and controllers with data set &quot;('E:\laragon\www\inventory\app\…em.php') #8&quot;" class="Tests\Unit\Architecture\ApplicationFunctionCoverageTest" classname="Tests.Unit.Architecture.ApplicationFunctionCoverageTest" assertions="2" time="0.050099"/>
          <testcase name="it rejects debug side effects from all application functions and controllers with data set &quot;('E:\laragon\www\inventory\app\…le.php') #1&quot;" file="tests\Unit\Architecture\ApplicationFunctionCoverageTest.php::it rejects debug side effects from all application functions and controllers with data set &quot;('E:\laragon\www\inventory\app\…le.php') #1&quot;" class="Tests\Unit\Architecture\ApplicationFunctionCoverageTest" classname="Tests.Unit.Architecture.ApplicationFunctionCoverageTest" assertions="2" time="0.046788"/>
          <testcase name="it rejects debug side effects from all application functions and controllers with data set &quot;('E:\laragon\www\inventory\app\…ry.php') #5&quot;" file="tests\Unit\Architecture\ApplicationFunctionCoverageTest.php::it rejects debug side effects from all application functions and controllers with data set &quot;('E:\laragon\www\inventory\app\…ry.php') #5&quot;" class="Tests\Unit\Architecture\ApplicationFunctionCoverageTest" classname="Tests.Unit.Architecture.ApplicationFunctionCoverageTest" assertions="2" time="0.047095"/>
          <testcase name="it rejects debug side effects from all application functions and controllers with data set &quot;('E:\laragon\www\inventory\app\…nt.php') #14&quot;" file="tests\Unit\Architecture\ApplicationFunctionCoverageTest.php::it rejects debug side effects from all application functions and controllers with data set &quot;('E:\laragon\www\inventory\app\…nt.php') #14&quot;" class="Tests\Unit\Architecture\ApplicationFunctionCoverageTest" classname="Tests.Unit.Architecture.ApplicationFunctionCoverageTest" assertions="2" time="0.049966"/>
          <testcase name="it rejects debug side effects from all application functions and controllers with data set &quot;('E:\laragon\www\inventory\app\…em.php') #9&quot;" file="tests\Unit\Architecture\ApplicationFunctionCoverageTest.php::it rejects debug side effects from all application functions and controllers with data set &quot;('E:\laragon\www\inventory\app\…em.php') #9&quot;" class="Tests\Unit\Architecture\ApplicationFunctionCoverageTest" classname="Tests.Unit.Architecture.ApplicationFunctionCoverageTest" assertions="2" time="0.054450"/>
          <testcase name="it rejects debug side effects from all application functions and controllers with data set &quot;('E:\laragon\www\inventory\app\…on.php') #15&quot;" file="tests\Unit\Architecture\ApplicationFunctionCoverageTest.php::it rejects debug side effects from all application functions and controllers with data set &quot;('E:\laragon\www\inventory\app\…on.php') #15&quot;" class="Tests\Unit\Architecture\ApplicationFunctionCoverageTest" classname="Tests.Unit.Architecture.ApplicationFunctionCoverageTest" assertions="2" time="0.059616"/>
          <testcase name="it rejects debug side effects from all application functions and controllers with data set &quot;('E:\laragon\www\inventory\app\…it.php')&quot;" file="tests\Unit\Architecture\ApplicationFunctionCoverageTest.php::it rejects debug side effects from all application functions and controllers with data set &quot;('E:\laragon\www\inventory\app\…it.php')&quot;" class="Tests\Unit\Architecture\ApplicationFunctionCoverageTest" classname="Tests.Unit.Architecture.ApplicationFunctionCoverageTest" assertions="2" time="0.061784"/>
          <testcase name="it rejects debug side effects from all application functions and controllers with data set &quot;('E:\laragon\www\inventory\app\…nt.php') #15&quot;" file="tests\Unit\Architecture\ApplicationFunctionCoverageTest.php::it rejects debug side effects from all application functions and controllers with data set &quot;('E:\laragon\www\inventory\app\…nt.php') #15&quot;" class="Tests\Unit\Architecture\ApplicationFunctionCoverageTest" classname="Tests.Unit.Architecture.ApplicationFunctionCoverageTest" assertions="2" time="0.055465"/>
          <testcase name="it rejects debug side effects from all application functions and controllers with data set &quot;('E:\laragon\www\inventory\app\…em.php') #10&quot;" file="tests\Unit\Architecture\ApplicationFunctionCoverageTest.php::it rejects debug side effects from all application functions and controllers with data set &quot;('E:\laragon\www\inventory\app\…em.php') #10&quot;" class="Tests\Unit\Architecture\ApplicationFunctionCoverageTest" classname="Tests.Unit.Architecture.ApplicationFunctionCoverageTest" assertions="2" time="0.050510"/>
          <testcase name="it rejects debug side effects from all application functions and controllers with data set &quot;('E:\laragon\www\inventory\app\…od.php') #2&quot;" file="tests\Unit\Architecture\ApplicationFunctionCoverageTest.php::it rejects debug side effects from all application functions and controllers with data set &quot;('E:\laragon\www\inventory\app\…od.php') #2&quot;" class="Tests\Unit\Architecture\ApplicationFunctionCoverageTest" classname="Tests.Unit.Architecture.ApplicationFunctionCoverageTest" assertions="2" time="0.046462"/>
          <testcase name="it rejects debug side effects from all application functions and controllers with data set &quot;('E:\laragon\www\inventory\app\…ce.php') #3&quot;" file="tests\Unit\Architecture\ApplicationFunctionCoverageTest.php::it rejects debug side effects from all application functions and controllers with data set &quot;('E:\laragon\www\inventory\app\…ce.php') #3&quot;" class="Tests\Unit\Architecture\ApplicationFunctionCoverageTest" classname="Tests.Unit.Architecture.ApplicationFunctionCoverageTest" assertions="2" time="0.046663"/>
          <testcase name="it rejects debug side effects from all application functions and controllers with data set &quot;('E:\laragon\www\inventory\app\…ct.php') #2&quot;" file="tests\Unit\Architecture\ApplicationFunctionCoverageTest.php::it rejects debug side effects from all application functions and controllers with data set &quot;('E:\laragon\www\inventory\app\…ct.php') #2&quot;" class="Tests\Unit\Architecture\ApplicationFunctionCoverageTest" classname="Tests.Unit.Architecture.ApplicationFunctionCoverageTest" assertions="2" time="0.055560"/>
          <testcase name="it rejects debug side effects from all application functions and controllers with data set &quot;('E:\laragon\www\inventory\app\…nt.php') #16&quot;" file="tests\Unit\Architecture\ApplicationFunctionCoverageTest.php::it rejects debug side effects from all application functions and controllers with data set &quot;('E:\laragon\www\inventory\app\…nt.php') #16&quot;" class="Tests\Unit\Architecture\ApplicationFunctionCoverageTest" classname="Tests.Unit.Architecture.ApplicationFunctionCoverageTest" assertions="2" time="0.047557"/>
          <testcase name="it rejects debug side effects from all application functions and controllers with data set &quot;('E:\laragon\www\inventory\app\…ry.php') #6&quot;" file="tests\Unit\Architecture\ApplicationFunctionCoverageTest.php::it rejects debug side effects from all application functions and controllers with data set &quot;('E:\laragon\www\inventory\app\…ry.php') #6&quot;" class="Tests\Unit\Architecture\ApplicationFunctionCoverageTest" classname="Tests.Unit.Architecture.ApplicationFunctionCoverageTest" assertions="2" time="0.045962"/>
          <testcase name="it rejects debug side effects from all application functions and controllers with data set &quot;('E:\laragon\www\inventory\app\…em.php') #11&quot;" file="tests\Unit\Architecture\ApplicationFunctionCoverageTest.php::it rejects debug side effects from all application functions and controllers with data set &quot;('E:\laragon\www\inventory\app\…em.php') #11&quot;" class="Tests\Unit\Architecture\ApplicationFunctionCoverageTest" classname="Tests.Unit.Architecture.ApplicationFunctionCoverageTest" assertions="2" time="0.046441"/>
          <testcase name="it rejects debug side effects from all application functions and controllers with data set &quot;('E:\laragon\www\inventory\app\…nt.php') #17&quot;" file="tests\Unit\Architecture\ApplicationFunctionCoverageTest.php::it rejects debug side effects from all application functions and controllers with data set &quot;('E:\laragon\www\inventory\app\…nt.php') #17&quot;" class="Tests\Unit\Architecture\ApplicationFunctionCoverageTest" classname="Tests.Unit.Architecture.ApplicationFunctionCoverageTest" assertions="2" time="0.046398"/>
          <testcase name="it rejects debug side effects from all application functions and controllers with data set &quot;('E:\laragon\www\inventory\app\…er.php') #82&quot;" file="tests\Unit\Architecture\ApplicationFunctionCoverageTest.php::it rejects debug side effects from all application functions and controllers with data set &quot;('E:\laragon\www\inventory\app\…er.php') #82&quot;" class="Tests\Unit\Architecture\ApplicationFunctionCoverageTest" classname="Tests.Unit.Architecture.ApplicationFunctionCoverageTest" assertions="2" time="0.048037"/>
          <testcase name="it rejects debug side effects from all application functions and controllers with data set &quot;('E:\laragon\www\inventory\app\…er.php') #83&quot;" file="tests\Unit\Architecture\ApplicationFunctionCoverageTest.php::it rejects debug side effects from all application functions and controllers with data set &quot;('E:\laragon\www\inventory\app\…er.php') #83&quot;" class="Tests\Unit\Architecture\ApplicationFunctionCoverageTest" classname="Tests.Unit.Architecture.ApplicationFunctionCoverageTest" assertions="2" time="0.049279"/>
          <testcase name="it rejects debug side effects from all application functions and controllers with data set &quot;('E:\laragon\www\inventory\app\…on.php') #16&quot;" file="tests\Unit\Architecture\ApplicationFunctionCoverageTest.php::it rejects debug side effects from all application functions and controllers with data set &quot;('E:\laragon\www\inventory\app\…on.php') #16&quot;" class="Tests\Unit\Architecture\ApplicationFunctionCoverageTest" classname="Tests.Unit.Architecture.ApplicationFunctionCoverageTest" assertions="2" time="0.059456"/>
          <testcase name="it rejects debug side effects from all application functions and controllers with data set &quot;('E:\laragon\www\inventory\app\…er.php') #84&quot;" file="tests\Unit\Architecture\ApplicationFunctionCoverageTest.php::it rejects debug side effects from all application functions and controllers with data set &quot;('E:\laragon\www\inventory\app\…er.php') #84&quot;" class="Tests\Unit\Architecture\ApplicationFunctionCoverageTest" classname="Tests.Unit.Architecture.ApplicationFunctionCoverageTest" assertions="2" time="0.050918"/>
          <testcase name="it rejects debug side effects from all application functions and controllers with data set &quot;('E:\laragon\www\inventory\app\…se.php') #3&quot;" file="tests\Unit\Architecture\ApplicationFunctionCoverageTest.php::it rejects debug side effects from all application functions and controllers with data set &quot;('E:\laragon\www\inventory\app\…se.php') #3&quot;" class="Tests\Unit\Architecture\ApplicationFunctionCoverageTest" classname="Tests.Unit.Architecture.ApplicationFunctionCoverageTest" assertions="2" time="0.070962"/>
          <testcase name="it rejects debug side effects from all application functions and controllers with data set &quot;('E:\laragon\www\inventory\app\…pt.php')&quot;" file="tests\Unit\Architecture\ApplicationFunctionCoverageTest.php::it rejects debug side effects from all application functions and controllers with data set &quot;('E:\laragon\www\inventory\app\…pt.php')&quot;" class="Tests\Unit\Architecture\ApplicationFunctionCoverageTest" classname="Tests.Unit.Architecture.ApplicationFunctionCoverageTest" assertions="2" time="0.091780"/>
          <testcase name="it rejects debug side effects from all application functions and controllers with data set &quot;('E:\laragon\www\inventory\app\…em.php') #12&quot;" file="tests\Unit\Architecture\ApplicationFunctionCoverageTest.php::it rejects debug side effects from all application functions and controllers with data set &quot;('E:\laragon\www\inventory\app\…em.php') #12&quot;" class="Tests\Unit\Architecture\ApplicationFunctionCoverageTest" classname="Tests.Unit.Architecture.ApplicationFunctionCoverageTest" assertions="2" time="0.063485"/>
          <testcase name="it rejects debug side effects from all application functions and controllers with data set &quot;('E:\laragon\www\inventory\app\…on.php') #17&quot;" file="tests\Unit\Architecture\ApplicationFunctionCoverageTest.php::it rejects debug side effects from all application functions and controllers with data set &quot;('E:\laragon\www\inventory\app\…on.php') #17&quot;" class="Tests\Unit\Architecture\ApplicationFunctionCoverageTest" classname="Tests.Unit.Architecture.ApplicationFunctionCoverageTest" assertions="2" time="0.052332"/>
          <testcase name="it rejects debug side effects from all application functions and controllers with data set &quot;('E:\laragon\www\inventory\app\…nt.php') #18&quot;" file="tests\Unit\Architecture\ApplicationFunctionCoverageTest.php::it rejects debug side effects from all application functions and controllers with data set &quot;('E:\laragon\www\inventory\app\…nt.php') #18&quot;" class="Tests\Unit\Architecture\ApplicationFunctionCoverageTest" classname="Tests.Unit.Architecture.ApplicationFunctionCoverageTest" assertions="2" time="0.063212"/>
          <testcase name="it rejects debug side effects from all application functions and controllers with data set &quot;('E:\laragon\www\inventory\app\…ck.php') #1&quot;" file="tests\Unit\Architecture\ApplicationFunctionCoverageTest.php::it rejects debug side effects from all application functions and controllers with data set &quot;('E:\laragon\www\inventory\app\…ck.php') #1&quot;" class="Tests\Unit\Architecture\ApplicationFunctionCoverageTest" classname="Tests.Unit.Architecture.ApplicationFunctionCoverageTest" assertions="2" time="0.060978"/>
          <testcase name="it rejects debug side effects from all application functions and controllers with data set &quot;('E:\laragon\www\inventory\app\…og.php') #3&quot;" file="tests\Unit\Architecture\ApplicationFunctionCoverageTest.php::it rejects debug side effects from all application functions and controllers with data set &quot;('E:\laragon\www\inventory\app\…og.php') #3&quot;" class="Tests\Unit\Architecture\ApplicationFunctionCoverageTest" classname="Tests.Unit.Architecture.ApplicationFunctionCoverageTest" assertions="2" time="0.052079"/>
          <testcase name="it rejects debug side effects from all application functions and controllers with data set &quot;('E:\laragon\www\inventory\app\…og.php') #4&quot;" file="tests\Unit\Architecture\ApplicationFunctionCoverageTest.php::it rejects debug side effects from all application functions and controllers with data set &quot;('E:\laragon\www\inventory\app\…og.php') #4&quot;" class="Tests\Unit\Architecture\ApplicationFunctionCoverageTest" classname="Tests.Unit.Architecture.ApplicationFunctionCoverageTest" assertions="2" time="0.061406"/>
          <testcase name="it rejects debug side effects from all application functions and controllers with data set &quot;('E:\laragon\www\inventory\app\…ot.php')&quot;" file="tests\Unit\Architecture\ApplicationFunctionCoverageTest.php::it rejects debug side effects from all application functions and controllers with data set &quot;('E:\laragon\www\inventory\app\…ot.php')&quot;" class="Tests\Unit\Architecture\ApplicationFunctionCoverageTest" classname="Tests.Unit.Architecture.ApplicationFunctionCoverageTest" assertions="2" time="0.055290"/>
          <testcase name="it rejects debug side effects from all application functions and controllers with data set &quot;('E:\laragon\www\inventory\app\…ck.php') #2&quot;" file="tests\Unit\Architecture\ApplicationFunctionCoverageTest.php::it rejects debug side effects from all application functions and controllers with data set &quot;('E:\laragon\www\inventory\app\…ck.php') #2&quot;" class="Tests\Unit\Architecture\ApplicationFunctionCoverageTest" classname="Tests.Unit.Architecture.ApplicationFunctionCoverageTest" assertions="2" time="0.065838"/>
          <testcase name="it rejects debug side effects from all application functions and controllers with data set &quot;('E:\laragon\www\inventory\app\…er.php') #85&quot;" file="tests\Unit\Architecture\ApplicationFunctionCoverageTest.php::it rejects debug side effects from all application functions and controllers with data set &quot;('E:\laragon\www\inventory\app\…er.php') #85&quot;" class="Tests\Unit\Architecture\ApplicationFunctionCoverageTest" classname="Tests.Unit.Architecture.ApplicationFunctionCoverageTest" assertions="2" time="0.056139"/>
          <testcase name="it rejects debug side effects from all application functions and controllers with data set &quot;('E:\laragon\www\inventory\app\…em.php') #13&quot;" file="tests\Unit\Architecture\ApplicationFunctionCoverageTest.php::it rejects debug side effects from all application functions and controllers with data set &quot;('E:\laragon\www\inventory\app\…em.php') #13&quot;" class="Tests\Unit\Architecture\ApplicationFunctionCoverageTest" classname="Tests.Unit.Architecture.ApplicationFunctionCoverageTest" assertions="2" time="0.059869"/>
          <testcase name="it rejects debug side effects from all application functions and controllers with data set &quot;('E:\laragon\www\inventory\app\…er.php') #86&quot;" file="tests\Unit\Architecture\ApplicationFunctionCoverageTest.php::it rejects debug side effects from all application functions and controllers with data set &quot;('E:\laragon\www\inventory\app\…er.php') #86&quot;" class="Tests\Unit\Architecture\ApplicationFunctionCoverageTest" classname="Tests.Unit.Architecture.ApplicationFunctionCoverageTest" assertions="2" time="0.075910"/>
          <testcase name="it rejects debug side effects from all application functions and controllers with data set &quot;('E:\laragon\www\inventory\app\…er.php') #87&quot;" file="tests\Unit\Architecture\ApplicationFunctionCoverageTest.php::it rejects debug side effects from all application functions and controllers with data set &quot;('E:\laragon\www\inventory\app\…er.php') #87&quot;" class="Tests\Unit\Architecture\ApplicationFunctionCoverageTest" classname="Tests.Unit.Architecture.ApplicationFunctionCoverageTest" assertions="2" time="0.061423"/>
          <testcase name="it rejects debug side effects from all application functions and controllers with data set &quot;('E:\laragon\www\inventory\app\…er.php') #88&quot;" file="tests\Unit\Architecture\ApplicationFunctionCoverageTest.php::it rejects debug side effects from all application functions and controllers with data set &quot;('E:\laragon\www\inventory\app\…er.php') #88&quot;" class="Tests\Unit\Architecture\ApplicationFunctionCoverageTest" classname="Tests.Unit.Architecture.ApplicationFunctionCoverageTest" assertions="2" time="0.053293"/>
          <testcase name="it rejects debug side effects from all application functions and controllers with data set &quot;('E:\laragon\www\inventory\app\…er.php') #89&quot;" file="tests\Unit\Architecture\ApplicationFunctionCoverageTest.php::it rejects debug side effects from all application functions and controllers with data set &quot;('E:\laragon\www\inventory\app\…er.php') #89&quot;" class="Tests\Unit\Architecture\ApplicationFunctionCoverageTest" classname="Tests.Unit.Architecture.ApplicationFunctionCoverageTest" assertions="2" time="0.051254"/>
          <testcase name="it rejects debug side effects from all application functions and controllers with data set &quot;('E:\laragon\www\inventory\app\…er.php') #90&quot;" file="tests\Unit\Architecture\ApplicationFunctionCoverageTest.php::it rejects debug side effects from all application functions and controllers with data set &quot;('E:\laragon\www\inventory\app\…er.php') #90&quot;" class="Tests\Unit\Architecture\ApplicationFunctionCoverageTest" classname="Tests.Unit.Architecture.ApplicationFunctionCoverageTest" assertions="2" time="0.051003"/>
          <testcase name="it rejects debug side effects from all application functions and controllers with data set &quot;('E:\laragon\www\inventory\app\…er.php') #91&quot;" file="tests\Unit\Architecture\ApplicationFunctionCoverageTest.php::it rejects debug side effects from all application functions and controllers with data set &quot;('E:\laragon\www\inventory\app\…er.php') #91&quot;" class="Tests\Unit\Architecture\ApplicationFunctionCoverageTest" classname="Tests.Unit.Architecture.ApplicationFunctionCoverageTest" assertions="2" time="0.052544"/>
          <testcase name="it rejects debug side effects from all application functions and controllers with data set &quot;('E:\laragon\www\inventory\app\…er.php') #92&quot;" file="tests\Unit\Architecture\ApplicationFunctionCoverageTest.php::it rejects debug side effects from all application functions and controllers with data set &quot;('E:\laragon\www\inventory\app\…er.php') #92&quot;" class="Tests\Unit\Architecture\ApplicationFunctionCoverageTest" classname="Tests.Unit.Architecture.ApplicationFunctionCoverageTest" assertions="2" time="0.051151"/>
          <testcase name="it rejects debug side effects from all application functions and controllers with data set &quot;('E:\laragon\www\inventory\app\…er.php') #93&quot;" file="tests\Unit\Architecture\ApplicationFunctionCoverageTest.php::it rejects debug side effects from all application functions and controllers with data set &quot;('E:\laragon\www\inventory\app\…er.php') #93&quot;" class="Tests\Unit\Architecture\ApplicationFunctionCoverageTest" classname="Tests.Unit.Architecture.ApplicationFunctionCoverageTest" assertions="2" time="0.063033"/>
          <testcase name="it rejects debug side effects from all application functions and controllers with data set &quot;('E:\laragon\www\inventory\app\…le.php') #2&quot;" file="tests\Unit\Architecture\ApplicationFunctionCoverageTest.php::it rejects debug side effects from all application functions and controllers with data set &quot;('E:\laragon\www\inventory\app\…le.php') #2&quot;" class="Tests\Unit\Architecture\ApplicationFunctionCoverageTest" classname="Tests.Unit.Architecture.ApplicationFunctionCoverageTest" assertions="2" time="0.050631"/>
          <testcase name="it rejects debug side effects from all application functions and controllers with data set &quot;('E:\laragon\www\inventory\app\…ce.php') #4&quot;" file="tests\Unit\Architecture\ApplicationFunctionCoverageTest.php::it rejects debug side effects from all application functions and controllers with data set &quot;('E:\laragon\www\inventory\app\…ce.php') #4&quot;" class="Tests\Unit\Architecture\ApplicationFunctionCoverageTest" classname="Tests.Unit.Architecture.ApplicationFunctionCoverageTest" assertions="2" time="0.058232"/>
          <testcase name="it rejects debug side effects from all application functions and controllers with data set &quot;('E:\laragon\www\inventory\app\…ce.php') #5&quot;" file="tests\Unit\Architecture\ApplicationFunctionCoverageTest.php::it rejects debug side effects from all application functions and controllers with data set &quot;('E:\laragon\www\inventory\app\…ce.php') #5&quot;" class="Tests\Unit\Architecture\ApplicationFunctionCoverageTest" classname="Tests.Unit.Architecture.ApplicationFunctionCoverageTest" assertions="2" time="0.048260"/>
          <testcase name="it rejects debug side effects from all application functions and controllers with data set &quot;('E:\laragon\www\inventory\app\…ce.php') #6&quot;" file="tests\Unit\Architecture\ApplicationFunctionCoverageTest.php::it rejects debug side effects from all application functions and controllers with data set &quot;('E:\laragon\www\inventory\app\…ce.php') #6&quot;" class="Tests\Unit\Architecture\ApplicationFunctionCoverageTest" classname="Tests.Unit.Architecture.ApplicationFunctionCoverageTest" assertions="2" time="0.049135"/>
          <testcase name="it rejects debug side effects from all application functions and controllers with data set &quot;('E:\laragon\www\inventory\app\…ce.php') #7&quot;" file="tests\Unit\Architecture\ApplicationFunctionCoverageTest.php::it rejects debug side effects from all application functions and controllers with data set &quot;('E:\laragon\www\inventory\app\…ce.php') #7&quot;" class="Tests\Unit\Architecture\ApplicationFunctionCoverageTest" classname="Tests.Unit.Architecture.ApplicationFunctionCoverageTest" assertions="2" time="0.046855"/>
          <testcase name="it rejects debug side effects from all application functions and controllers with data set &quot;('E:\laragon\www\inventory\app\…ce.php') #8&quot;" file="tests\Unit\Architecture\ApplicationFunctionCoverageTest.php::it rejects debug side effects from all application functions and controllers with data set &quot;('E:\laragon\www\inventory\app\…ce.php') #8&quot;" class="Tests\Unit\Architecture\ApplicationFunctionCoverageTest" classname="Tests.Unit.Architecture.ApplicationFunctionCoverageTest" assertions="2" time="0.050799"/>
          <testcase name="it rejects debug side effects from all application functions and controllers with data set &quot;('E:\laragon\www\inventory\app\…ce.php') #9&quot;" file="tests\Unit\Architecture\ApplicationFunctionCoverageTest.php::it rejects debug side effects from all application functions and controllers with data set &quot;('E:\laragon\www\inventory\app\…ce.php') #9&quot;" class="Tests\Unit\Architecture\ApplicationFunctionCoverageTest" classname="Tests.Unit.Architecture.ApplicationFunctionCoverageTest" assertions="2" time="0.059068"/>
          <testcase name="it rejects debug side effects from all application functions and controllers with data set &quot;('E:\laragon\www\inventory\app\…ce.php') #10&quot;" file="tests\Unit\Architecture\ApplicationFunctionCoverageTest.php::it rejects debug side effects from all application functions and controllers with data set &quot;('E:\laragon\www\inventory\app\…ce.php') #10&quot;" class="Tests\Unit\Architecture\ApplicationFunctionCoverageTest" classname="Tests.Unit.Architecture.ApplicationFunctionCoverageTest" assertions="2" time="0.046784"/>
          <testcase name="it rejects debug side effects from all application functions and controllers with data set &quot;('E:\laragon\www\inventory\app\…ce.php') #11&quot;" file="tests\Unit\Architecture\ApplicationFunctionCoverageTest.php::it rejects debug side effects from all application functions and controllers with data set &quot;('E:\laragon\www\inventory\app\…ce.php') #11&quot;" class="Tests\Unit\Architecture\ApplicationFunctionCoverageTest" classname="Tests.Unit.Architecture.ApplicationFunctionCoverageTest" assertions="2" time="0.052443"/>
          <testcase name="it rejects debug side effects from all application functions and controllers with data set &quot;('E:\laragon\www\inventory\app\…ce.php') #12&quot;" file="tests\Unit\Architecture\ApplicationFunctionCoverageTest.php::it rejects debug side effects from all application functions and controllers with data set &quot;('E:\laragon\www\inventory\app\…ce.php') #12&quot;" class="Tests\Unit\Architecture\ApplicationFunctionCoverageTest" classname="Tests.Unit.Architecture.ApplicationFunctionCoverageTest" assertions="2" time="0.046614"/>
          <testcase name="it rejects debug side effects from all application functions and controllers with data set &quot;('E:\laragon\www\inventory\app\…ce.php') #13&quot;" file="tests\Unit\Architecture\ApplicationFunctionCoverageTest.php::it rejects debug side effects from all application functions and controllers with data set &quot;('E:\laragon\www\inventory\app\…ce.php') #13&quot;" class="Tests\Unit\Architecture\ApplicationFunctionCoverageTest" classname="Tests.Unit.Architecture.ApplicationFunctionCoverageTest" assertions="2" time="0.046411"/>
          <testcase name="it rejects debug side effects from all application functions and controllers with data set &quot;('E:\laragon\www\inventory\app\…er.php') #94&quot;" file="tests\Unit\Architecture\ApplicationFunctionCoverageTest.php::it rejects debug side effects from all application functions and controllers with data set &quot;('E:\laragon\www\inventory\app\…er.php') #94&quot;" class="Tests\Unit\Architecture\ApplicationFunctionCoverageTest" classname="Tests.Unit.Architecture.ApplicationFunctionCoverageTest" assertions="2" time="0.047499"/>
          <testcase name="it rejects debug side effects from all application functions and controllers with data set &quot;('E:\laragon\www\inventory\app\…ce.php') #14&quot;" file="tests\Unit\Architecture\ApplicationFunctionCoverageTest.php::it rejects debug side effects from all application functions and controllers with data set &quot;('E:\laragon\www\inventory\app\…ce.php') #14&quot;" class="Tests\Unit\Architecture\ApplicationFunctionCoverageTest" classname="Tests.Unit.Architecture.ApplicationFunctionCoverageTest" assertions="2" time="0.059288"/>
          <testcase name="it rejects debug side effects from all application functions and controllers with data set &quot;('E:\laragon\www\inventory\app\…er.php') #95&quot;" file="tests\Unit\Architecture\ApplicationFunctionCoverageTest.php::it rejects debug side effects from all application functions and controllers with data set &quot;('E:\laragon\www\inventory\app\…er.php') #95&quot;" class="Tests\Unit\Architecture\ApplicationFunctionCoverageTest" classname="Tests.Unit.Architecture.ApplicationFunctionCoverageTest" assertions="2" time="0.055483"/>
          <testcase name="it rejects debug side effects from all application functions and controllers with data set &quot;('E:\laragon\www\inventory\app\…ce.php') #15&quot;" file="tests\Unit\Architecture\ApplicationFunctionCoverageTest.php::it rejects debug side effects from all application functions and controllers with data set &quot;('E:\laragon\www\inventory\app\…ce.php') #15&quot;" class="Tests\Unit\Architecture\ApplicationFunctionCoverageTest" classname="Tests.Unit.Architecture.ApplicationFunctionCoverageTest" assertions="2" time="0.047077"/>
          <testcase name="it rejects debug side effects from all application functions and controllers with data set &quot;('E:\laragon\www\inventory\app\…ce.php') #16&quot;" file="tests\Unit\Architecture\ApplicationFunctionCoverageTest.php::it rejects debug side effects from all application functions and controllers with data set &quot;('E:\laragon\www\inventory\app\…ce.php') #16&quot;" class="Tests\Unit\Architecture\ApplicationFunctionCoverageTest" classname="Tests.Unit.Architecture.ApplicationFunctionCoverageTest" assertions="2" time="0.050106"/>
          <testcase name="it rejects debug side effects from all application functions and controllers with data set &quot;('E:\laragon\www\inventory\app\…ce.php') #17&quot;" file="tests\Unit\Architecture\ApplicationFunctionCoverageTest.php::it rejects debug side effects from all application functions and controllers with data set &quot;('E:\laragon\www\inventory\app\…ce.php') #17&quot;" class="Tests\Unit\Architecture\ApplicationFunctionCoverageTest" classname="Tests.Unit.Architecture.ApplicationFunctionCoverageTest" assertions="2" time="0.046705"/>
          <testcase name="it rejects debug side effects from all application functions and controllers with data set &quot;('E:\laragon\www\inventory\app\…ce.php') #18&quot;" file="tests\Unit\Architecture\ApplicationFunctionCoverageTest.php::it rejects debug side effects from all application functions and controllers with data set &quot;('E:\laragon\www\inventory\app\…ce.php') #18&quot;" class="Tests\Unit\Architecture\ApplicationFunctionCoverageTest" classname="Tests.Unit.Architecture.ApplicationFunctionCoverageTest" assertions="2" time="0.047102"/>
          <testcase name="it rejects debug side effects from all application functions and controllers with data set &quot;('E:\laragon\www\inventory\app\…ce.php') #19&quot;" file="tests\Unit\Architecture\ApplicationFunctionCoverageTest.php::it rejects debug side effects from all application functions and controllers with data set &quot;('E:\laragon\www\inventory\app\…ce.php') #19&quot;" class="Tests\Unit\Architecture\ApplicationFunctionCoverageTest" classname="Tests.Unit.Architecture.ApplicationFunctionCoverageTest" assertions="2" time="0.047214"/>
          <testcase name="it rejects debug side effects from all application functions and controllers with data set &quot;('E:\laragon\www\inventory\app\…ce.php') #20&quot;" file="tests\Unit\Architecture\ApplicationFunctionCoverageTest.php::it rejects debug side effects from all application functions and controllers with data set &quot;('E:\laragon\www\inventory\app\…ce.php') #20&quot;" class="Tests\Unit\Architecture\ApplicationFunctionCoverageTest" classname="Tests.Unit.Architecture.ApplicationFunctionCoverageTest" assertions="2" time="0.051405"/>
          <testcase name="it rejects debug side effects from all application functions and controllers with data set &quot;('E:\laragon\www\inventory\app\…ce.php') #21&quot;" file="tests\Unit\Architecture\ApplicationFunctionCoverageTest.php::it rejects debug side effects from all application functions and controllers with data set &quot;('E:\laragon\www\inventory\app\…ce.php') #21&quot;" class="Tests\Unit\Architecture\ApplicationFunctionCoverageTest" classname="Tests.Unit.Architecture.ApplicationFunctionCoverageTest" assertions="2" time="0.052166"/>
          <testcase name="it rejects debug side effects from all application functions and controllers with data set &quot;('E:\laragon\www\inventory\app\…or.php') #2&quot;" file="tests\Unit\Architecture\ApplicationFunctionCoverageTest.php::it rejects debug side effects from all application functions and controllers with data set &quot;('E:\laragon\www\inventory\app\…or.php') #2&quot;" class="Tests\Unit\Architecture\ApplicationFunctionCoverageTest" classname="Tests.Unit.Architecture.ApplicationFunctionCoverageTest" assertions="2" time="0.047956"/>
          <testcase name="it rejects debug side effects from all application functions and controllers with data set &quot;('E:\laragon\www\inventory\app\…ey.php')&quot;" file="tests\Unit\Architecture\ApplicationFunctionCoverageTest.php::it rejects debug side effects from all application functions and controllers with data set &quot;('E:\laragon\www\inventory\app\…ey.php')&quot;" class="Tests\Unit\Architecture\ApplicationFunctionCoverageTest" classname="Tests.Unit.Architecture.ApplicationFunctionCoverageTest" assertions="2" time="0.048565"/>
          <testcase name="it rejects debug side effects from all application functions and controllers with data set &quot;('E:\laragon\www\inventory\app\…ce.php') #22&quot;" file="tests\Unit\Architecture\ApplicationFunctionCoverageTest.php::it rejects debug side effects from all application functions and controllers with data set &quot;('E:\laragon\www\inventory\app\…ce.php') #22&quot;" class="Tests\Unit\Architecture\ApplicationFunctionCoverageTest" classname="Tests.Unit.Architecture.ApplicationFunctionCoverageTest" assertions="2" time="0.049155"/>
          <testcase name="it rejects debug side effects from all application functions and controllers with data set &quot;('E:\laragon\www\inventory\app\…er.php') #96&quot;" file="tests\Unit\Architecture\ApplicationFunctionCoverageTest.php::it rejects debug side effects from all application functions and controllers with data set &quot;('E:\laragon\www\inventory\app\…er.php') #96&quot;" class="Tests\Unit\Architecture\ApplicationFunctionCoverageTest" classname="Tests.Unit.Architecture.ApplicationFunctionCoverageTest" assertions="2" time="0.051749"/>
          <testcase name="it rejects debug side effects from all application functions and controllers with data set &quot;('E:\laragon\www\inventory\app\…ce.php') #23&quot;" file="tests\Unit\Architecture\ApplicationFunctionCoverageTest.php::it rejects debug side effects from all application functions and controllers with data set &quot;('E:\laragon\www\inventory\app\…ce.php') #23&quot;" class="Tests\Unit\Architecture\ApplicationFunctionCoverageTest" classname="Tests.Unit.Architecture.ApplicationFunctionCoverageTest" assertions="2" time="0.051905"/>
          <testcase name="it rejects debug side effects from all application functions and controllers with data set &quot;('E:\laragon\www\inventory\app\…ce.php') #24&quot;" file="tests\Unit\Architecture\ApplicationFunctionCoverageTest.php::it rejects debug side effects from all application functions and controllers with data set &quot;('E:\laragon\www\inventory\app\…ce.php') #24&quot;" class="Tests\Unit\Architecture\ApplicationFunctionCoverageTest" classname="Tests.Unit.Architecture.ApplicationFunctionCoverageTest" assertions="2" time="0.051790"/>
          <testcase name="it rejects debug side effects from all application functions and controllers with data set &quot;('E:\laragon\www\inventory\app\…ce.php') #25&quot;" file="tests\Unit\Architecture\ApplicationFunctionCoverageTest.php::it rejects debug side effects from all application functions and controllers with data set &quot;('E:\laragon\www\inventory\app\…ce.php') #25&quot;" class="Tests\Unit\Architecture\ApplicationFunctionCoverageTest" classname="Tests.Unit.Architecture.ApplicationFunctionCoverageTest" assertions="2" time="0.061969"/>
          <testcase name="it rejects debug side effects from all application functions and controllers with data set &quot;('E:\laragon\www\inventory\app\…er.php') #97&quot;" file="tests\Unit\Architecture\ApplicationFunctionCoverageTest.php::it rejects debug side effects from all application functions and controllers with data set &quot;('E:\laragon\www\inventory\app\…er.php') #97&quot;" class="Tests\Unit\Architecture\ApplicationFunctionCoverageTest" classname="Tests.Unit.Architecture.ApplicationFunctionCoverageTest" assertions="2" time="0.055733"/>
          <testcase name="it rejects debug side effects from all application functions and controllers with data set &quot;('E:\laragon\www\inventory\app\…ce.php') #26&quot;" file="tests\Unit\Architecture\ApplicationFunctionCoverageTest.php::it rejects debug side effects from all application functions and controllers with data set &quot;('E:\laragon\www\inventory\app\…ce.php') #26&quot;" class="Tests\Unit\Architecture\ApplicationFunctionCoverageTest" classname="Tests.Unit.Architecture.ApplicationFunctionCoverageTest" assertions="2" time="0.054169"/>
          <testcase name="it rejects debug side effects from all application functions and controllers with data set &quot;('E:\laragon\www\inventory\app\…ce.php') #27&quot;" file="tests\Unit\Architecture\ApplicationFunctionCoverageTest.php::it rejects debug side effects from all application functions and controllers with data set &quot;('E:\laragon\www\inventory\app\…ce.php') #27&quot;" class="Tests\Unit\Architecture\ApplicationFunctionCoverageTest" classname="Tests.Unit.Architecture.ApplicationFunctionCoverageTest" assertions="2" time="0.064108"/>
          <testcase name="it rejects debug side effects from all application functions and controllers with data set &quot;('E:\laragon\www\inventory\app\…ce.php') #28&quot;" file="tests\Unit\Architecture\ApplicationFunctionCoverageTest.php::it rejects debug side effects from all application functions and controllers with data set &quot;('E:\laragon\www\inventory\app\…ce.php') #28&quot;" class="Tests\Unit\Architecture\ApplicationFunctionCoverageTest" classname="Tests.Unit.Architecture.ApplicationFunctionCoverageTest" assertions="2" time="0.058212"/>
          <testcase name="it rejects debug side effects from all application functions and controllers with data set &quot;('E:\laragon\www\inventory\app\…ce.php') #29&quot;" file="tests\Unit\Architecture\ApplicationFunctionCoverageTest.php::it rejects debug side effects from all application functions and controllers with data set &quot;('E:\laragon\www\inventory\app\…ce.php') #29&quot;" class="Tests\Unit\Architecture\ApplicationFunctionCoverageTest" classname="Tests.Unit.Architecture.ApplicationFunctionCoverageTest" assertions="2" time="0.050728"/>
          <testcase name="it rejects debug side effects from all application functions and controllers with data set &quot;('E:\laragon\www\inventory\app\…ce.php') #30&quot;" file="tests\Unit\Architecture\ApplicationFunctionCoverageTest.php::it rejects debug side effects from all application functions and controllers with data set &quot;('E:\laragon\www\inventory\app\…ce.php') #30&quot;" class="Tests\Unit\Architecture\ApplicationFunctionCoverageTest" classname="Tests.Unit.Architecture.ApplicationFunctionCoverageTest" assertions="2" time="0.052731"/>
          <testcase name="it rejects debug side effects from all application functions and controllers with data set &quot;('E:\laragon\www\inventory\app\…et.php') #3&quot;" file="tests\Unit\Architecture\ApplicationFunctionCoverageTest.php::it rejects debug side effects from all application functions and controllers with data set &quot;('E:\laragon\www\inventory\app\…et.php') #3&quot;" class="Tests\Unit\Architecture\ApplicationFunctionCoverageTest" classname="Tests.Unit.Architecture.ApplicationFunctionCoverageTest" assertions="2" time="0.058167"/>
          <testcase name="it rejects debug side effects from all application functions and controllers with data set &quot;('E:\laragon\www\inventory\app\…ce.php') #31&quot;" file="tests\Unit\Architecture\ApplicationFunctionCoverageTest.php::it rejects debug side effects from all application functions and controllers with data set &quot;('E:\laragon\www\inventory\app\…ce.php') #31&quot;" class="Tests\Unit\Architecture\ApplicationFunctionCoverageTest" classname="Tests.Unit.Architecture.ApplicationFunctionCoverageTest" assertions="2" time="0.055127"/>
          <testcase name="it rejects debug side effects from all application functions and controllers with data set &quot;('E:\laragon\www\inventory\app\…er.php') #98&quot;" file="tests\Unit\Architecture\ApplicationFunctionCoverageTest.php::it rejects debug side effects from all application functions and controllers with data set &quot;('E:\laragon\www\inventory\app\…er.php') #98&quot;" class="Tests\Unit\Architecture\ApplicationFunctionCoverageTest" classname="Tests.Unit.Architecture.ApplicationFunctionCoverageTest" assertions="2" time="0.052606"/>
          <testcase name="it rejects debug side effects from all application functions and controllers with data set &quot;('E:\laragon\www\inventory\app\…nt.php') #19&quot;" file="tests\Unit\Architecture\ApplicationFunctionCoverageTest.php::it rejects debug side effects from all application functions and controllers with data set &quot;('E:\laragon\www\inventory\app\…nt.php') #19&quot;" class="Tests\Unit\Architecture\ApplicationFunctionCoverageTest" classname="Tests.Unit.Architecture.ApplicationFunctionCoverageTest" assertions="2" time="0.051288"/>
          <testcase name="it rejects debug side effects from all application functions and controllers with data set &quot;('E:\laragon\www\inventory\app\…ce.php') #32&quot;" file="tests\Unit\Architecture\ApplicationFunctionCoverageTest.php::it rejects debug side effects from all application functions and controllers with data set &quot;('E:\laragon\www\inventory\app\…ce.php') #32&quot;" class="Tests\Unit\Architecture\ApplicationFunctionCoverageTest" classname="Tests.Unit.Architecture.ApplicationFunctionCoverageTest" assertions="2" time="0.054540"/>
          <testcase name="it rejects debug side effects from all application functions and controllers with data set &quot;('E:\laragon\www\inventory\app\…ce.php') #33&quot;" file="tests\Unit\Architecture\ApplicationFunctionCoverageTest.php::it rejects debug side effects from all application functions and controllers with data set &quot;('E:\laragon\www\inventory\app\…ce.php') #33&quot;" class="Tests\Unit\Architecture\ApplicationFunctionCoverageTest" classname="Tests.Unit.Architecture.ApplicationFunctionCoverageTest" assertions="2" time="0.052107"/>
          <testcase name="it rejects debug side effects from all application functions and controllers with data set &quot;('E:\laragon\www\inventory\app\…ce.php') #34&quot;" file="tests\Unit\Architecture\ApplicationFunctionCoverageTest.php::it rejects debug side effects from all application functions and controllers with data set &quot;('E:\laragon\www\inventory\app\…ce.php') #34&quot;" class="Tests\Unit\Architecture\ApplicationFunctionCoverageTest" classname="Tests.Unit.Architecture.ApplicationFunctionCoverageTest" assertions="2" time="0.058901"/>
          <testcase name="it rejects debug side effects from all application functions and controllers with data set &quot;('E:\laragon\www\inventory\app\…er.php') #99&quot;" file="tests\Unit\Architecture\ApplicationFunctionCoverageTest.php::it rejects debug side effects from all application functions and controllers with data set &quot;('E:\laragon\www\inventory\app\…er.php') #99&quot;" class="Tests\Unit\Architecture\ApplicationFunctionCoverageTest" classname="Tests.Unit.Architecture.ApplicationFunctionCoverageTest" assertions="2" time="0.069205"/>
          <testcase name="it rejects debug side effects from all application functions and controllers with data set &quot;('E:\laragon\www\inventory\app\…er.php') #100&quot;" file="tests\Unit\Architecture\ApplicationFunctionCoverageTest.php::it rejects debug side effects from all application functions and controllers with data set &quot;('E:\laragon\www\inventory\app\…er.php') #100&quot;" class="Tests\Unit\Architecture\ApplicationFunctionCoverageTest" classname="Tests.Unit.Architecture.ApplicationFunctionCoverageTest" assertions="2" time="0.052185"/>
          <testcase name="it rejects debug side effects from all application functions and controllers with data set &quot;('E:\laragon\www\inventory\app\…ce.php') #35&quot;" file="tests\Unit\Architecture\ApplicationFunctionCoverageTest.php::it rejects debug side effects from all application functions and controllers with data set &quot;('E:\laragon\www\inventory\app\…ce.php') #35&quot;" class="Tests\Unit\Architecture\ApplicationFunctionCoverageTest" classname="Tests.Unit.Architecture.ApplicationFunctionCoverageTest" assertions="2" time="0.050963"/>
          <testcase name="it rejects debug side effects from all application functions and controllers with data set &quot;('E:\laragon\www\inventory\app\…er.php') #101&quot;" file="tests\Unit\Architecture\ApplicationFunctionCoverageTest.php::it rejects debug side effects from all application functions and controllers with data set &quot;('E:\laragon\www\inventory\app\…er.php') #101&quot;" class="Tests\Unit\Architecture\ApplicationFunctionCoverageTest" classname="Tests.Unit.Architecture.ApplicationFunctionCoverageTest" assertions="2" time="0.052004"/>
          <testcase name="it rejects debug side effects from all application functions and controllers with data set &quot;('E:\laragon\www\inventory\app\…er.php') #102&quot;" file="tests\Unit\Architecture\ApplicationFunctionCoverageTest.php::it rejects debug side effects from all application functions and controllers with data set &quot;('E:\laragon\www\inventory\app\…er.php') #102&quot;" class="Tests\Unit\Architecture\ApplicationFunctionCoverageTest" classname="Tests.Unit.Architecture.ApplicationFunctionCoverageTest" assertions="2" time="0.056838"/>
          <testcase name="it rejects debug side effects from all application functions and controllers with data set &quot;('E:\laragon\www\inventory\app\…ce.php') #36&quot;" file="tests\Unit\Architecture\ApplicationFunctionCoverageTest.php::it rejects debug side effects from all application functions and controllers with data set &quot;('E:\laragon\www\inventory\app\…ce.php') #36&quot;" class="Tests\Unit\Architecture\ApplicationFunctionCoverageTest" classname="Tests.Unit.Architecture.ApplicationFunctionCoverageTest" assertions="2" time="0.048947"/>
          <testcase name="it rejects debug side effects from all application functions and controllers with data set &quot;('E:\laragon\www\inventory\app\…ce.php') #37&quot;" file="tests\Unit\Architecture\ApplicationFunctionCoverageTest.php::it rejects debug side effects from all application functions and controllers with data set &quot;('E:\laragon\www\inventory\app\…ce.php') #37&quot;" class="Tests\Unit\Architecture\ApplicationFunctionCoverageTest" classname="Tests.Unit.Architecture.ApplicationFunctionCoverageTest" assertions="2" time="0.051373"/>
          <testcase name="it rejects debug side effects from all application functions and controllers with data set &quot;('E:\laragon\www\inventory\app\…ce.php') #38&quot;" file="tests\Unit\Architecture\ApplicationFunctionCoverageTest.php::it rejects debug side effects from all application functions and controllers with data set &quot;('E:\laragon\www\inventory\app\…ce.php') #38&quot;" class="Tests\Unit\Architecture\ApplicationFunctionCoverageTest" classname="Tests.Unit.Architecture.ApplicationFunctionCoverageTest" assertions="2" time="0.064070"/>
          <testcase name="it rejects debug side effects from all application functions and controllers with data set &quot;('E:\laragon\www\inventory\app\…ce.php') #39&quot;" file="tests\Unit\Architecture\ApplicationFunctionCoverageTest.php::it rejects debug side effects from all application functions and controllers with data set &quot;('E:\laragon\www\inventory\app\…ce.php') #39&quot;" class="Tests\Unit\Architecture\ApplicationFunctionCoverageTest" classname="Tests.Unit.Architecture.ApplicationFunctionCoverageTest" assertions="2" time="0.057317"/>
          <testcase name="it rejects debug side effects from all application functions and controllers with data set &quot;('E:\laragon\www\inventory\app\…ce.php') #40&quot;" file="tests\Unit\Architecture\ApplicationFunctionCoverageTest.php::it rejects debug side effects from all application functions and controllers with data set &quot;('E:\laragon\www\inventory\app\…ce.php') #40&quot;" class="Tests\Unit\Architecture\ApplicationFunctionCoverageTest" classname="Tests.Unit.Architecture.ApplicationFunctionCoverageTest" assertions="2" time="0.060918"/>
          <testcase name="it rejects debug side effects from all application functions and controllers with data set &quot;('E:\laragon\www\inventory\app\…ce.php') #41&quot;" file="tests\Unit\Architecture\ApplicationFunctionCoverageTest.php::it rejects debug side effects from all application functions and controllers with data set &quot;('E:\laragon\www\inventory\app\…ce.php') #41&quot;" class="Tests\Unit\Architecture\ApplicationFunctionCoverageTest" classname="Tests.Unit.Architecture.ApplicationFunctionCoverageTest" assertions="2" time="0.064577"/>
          <testcase name="it rejects debug side effects from all application functions and controllers with data set &quot;('E:\laragon\www\inventory\app\…ce.php') #42&quot;" file="tests\Unit\Architecture\ApplicationFunctionCoverageTest.php::it rejects debug side effects from all application functions and controllers with data set &quot;('E:\laragon\www\inventory\app\…ce.php') #42&quot;" class="Tests\Unit\Architecture\ApplicationFunctionCoverageTest" classname="Tests.Unit.Architecture.ApplicationFunctionCoverageTest" assertions="2" time="0.056271"/>
          <testcase name="it rejects debug side effects from all application functions and controllers with data set &quot;('E:\laragon\www\inventory\app\…ce.php') #43&quot;" file="tests\Unit\Architecture\ApplicationFunctionCoverageTest.php::it rejects debug side effects from all application functions and controllers with data set &quot;('E:\laragon\www\inventory\app\…ce.php') #43&quot;" class="Tests\Unit\Architecture\ApplicationFunctionCoverageTest" classname="Tests.Unit.Architecture.ApplicationFunctionCoverageTest" assertions="2" time="0.054687"/>
          <testcase name="it rejects debug side effects from all application functions and controllers with data set &quot;('E:\laragon\www\inventory\app\…ce.php') #44&quot;" file="tests\Unit\Architecture\ApplicationFunctionCoverageTest.php::it rejects debug side effects from all application functions and controllers with data set &quot;('E:\laragon\www\inventory\app\…ce.php') #44&quot;" class="Tests\Unit\Architecture\ApplicationFunctionCoverageTest" classname="Tests.Unit.Architecture.ApplicationFunctionCoverageTest" assertions="2" time="0.056510"/>
          <testcase name="it rejects debug side effects from all application functions and controllers with data set &quot;('E:\laragon\www\inventory\app\…ce.php') #45&quot;" file="tests\Unit\Architecture\ApplicationFunctionCoverageTest.php::it rejects debug side effects from all application functions and controllers with data set &quot;('E:\laragon\www\inventory\app\…ce.php') #45&quot;" class="Tests\Unit\Architecture\ApplicationFunctionCoverageTest" classname="Tests.Unit.Architecture.ApplicationFunctionCoverageTest" assertions="2" time="0.062792"/>
          <testcase name="it rejects debug side effects from all application functions and controllers with data set &quot;('E:\laragon\www\inventory\app\…ce.php') #46&quot;" file="tests\Unit\Architecture\ApplicationFunctionCoverageTest.php::it rejects debug side effects from all application functions and controllers with data set &quot;('E:\laragon\www\inventory\app\…ce.php') #46&quot;" class="Tests\Unit\Architecture\ApplicationFunctionCoverageTest" classname="Tests.Unit.Architecture.ApplicationFunctionCoverageTest" assertions="2" time="0.057389"/>
          <testcase name="it rejects debug side effects from all application functions and controllers with data set &quot;('E:\laragon\www\inventory\app\…ce.php') #47&quot;" file="tests\Unit\Architecture\ApplicationFunctionCoverageTest.php::it rejects debug side effects from all application functions and controllers with data set &quot;('E:\laragon\www\inventory\app\…ce.php') #47&quot;" class="Tests\Unit\Architecture\ApplicationFunctionCoverageTest" classname="Tests.Unit.Architecture.ApplicationFunctionCoverageTest" assertions="2" time="0.052028"/>
          <testcase name="it rejects debug side effects from all application functions and controllers with data set &quot;('E:\laragon\www\inventory\app\…ce.php') #48&quot;" file="tests\Unit\Architecture\ApplicationFunctionCoverageTest.php::it rejects debug side effects from all application functions and controllers with data set &quot;('E:\laragon\www\inventory\app\…ce.php') #48&quot;" class="Tests\Unit\Architecture\ApplicationFunctionCoverageTest" classname="Tests.Unit.Architecture.ApplicationFunctionCoverageTest" assertions="2" time="0.049775"/>
          <testcase name="it rejects debug side effects from all application functions and controllers with data set &quot;('E:\laragon\www\inventory\app\…er.php') #103&quot;" file="tests\Unit\Architecture\ApplicationFunctionCoverageTest.php::it rejects debug side effects from all application functions and controllers with data set &quot;('E:\laragon\www\inventory\app\…er.php') #103&quot;" class="Tests\Unit\Architecture\ApplicationFunctionCoverageTest" classname="Tests.Unit.Architecture.ApplicationFunctionCoverageTest" assertions="2" time="0.050428"/>
          <testcase name="it rejects debug side effects from all application functions and controllers with data set &quot;('E:\laragon\www\inventory\app\…ce.php') #49&quot;" file="tests\Unit\Architecture\ApplicationFunctionCoverageTest.php::it rejects debug side effects from all application functions and controllers with data set &quot;('E:\laragon\www\inventory\app\…ce.php') #49&quot;" class="Tests\Unit\Architecture\ApplicationFunctionCoverageTest" classname="Tests.Unit.Architecture.ApplicationFunctionCoverageTest" assertions="2" time="0.048626"/>
          <testcase name="it rejects debug side effects from all application functions and controllers with data set &quot;('E:\laragon\www\inventory\app\…ce.php') #50&quot;" file="tests\Unit\Architecture\ApplicationFunctionCoverageTest.php::it rejects debug side effects from all application functions and controllers with data set &quot;('E:\laragon\www\inventory\app\…ce.php') #50&quot;" class="Tests\Unit\Architecture\ApplicationFunctionCoverageTest" classname="Tests.Unit.Architecture.ApplicationFunctionCoverageTest" assertions="2" time="0.054134"/>
          <testcase name="it rejects debug side effects from all application functions and controllers with data set &quot;('E:\laragon\www\inventory\app\…ce.php') #51&quot;" file="tests\Unit\Architecture\ApplicationFunctionCoverageTest.php::it rejects debug side effects from all application functions and controllers with data set &quot;('E:\laragon\www\inventory\app\…ce.php') #51&quot;" class="Tests\Unit\Architecture\ApplicationFunctionCoverageTest" classname="Tests.Unit.Architecture.ApplicationFunctionCoverageTest" assertions="2" time="0.059386"/>
          <testcase name="it rejects debug side effects from all application functions and controllers with data set &quot;('E:\laragon\www\inventory\app\…er.php') #104&quot;" file="tests\Unit\Architecture\ApplicationFunctionCoverageTest.php::it rejects debug side effects from all application functions and controllers with data set &quot;('E:\laragon\www\inventory\app\…er.php') #104&quot;" class="Tests\Unit\Architecture\ApplicationFunctionCoverageTest" classname="Tests.Unit.Architecture.ApplicationFunctionCoverageTest" assertions="2" time="0.048623"/>
          <testcase name="it rejects debug side effects from all application functions and controllers with data set &quot;('E:\laragon\www\inventory\app\…ce.php') #52&quot;" file="tests\Unit\Architecture\ApplicationFunctionCoverageTest.php::it rejects debug side effects from all application functions and controllers with data set &quot;('E:\laragon\www\inventory\app\…ce.php') #52&quot;" class="Tests\Unit\Architecture\ApplicationFunctionCoverageTest" classname="Tests.Unit.Architecture.ApplicationFunctionCoverageTest" assertions="2" time="0.050188"/>
          <testcase name="it rejects debug side effects from all application functions and controllers with data set &quot;('E:\laragon\www\inventory\app\…or.php') #3&quot;" file="tests\Unit\Architecture\ApplicationFunctionCoverageTest.php::it rejects debug side effects from all application functions and controllers with data set &quot;('E:\laragon\www\inventory\app\…or.php') #3&quot;" class="Tests\Unit\Architecture\ApplicationFunctionCoverageTest" classname="Tests.Unit.Architecture.ApplicationFunctionCoverageTest" assertions="2" time="0.048610"/>
          <testcase name="it rejects debug side effects from all application functions and controllers with data set &quot;('E:\laragon\www\inventory\app\…ce.php') #53&quot;" file="tests\Unit\Architecture\ApplicationFunctionCoverageTest.php::it rejects debug side effects from all application functions and controllers with data set &quot;('E:\laragon\www\inventory\app\…ce.php') #53&quot;" class="Tests\Unit\Architecture\ApplicationFunctionCoverageTest" classname="Tests.Unit.Architecture.ApplicationFunctionCoverageTest" assertions="2" time="0.044729"/>
          <testcase name="it rejects debug side effects from all application functions and controllers with data set &quot;('E:\laragon\www\inventory\app\…ce.php') #54&quot;" file="tests\Unit\Architecture\ApplicationFunctionCoverageTest.php::it rejects debug side effects from all application functions and controllers with data set &quot;('E:\laragon\www\inventory\app\…ce.php') #54&quot;" class="Tests\Unit\Architecture\ApplicationFunctionCoverageTest" classname="Tests.Unit.Architecture.ApplicationFunctionCoverageTest" assertions="2" time="0.052556"/>
          <testcase name="it rejects debug side effects from all application functions and controllers with data set &quot;('E:\laragon\www\inventory\app\…ce.php') #55&quot;" file="tests\Unit\Architecture\ApplicationFunctionCoverageTest.php::it rejects debug side effects from all application functions and controllers with data set &quot;('E:\laragon\www\inventory\app\…ce.php') #55&quot;" class="Tests\Unit\Architecture\ApplicationFunctionCoverageTest" classname="Tests.Unit.Architecture.ApplicationFunctionCoverageTest" assertions="2" time="0.049797"/>
          <testcase name="it rejects debug side effects from all application functions and controllers with data set &quot;('E:\laragon\www\inventory\app\…ce.php') #56&quot;" file="tests\Unit\Architecture\ApplicationFunctionCoverageTest.php::it rejects debug side effects from all application functions and controllers with data set &quot;('E:\laragon\www\inventory\app\…ce.php') #56&quot;" class="Tests\Unit\Architecture\ApplicationFunctionCoverageTest" classname="Tests.Unit.Architecture.ApplicationFunctionCoverageTest" assertions="2" time="0.059492"/>
          <testcase name="it rejects debug side effects from all application functions and controllers with data set &quot;('E:\laragon\www\inventory\app\…ce.php') #57&quot;" file="tests\Unit\Architecture\ApplicationFunctionCoverageTest.php::it rejects debug side effects from all application functions and controllers with data set &quot;('E:\laragon\www\inventory\app\…ce.php') #57&quot;" class="Tests\Unit\Architecture\ApplicationFunctionCoverageTest" classname="Tests.Unit.Architecture.ApplicationFunctionCoverageTest" assertions="2" time="0.045854"/>
          <testcase name="it rejects debug side effects from all application functions and controllers with data set &quot;('E:\laragon\www\inventory\app\…ce.php') #58&quot;" file="tests\Unit\Architecture\ApplicationFunctionCoverageTest.php::it rejects debug side effects from all application functions and controllers with data set &quot;('E:\laragon\www\inventory\app\…ce.php') #58&quot;" class="Tests\Unit\Architecture\ApplicationFunctionCoverageTest" classname="Tests.Unit.Architecture.ApplicationFunctionCoverageTest" assertions="2" time="0.047516"/>
          <testcase name="it rejects debug side effects from all application functions and controllers with data set &quot;('E:\laragon\www\inventory\app\…ce.php') #59&quot;" file="tests\Unit\Architecture\ApplicationFunctionCoverageTest.php::it rejects debug side effects from all application functions and controllers with data set &quot;('E:\laragon\www\inventory\app\…ce.php') #59&quot;" class="Tests\Unit\Architecture\ApplicationFunctionCoverageTest" classname="Tests.Unit.Architecture.ApplicationFunctionCoverageTest" assertions="2" time="0.049055"/>
          <testcase name="it rejects debug side effects from all application functions and controllers with data set &quot;('E:\laragon\www\inventory\app\…or.php') #4&quot;" file="tests\Unit\Architecture\ApplicationFunctionCoverageTest.php::it rejects debug side effects from all application functions and controllers with data set &quot;('E:\laragon\www\inventory\app\…or.php') #4&quot;" class="Tests\Unit\Architecture\ApplicationFunctionCoverageTest" classname="Tests.Unit.Architecture.ApplicationFunctionCoverageTest" assertions="2" time="0.048744"/>
          <testcase name="it rejects debug side effects from all application functions and controllers with data set &quot;('E:\laragon\www\inventory\app\…ce.php') #60&quot;" file="tests\Unit\Architecture\ApplicationFunctionCoverageTest.php::it rejects debug side effects from all application functions and controllers with data set &quot;('E:\laragon\www\inventory\app\…ce.php') #60&quot;" class="Tests\Unit\Architecture\ApplicationFunctionCoverageTest" classname="Tests.Unit.Architecture.ApplicationFunctionCoverageTest" assertions="2" time="0.051341"/>
          <testcase name="it rejects debug side effects from all application functions and controllers with data set &quot;('E:\laragon\www\inventory\app\…ce.php') #61&quot;" file="tests\Unit\Architecture\ApplicationFunctionCoverageTest.php::it rejects debug side effects from all application functions and controllers with data set &quot;('E:\laragon\www\inventory\app\…ce.php') #61&quot;" class="Tests\Unit\Architecture\ApplicationFunctionCoverageTest" classname="Tests.Unit.Architecture.ApplicationFunctionCoverageTest" assertions="2" time="0.048969"/>
          <testcase name="it rejects debug side effects from all application functions and controllers with data set &quot;('E:\laragon\www\inventory\app\…ce.php') #62&quot;" file="tests\Unit\Architecture\ApplicationFunctionCoverageTest.php::it rejects debug side effects from all application functions and controllers with data set &quot;('E:\laragon\www\inventory\app\…ce.php') #62&quot;" class="Tests\Unit\Architecture\ApplicationFunctionCoverageTest" classname="Tests.Unit.Architecture.ApplicationFunctionCoverageTest" assertions="2" time="0.059917"/>
          <testcase name="it rejects debug side effects from all application functions and controllers with data set &quot;('E:\laragon\www\inventory\app\…ce.php') #63&quot;" file="tests\Unit\Architecture\ApplicationFunctionCoverageTest.php::it rejects debug side effects from all application functions and controllers with data set &quot;('E:\laragon\www\inventory\app\…ce.php') #63&quot;" class="Tests\Unit\Architecture\ApplicationFunctionCoverageTest" classname="Tests.Unit.Architecture.ApplicationFunctionCoverageTest" assertions="2" time="0.051199"/>
          <testcase name="it rejects debug side effects from all application functions and controllers with data set &quot;('E:\laragon\www\inventory\app\…ce.php') #64&quot;" file="tests\Unit\Architecture\ApplicationFunctionCoverageTest.php::it rejects debug side effects from all application functions and controllers with data set &quot;('E:\laragon\www\inventory\app\…ce.php') #64&quot;" class="Tests\Unit\Architecture\ApplicationFunctionCoverageTest" classname="Tests.Unit.Architecture.ApplicationFunctionCoverageTest" assertions="2" time="0.051235"/>
          <testcase name="it rejects debug side effects from all application functions and controllers with data set &quot;('E:\laragon\www\inventory\app\…ce.php') #65&quot;" file="tests\Unit\Architecture\ApplicationFunctionCoverageTest.php::it rejects debug side effects from all application functions and controllers with data set &quot;('E:\laragon\www\inventory\app\…ce.php') #65&quot;" class="Tests\Unit\Architecture\ApplicationFunctionCoverageTest" classname="Tests.Unit.Architecture.ApplicationFunctionCoverageTest" assertions="2" time="0.050666"/>
          <testcase name="it rejects debug side effects from all application functions and controllers with data set &quot;('E:\laragon\www\inventory\app\…rt.php') #7&quot;" file="tests\Unit\Architecture\ApplicationFunctionCoverageTest.php::it rejects debug side effects from all application functions and controllers with data set &quot;('E:\laragon\www\inventory\app\…rt.php') #7&quot;" class="Tests\Unit\Architecture\ApplicationFunctionCoverageTest" classname="Tests.Unit.Architecture.ApplicationFunctionCoverageTest" assertions="2" time="0.048583"/>
          <testcase name="it rejects debug side effects from all application functions and controllers with data set &quot;('E:\laragon\www\inventory\app\…ce.php') #66&quot;" file="tests\Unit\Architecture\ApplicationFunctionCoverageTest.php::it rejects debug side effects from all application functions and controllers with data set &quot;('E:\laragon\www\inventory\app\…ce.php') #66&quot;" class="Tests\Unit\Architecture\ApplicationFunctionCoverageTest" classname="Tests.Unit.Architecture.ApplicationFunctionCoverageTest" assertions="2" time="0.050436"/>
          <testcase name="it rejects debug side effects from all application functions and controllers with data set &quot;('E:\laragon\www\inventory\app\…ce.php') #67&quot;" file="tests\Unit\Architecture\ApplicationFunctionCoverageTest.php::it rejects debug side effects from all application functions and controllers with data set &quot;('E:\laragon\www\inventory\app\…ce.php') #67&quot;" class="Tests\Unit\Architecture\ApplicationFunctionCoverageTest" classname="Tests.Unit.Architecture.ApplicationFunctionCoverageTest" assertions="2" time="0.049791"/>
          <testcase name="it rejects debug side effects from all application functions and controllers with data set &quot;('E:\laragon\www\inventory\app\…ce.php') #68&quot;" file="tests\Unit\Architecture\ApplicationFunctionCoverageTest.php::it rejects debug side effects from all application functions and controllers with data set &quot;('E:\laragon\www\inventory\app\…ce.php') #68&quot;" class="Tests\Unit\Architecture\ApplicationFunctionCoverageTest" classname="Tests.Unit.Architecture.ApplicationFunctionCoverageTest" assertions="2" time="0.061674"/>
          <testcase name="it rejects debug side effects from all application functions and controllers with data set &quot;('E:\laragon\www\inventory\app\…ce.php') #69&quot;" file="tests\Unit\Architecture\ApplicationFunctionCoverageTest.php::it rejects debug side effects from all application functions and controllers with data set &quot;('E:\laragon\www\inventory\app\…ce.php') #69&quot;" class="Tests\Unit\Architecture\ApplicationFunctionCoverageTest" classname="Tests.Unit.Architecture.ApplicationFunctionCoverageTest" assertions="2" time="0.049252"/>
          <testcase name="it rejects debug side effects from all application functions and controllers with data set &quot;('E:\laragon\www\inventory\app\…ce.php') #70&quot;" file="tests\Unit\Architecture\ApplicationFunctionCoverageTest.php::it rejects debug side effects from all application functions and controllers with data set &quot;('E:\laragon\www\inventory\app\…ce.php') #70&quot;" class="Tests\Unit\Architecture\ApplicationFunctionCoverageTest" classname="Tests.Unit.Architecture.ApplicationFunctionCoverageTest" assertions="2" time="0.053147"/>
          <testcase name="it rejects debug side effects from all application functions and controllers with data set &quot;('E:\laragon\www\inventory\app\…ce.php') #71&quot;" file="tests\Unit\Architecture\ApplicationFunctionCoverageTest.php::it rejects debug side effects from all application functions and controllers with data set &quot;('E:\laragon\www\inventory\app\…ce.php') #71&quot;" class="Tests\Unit\Architecture\ApplicationFunctionCoverageTest" classname="Tests.Unit.Architecture.ApplicationFunctionCoverageTest" assertions="2" time="0.051781"/>
          <testcase name="it rejects debug side effects from all application functions and controllers with data set &quot;('E:\laragon\www\inventory\app\…ce.php') #72&quot;" file="tests\Unit\Architecture\ApplicationFunctionCoverageTest.php::it rejects debug side effects from all application functions and controllers with data set &quot;('E:\laragon\www\inventory\app\…ce.php') #72&quot;" class="Tests\Unit\Architecture\ApplicationFunctionCoverageTest" classname="Tests.Unit.Architecture.ApplicationFunctionCoverageTest" assertions="2" time="0.054823"/>
          <testcase name="it rejects debug side effects from all application functions and controllers with data set &quot;('E:\laragon\www\inventory\app\…ce.php') #73&quot;" file="tests\Unit\Architecture\ApplicationFunctionCoverageTest.php::it rejects debug side effects from all application functions and controllers with data set &quot;('E:\laragon\www\inventory\app\…ce.php') #73&quot;" class="Tests\Unit\Architecture\ApplicationFunctionCoverageTest" classname="Tests.Unit.Architecture.ApplicationFunctionCoverageTest" assertions="2" time="0.051637"/>
          <testcase name="it rejects debug side effects from all application functions and controllers with data set &quot;('E:\laragon\www\inventory\app\…ce.php') #74&quot;" file="tests\Unit\Architecture\ApplicationFunctionCoverageTest.php::it rejects debug side effects from all application functions and controllers with data set &quot;('E:\laragon\www\inventory\app\…ce.php') #74&quot;" class="Tests\Unit\Architecture\ApplicationFunctionCoverageTest" classname="Tests.Unit.Architecture.ApplicationFunctionCoverageTest" assertions="2" time="0.047375"/>
          <testcase name="it rejects debug side effects from all application functions and controllers with data set &quot;('E:\laragon\www\inventory\app\…cy.php') #1&quot;" file="tests\Unit\Architecture\ApplicationFunctionCoverageTest.php::it rejects debug side effects from all application functions and controllers with data set &quot;('E:\laragon\www\inventory\app\…cy.php') #1&quot;" class="Tests\Unit\Architecture\ApplicationFunctionCoverageTest" classname="Tests.Unit.Architecture.ApplicationFunctionCoverageTest" assertions="2" time="0.059233"/>
          <testcase name="it rejects debug side effects from all application functions and controllers with data set &quot;('E:\laragon\www\inventory\app\…er.php') #105&quot;" file="tests\Unit\Architecture\ApplicationFunctionCoverageTest.php::it rejects debug side effects from all application functions and controllers with data set &quot;('E:\laragon\www\inventory\app\…er.php') #105&quot;" class="Tests\Unit\Architecture\ApplicationFunctionCoverageTest" classname="Tests.Unit.Architecture.ApplicationFunctionCoverageTest" assertions="2" time="0.054151"/>
          <testcase name="it rejects debug side effects from all application functions and controllers with data set &quot;('E:\laragon\www\inventory\app\…er.php') #106&quot;" file="tests\Unit\Architecture\ApplicationFunctionCoverageTest.php::it rejects debug side effects from all application functions and controllers with data set &quot;('E:\laragon\www\inventory\app\…er.php') #106&quot;" class="Tests\Unit\Architecture\ApplicationFunctionCoverageTest" classname="Tests.Unit.Architecture.ApplicationFunctionCoverageTest" assertions="2" time="0.050344"/>
          <testcase name="it rejects debug side effects from all application functions and controllers with data set &quot;('E:\laragon\www\inventory\app\…ce.php') #75&quot;" file="tests\Unit\Architecture\ApplicationFunctionCoverageTest.php::it rejects debug side effects from all application functions and controllers with data set &quot;('E:\laragon\www\inventory\app\…ce.php') #75&quot;" class="Tests\Unit\Architecture\ApplicationFunctionCoverageTest" classname="Tests.Unit.Architecture.ApplicationFunctionCoverageTest" assertions="2" time="0.048325"/>
          <testcase name="it rejects debug side effects from all application functions and controllers with data set &quot;('E:\laragon\www\inventory\app\…ce.php') #76&quot;" file="tests\Unit\Architecture\ApplicationFunctionCoverageTest.php::it rejects debug side effects from all application functions and controllers with data set &quot;('E:\laragon\www\inventory\app\…ce.php') #76&quot;" class="Tests\Unit\Architecture\ApplicationFunctionCoverageTest" classname="Tests.Unit.Architecture.ApplicationFunctionCoverageTest" assertions="2" time="0.050720"/>
          <testcase name="it rejects debug side effects from all application functions and controllers with data set &quot;('E:\laragon\www\inventory\app\…ce.php') #77&quot;" file="tests\Unit\Architecture\ApplicationFunctionCoverageTest.php::it rejects debug side effects from all application functions and controllers with data set &quot;('E:\laragon\www\inventory\app\…ce.php') #77&quot;" class="Tests\Unit\Architecture\ApplicationFunctionCoverageTest" classname="Tests.Unit.Architecture.ApplicationFunctionCoverageTest" assertions="2" time="0.049241"/>
          <testcase name="it rejects debug side effects from all application functions and controllers with data set &quot;('E:\laragon\www\inventory\app\…rd.php')&quot;" file="tests\Unit\Architecture\ApplicationFunctionCoverageTest.php::it rejects debug side effects from all application functions and controllers with data set &quot;('E:\laragon\www\inventory\app\…rd.php')&quot;" class="Tests\Unit\Architecture\ApplicationFunctionCoverageTest" classname="Tests.Unit.Architecture.ApplicationFunctionCoverageTest" assertions="2" time="0.048422"/>
          <testcase name="it rejects debug side effects from all application functions and controllers with data set &quot;('E:\laragon\www\inventory\app\…lt.php') #3&quot;" file="tests\Unit\Architecture\ApplicationFunctionCoverageTest.php::it rejects debug side effects from all application functions and controllers with data set &quot;('E:\laragon\www\inventory\app\…lt.php') #3&quot;" class="Tests\Unit\Architecture\ApplicationFunctionCoverageTest" classname="Tests.Unit.Architecture.ApplicationFunctionCoverageTest" assertions="2" time="0.064416"/>
          <testcase name="it rejects debug side effects from all application functions and controllers with data set &quot;('E:\laragon\www\inventory\app\…ce.php') #78&quot;" file="tests\Unit\Architecture\ApplicationFunctionCoverageTest.php::it rejects debug side effects from all application functions and controllers with data set &quot;('E:\laragon\www\inventory\app\…ce.php') #78&quot;" class="Tests\Unit\Architecture\ApplicationFunctionCoverageTest" classname="Tests.Unit.Architecture.ApplicationFunctionCoverageTest" assertions="2" time="0.052763"/>
          <testcase name="it rejects debug side effects from all application functions and controllers with data set &quot;('E:\laragon\www\inventory\app\…ce.php') #79&quot;" file="tests\Unit\Architecture\ApplicationFunctionCoverageTest.php::it rejects debug side effects from all application functions and controllers with data set &quot;('E:\laragon\www\inventory\app\…ce.php') #79&quot;" class="Tests\Unit\Architecture\ApplicationFunctionCoverageTest" classname="Tests.Unit.Architecture.ApplicationFunctionCoverageTest" assertions="2" time="0.053113"/>
          <testcase name="it rejects debug side effects from all application functions and controllers with data set &quot;('E:\laragon\www\inventory\app\…ce.php') #80&quot;" file="tests\Unit\Architecture\ApplicationFunctionCoverageTest.php::it rejects debug side effects from all application functions and controllers with data set &quot;('E:\laragon\www\inventory\app\…ce.php') #80&quot;" class="Tests\Unit\Architecture\ApplicationFunctionCoverageTest" classname="Tests.Unit.Architecture.ApplicationFunctionCoverageTest" assertions="2" time="0.051052"/>
          <testcase name="it rejects debug side effects from all application functions and controllers with data set &quot;('E:\laragon\www\inventory\app\…ce.php') #81&quot;" file="tests\Unit\Architecture\ApplicationFunctionCoverageTest.php::it rejects debug side effects from all application functions and controllers with data set &quot;('E:\laragon\www\inventory\app\…ce.php') #81&quot;" class="Tests\Unit\Architecture\ApplicationFunctionCoverageTest" classname="Tests.Unit.Architecture.ApplicationFunctionCoverageTest" assertions="2" time="0.052630"/>
          <testcase name="it rejects debug side effects from all application functions and controllers with data set &quot;('E:\laragon\www\inventory\app\…ce.php') #82&quot;" file="tests\Unit\Architecture\ApplicationFunctionCoverageTest.php::it rejects debug side effects from all application functions and controllers with data set &quot;('E:\laragon\www\inventory\app\…ce.php') #82&quot;" class="Tests\Unit\Architecture\ApplicationFunctionCoverageTest" classname="Tests.Unit.Architecture.ApplicationFunctionCoverageTest" assertions="2" time="0.047252"/>
          <testcase name="it rejects debug side effects from all application functions and controllers with data set &quot;('E:\laragon\www\inventory\app\…ce.php') #83&quot;" file="tests\Unit\Architecture\ApplicationFunctionCoverageTest.php::it rejects debug side effects from all application functions and controllers with data set &quot;('E:\laragon\www\inventory\app\…ce.php') #83&quot;" class="Tests\Unit\Architecture\ApplicationFunctionCoverageTest" classname="Tests.Unit.Architecture.ApplicationFunctionCoverageTest" assertions="2" time="0.053997"/>
          <testcase name="it rejects debug side effects from all application functions and controllers with data set &quot;('E:\laragon\www\inventory\app\…te.php') #3&quot;" file="tests\Unit\Architecture\ApplicationFunctionCoverageTest.php::it rejects debug side effects from all application functions and controllers with data set &quot;('E:\laragon\www\inventory\app\…te.php') #3&quot;" class="Tests\Unit\Architecture\ApplicationFunctionCoverageTest" classname="Tests.Unit.Architecture.ApplicationFunctionCoverageTest" assertions="2" time="0.057992"/>
          <testcase name="it rejects debug side effects from all application functions and controllers with data set &quot;('E:\laragon\www\inventory\app\…ce.php') #84&quot;" file="tests\Unit\Architecture\ApplicationFunctionCoverageTest.php::it rejects debug side effects from all application functions and controllers with data set &quot;('E:\laragon\www\inventory\app\…ce.php') #84&quot;" class="Tests\Unit\Architecture\ApplicationFunctionCoverageTest" classname="Tests.Unit.Architecture.ApplicationFunctionCoverageTest" assertions="2" time="0.051380"/>
          <testcase name="it rejects debug side effects from all application functions and controllers with data set &quot;('E:\laragon\www\inventory\app\…ce.php') #85&quot;" file="tests\Unit\Architecture\ApplicationFunctionCoverageTest.php::it rejects debug side effects from all application functions and controllers with data set &quot;('E:\laragon\www\inventory\app\…ce.php') #85&quot;" class="Tests\Unit\Architecture\ApplicationFunctionCoverageTest" classname="Tests.Unit.Architecture.ApplicationFunctionCoverageTest" assertions="2" time="0.052842"/>
          <testcase name="it rejects debug side effects from all application functions and controllers with data set &quot;('E:\laragon\www\inventory\app\…ce.php') #86&quot;" file="tests\Unit\Architecture\ApplicationFunctionCoverageTest.php::it rejects debug side effects from all application functions and controllers with data set &quot;('E:\laragon\www\inventory\app\…ce.php') #86&quot;" class="Tests\Unit\Architecture\ApplicationFunctionCoverageTest" classname="Tests.Unit.Architecture.ApplicationFunctionCoverageTest" assertions="2" time="0.053333"/>
          <testcase name="it rejects debug side effects from all application functions and controllers with data set &quot;('E:\laragon\www\inventory\app\…ce.php') #87&quot;" file="tests\Unit\Architecture\ApplicationFunctionCoverageTest.php::it rejects debug side effects from all application functions and controllers with data set &quot;('E:\laragon\www\inventory\app\…ce.php') #87&quot;" class="Tests\Unit\Architecture\ApplicationFunctionCoverageTest" classname="Tests.Unit.Architecture.ApplicationFunctionCoverageTest" assertions="2" time="0.053686"/>
          <testcase name="it rejects debug side effects from all application functions and controllers with data set &quot;('E:\laragon\www\inventory\app\…ce.php') #88&quot;" file="tests\Unit\Architecture\ApplicationFunctionCoverageTest.php::it rejects debug side effects from all application functions and controllers with data set &quot;('E:\laragon\www\inventory\app\…ce.php') #88&quot;" class="Tests\Unit\Architecture\ApplicationFunctionCoverageTest" classname="Tests.Unit.Architecture.ApplicationFunctionCoverageTest" assertions="2" time="0.053248"/>
          <testcase name="it rejects debug side effects from all application functions and controllers with data set &quot;('E:\laragon\www\inventory\app\…ce.php') #89&quot;" file="tests\Unit\Architecture\ApplicationFunctionCoverageTest.php::it rejects debug side effects from all application functions and controllers with data set &quot;('E:\laragon\www\inventory\app\…ce.php') #89&quot;" class="Tests\Unit\Architecture\ApplicationFunctionCoverageTest" classname="Tests.Unit.Architecture.ApplicationFunctionCoverageTest" assertions="2" time="0.051157"/>
          <testcase name="it rejects debug side effects from all application functions and controllers with data set &quot;('E:\laragon\www\inventory\app\…er.php') #107&quot;" file="tests\Unit\Architecture\ApplicationFunctionCoverageTest.php::it rejects debug side effects from all application functions and controllers with data set &quot;('E:\laragon\www\inventory\app\…er.php') #107&quot;" class="Tests\Unit\Architecture\ApplicationFunctionCoverageTest" classname="Tests.Unit.Architecture.ApplicationFunctionCoverageTest" assertions="2" time="0.063866"/>
          <testcase name="it rejects debug side effects from all application functions and controllers with data set &quot;('E:\laragon\www\inventory\app\…or.php') #5&quot;" file="tests\Unit\Architecture\ApplicationFunctionCoverageTest.php::it rejects debug side effects from all application functions and controllers with data set &quot;('E:\laragon\www\inventory\app\…or.php') #5&quot;" class="Tests\Unit\Architecture\ApplicationFunctionCoverageTest" classname="Tests.Unit.Architecture.ApplicationFunctionCoverageTest" assertions="2" time="0.051336"/>
          <testcase name="it rejects debug side effects from all application functions and controllers with data set &quot;('E:\laragon\www\inventory\app\…er.php') #108&quot;" file="tests\Unit\Architecture\ApplicationFunctionCoverageTest.php::it rejects debug side effects from all application functions and controllers with data set &quot;('E:\laragon\www\inventory\app\…er.php') #108&quot;" class="Tests\Unit\Architecture\ApplicationFunctionCoverageTest" classname="Tests.Unit.Architecture.ApplicationFunctionCoverageTest" assertions="2" time="0.049755"/>
          <testcase name="it rejects debug side effects from all application functions and controllers with data set &quot;('E:\laragon\www\inventory\app\…er.php') #109&quot;" file="tests\Unit\Architecture\ApplicationFunctionCoverageTest.php::it rejects debug side effects from all application functions and controllers with data set &quot;('E:\laragon\www\inventory\app\…er.php') #109&quot;" class="Tests\Unit\Architecture\ApplicationFunctionCoverageTest" classname="Tests.Unit.Architecture.ApplicationFunctionCoverageTest" assertions="2" time="0.063369"/>
          <testcase name="it rejects debug side effects from all application functions and controllers with data set &quot;('E:\laragon\www\inventory\app\…er.php') #110&quot;" file="tests\Unit\Architecture\ApplicationFunctionCoverageTest.php::it rejects debug side effects from all application functions and controllers with data set &quot;('E:\laragon\www\inventory\app\…er.php') #110&quot;" class="Tests\Unit\Architecture\ApplicationFunctionCoverageTest" classname="Tests.Unit.Architecture.ApplicationFunctionCoverageTest" assertions="2" time="0.052208"/>
          <testcase name="it rejects debug side effects from all application functions and controllers with data set &quot;('E:\laragon\www\inventory\app\…or.php') #6&quot;" file="tests\Unit\Architecture\ApplicationFunctionCoverageTest.php::it rejects debug side effects from all application functions and controllers with data set &quot;('E:\laragon\www\inventory\app\…or.php') #6&quot;" class="Tests\Unit\Architecture\ApplicationFunctionCoverageTest" classname="Tests.Unit.Architecture.ApplicationFunctionCoverageTest" assertions="2" time="0.051470"/>
          <testcase name="it rejects debug side effects from all application functions and controllers with data set &quot;('E:\laragon\www\inventory\app\…or.php') #7&quot;" file="tests\Unit\Architecture\ApplicationFunctionCoverageTest.php::it rejects debug side effects from all application functions and controllers with data set &quot;('E:\laragon\www\inventory\app\…or.php') #7&quot;" class="Tests\Unit\Architecture\ApplicationFunctionCoverageTest" classname="Tests.Unit.Architecture.ApplicationFunctionCoverageTest" assertions="2" time="0.053713"/>
          <testcase name="it rejects debug side effects from all application functions and controllers with data set &quot;('E:\laragon\www\inventory\app\…or.php') #8&quot;" file="tests\Unit\Architecture\ApplicationFunctionCoverageTest.php::it rejects debug side effects from all application functions and controllers with data set &quot;('E:\laragon\www\inventory\app\…or.php') #8&quot;" class="Tests\Unit\Architecture\ApplicationFunctionCoverageTest" classname="Tests.Unit.Architecture.ApplicationFunctionCoverageTest" assertions="2" time="0.062555"/>
          <testcase name="it rejects debug side effects from all application functions and controllers with data set &quot;('E:\laragon\www\inventory\app\…or.php') #9&quot;" file="tests\Unit\Architecture\ApplicationFunctionCoverageTest.php::it rejects debug side effects from all application functions and controllers with data set &quot;('E:\laragon\www\inventory\app\…or.php') #9&quot;" class="Tests\Unit\Architecture\ApplicationFunctionCoverageTest" classname="Tests.Unit.Architecture.ApplicationFunctionCoverageTest" assertions="2" time="0.046695"/>
          <testcase name="it rejects debug side effects from all application functions and controllers with data set &quot;('E:\laragon\www\inventory\app\…or.php') #10&quot;" file="tests\Unit\Architecture\ApplicationFunctionCoverageTest.php::it rejects debug side effects from all application functions and controllers with data set &quot;('E:\laragon\www\inventory\app\…or.php') #10&quot;" class="Tests\Unit\Architecture\ApplicationFunctionCoverageTest" classname="Tests.Unit.Architecture.ApplicationFunctionCoverageTest" assertions="2" time="0.046556"/>
          <testcase name="it rejects debug side effects from all application functions and controllers with data set &quot;('E:\laragon\www\inventory\app\…or.php') #11&quot;" file="tests\Unit\Architecture\ApplicationFunctionCoverageTest.php::it rejects debug side effects from all application functions and controllers with data set &quot;('E:\laragon\www\inventory\app\…or.php') #11&quot;" class="Tests\Unit\Architecture\ApplicationFunctionCoverageTest" classname="Tests.Unit.Architecture.ApplicationFunctionCoverageTest" assertions="2" time="0.047274"/>
          <testcase name="it rejects debug side effects from all application functions and controllers with data set &quot;('E:\laragon\www\inventory\app\…es.php') #7&quot;" file="tests\Unit\Architecture\ApplicationFunctionCoverageTest.php::it rejects debug side effects from all application functions and controllers with data set &quot;('E:\laragon\www\inventory\app\…es.php') #7&quot;" class="Tests\Unit\Architecture\ApplicationFunctionCoverageTest" classname="Tests.Unit.Architecture.ApplicationFunctionCoverageTest" assertions="2" time="0.048896"/>
          <testcase name="it rejects debug side effects from all application functions and controllers with data set &quot;('E:\laragon\www\inventory\app\…es.php') #8&quot;" file="tests\Unit\Architecture\ApplicationFunctionCoverageTest.php::it rejects debug side effects from all application functions and controllers with data set &quot;('E:\laragon\www\inventory\app\…es.php') #8&quot;" class="Tests\Unit\Architecture\ApplicationFunctionCoverageTest" classname="Tests.Unit.Architecture.ApplicationFunctionCoverageTest" assertions="2" time="0.047637"/>
          <testcase name="it rejects debug side effects from all application functions and controllers with data set &quot;('E:\laragon\www\inventory\app\…es.php') #9&quot;" file="tests\Unit\Architecture\ApplicationFunctionCoverageTest.php::it rejects debug side effects from all application functions and controllers with data set &quot;('E:\laragon\www\inventory\app\…es.php') #9&quot;" class="Tests\Unit\Architecture\ApplicationFunctionCoverageTest" classname="Tests.Unit.Architecture.ApplicationFunctionCoverageTest" assertions="2" time="0.050857"/>
          <testcase name="it rejects debug side effects from all application functions and controllers with data set &quot;('E:\laragon\www\inventory\app\…es.php') #10&quot;" file="tests\Unit\Architecture\ApplicationFunctionCoverageTest.php::it rejects debug side effects from all application functions and controllers with data set &quot;('E:\laragon\www\inventory\app\…es.php') #10&quot;" class="Tests\Unit\Architecture\ApplicationFunctionCoverageTest" classname="Tests.Unit.Architecture.ApplicationFunctionCoverageTest" assertions="2" time="0.065384"/>
          <testcase name="it rejects debug side effects from all application functions and controllers with data set &quot;('E:\laragon\www\inventory\app\…cy.php') #2&quot;" file="tests\Unit\Architecture\ApplicationFunctionCoverageTest.php::it rejects debug side effects from all application functions and controllers with data set &quot;('E:\laragon\www\inventory\app\…cy.php') #2&quot;" class="Tests\Unit\Architecture\ApplicationFunctionCoverageTest" classname="Tests.Unit.Architecture.ApplicationFunctionCoverageTest" assertions="2" time="0.054476"/>
          <testcase name="it rejects debug side effects from all application functions and controllers with data set &quot;('E:\laragon\www\inventory\app\…or.php') #12&quot;" file="tests\Unit\Architecture\ApplicationFunctionCoverageTest.php::it rejects debug side effects from all application functions and controllers with data set &quot;('E:\laragon\www\inventory\app\…or.php') #12&quot;" class="Tests\Unit\Architecture\ApplicationFunctionCoverageTest" classname="Tests.Unit.Architecture.ApplicationFunctionCoverageTest" assertions="2" time="0.053535"/>
          <testcase name="it rejects debug side effects from all application functions and controllers with data set &quot;('E:\laragon\www\inventory\app\…er.php') #111&quot;" file="tests\Unit\Architecture\ApplicationFunctionCoverageTest.php::it rejects debug side effects from all application functions and controllers with data set &quot;('E:\laragon\www\inventory\app\…er.php') #111&quot;" class="Tests\Unit\Architecture\ApplicationFunctionCoverageTest" classname="Tests.Unit.Architecture.ApplicationFunctionCoverageTest" assertions="2" time="0.054775"/>
          <testcase name="it rejects debug side effects from all application functions and controllers with data set &quot;('E:\laragon\www\inventory\app\…ns.php') #2&quot;" file="tests\Unit\Architecture\ApplicationFunctionCoverageTest.php::it rejects debug side effects from all application functions and controllers with data set &quot;('E:\laragon\www\inventory\app\…ns.php') #2&quot;" class="Tests\Unit\Architecture\ApplicationFunctionCoverageTest" classname="Tests.Unit.Architecture.ApplicationFunctionCoverageTest" assertions="2" time="0.052487"/>
          <testcase name="it rejects debug side effects from all application functions and controllers with data set &quot;('E:\laragon\www\inventory\app\…te.php') #4&quot;" file="tests\Unit\Architecture\ApplicationFunctionCoverageTest.php::it rejects debug side effects from all application functions and controllers with data set &quot;('E:\laragon\www\inventory\app\…te.php') #4&quot;" class="Tests\Unit\Architecture\ApplicationFunctionCoverageTest" classname="Tests.Unit.Architecture.ApplicationFunctionCoverageTest" assertions="2" time="0.060597"/>
          <testcase name="it rejects debug side effects from all application functions and controllers with data set &quot;('E:\laragon\www\inventory\app\…og.php') #5&quot;" file="tests\Unit\Architecture\ApplicationFunctionCoverageTest.php::it rejects debug side effects from all application functions and controllers with data set &quot;('E:\laragon\www\inventory\app\…og.php') #5&quot;" class="Tests\Unit\Architecture\ApplicationFunctionCoverageTest" classname="Tests.Unit.Architecture.ApplicationFunctionCoverageTest" assertions="2" time="0.053780"/>
          <testcase name="it rejects debug side effects from all application functions and controllers with data set &quot;('E:\laragon\www\inventory\app\…ge.php')&quot;" file="tests\Unit\Architecture\ApplicationFunctionCoverageTest.php::it rejects debug side effects from all application functions and controllers with data set &quot;('E:\laragon\www\inventory\app\…ge.php')&quot;" class="Tests\Unit\Architecture\ApplicationFunctionCoverageTest" classname="Tests.Unit.Architecture.ApplicationFunctionCoverageTest" assertions="2" time="0.062052"/>
          <testcase name="it rejects debug side effects from all application functions and controllers with data set &quot;('E:\laragon\www\inventory\app\…og.php') #6&quot;" file="tests\Unit\Architecture\ApplicationFunctionCoverageTest.php::it rejects debug side effects from all application functions and controllers with data set &quot;('E:\laragon\www\inventory\app\…og.php') #6&quot;" class="Tests\Unit\Architecture\ApplicationFunctionCoverageTest" classname="Tests.Unit.Architecture.ApplicationFunctionCoverageTest" assertions="2" time="0.052885"/>
          <testcase name="it rejects debug side effects from all application functions and controllers with data set &quot;('E:\laragon\www\inventory\app\…og.php') #7&quot;" file="tests\Unit\Architecture\ApplicationFunctionCoverageTest.php::it rejects debug side effects from all application functions and controllers with data set &quot;('E:\laragon\www\inventory\app\…og.php') #7&quot;" class="Tests\Unit\Architecture\ApplicationFunctionCoverageTest" classname="Tests.Unit.Architecture.ApplicationFunctionCoverageTest" assertions="2" time="0.050716"/>
          <testcase name="it rejects debug side effects from all application functions and controllers with data set &quot;('E:\laragon\www\inventory\app\…er.php') #112&quot;" file="tests\Unit\Architecture\ApplicationFunctionCoverageTest.php::it rejects debug side effects from all application functions and controllers with data set &quot;('E:\laragon\www\inventory\app\…er.php') #112&quot;" class="Tests\Unit\Architecture\ApplicationFunctionCoverageTest" classname="Tests.Unit.Architecture.ApplicationFunctionCoverageTest" assertions="2" time="0.057212"/>
          <testcase name="it rejects debug side effects from all application functions and controllers with data set &quot;('E:\laragon\www\inventory\app\…er.php') #113&quot;" file="tests\Unit\Architecture\ApplicationFunctionCoverageTest.php::it rejects debug side effects from all application functions and controllers with data set &quot;('E:\laragon\www\inventory\app\…er.php') #113&quot;" class="Tests\Unit\Architecture\ApplicationFunctionCoverageTest" classname="Tests.Unit.Architecture.ApplicationFunctionCoverageTest" assertions="2" time="0.057279"/>
          <testcase name="it rejects debug side effects from all application functions and controllers with data set &quot;('E:\laragon\www\inventory\app\…ls.php') #2&quot;" file="tests\Unit\Architecture\ApplicationFunctionCoverageTest.php::it rejects debug side effects from all application functions and controllers with data set &quot;('E:\laragon\www\inventory\app\…ls.php') #2&quot;" class="Tests\Unit\Architecture\ApplicationFunctionCoverageTest" classname="Tests.Unit.Architecture.ApplicationFunctionCoverageTest" assertions="2" time="0.052838"/>
          <testcase name="it rejects debug side effects from all application functions and controllers with data set &quot;('E:\laragon\www\inventory\app\…ut.php') #1&quot;" file="tests\Unit\Architecture\ApplicationFunctionCoverageTest.php::it rejects debug side effects from all application functions and controllers with data set &quot;('E:\laragon\www\inventory\app\…ut.php') #1&quot;" class="Tests\Unit\Architecture\ApplicationFunctionCoverageTest" classname="Tests.Unit.Architecture.ApplicationFunctionCoverageTest" assertions="2" time="0.053140"/>
          <testcase name="it rejects debug side effects from all application functions and controllers with data set &quot;('E:\laragon\www\inventory\app\…ut.php') #2&quot;" file="tests\Unit\Architecture\ApplicationFunctionCoverageTest.php::it rejects debug side effects from all application functions and controllers with data set &quot;('E:\laragon\www\inventory\app\…ut.php') #2&quot;" class="Tests\Unit\Architecture\ApplicationFunctionCoverageTest" classname="Tests.Unit.Architecture.ApplicationFunctionCoverageTest" assertions="2" time="0.065234"/>
        </testsuite>
        <testsuite name="it can reflect every declared public method in app classes" tests="425" assertions="6901" errors="0" failures="0" skipped="0" time="23.431527">
          <testcase name="it can reflect every declared public method in app classes with data set &quot;('E:\laragon\www\inventory\app\…on.php') #1&quot;" file="tests\Unit\Architecture\ApplicationFunctionCoverageTest.php::it can reflect every declared public method in app classes with data set &quot;('E:\laragon\www\inventory\app\…on.php') #1&quot;" class="Tests\Unit\Architecture\ApplicationFunctionCoverageTest" classname="Tests.Unit.Architecture.ApplicationFunctionCoverageTest" assertions="5" time="0.058061"/>
          <testcase name="it can reflect every declared public method in app classes with data set &quot;('E:\laragon\www\inventory\app\…on.php') #2&quot;" file="tests\Unit\Architecture\ApplicationFunctionCoverageTest.php::it can reflect every declared public method in app classes with data set &quot;('E:\laragon\www\inventory\app\…on.php') #2&quot;" class="Tests\Unit\Architecture\ApplicationFunctionCoverageTest" classname="Tests.Unit.Architecture.ApplicationFunctionCoverageTest" assertions="5" time="0.052802"/>
          <testcase name="it can reflect every declared public method in app classes with data set &quot;('E:\laragon\www\inventory\app\…on.php') #3&quot;" file="tests\Unit\Architecture\ApplicationFunctionCoverageTest.php::it can reflect every declared public method in app classes with data set &quot;('E:\laragon\www\inventory\app\…on.php') #3&quot;" class="Tests\Unit\Architecture\ApplicationFunctionCoverageTest" classname="Tests.Unit.Architecture.ApplicationFunctionCoverageTest" assertions="5" time="0.050616"/>
          <testcase name="it can reflect every declared public method in app classes with data set &quot;('E:\laragon\www\inventory\app\…on.php') #4&quot;" file="tests\Unit\Architecture\ApplicationFunctionCoverageTest.php::it can reflect every declared public method in app classes with data set &quot;('E:\laragon\www\inventory\app\…on.php') #4&quot;" class="Tests\Unit\Architecture\ApplicationFunctionCoverageTest" classname="Tests.Unit.Architecture.ApplicationFunctionCoverageTest" assertions="5" time="0.056021"/>
          <testcase name="it can reflect every declared public method in app classes with data set &quot;('E:\laragon\www\inventory\app\…nd.php') #1&quot;" file="tests\Unit\Architecture\ApplicationFunctionCoverageTest.php::it can reflect every declared public method in app classes with data set &quot;('E:\laragon\www\inventory\app\…nd.php') #1&quot;" class="Tests\Unit\Architecture\ApplicationFunctionCoverageTest" classname="Tests.Unit.Architecture.ApplicationFunctionCoverageTest" assertions="5" time="0.053604"/>
          <testcase name="it can reflect every declared public method in app classes with data set &quot;('E:\laragon\www\inventory\app\…es.php') #1&quot;" file="tests\Unit\Architecture\ApplicationFunctionCoverageTest.php::it can reflect every declared public method in app classes with data set &quot;('E:\laragon\www\inventory\app\…es.php') #1&quot;" class="Tests\Unit\Architecture\ApplicationFunctionCoverageTest" classname="Tests.Unit.Architecture.ApplicationFunctionCoverageTest" assertions="5" time="0.072483"/>
          <testcase name="it can reflect every declared public method in app classes with data set &quot;('E:\laragon\www\inventory\app\…nd.php') #2&quot;" file="tests\Unit\Architecture\ApplicationFunctionCoverageTest.php::it can reflect every declared public method in app classes with data set &quot;('E:\laragon\www\inventory\app\…nd.php') #2&quot;" class="Tests\Unit\Architecture\ApplicationFunctionCoverageTest" classname="Tests.Unit.Architecture.ApplicationFunctionCoverageTest" assertions="5" time="0.052834"/>
          <testcase name="it can reflect every declared public method in app classes with data set &quot;('E:\laragon\www\inventory\app\…nd.php') #3&quot;" file="tests\Unit\Architecture\ApplicationFunctionCoverageTest.php::it can reflect every declared public method in app classes with data set &quot;('E:\laragon\www\inventory\app\…nd.php') #3&quot;" class="Tests\Unit\Architecture\ApplicationFunctionCoverageTest" classname="Tests.Unit.Architecture.ApplicationFunctionCoverageTest" assertions="5" time="0.057274"/>
          <testcase name="it can reflect every declared public method in app classes with data set &quot;('E:\laragon\www\inventory\app\…nd.php') #4&quot;" file="tests\Unit\Architecture\ApplicationFunctionCoverageTest.php::it can reflect every declared public method in app classes with data set &quot;('E:\laragon\www\inventory\app\…nd.php') #4&quot;" class="Tests\Unit\Architecture\ApplicationFunctionCoverageTest" classname="Tests.Unit.Architecture.ApplicationFunctionCoverageTest" assertions="5" time="0.057605"/>
          <testcase name="it can reflect every declared public method in app classes with data set &quot;('E:\laragon\www\inventory\app\…ls.php') #1&quot;" file="tests\Unit\Architecture\ApplicationFunctionCoverageTest.php::it can reflect every declared public method in app classes with data set &quot;('E:\laragon\www\inventory\app\…ls.php') #1&quot;" class="Tests\Unit\Architecture\ApplicationFunctionCoverageTest" classname="Tests.Unit.Architecture.ApplicationFunctionCoverageTest" assertions="5" time="0.054129"/>
          <testcase name="it can reflect every declared public method in app classes with data set &quot;('E:\laragon\www\inventory\app\…nd.php') #5&quot;" file="tests\Unit\Architecture\ApplicationFunctionCoverageTest.php::it can reflect every declared public method in app classes with data set &quot;('E:\laragon\www\inventory\app\…nd.php') #5&quot;" class="Tests\Unit\Architecture\ApplicationFunctionCoverageTest" classname="Tests.Unit.Architecture.ApplicationFunctionCoverageTest" assertions="5" time="0.052528"/>
          <testcase name="it can reflect every declared public method in app classes with data set &quot;('E:\laragon\www\inventory\app\…ty.php') #1&quot;" file="tests\Unit\Architecture\ApplicationFunctionCoverageTest.php::it can reflect every declared public method in app classes with data set &quot;('E:\laragon\www\inventory\app\…ty.php') #1&quot;" class="Tests\Unit\Architecture\ApplicationFunctionCoverageTest" classname="Tests.Unit.Architecture.ApplicationFunctionCoverageTest" assertions="5" time="0.054535"/>
          <testcase name="it can reflect every declared public method in app classes with data set &quot;('E:\laragon\www\inventory\app\…nd.php') #6&quot;" file="tests\Unit\Architecture\ApplicationFunctionCoverageTest.php::it can reflect every declared public method in app classes with data set &quot;('E:\laragon\www\inventory\app\…nd.php') #6&quot;" class="Tests\Unit\Architecture\ApplicationFunctionCoverageTest" classname="Tests.Unit.Architecture.ApplicationFunctionCoverageTest" assertions="5" time="0.069164"/>
          <testcase name="it can reflect every declared public method in app classes with data set &quot;('E:\laragon\www\inventory\app\…nd.php') #7&quot;" file="tests\Unit\Architecture\ApplicationFunctionCoverageTest.php::it can reflect every declared public method in app classes with data set &quot;('E:\laragon\www\inventory\app\…nd.php') #7&quot;" class="Tests\Unit\Architecture\ApplicationFunctionCoverageTest" classname="Tests.Unit.Architecture.ApplicationFunctionCoverageTest" assertions="5" time="0.062378"/>
          <testcase name="it can reflect every declared public method in app classes with data set &quot;('E:\laragon\www\inventory\app\…ty.php') #2&quot;" file="tests\Unit\Architecture\ApplicationFunctionCoverageTest.php::it can reflect every declared public method in app classes with data set &quot;('E:\laragon\www\inventory\app\…ty.php') #2&quot;" class="Tests\Unit\Architecture\ApplicationFunctionCoverageTest" classname="Tests.Unit.Architecture.ApplicationFunctionCoverageTest" assertions="5" time="0.057285"/>
          <testcase name="it can reflect every declared public method in app classes with data set &quot;('E:\laragon\www\inventory\app\…us.php')&quot;" file="tests\Unit\Architecture\ApplicationFunctionCoverageTest.php::it can reflect every declared public method in app classes with data set &quot;('E:\laragon\www\inventory\app\…us.php')&quot;" class="Tests\Unit\Architecture\ApplicationFunctionCoverageTest" classname="Tests.Unit.Architecture.ApplicationFunctionCoverageTest" assertions="5" time="0.050313"/>
          <testcase name="it can reflect every declared public method in app classes with data set &quot;('E:\laragon\www\inventory\app\…ts.php') #1&quot;" file="tests\Unit\Architecture\ApplicationFunctionCoverageTest.php::it can reflect every declared public method in app classes with data set &quot;('E:\laragon\www\inventory\app\…ts.php') #1&quot;" class="Tests\Unit\Architecture\ApplicationFunctionCoverageTest" classname="Tests.Unit.Architecture.ApplicationFunctionCoverageTest" assertions="5" time="0.054024"/>
          <testcase name="it can reflect every declared public method in app classes with data set &quot;('E:\laragon\www\inventory\app\…ty.php') #3&quot;" file="tests\Unit\Architecture\ApplicationFunctionCoverageTest.php::it can reflect every declared public method in app classes with data set &quot;('E:\laragon\www\inventory\app\…ty.php') #3&quot;" class="Tests\Unit\Architecture\ApplicationFunctionCoverageTest" classname="Tests.Unit.Architecture.ApplicationFunctionCoverageTest" assertions="5" time="0.051192"/>
          <testcase name="it can reflect every declared public method in app classes with data set &quot;('E:\laragon\www\inventory\app\…nd.php') #8&quot;" file="tests\Unit\Architecture\ApplicationFunctionCoverageTest.php::it can reflect every declared public method in app classes with data set &quot;('E:\laragon\www\inventory\app\…nd.php') #8&quot;" class="Tests\Unit\Architecture\ApplicationFunctionCoverageTest" classname="Tests.Unit.Architecture.ApplicationFunctionCoverageTest" assertions="5" time="0.051301"/>
          <testcase name="it can reflect every declared public method in app classes with data set &quot;('E:\laragon\www\inventory\app\…nd.php') #9&quot;" file="tests\Unit\Architecture\ApplicationFunctionCoverageTest.php::it can reflect every declared public method in app classes with data set &quot;('E:\laragon\www\inventory\app\…nd.php') #9&quot;" class="Tests\Unit\Architecture\ApplicationFunctionCoverageTest" classname="Tests.Unit.Architecture.ApplicationFunctionCoverageTest" assertions="5" time="0.057835"/>
          <testcase name="it can reflect every declared public method in app classes with data set &quot;('E:\laragon\www\inventory\app\…ty.php') #4&quot;" file="tests\Unit\Architecture\ApplicationFunctionCoverageTest.php::it can reflect every declared public method in app classes with data set &quot;('E:\laragon\www\inventory\app\…ty.php') #4&quot;" class="Tests\Unit\Architecture\ApplicationFunctionCoverageTest" classname="Tests.Unit.Architecture.ApplicationFunctionCoverageTest" assertions="5" time="0.068134"/>
          <testcase name="it can reflect every declared public method in app classes with data set &quot;('E:\laragon\www\inventory\app\…nd.php') #10&quot;" file="tests\Unit\Architecture\ApplicationFunctionCoverageTest.php::it can reflect every declared public method in app classes with data set &quot;('E:\laragon\www\inventory\app\…nd.php') #10&quot;" class="Tests\Unit\Architecture\ApplicationFunctionCoverageTest" classname="Tests.Unit.Architecture.ApplicationFunctionCoverageTest" assertions="5" time="0.070545"/>
          <testcase name="it can reflect every declared public method in app classes with data set &quot;('E:\laragon\www\inventory\app\…nd.php') #11&quot;" file="tests\Unit\Architecture\ApplicationFunctionCoverageTest.php::it can reflect every declared public method in app classes with data set &quot;('E:\laragon\www\inventory\app\…nd.php') #11&quot;" class="Tests\Unit\Architecture\ApplicationFunctionCoverageTest" classname="Tests.Unit.Architecture.ApplicationFunctionCoverageTest" assertions="5" time="0.063464"/>
          <testcase name="it can reflect every declared public method in app classes with data set &quot;('E:\laragon\www\inventory\app\…nd.php') #12&quot;" file="tests\Unit\Architecture\ApplicationFunctionCoverageTest.php::it can reflect every declared public method in app classes with data set &quot;('E:\laragon\www\inventory\app\…nd.php') #12&quot;" class="Tests\Unit\Architecture\ApplicationFunctionCoverageTest" classname="Tests.Unit.Architecture.ApplicationFunctionCoverageTest" assertions="5" time="0.054725"/>
          <testcase name="it can reflect every declared public method in app classes with data set &quot;('E:\laragon\www\inventory\app\…nd.php') #13&quot;" file="tests\Unit\Architecture\ApplicationFunctionCoverageTest.php::it can reflect every declared public method in app classes with data set &quot;('E:\laragon\www\inventory\app\…nd.php') #13&quot;" class="Tests\Unit\Architecture\ApplicationFunctionCoverageTest" classname="Tests.Unit.Architecture.ApplicationFunctionCoverageTest" assertions="5" time="0.055582"/>
          <testcase name="it can reflect every declared public method in app classes with data set &quot;('E:\laragon\www\inventory\app\…nd.php') #14&quot;" file="tests\Unit\Architecture\ApplicationFunctionCoverageTest.php::it can reflect every declared public method in app classes with data set &quot;('E:\laragon\www\inventory\app\…nd.php') #14&quot;" class="Tests\Unit\Architecture\ApplicationFunctionCoverageTest" classname="Tests.Unit.Architecture.ApplicationFunctionCoverageTest" assertions="5" time="0.055830"/>
          <testcase name="it can reflect every declared public method in app classes with data set &quot;('E:\laragon\www\inventory\app\…nd.php') #15&quot;" file="tests\Unit\Architecture\ApplicationFunctionCoverageTest.php::it can reflect every declared public method in app classes with data set &quot;('E:\laragon\www\inventory\app\…nd.php') #15&quot;" class="Tests\Unit\Architecture\ApplicationFunctionCoverageTest" classname="Tests.Unit.Architecture.ApplicationFunctionCoverageTest" assertions="5" time="0.062968"/>
          <testcase name="it can reflect every declared public method in app classes with data set &quot;('E:\laragon\www\inventory\app\…nd.php') #16&quot;" file="tests\Unit\Architecture\ApplicationFunctionCoverageTest.php::it can reflect every declared public method in app classes with data set &quot;('E:\laragon\www\inventory\app\…nd.php') #16&quot;" class="Tests\Unit\Architecture\ApplicationFunctionCoverageTest" classname="Tests.Unit.Architecture.ApplicationFunctionCoverageTest" assertions="5" time="0.051754"/>
          <testcase name="it can reflect every declared public method in app classes with data set &quot;('E:\laragon\www\inventory\app\…nd.php') #17&quot;" file="tests\Unit\Architecture\ApplicationFunctionCoverageTest.php::it can reflect every declared public method in app classes with data set &quot;('E:\laragon\www\inventory\app\…nd.php') #17&quot;" class="Tests\Unit\Architecture\ApplicationFunctionCoverageTest" classname="Tests.Unit.Architecture.ApplicationFunctionCoverageTest" assertions="5" time="0.049645"/>
          <testcase name="it can reflect every declared public method in app classes with data set &quot;('E:\laragon\www\inventory\app\…ow.php')&quot;" file="tests\Unit\Architecture\ApplicationFunctionCoverageTest.php::it can reflect every declared public method in app classes with data set &quot;('E:\laragon\www\inventory\app\…ow.php')&quot;" class="Tests\Unit\Architecture\ApplicationFunctionCoverageTest" classname="Tests.Unit.Architecture.ApplicationFunctionCoverageTest" assertions="5" time="0.047987"/>
          <testcase name="it can reflect every declared public method in app classes with data set &quot;('E:\laragon\www\inventory\app\…nd.php') #18&quot;" file="tests\Unit\Architecture\ApplicationFunctionCoverageTest.php::it can reflect every declared public method in app classes with data set &quot;('E:\laragon\www\inventory\app\…nd.php') #18&quot;" class="Tests\Unit\Architecture\ApplicationFunctionCoverageTest" classname="Tests.Unit.Architecture.ApplicationFunctionCoverageTest" assertions="5" time="0.048764"/>
          <testcase name="it can reflect every declared public method in app classes with data set &quot;('E:\laragon\www\inventory\app\…nd.php') #19&quot;" file="tests\Unit\Architecture\ApplicationFunctionCoverageTest.php::it can reflect every declared public method in app classes with data set &quot;('E:\laragon\www\inventory\app\…nd.php') #19&quot;" class="Tests\Unit\Architecture\ApplicationFunctionCoverageTest" classname="Tests.Unit.Architecture.ApplicationFunctionCoverageTest" assertions="5" time="0.048854"/>
          <testcase name="it can reflect every declared public method in app classes with data set &quot;('E:\laragon\www\inventory\app\…nd.php') #20&quot;" file="tests\Unit\Architecture\ApplicationFunctionCoverageTest.php::it can reflect every declared public method in app classes with data set &quot;('E:\laragon\www\inventory\app\…nd.php') #20&quot;" class="Tests\Unit\Architecture\ApplicationFunctionCoverageTest" classname="Tests.Unit.Architecture.ApplicationFunctionCoverageTest" assertions="5" time="0.049418"/>
          <testcase name="it can reflect every declared public method in app classes with data set &quot;('E:\laragon\www\inventory\app\…nd.php') #21&quot;" file="tests\Unit\Architecture\ApplicationFunctionCoverageTest.php::it can reflect every declared public method in app classes with data set &quot;('E:\laragon\www\inventory\app\…nd.php') #21&quot;" class="Tests\Unit\Architecture\ApplicationFunctionCoverageTest" classname="Tests.Unit.Architecture.ApplicationFunctionCoverageTest" assertions="5" time="0.081543"/>
          <testcase name="it can reflect every declared public method in app classes with data set &quot;('E:\laragon\www\inventory\app\…nd.php') #22&quot;" file="tests\Unit\Architecture\ApplicationFunctionCoverageTest.php::it can reflect every declared public method in app classes with data set &quot;('E:\laragon\www\inventory\app\…nd.php') #22&quot;" class="Tests\Unit\Architecture\ApplicationFunctionCoverageTest" classname="Tests.Unit.Architecture.ApplicationFunctionCoverageTest" assertions="5" time="0.095371"/>
          <testcase name="it can reflect every declared public method in app classes with data set &quot;('E:\laragon\www\inventory\app\…nd.php') #23&quot;" file="tests\Unit\Architecture\ApplicationFunctionCoverageTest.php::it can reflect every declared public method in app classes with data set &quot;('E:\laragon\www\inventory\app\…nd.php') #23&quot;" class="Tests\Unit\Architecture\ApplicationFunctionCoverageTest" classname="Tests.Unit.Architecture.ApplicationFunctionCoverageTest" assertions="5" time="0.061629"/>
          <testcase name="it can reflect every declared public method in app classes with data set &quot;('E:\laragon\www\inventory\app\…nd.php') #24&quot;" file="tests\Unit\Architecture\ApplicationFunctionCoverageTest.php::it can reflect every declared public method in app classes with data set &quot;('E:\laragon\www\inventory\app\…nd.php') #24&quot;" class="Tests\Unit\Architecture\ApplicationFunctionCoverageTest" classname="Tests.Unit.Architecture.ApplicationFunctionCoverageTest" assertions="5" time="0.050489"/>
          <testcase name="it can reflect every declared public method in app classes with data set &quot;('E:\laragon\www\inventory\app\…nd.php') #25&quot;" file="tests\Unit\Architecture\ApplicationFunctionCoverageTest.php::it can reflect every declared public method in app classes with data set &quot;('E:\laragon\www\inventory\app\…nd.php') #25&quot;" class="Tests\Unit\Architecture\ApplicationFunctionCoverageTest" classname="Tests.Unit.Architecture.ApplicationFunctionCoverageTest" assertions="5" time="0.049782"/>
          <testcase name="it can reflect every declared public method in app classes with data set &quot;('E:\laragon\www\inventory\app\…nd.php') #26&quot;" file="tests\Unit\Architecture\ApplicationFunctionCoverageTest.php::it can reflect every declared public method in app classes with data set &quot;('E:\laragon\www\inventory\app\…nd.php') #26&quot;" class="Tests\Unit\Architecture\ApplicationFunctionCoverageTest" classname="Tests.Unit.Architecture.ApplicationFunctionCoverageTest" assertions="5" time="0.056449"/>
          <testcase name="it can reflect every declared public method in app classes with data set &quot;('E:\laragon\www\inventory\app\…nd.php') #27&quot;" file="tests\Unit\Architecture\ApplicationFunctionCoverageTest.php::it can reflect every declared public method in app classes with data set &quot;('E:\laragon\www\inventory\app\…nd.php') #27&quot;" class="Tests\Unit\Architecture\ApplicationFunctionCoverageTest" classname="Tests.Unit.Architecture.ApplicationFunctionCoverageTest" assertions="5" time="0.053844"/>
          <testcase name="it can reflect every declared public method in app classes with data set &quot;('E:\laragon\www\inventory\app\…nd.php') #28&quot;" file="tests\Unit\Architecture\ApplicationFunctionCoverageTest.php::it can reflect every declared public method in app classes with data set &quot;('E:\laragon\www\inventory\app\…nd.php') #28&quot;" class="Tests\Unit\Architecture\ApplicationFunctionCoverageTest" classname="Tests.Unit.Architecture.ApplicationFunctionCoverageTest" assertions="5" time="0.057905"/>
          <testcase name="it can reflect every declared public method in app classes with data set &quot;('E:\laragon\www\inventory\app\…nd.php') #29&quot;" file="tests\Unit\Architecture\ApplicationFunctionCoverageTest.php::it can reflect every declared public method in app classes with data set &quot;('E:\laragon\www\inventory\app\…nd.php') #29&quot;" class="Tests\Unit\Architecture\ApplicationFunctionCoverageTest" classname="Tests.Unit.Architecture.ApplicationFunctionCoverageTest" assertions="5" time="0.052128"/>
          <testcase name="it can reflect every declared public method in app classes with data set &quot;('E:\laragon\www\inventory\app\…nd.php') #30&quot;" file="tests\Unit\Architecture\ApplicationFunctionCoverageTest.php::it can reflect every declared public method in app classes with data set &quot;('E:\laragon\www\inventory\app\…nd.php') #30&quot;" class="Tests\Unit\Architecture\ApplicationFunctionCoverageTest" classname="Tests.Unit.Architecture.ApplicationFunctionCoverageTest" assertions="5" time="0.052039"/>
          <testcase name="it can reflect every declared public method in app classes with data set &quot;('E:\laragon\www\inventory\app\…ts.php') #2&quot;" file="tests\Unit\Architecture\ApplicationFunctionCoverageTest.php::it can reflect every declared public method in app classes with data set &quot;('E:\laragon\www\inventory\app\…ts.php') #2&quot;" class="Tests\Unit\Architecture\ApplicationFunctionCoverageTest" classname="Tests.Unit.Architecture.ApplicationFunctionCoverageTest" assertions="5" time="0.050564"/>
          <testcase name="it can reflect every declared public method in app classes with data set &quot;('E:\laragon\www\inventory\app\…nd.php') #31&quot;" file="tests\Unit\Architecture\ApplicationFunctionCoverageTest.php::it can reflect every declared public method in app classes with data set &quot;('E:\laragon\www\inventory\app\…nd.php') #31&quot;" class="Tests\Unit\Architecture\ApplicationFunctionCoverageTest" classname="Tests.Unit.Architecture.ApplicationFunctionCoverageTest" assertions="5" time="0.063137"/>
          <testcase name="it can reflect every declared public method in app classes with data set &quot;('E:\laragon\www\inventory\app\…ta.php') #1&quot;" file="tests\Unit\Architecture\ApplicationFunctionCoverageTest.php::it can reflect every declared public method in app classes with data set &quot;('E:\laragon\www\inventory\app\…ta.php') #1&quot;" class="Tests\Unit\Architecture\ApplicationFunctionCoverageTest" classname="Tests.Unit.Architecture.ApplicationFunctionCoverageTest" assertions="5" time="0.063291"/>
          <testcase name="it can reflect every declared public method in app classes with data set &quot;('E:\laragon\www\inventory\app\…es.php') #2&quot;" file="tests\Unit\Architecture\ApplicationFunctionCoverageTest.php::it can reflect every declared public method in app classes with data set &quot;('E:\laragon\www\inventory\app\…es.php') #2&quot;" class="Tests\Unit\Architecture\ApplicationFunctionCoverageTest" classname="Tests.Unit.Architecture.ApplicationFunctionCoverageTest" assertions="5" time="0.060498"/>
          <testcase name="it can reflect every declared public method in app classes with data set &quot;('E:\laragon\www\inventory\app\…ta.php') #2&quot;" file="tests\Unit\Architecture\ApplicationFunctionCoverageTest.php::it can reflect every declared public method in app classes with data set &quot;('E:\laragon\www\inventory\app\…ta.php') #2&quot;" class="Tests\Unit\Architecture\ApplicationFunctionCoverageTest" classname="Tests.Unit.Architecture.ApplicationFunctionCoverageTest" assertions="5" time="0.089677"/>
          <testcase name="it can reflect every declared public method in app classes with data set &quot;('E:\laragon\www\inventory\app\…es.php') #3&quot;" file="tests\Unit\Architecture\ApplicationFunctionCoverageTest.php::it can reflect every declared public method in app classes with data set &quot;('E:\laragon\www\inventory\app\…es.php') #3&quot;" class="Tests\Unit\Architecture\ApplicationFunctionCoverageTest" classname="Tests.Unit.Architecture.ApplicationFunctionCoverageTest" assertions="5" time="0.079994"/>
          <testcase name="it can reflect every declared public method in app classes with data set &quot;('E:\laragon\www\inventory\app\…es.php') #4&quot;" file="tests\Unit\Architecture\ApplicationFunctionCoverageTest.php::it can reflect every declared public method in app classes with data set &quot;('E:\laragon\www\inventory\app\…es.php') #4&quot;" class="Tests\Unit\Architecture\ApplicationFunctionCoverageTest" classname="Tests.Unit.Architecture.ApplicationFunctionCoverageTest" assertions="5" time="0.054934"/>
          <testcase name="it can reflect every declared public method in app classes with data set &quot;('E:\laragon\www\inventory\app\…ns.php') #1&quot;" file="tests\Unit\Architecture\ApplicationFunctionCoverageTest.php::it can reflect every declared public method in app classes with data set &quot;('E:\laragon\www\inventory\app\…ns.php') #1&quot;" class="Tests\Unit\Architecture\ApplicationFunctionCoverageTest" classname="Tests.Unit.Architecture.ApplicationFunctionCoverageTest" assertions="5" time="0.059200"/>
          <testcase name="it can reflect every declared public method in app classes with data set &quot;('E:\laragon\www\inventory\app\…he.php')&quot;" file="tests\Unit\Architecture\ApplicationFunctionCoverageTest.php::it can reflect every declared public method in app classes with data set &quot;('E:\laragon\www\inventory\app\…he.php')&quot;" class="Tests\Unit\Architecture\ApplicationFunctionCoverageTest" classname="Tests.Unit.Architecture.ApplicationFunctionCoverageTest" assertions="5" time="0.060277"/>
          <testcase name="it can reflect every declared public method in app classes with data set &quot;('E:\laragon\www\inventory\app\…nd.php') #32&quot;" file="tests\Unit\Architecture\ApplicationFunctionCoverageTest.php::it can reflect every declared public method in app classes with data set &quot;('E:\laragon\www\inventory\app\…nd.php') #32&quot;" class="Tests\Unit\Architecture\ApplicationFunctionCoverageTest" classname="Tests.Unit.Architecture.ApplicationFunctionCoverageTest" assertions="5" time="0.086228"/>
          <testcase name="it can reflect every declared public method in app classes with data set &quot;('E:\laragon\www\inventory\app\…ue.php') #1&quot;" file="tests\Unit\Architecture\ApplicationFunctionCoverageTest.php::it can reflect every declared public method in app classes with data set &quot;('E:\laragon\www\inventory\app\…ue.php') #1&quot;" class="Tests\Unit\Architecture\ApplicationFunctionCoverageTest" classname="Tests.Unit.Architecture.ApplicationFunctionCoverageTest" assertions="5" time="0.066969"/>
          <testcase name="it can reflect every declared public method in app classes with data set &quot;('E:\laragon\www\inventory\app\…nd.php') #33&quot;" file="tests\Unit\Architecture\ApplicationFunctionCoverageTest.php::it can reflect every declared public method in app classes with data set &quot;('E:\laragon\www\inventory\app\…nd.php') #33&quot;" class="Tests\Unit\Architecture\ApplicationFunctionCoverageTest" classname="Tests.Unit.Architecture.ApplicationFunctionCoverageTest" assertions="5" time="0.063493"/>
          <testcase name="it can reflect every declared public method in app classes with data set &quot;('E:\laragon\www\inventory\app\…nd.php') #34&quot;" file="tests\Unit\Architecture\ApplicationFunctionCoverageTest.php::it can reflect every declared public method in app classes with data set &quot;('E:\laragon\www\inventory\app\…nd.php') #34&quot;" class="Tests\Unit\Architecture\ApplicationFunctionCoverageTest" classname="Tests.Unit.Architecture.ApplicationFunctionCoverageTest" assertions="5" time="0.049099"/>
          <testcase name="it can reflect every declared public method in app classes with data set &quot;('E:\laragon\www\inventory\app\…nd.php') #35&quot;" file="tests\Unit\Architecture\ApplicationFunctionCoverageTest.php::it can reflect every declared public method in app classes with data set &quot;('E:\laragon\www\inventory\app\…nd.php') #35&quot;" class="Tests\Unit\Architecture\ApplicationFunctionCoverageTest" classname="Tests.Unit.Architecture.ApplicationFunctionCoverageTest" assertions="5" time="0.049602"/>
          <testcase name="it can reflect every declared public method in app classes with data set &quot;('E:\laragon\www\inventory\app\…nd.php') #36&quot;" file="tests\Unit\Architecture\ApplicationFunctionCoverageTest.php::it can reflect every declared public method in app classes with data set &quot;('E:\laragon\www\inventory\app\…nd.php') #36&quot;" class="Tests\Unit\Architecture\ApplicationFunctionCoverageTest" classname="Tests.Unit.Architecture.ApplicationFunctionCoverageTest" assertions="5" time="0.049539"/>
          <testcase name="it can reflect every declared public method in app classes with data set &quot;('E:\laragon\www\inventory\app\…ts.php') #3&quot;" file="tests\Unit\Architecture\ApplicationFunctionCoverageTest.php::it can reflect every declared public method in app classes with data set &quot;('E:\laragon\www\inventory\app\…ts.php') #3&quot;" class="Tests\Unit\Architecture\ApplicationFunctionCoverageTest" classname="Tests.Unit.Architecture.ApplicationFunctionCoverageTest" assertions="5" time="0.056178"/>
          <testcase name="it can reflect every declared public method in app classes with data set &quot;('E:\laragon\www\inventory\app\…es.php') #5&quot;" file="tests\Unit\Architecture\ApplicationFunctionCoverageTest.php::it can reflect every declared public method in app classes with data set &quot;('E:\laragon\www\inventory\app\…es.php') #5&quot;" class="Tests\Unit\Architecture\ApplicationFunctionCoverageTest" classname="Tests.Unit.Architecture.ApplicationFunctionCoverageTest" assertions="5" time="0.082314"/>
          <testcase name="it can reflect every declared public method in app classes with data set &quot;('E:\laragon\www\inventory\app\…nd.php') #37&quot;" file="tests\Unit\Architecture\ApplicationFunctionCoverageTest.php::it can reflect every declared public method in app classes with data set &quot;('E:\laragon\www\inventory\app\…nd.php') #37&quot;" class="Tests\Unit\Architecture\ApplicationFunctionCoverageTest" classname="Tests.Unit.Architecture.ApplicationFunctionCoverageTest" assertions="5" time="0.055080"/>
          <testcase name="it can reflect every declared public method in app classes with data set &quot;('E:\laragon\www\inventory\app\…nd.php') #38&quot;" file="tests\Unit\Architecture\ApplicationFunctionCoverageTest.php::it can reflect every declared public method in app classes with data set &quot;('E:\laragon\www\inventory\app\…nd.php') #38&quot;" class="Tests\Unit\Architecture\ApplicationFunctionCoverageTest" classname="Tests.Unit.Architecture.ApplicationFunctionCoverageTest" assertions="5" time="0.057484"/>
          <testcase name="it can reflect every declared public method in app classes with data set &quot;('E:\laragon\www\inventory\app\…nd.php') #39&quot;" file="tests\Unit\Architecture\ApplicationFunctionCoverageTest.php::it can reflect every declared public method in app classes with data set &quot;('E:\laragon\www\inventory\app\…nd.php') #39&quot;" class="Tests\Unit\Architecture\ApplicationFunctionCoverageTest" classname="Tests.Unit.Architecture.ApplicationFunctionCoverageTest" assertions="5" time="0.049886"/>
          <testcase name="it can reflect every declared public method in app classes with data set &quot;('E:\laragon\www\inventory\app\…er.php') #1&quot;" file="tests\Unit\Architecture\ApplicationFunctionCoverageTest.php::it can reflect every declared public method in app classes with data set &quot;('E:\laragon\www\inventory\app\…er.php') #1&quot;" class="Tests\Unit\Architecture\ApplicationFunctionCoverageTest" classname="Tests.Unit.Architecture.ApplicationFunctionCoverageTest" assertions="1" time="0.052478"/>
          <testcase name="it can reflect every declared public method in app classes with data set &quot;('E:\laragon\www\inventory\app\…lt.php') #1&quot;" file="tests\Unit\Architecture\ApplicationFunctionCoverageTest.php::it can reflect every declared public method in app classes with data set &quot;('E:\laragon\www\inventory\app\…lt.php') #1&quot;" class="Tests\Unit\Architecture\ApplicationFunctionCoverageTest" classname="Tests.Unit.Architecture.ApplicationFunctionCoverageTest" assertions="1" time="0.046987"/>
          <testcase name="it can reflect every declared public method in app classes with data set &quot;('E:\laragon\www\inventory\app\…on.php') #5&quot;" file="tests\Unit\Architecture\ApplicationFunctionCoverageTest.php::it can reflect every declared public method in app classes with data set &quot;('E:\laragon\www\inventory\app\…on.php') #5&quot;" class="Tests\Unit\Architecture\ApplicationFunctionCoverageTest" classname="Tests.Unit.Architecture.ApplicationFunctionCoverageTest" assertions="1" time="0.058020"/>
          <testcase name="it can reflect every declared public method in app classes with data set &quot;('E:\laragon\www\inventory\app\…lt.php') #2&quot;" file="tests\Unit\Architecture\ApplicationFunctionCoverageTest.php::it can reflect every declared public method in app classes with data set &quot;('E:\laragon\www\inventory\app\…lt.php') #2&quot;" class="Tests\Unit\Architecture\ApplicationFunctionCoverageTest" classname="Tests.Unit.Architecture.ApplicationFunctionCoverageTest" assertions="1" time="0.049184"/>
          <testcase name="it can reflect every declared public method in app classes with data set &quot;('E:\laragon\www\inventory\app\…ta.php') #3&quot;" file="tests\Unit\Architecture\ApplicationFunctionCoverageTest.php::it can reflect every declared public method in app classes with data set &quot;('E:\laragon\www\inventory\app\…ta.php') #3&quot;" class="Tests\Unit\Architecture\ApplicationFunctionCoverageTest" classname="Tests.Unit.Architecture.ApplicationFunctionCoverageTest" assertions="1" time="0.051108"/>
          <testcase name="it can reflect every declared public method in app classes with data set &quot;('E:\laragon\www\inventory\app\…on.php') #6&quot;" file="tests\Unit\Architecture\ApplicationFunctionCoverageTest.php::it can reflect every declared public method in app classes with data set &quot;('E:\laragon\www\inventory\app\…on.php') #6&quot;" class="Tests\Unit\Architecture\ApplicationFunctionCoverageTest" classname="Tests.Unit.Architecture.ApplicationFunctionCoverageTest" assertions="1" time="0.057008"/>
          <testcase name="it can reflect every declared public method in app classes with data set &quot;('E:\laragon\www\inventory\app\…on.php') #7&quot;" file="tests\Unit\Architecture\ApplicationFunctionCoverageTest.php::it can reflect every declared public method in app classes with data set &quot;('E:\laragon\www\inventory\app\…on.php') #7&quot;" class="Tests\Unit\Architecture\ApplicationFunctionCoverageTest" classname="Tests.Unit.Architecture.ApplicationFunctionCoverageTest" assertions="5" time="0.052034"/>
          <testcase name="it can reflect every declared public method in app classes with data set &quot;('E:\laragon\www\inventory\app\…rt.php') #1&quot;" file="tests\Unit\Architecture\ApplicationFunctionCoverageTest.php::it can reflect every declared public method in app classes with data set &quot;('E:\laragon\www\inventory\app\…rt.php') #1&quot;" class="Tests\Unit\Architecture\ApplicationFunctionCoverageTest" classname="Tests.Unit.Architecture.ApplicationFunctionCoverageTest" assertions="13" time="0.060893"/>
          <testcase name="it can reflect every declared public method in app classes with data set &quot;('E:\laragon\www\inventory\app\…rt.php') #2&quot;" file="tests\Unit\Architecture\ApplicationFunctionCoverageTest.php::it can reflect every declared public method in app classes with data set &quot;('E:\laragon\www\inventory\app\…rt.php') #2&quot;" class="Tests\Unit\Architecture\ApplicationFunctionCoverageTest" classname="Tests.Unit.Architecture.ApplicationFunctionCoverageTest" assertions="17" time="0.062801"/>
          <testcase name="it can reflect every declared public method in app classes with data set &quot;('E:\laragon\www\inventory\app\…rt.php') #3&quot;" file="tests\Unit\Architecture\ApplicationFunctionCoverageTest.php::it can reflect every declared public method in app classes with data set &quot;('E:\laragon\www\inventory\app\…rt.php') #3&quot;" class="Tests\Unit\Architecture\ApplicationFunctionCoverageTest" classname="Tests.Unit.Architecture.ApplicationFunctionCoverageTest" assertions="29" time="0.077025"/>
          <testcase name="it can reflect every declared public method in app classes with data set &quot;('E:\laragon\www\inventory\app\…er.php') #2&quot;" file="tests\Unit\Architecture\ApplicationFunctionCoverageTest.php::it can reflect every declared public method in app classes with data set &quot;('E:\laragon\www\inventory\app\…er.php') #2&quot;" class="Tests\Unit\Architecture\ApplicationFunctionCoverageTest" classname="Tests.Unit.Architecture.ApplicationFunctionCoverageTest" assertions="21" time="0.093334"/>
          <testcase name="it can reflect every declared public method in app classes with data set &quot;('E:\laragon\www\inventory\app\…er.php') #3&quot;" file="tests\Unit\Architecture\ApplicationFunctionCoverageTest.php::it can reflect every declared public method in app classes with data set &quot;('E:\laragon\www\inventory\app\…er.php') #3&quot;" class="Tests\Unit\Architecture\ApplicationFunctionCoverageTest" classname="Tests.Unit.Architecture.ApplicationFunctionCoverageTest" assertions="5" time="0.057196"/>
          <testcase name="it can reflect every declared public method in app classes with data set &quot;('E:\laragon\www\inventory\app\…er.php') #4&quot;" file="tests\Unit\Architecture\ApplicationFunctionCoverageTest.php::it can reflect every declared public method in app classes with data set &quot;('E:\laragon\www\inventory\app\…er.php') #4&quot;" class="Tests\Unit\Architecture\ApplicationFunctionCoverageTest" classname="Tests.Unit.Architecture.ApplicationFunctionCoverageTest" assertions="21" time="0.066241"/>
          <testcase name="it can reflect every declared public method in app classes with data set &quot;('E:\laragon\www\inventory\app\…er.php') #5&quot;" file="tests\Unit\Architecture\ApplicationFunctionCoverageTest.php::it can reflect every declared public method in app classes with data set &quot;('E:\laragon\www\inventory\app\…er.php') #5&quot;" class="Tests\Unit\Architecture\ApplicationFunctionCoverageTest" classname="Tests.Unit.Architecture.ApplicationFunctionCoverageTest" assertions="25" time="0.060332"/>
          <testcase name="it can reflect every declared public method in app classes with data set &quot;('E:\laragon\www\inventory\app\…er.php') #6&quot;" file="tests\Unit\Architecture\ApplicationFunctionCoverageTest.php::it can reflect every declared public method in app classes with data set &quot;('E:\laragon\www\inventory\app\…er.php') #6&quot;" class="Tests\Unit\Architecture\ApplicationFunctionCoverageTest" classname="Tests.Unit.Architecture.ApplicationFunctionCoverageTest" assertions="9" time="0.052112"/>
          <testcase name="it can reflect every declared public method in app classes with data set &quot;('E:\laragon\www\inventory\app\…er.php') #7&quot;" file="tests\Unit\Architecture\ApplicationFunctionCoverageTest.php::it can reflect every declared public method in app classes with data set &quot;('E:\laragon\www\inventory\app\…er.php') #7&quot;" class="Tests\Unit\Architecture\ApplicationFunctionCoverageTest" classname="Tests.Unit.Architecture.ApplicationFunctionCoverageTest" assertions="9" time="0.061001"/>
          <testcase name="it can reflect every declared public method in app classes with data set &quot;('E:\laragon\www\inventory\app\…er.php') #8&quot;" file="tests\Unit\Architecture\ApplicationFunctionCoverageTest.php::it can reflect every declared public method in app classes with data set &quot;('E:\laragon\www\inventory\app\…er.php') #8&quot;" class="Tests\Unit\Architecture\ApplicationFunctionCoverageTest" classname="Tests.Unit.Architecture.ApplicationFunctionCoverageTest" assertions="57" time="0.062470"/>
          <testcase name="it can reflect every declared public method in app classes with data set &quot;('E:\laragon\www\inventory\app\…er.php') #9&quot;" file="tests\Unit\Architecture\ApplicationFunctionCoverageTest.php::it can reflect every declared public method in app classes with data set &quot;('E:\laragon\www\inventory\app\…er.php') #9&quot;" class="Tests\Unit\Architecture\ApplicationFunctionCoverageTest" classname="Tests.Unit.Architecture.ApplicationFunctionCoverageTest" assertions="29" time="0.069639"/>
          <testcase name="it can reflect every declared public method in app classes with data set &quot;('E:\laragon\www\inventory\app\…er.php') #10&quot;" file="tests\Unit\Architecture\ApplicationFunctionCoverageTest.php::it can reflect every declared public method in app classes with data set &quot;('E:\laragon\www\inventory\app\…er.php') #10&quot;" class="Tests\Unit\Architecture\ApplicationFunctionCoverageTest" classname="Tests.Unit.Architecture.ApplicationFunctionCoverageTest" assertions="5" time="0.068025"/>
          <testcase name="it can reflect every declared public method in app classes with data set &quot;('E:\laragon\www\inventory\app\…er.php') #11&quot;" file="tests\Unit\Architecture\ApplicationFunctionCoverageTest.php::it can reflect every declared public method in app classes with data set &quot;('E:\laragon\www\inventory\app\…er.php') #11&quot;" class="Tests\Unit\Architecture\ApplicationFunctionCoverageTest" classname="Tests.Unit.Architecture.ApplicationFunctionCoverageTest" assertions="13" time="0.055067"/>
          <testcase name="it can reflect every declared public method in app classes with data set &quot;('E:\laragon\www\inventory\app\…er.php') #12&quot;" file="tests\Unit\Architecture\ApplicationFunctionCoverageTest.php::it can reflect every declared public method in app classes with data set &quot;('E:\laragon\www\inventory\app\…er.php') #12&quot;" class="Tests\Unit\Architecture\ApplicationFunctionCoverageTest" classname="Tests.Unit.Architecture.ApplicationFunctionCoverageTest" assertions="9" time="0.048083"/>
          <testcase name="it can reflect every declared public method in app classes with data set &quot;('E:\laragon\www\inventory\app\…er.php') #13&quot;" file="tests\Unit\Architecture\ApplicationFunctionCoverageTest.php::it can reflect every declared public method in app classes with data set &quot;('E:\laragon\www\inventory\app\…er.php') #13&quot;" class="Tests\Unit\Architecture\ApplicationFunctionCoverageTest" classname="Tests.Unit.Architecture.ApplicationFunctionCoverageTest" assertions="9" time="0.050111"/>
          <testcase name="it can reflect every declared public method in app classes with data set &quot;('E:\laragon\www\inventory\app\…er.php') #14&quot;" file="tests\Unit\Architecture\ApplicationFunctionCoverageTest.php::it can reflect every declared public method in app classes with data set &quot;('E:\laragon\www\inventory\app\…er.php') #14&quot;" class="Tests\Unit\Architecture\ApplicationFunctionCoverageTest" classname="Tests.Unit.Architecture.ApplicationFunctionCoverageTest" assertions="5" time="0.049341"/>
          <testcase name="it can reflect every declared public method in app classes with data set &quot;('E:\laragon\www\inventory\app\…er.php') #15&quot;" file="tests\Unit\Architecture\ApplicationFunctionCoverageTest.php::it can reflect every declared public method in app classes with data set &quot;('E:\laragon\www\inventory\app\…er.php') #15&quot;" class="Tests\Unit\Architecture\ApplicationFunctionCoverageTest" classname="Tests.Unit.Architecture.ApplicationFunctionCoverageTest" assertions="5" time="0.049191"/>
          <testcase name="it can reflect every declared public method in app classes with data set &quot;('E:\laragon\www\inventory\app\…er.php') #16&quot;" file="tests\Unit\Architecture\ApplicationFunctionCoverageTest.php::it can reflect every declared public method in app classes with data set &quot;('E:\laragon\www\inventory\app\…er.php') #16&quot;" class="Tests\Unit\Architecture\ApplicationFunctionCoverageTest" classname="Tests.Unit.Architecture.ApplicationFunctionCoverageTest" assertions="9" time="0.049534"/>
          <testcase name="it can reflect every declared public method in app classes with data set &quot;('E:\laragon\www\inventory\app\…er.php') #17&quot;" file="tests\Unit\Architecture\ApplicationFunctionCoverageTest.php::it can reflect every declared public method in app classes with data set &quot;('E:\laragon\www\inventory\app\…er.php') #17&quot;" class="Tests\Unit\Architecture\ApplicationFunctionCoverageTest" classname="Tests.Unit.Architecture.ApplicationFunctionCoverageTest" assertions="5" time="0.045889"/>
          <testcase name="it can reflect every declared public method in app classes with data set &quot;('E:\laragon\www\inventory\app\…er.php') #18&quot;" file="tests\Unit\Architecture\ApplicationFunctionCoverageTest.php::it can reflect every declared public method in app classes with data set &quot;('E:\laragon\www\inventory\app\…er.php') #18&quot;" class="Tests\Unit\Architecture\ApplicationFunctionCoverageTest" classname="Tests.Unit.Architecture.ApplicationFunctionCoverageTest" assertions="9" time="0.052366"/>
          <testcase name="it can reflect every declared public method in app classes with data set &quot;('E:\laragon\www\inventory\app\…er.php') #19&quot;" file="tests\Unit\Architecture\ApplicationFunctionCoverageTest.php::it can reflect every declared public method in app classes with data set &quot;('E:\laragon\www\inventory\app\…er.php') #19&quot;" class="Tests\Unit\Architecture\ApplicationFunctionCoverageTest" classname="Tests.Unit.Architecture.ApplicationFunctionCoverageTest" assertions="5" time="0.045079"/>
          <testcase name="it can reflect every declared public method in app classes with data set &quot;('E:\laragon\www\inventory\app\…er.php') #20&quot;" file="tests\Unit\Architecture\ApplicationFunctionCoverageTest.php::it can reflect every declared public method in app classes with data set &quot;('E:\laragon\www\inventory\app\…er.php') #20&quot;" class="Tests\Unit\Architecture\ApplicationFunctionCoverageTest" classname="Tests.Unit.Architecture.ApplicationFunctionCoverageTest" assertions="9" time="0.051957"/>
          <testcase name="it can reflect every declared public method in app classes with data set &quot;('E:\laragon\www\inventory\app\…er.php') #21&quot;" file="tests\Unit\Architecture\ApplicationFunctionCoverageTest.php::it can reflect every declared public method in app classes with data set &quot;('E:\laragon\www\inventory\app\…er.php') #21&quot;" class="Tests\Unit\Architecture\ApplicationFunctionCoverageTest" classname="Tests.Unit.Architecture.ApplicationFunctionCoverageTest" assertions="5" time="0.058521"/>
          <testcase name="it can reflect every declared public method in app classes with data set &quot;('E:\laragon\www\inventory\app\…er.php') #22&quot;" file="tests\Unit\Architecture\ApplicationFunctionCoverageTest.php::it can reflect every declared public method in app classes with data set &quot;('E:\laragon\www\inventory\app\…er.php') #22&quot;" class="Tests\Unit\Architecture\ApplicationFunctionCoverageTest" classname="Tests.Unit.Architecture.ApplicationFunctionCoverageTest" assertions="33" time="0.066007"/>
          <testcase name="it can reflect every declared public method in app classes with data set &quot;('E:\laragon\www\inventory\app\…er.php') #23&quot;" file="tests\Unit\Architecture\ApplicationFunctionCoverageTest.php::it can reflect every declared public method in app classes with data set &quot;('E:\laragon\www\inventory\app\…er.php') #23&quot;" class="Tests\Unit\Architecture\ApplicationFunctionCoverageTest" classname="Tests.Unit.Architecture.ApplicationFunctionCoverageTest" assertions="9" time="0.067362"/>
          <testcase name="it can reflect every declared public method in app classes with data set &quot;('E:\laragon\www\inventory\app\…er.php') #24&quot;" file="tests\Unit\Architecture\ApplicationFunctionCoverageTest.php::it can reflect every declared public method in app classes with data set &quot;('E:\laragon\www\inventory\app\…er.php') #24&quot;" class="Tests\Unit\Architecture\ApplicationFunctionCoverageTest" classname="Tests.Unit.Architecture.ApplicationFunctionCoverageTest" assertions="21" time="0.050194"/>
          <testcase name="it can reflect every declared public method in app classes with data set &quot;('E:\laragon\www\inventory\app\…er.php') #25&quot;" file="tests\Unit\Architecture\ApplicationFunctionCoverageTest.php::it can reflect every declared public method in app classes with data set &quot;('E:\laragon\www\inventory\app\…er.php') #25&quot;" class="Tests\Unit\Architecture\ApplicationFunctionCoverageTest" classname="Tests.Unit.Architecture.ApplicationFunctionCoverageTest" assertions="65" time="0.058992"/>
          <testcase name="it can reflect every declared public method in app classes with data set &quot;('E:\laragon\www\inventory\app\…er.php') #26&quot;" file="tests\Unit\Architecture\ApplicationFunctionCoverageTest.php::it can reflect every declared public method in app classes with data set &quot;('E:\laragon\www\inventory\app\…er.php') #26&quot;" class="Tests\Unit\Architecture\ApplicationFunctionCoverageTest" classname="Tests.Unit.Architecture.ApplicationFunctionCoverageTest" assertions="17" time="0.051131"/>
          <testcase name="it can reflect every declared public method in app classes with data set &quot;('E:\laragon\www\inventory\app\…er.php') #27&quot;" file="tests\Unit\Architecture\ApplicationFunctionCoverageTest.php::it can reflect every declared public method in app classes with data set &quot;('E:\laragon\www\inventory\app\…er.php') #27&quot;" class="Tests\Unit\Architecture\ApplicationFunctionCoverageTest" classname="Tests.Unit.Architecture.ApplicationFunctionCoverageTest" assertions="61" time="0.050894"/>
          <testcase name="it can reflect every declared public method in app classes with data set &quot;('E:\laragon\www\inventory\app\…er.php') #28&quot;" file="tests\Unit\Architecture\ApplicationFunctionCoverageTest.php::it can reflect every declared public method in app classes with data set &quot;('E:\laragon\www\inventory\app\…er.php') #28&quot;" class="Tests\Unit\Architecture\ApplicationFunctionCoverageTest" classname="Tests.Unit.Architecture.ApplicationFunctionCoverageTest" assertions="41" time="0.053414"/>
          <testcase name="it can reflect every declared public method in app classes with data set &quot;('E:\laragon\www\inventory\app\…er.php') #29&quot;" file="tests\Unit\Architecture\ApplicationFunctionCoverageTest.php::it can reflect every declared public method in app classes with data set &quot;('E:\laragon\www\inventory\app\…er.php') #29&quot;" class="Tests\Unit\Architecture\ApplicationFunctionCoverageTest" classname="Tests.Unit.Architecture.ApplicationFunctionCoverageTest" assertions="1" time="0.047575"/>
          <testcase name="it can reflect every declared public method in app classes with data set &quot;('E:\laragon\www\inventory\app\…er.php') #30&quot;" file="tests\Unit\Architecture\ApplicationFunctionCoverageTest.php::it can reflect every declared public method in app classes with data set &quot;('E:\laragon\www\inventory\app\…er.php') #30&quot;" class="Tests\Unit\Architecture\ApplicationFunctionCoverageTest" classname="Tests.Unit.Architecture.ApplicationFunctionCoverageTest" assertions="13" time="0.050493"/>
          <testcase name="it can reflect every declared public method in app classes with data set &quot;('E:\laragon\www\inventory\app\…er.php') #31&quot;" file="tests\Unit\Architecture\ApplicationFunctionCoverageTest.php::it can reflect every declared public method in app classes with data set &quot;('E:\laragon\www\inventory\app\…er.php') #31&quot;" class="Tests\Unit\Architecture\ApplicationFunctionCoverageTest" classname="Tests.Unit.Architecture.ApplicationFunctionCoverageTest" assertions="33" time="0.046548"/>
          <testcase name="it can reflect every declared public method in app classes with data set &quot;('E:\laragon\www\inventory\app\…er.php') #32&quot;" file="tests\Unit\Architecture\ApplicationFunctionCoverageTest.php::it can reflect every declared public method in app classes with data set &quot;('E:\laragon\www\inventory\app\…er.php') #32&quot;" class="Tests\Unit\Architecture\ApplicationFunctionCoverageTest" classname="Tests.Unit.Architecture.ApplicationFunctionCoverageTest" assertions="13" time="0.054176"/>
          <testcase name="it can reflect every declared public method in app classes with data set &quot;('E:\laragon\www\inventory\app\…er.php') #33&quot;" file="tests\Unit\Architecture\ApplicationFunctionCoverageTest.php::it can reflect every declared public method in app classes with data set &quot;('E:\laragon\www\inventory\app\…er.php') #33&quot;" class="Tests\Unit\Architecture\ApplicationFunctionCoverageTest" classname="Tests.Unit.Architecture.ApplicationFunctionCoverageTest" assertions="5" time="0.046566"/>
          <testcase name="it can reflect every declared public method in app classes with data set &quot;('E:\laragon\www\inventory\app\…er.php') #34&quot;" file="tests\Unit\Architecture\ApplicationFunctionCoverageTest.php::it can reflect every declared public method in app classes with data set &quot;('E:\laragon\www\inventory\app\…er.php') #34&quot;" class="Tests\Unit\Architecture\ApplicationFunctionCoverageTest" classname="Tests.Unit.Architecture.ApplicationFunctionCoverageTest" assertions="5" time="0.044660"/>
          <testcase name="it can reflect every declared public method in app classes with data set &quot;('E:\laragon\www\inventory\app\…er.php') #35&quot;" file="tests\Unit\Architecture\ApplicationFunctionCoverageTest.php::it can reflect every declared public method in app classes with data set &quot;('E:\laragon\www\inventory\app\…er.php') #35&quot;" class="Tests\Unit\Architecture\ApplicationFunctionCoverageTest" classname="Tests.Unit.Architecture.ApplicationFunctionCoverageTest" assertions="25" time="0.047982"/>
          <testcase name="it can reflect every declared public method in app classes with data set &quot;('E:\laragon\www\inventory\app\…er.php') #36&quot;" file="tests\Unit\Architecture\ApplicationFunctionCoverageTest.php::it can reflect every declared public method in app classes with data set &quot;('E:\laragon\www\inventory\app\…er.php') #36&quot;" class="Tests\Unit\Architecture\ApplicationFunctionCoverageTest" classname="Tests.Unit.Architecture.ApplicationFunctionCoverageTest" assertions="9" time="0.044406"/>
          <testcase name="it can reflect every declared public method in app classes with data set &quot;('E:\laragon\www\inventory\app\…er.php') #37&quot;" file="tests\Unit\Architecture\ApplicationFunctionCoverageTest.php::it can reflect every declared public method in app classes with data set &quot;('E:\laragon\www\inventory\app\…er.php') #37&quot;" class="Tests\Unit\Architecture\ApplicationFunctionCoverageTest" classname="Tests.Unit.Architecture.ApplicationFunctionCoverageTest" assertions="125" time="0.054667"/>
          <testcase name="it can reflect every declared public method in app classes with data set &quot;('E:\laragon\www\inventory\app\…er.php') #38&quot;" file="tests\Unit\Architecture\ApplicationFunctionCoverageTest.php::it can reflect every declared public method in app classes with data set &quot;('E:\laragon\www\inventory\app\…er.php') #38&quot;" class="Tests\Unit\Architecture\ApplicationFunctionCoverageTest" classname="Tests.Unit.Architecture.ApplicationFunctionCoverageTest" assertions="5" time="0.046050"/>
          <testcase name="it can reflect every declared public method in app classes with data set &quot;('E:\laragon\www\inventory\app\…er.php') #39&quot;" file="tests\Unit\Architecture\ApplicationFunctionCoverageTest.php::it can reflect every declared public method in app classes with data set &quot;('E:\laragon\www\inventory\app\…er.php') #39&quot;" class="Tests\Unit\Architecture\ApplicationFunctionCoverageTest" classname="Tests.Unit.Architecture.ApplicationFunctionCoverageTest" assertions="9" time="0.057174"/>
          <testcase name="it can reflect every declared public method in app classes with data set &quot;('E:\laragon\www\inventory\app\…er.php') #40&quot;" file="tests\Unit\Architecture\ApplicationFunctionCoverageTest.php::it can reflect every declared public method in app classes with data set &quot;('E:\laragon\www\inventory\app\…er.php') #40&quot;" class="Tests\Unit\Architecture\ApplicationFunctionCoverageTest" classname="Tests.Unit.Architecture.ApplicationFunctionCoverageTest" assertions="33" time="0.050353"/>
          <testcase name="it can reflect every declared public method in app classes with data set &quot;('E:\laragon\www\inventory\app\…er.php') #41&quot;" file="tests\Unit\Architecture\ApplicationFunctionCoverageTest.php::it can reflect every declared public method in app classes with data set &quot;('E:\laragon\www\inventory\app\…er.php') #41&quot;" class="Tests\Unit\Architecture\ApplicationFunctionCoverageTest" classname="Tests.Unit.Architecture.ApplicationFunctionCoverageTest" assertions="25" time="0.051866"/>
          <testcase name="it can reflect every declared public method in app classes with data set &quot;('E:\laragon\www\inventory\app\…er.php') #42&quot;" file="tests\Unit\Architecture\ApplicationFunctionCoverageTest.php::it can reflect every declared public method in app classes with data set &quot;('E:\laragon\www\inventory\app\…er.php') #42&quot;" class="Tests\Unit\Architecture\ApplicationFunctionCoverageTest" classname="Tests.Unit.Architecture.ApplicationFunctionCoverageTest" assertions="13" time="0.052449"/>
          <testcase name="it can reflect every declared public method in app classes with data set &quot;('E:\laragon\www\inventory\app\…er.php') #43&quot;" file="tests\Unit\Architecture\ApplicationFunctionCoverageTest.php::it can reflect every declared public method in app classes with data set &quot;('E:\laragon\www\inventory\app\…er.php') #43&quot;" class="Tests\Unit\Architecture\ApplicationFunctionCoverageTest" classname="Tests.Unit.Architecture.ApplicationFunctionCoverageTest" assertions="29" time="0.053139"/>
          <testcase name="it can reflect every declared public method in app classes with data set &quot;('E:\laragon\www\inventory\app\…er.php') #44&quot;" file="tests\Unit\Architecture\ApplicationFunctionCoverageTest.php::it can reflect every declared public method in app classes with data set &quot;('E:\laragon\www\inventory\app\…er.php') #44&quot;" class="Tests\Unit\Architecture\ApplicationFunctionCoverageTest" classname="Tests.Unit.Architecture.ApplicationFunctionCoverageTest" assertions="41" time="0.055717"/>
          <testcase name="it can reflect every declared public method in app classes with data set &quot;('E:\laragon\www\inventory\app\…er.php') #45&quot;" file="tests\Unit\Architecture\ApplicationFunctionCoverageTest.php::it can reflect every declared public method in app classes with data set &quot;('E:\laragon\www\inventory\app\…er.php') #45&quot;" class="Tests\Unit\Architecture\ApplicationFunctionCoverageTest" classname="Tests.Unit.Architecture.ApplicationFunctionCoverageTest" assertions="109" time="0.065897"/>
          <testcase name="it can reflect every declared public method in app classes with data set &quot;('E:\laragon\www\inventory\app\…er.php') #46&quot;" file="tests\Unit\Architecture\ApplicationFunctionCoverageTest.php::it can reflect every declared public method in app classes with data set &quot;('E:\laragon\www\inventory\app\…er.php') #46&quot;" class="Tests\Unit\Architecture\ApplicationFunctionCoverageTest" classname="Tests.Unit.Architecture.ApplicationFunctionCoverageTest" assertions="49" time="0.055317"/>
          <testcase name="it can reflect every declared public method in app classes with data set &quot;('E:\laragon\www\inventory\app\…er.php') #47&quot;" file="tests\Unit\Architecture\ApplicationFunctionCoverageTest.php::it can reflect every declared public method in app classes with data set &quot;('E:\laragon\www\inventory\app\…er.php') #47&quot;" class="Tests\Unit\Architecture\ApplicationFunctionCoverageTest" classname="Tests.Unit.Architecture.ApplicationFunctionCoverageTest" assertions="49" time="0.056331"/>
          <testcase name="it can reflect every declared public method in app classes with data set &quot;('E:\laragon\www\inventory\app\…er.php') #48&quot;" file="tests\Unit\Architecture\ApplicationFunctionCoverageTest.php::it can reflect every declared public method in app classes with data set &quot;('E:\laragon\www\inventory\app\…er.php') #48&quot;" class="Tests\Unit\Architecture\ApplicationFunctionCoverageTest" classname="Tests.Unit.Architecture.ApplicationFunctionCoverageTest" assertions="25" time="0.048421"/>
          <testcase name="it can reflect every declared public method in app classes with data set &quot;('E:\laragon\www\inventory\app\…er.php') #49&quot;" file="tests\Unit\Architecture\ApplicationFunctionCoverageTest.php::it can reflect every declared public method in app classes with data set &quot;('E:\laragon\www\inventory\app\…er.php') #49&quot;" class="Tests\Unit\Architecture\ApplicationFunctionCoverageTest" classname="Tests.Unit.Architecture.ApplicationFunctionCoverageTest" assertions="33" time="0.047776"/>
          <testcase name="it can reflect every declared public method in app classes with data set &quot;('E:\laragon\www\inventory\app\…er.php') #50&quot;" file="tests\Unit\Architecture\ApplicationFunctionCoverageTest.php::it can reflect every declared public method in app classes with data set &quot;('E:\laragon\www\inventory\app\…er.php') #50&quot;" class="Tests\Unit\Architecture\ApplicationFunctionCoverageTest" classname="Tests.Unit.Architecture.ApplicationFunctionCoverageTest" assertions="13" time="0.047262"/>
          <testcase name="it can reflect every declared public method in app classes with data set &quot;('E:\laragon\www\inventory\app\…er.php') #51&quot;" file="tests\Unit\Architecture\ApplicationFunctionCoverageTest.php::it can reflect every declared public method in app classes with data set &quot;('E:\laragon\www\inventory\app\…er.php') #51&quot;" class="Tests\Unit\Architecture\ApplicationFunctionCoverageTest" classname="Tests.Unit.Architecture.ApplicationFunctionCoverageTest" assertions="5" time="0.048955"/>
          <testcase name="it can reflect every declared public method in app classes with data set &quot;('E:\laragon\www\inventory\app\…er.php') #52&quot;" file="tests\Unit\Architecture\ApplicationFunctionCoverageTest.php::it can reflect every declared public method in app classes with data set &quot;('E:\laragon\www\inventory\app\…er.php') #52&quot;" class="Tests\Unit\Architecture\ApplicationFunctionCoverageTest" classname="Tests.Unit.Architecture.ApplicationFunctionCoverageTest" assertions="5" time="0.052799"/>
          <testcase name="it can reflect every declared public method in app classes with data set &quot;('E:\laragon\www\inventory\app\…er.php') #53&quot;" file="tests\Unit\Architecture\ApplicationFunctionCoverageTest.php::it can reflect every declared public method in app classes with data set &quot;('E:\laragon\www\inventory\app\…er.php') #53&quot;" class="Tests\Unit\Architecture\ApplicationFunctionCoverageTest" classname="Tests.Unit.Architecture.ApplicationFunctionCoverageTest" assertions="17" time="0.057634"/>
          <testcase name="it can reflect every declared public method in app classes with data set &quot;('E:\laragon\www\inventory\app\…er.php') #54&quot;" file="tests\Unit\Architecture\ApplicationFunctionCoverageTest.php::it can reflect every declared public method in app classes with data set &quot;('E:\laragon\www\inventory\app\…er.php') #54&quot;" class="Tests\Unit\Architecture\ApplicationFunctionCoverageTest" classname="Tests.Unit.Architecture.ApplicationFunctionCoverageTest" assertions="13" time="0.047918"/>
          <testcase name="it can reflect every declared public method in app classes with data set &quot;('E:\laragon\www\inventory\app\…er.php') #55&quot;" file="tests\Unit\Architecture\ApplicationFunctionCoverageTest.php::it can reflect every declared public method in app classes with data set &quot;('E:\laragon\www\inventory\app\…er.php') #55&quot;" class="Tests\Unit\Architecture\ApplicationFunctionCoverageTest" classname="Tests.Unit.Architecture.ApplicationFunctionCoverageTest" assertions="37" time="0.049560"/>
          <testcase name="it can reflect every declared public method in app classes with data set &quot;('E:\laragon\www\inventory\app\…er.php') #56&quot;" file="tests\Unit\Architecture\ApplicationFunctionCoverageTest.php::it can reflect every declared public method in app classes with data set &quot;('E:\laragon\www\inventory\app\…er.php') #56&quot;" class="Tests\Unit\Architecture\ApplicationFunctionCoverageTest" classname="Tests.Unit.Architecture.ApplicationFunctionCoverageTest" assertions="9" time="0.047587"/>
          <testcase name="it can reflect every declared public method in app classes with data set &quot;('E:\laragon\www\inventory\app\…er.php') #57&quot;" file="tests\Unit\Architecture\ApplicationFunctionCoverageTest.php::it can reflect every declared public method in app classes with data set &quot;('E:\laragon\www\inventory\app\…er.php') #57&quot;" class="Tests\Unit\Architecture\ApplicationFunctionCoverageTest" classname="Tests.Unit.Architecture.ApplicationFunctionCoverageTest" assertions="5" time="0.045208"/>
          <testcase name="it can reflect every declared public method in app classes with data set &quot;('E:\laragon\www\inventory\app\…er.php') #58&quot;" file="tests\Unit\Architecture\ApplicationFunctionCoverageTest.php::it can reflect every declared public method in app classes with data set &quot;('E:\laragon\www\inventory\app\…er.php') #58&quot;" class="Tests\Unit\Architecture\ApplicationFunctionCoverageTest" classname="Tests.Unit.Architecture.ApplicationFunctionCoverageTest" assertions="25" time="0.048076"/>
          <testcase name="it can reflect every declared public method in app classes with data set &quot;('E:\laragon\www\inventory\app\…er.php') #59&quot;" file="tests\Unit\Architecture\ApplicationFunctionCoverageTest.php::it can reflect every declared public method in app classes with data set &quot;('E:\laragon\www\inventory\app\…er.php') #59&quot;" class="Tests\Unit\Architecture\ApplicationFunctionCoverageTest" classname="Tests.Unit.Architecture.ApplicationFunctionCoverageTest" assertions="53" time="0.049946"/>
          <testcase name="it can reflect every declared public method in app classes with data set &quot;('E:\laragon\www\inventory\app\…er.php') #60&quot;" file="tests\Unit\Architecture\ApplicationFunctionCoverageTest.php::it can reflect every declared public method in app classes with data set &quot;('E:\laragon\www\inventory\app\…er.php') #60&quot;" class="Tests\Unit\Architecture\ApplicationFunctionCoverageTest" classname="Tests.Unit.Architecture.ApplicationFunctionCoverageTest" assertions="33" time="0.058685"/>
          <testcase name="it can reflect every declared public method in app classes with data set &quot;('E:\laragon\www\inventory\app\…er.php') #61&quot;" file="tests\Unit\Architecture\ApplicationFunctionCoverageTest.php::it can reflect every declared public method in app classes with data set &quot;('E:\laragon\www\inventory\app\…er.php') #61&quot;" class="Tests\Unit\Architecture\ApplicationFunctionCoverageTest" classname="Tests.Unit.Architecture.ApplicationFunctionCoverageTest" assertions="33" time="0.050297"/>
          <testcase name="it can reflect every declared public method in app classes with data set &quot;('E:\laragon\www\inventory\app\…er.php') #62&quot;" file="tests\Unit\Architecture\ApplicationFunctionCoverageTest.php::it can reflect every declared public method in app classes with data set &quot;('E:\laragon\www\inventory\app\…er.php') #62&quot;" class="Tests\Unit\Architecture\ApplicationFunctionCoverageTest" classname="Tests.Unit.Architecture.ApplicationFunctionCoverageTest" assertions="17" time="0.048566"/>
          <testcase name="it can reflect every declared public method in app classes with data set &quot;('E:\laragon\www\inventory\app\…er.php') #63&quot;" file="tests\Unit\Architecture\ApplicationFunctionCoverageTest.php::it can reflect every declared public method in app classes with data set &quot;('E:\laragon\www\inventory\app\…er.php') #63&quot;" class="Tests\Unit\Architecture\ApplicationFunctionCoverageTest" classname="Tests.Unit.Architecture.ApplicationFunctionCoverageTest" assertions="9" time="0.050248"/>
          <testcase name="it can reflect every declared public method in app classes with data set &quot;('E:\laragon\www\inventory\app\…er.php') #64&quot;" file="tests\Unit\Architecture\ApplicationFunctionCoverageTest.php::it can reflect every declared public method in app classes with data set &quot;('E:\laragon\www\inventory\app\…er.php') #64&quot;" class="Tests\Unit\Architecture\ApplicationFunctionCoverageTest" classname="Tests.Unit.Architecture.ApplicationFunctionCoverageTest" assertions="5" time="0.052015"/>
          <testcase name="it can reflect every declared public method in app classes with data set &quot;('E:\laragon\www\inventory\app\…er.php') #65&quot;" file="tests\Unit\Architecture\ApplicationFunctionCoverageTest.php::it can reflect every declared public method in app classes with data set &quot;('E:\laragon\www\inventory\app\…er.php') #65&quot;" class="Tests\Unit\Architecture\ApplicationFunctionCoverageTest" classname="Tests.Unit.Architecture.ApplicationFunctionCoverageTest" assertions="53" time="0.062494"/>
          <testcase name="it can reflect every declared public method in app classes with data set &quot;('E:\laragon\www\inventory\app\…er.php') #66&quot;" file="tests\Unit\Architecture\ApplicationFunctionCoverageTest.php::it can reflect every declared public method in app classes with data set &quot;('E:\laragon\www\inventory\app\…er.php') #66&quot;" class="Tests\Unit\Architecture\ApplicationFunctionCoverageTest" classname="Tests.Unit.Architecture.ApplicationFunctionCoverageTest" assertions="9" time="0.051405"/>
          <testcase name="it can reflect every declared public method in app classes with data set &quot;('E:\laragon\www\inventory\app\…er.php') #67&quot;" file="tests\Unit\Architecture\ApplicationFunctionCoverageTest.php::it can reflect every declared public method in app classes with data set &quot;('E:\laragon\www\inventory\app\…er.php') #67&quot;" class="Tests\Unit\Architecture\ApplicationFunctionCoverageTest" classname="Tests.Unit.Architecture.ApplicationFunctionCoverageTest" assertions="9" time="0.064031"/>
          <testcase name="it can reflect every declared public method in app classes with data set &quot;('E:\laragon\www\inventory\app\…er.php') #68&quot;" file="tests\Unit\Architecture\ApplicationFunctionCoverageTest.php::it can reflect every declared public method in app classes with data set &quot;('E:\laragon\www\inventory\app\…er.php') #68&quot;" class="Tests\Unit\Architecture\ApplicationFunctionCoverageTest" classname="Tests.Unit.Architecture.ApplicationFunctionCoverageTest" assertions="129" time="0.067236"/>
          <testcase name="it can reflect every declared public method in app classes with data set &quot;('E:\laragon\www\inventory\app\…er.php') #69&quot;" file="tests\Unit\Architecture\ApplicationFunctionCoverageTest.php::it can reflect every declared public method in app classes with data set &quot;('E:\laragon\www\inventory\app\…er.php') #69&quot;" class="Tests\Unit\Architecture\ApplicationFunctionCoverageTest" classname="Tests.Unit.Architecture.ApplicationFunctionCoverageTest" assertions="81" time="0.052625"/>
          <testcase name="it can reflect every declared public method in app classes with data set &quot;('E:\laragon\www\inventory\app\…er.php') #70&quot;" file="tests\Unit\Architecture\ApplicationFunctionCoverageTest.php::it can reflect every declared public method in app classes with data set &quot;('E:\laragon\www\inventory\app\…er.php') #70&quot;" class="Tests\Unit\Architecture\ApplicationFunctionCoverageTest" classname="Tests.Unit.Architecture.ApplicationFunctionCoverageTest" assertions="29" time="0.050932"/>
          <testcase name="it can reflect every declared public method in app classes with data set &quot;('E:\laragon\www\inventory\app\…er.php') #71&quot;" file="tests\Unit\Architecture\ApplicationFunctionCoverageTest.php::it can reflect every declared public method in app classes with data set &quot;('E:\laragon\www\inventory\app\…er.php') #71&quot;" class="Tests\Unit\Architecture\ApplicationFunctionCoverageTest" classname="Tests.Unit.Architecture.ApplicationFunctionCoverageTest" assertions="13" time="0.053874"/>
          <testcase name="it can reflect every declared public method in app classes with data set &quot;('E:\laragon\www\inventory\app\…er.php') #72&quot;" file="tests\Unit\Architecture\ApplicationFunctionCoverageTest.php::it can reflect every declared public method in app classes with data set &quot;('E:\laragon\www\inventory\app\…er.php') #72&quot;" class="Tests\Unit\Architecture\ApplicationFunctionCoverageTest" classname="Tests.Unit.Architecture.ApplicationFunctionCoverageTest" assertions="41" time="0.053531"/>
          <testcase name="it can reflect every declared public method in app classes with data set &quot;('E:\laragon\www\inventory\app\…er.php') #73&quot;" file="tests\Unit\Architecture\ApplicationFunctionCoverageTest.php::it can reflect every declared public method in app classes with data set &quot;('E:\laragon\www\inventory\app\…er.php') #73&quot;" class="Tests\Unit\Architecture\ApplicationFunctionCoverageTest" classname="Tests.Unit.Architecture.ApplicationFunctionCoverageTest" assertions="9" time="0.054805"/>
          <testcase name="it can reflect every declared public method in app classes with data set &quot;('E:\laragon\www\inventory\app\…er.php') #74&quot;" file="tests\Unit\Architecture\ApplicationFunctionCoverageTest.php::it can reflect every declared public method in app classes with data set &quot;('E:\laragon\www\inventory\app\…er.php') #74&quot;" class="Tests\Unit\Architecture\ApplicationFunctionCoverageTest" classname="Tests.Unit.Architecture.ApplicationFunctionCoverageTest" assertions="13" time="0.063529"/>
          <testcase name="it can reflect every declared public method in app classes with data set &quot;('E:\laragon\www\inventory\app\…er.php') #75&quot;" file="tests\Unit\Architecture\ApplicationFunctionCoverageTest.php::it can reflect every declared public method in app classes with data set &quot;('E:\laragon\www\inventory\app\…er.php') #75&quot;" class="Tests\Unit\Architecture\ApplicationFunctionCoverageTest" classname="Tests.Unit.Architecture.ApplicationFunctionCoverageTest" assertions="9" time="0.049871"/>
          <testcase name="it can reflect every declared public method in app classes with data set &quot;('E:\laragon\www\inventory\app\…on.php') #8&quot;" file="tests\Unit\Architecture\ApplicationFunctionCoverageTest.php::it can reflect every declared public method in app classes with data set &quot;('E:\laragon\www\inventory\app\…on.php') #8&quot;" class="Tests\Unit\Architecture\ApplicationFunctionCoverageTest" classname="Tests.Unit.Architecture.ApplicationFunctionCoverageTest" assertions="5" time="0.051756"/>
          <testcase name="it can reflect every declared public method in app classes with data set &quot;('E:\laragon\www\inventory\app\…on.php') #9&quot;" file="tests\Unit\Architecture\ApplicationFunctionCoverageTest.php::it can reflect every declared public method in app classes with data set &quot;('E:\laragon\www\inventory\app\…on.php') #9&quot;" class="Tests\Unit\Architecture\ApplicationFunctionCoverageTest" classname="Tests.Unit.Architecture.ApplicationFunctionCoverageTest" assertions="5" time="0.062313"/>
          <testcase name="it can reflect every declared public method in app classes with data set &quot;('E:\laragon\www\inventory\app\…ts.php') #4&quot;" file="tests\Unit\Architecture\ApplicationFunctionCoverageTest.php::it can reflect every declared public method in app classes with data set &quot;('E:\laragon\www\inventory\app\…ts.php') #4&quot;" class="Tests\Unit\Architecture\ApplicationFunctionCoverageTest" classname="Tests.Unit.Architecture.ApplicationFunctionCoverageTest" assertions="5" time="0.062154"/>
          <testcase name="it can reflect every declared public method in app classes with data set &quot;('E:\laragon\www\inventory\app\…on.php') #10&quot;" file="tests\Unit\Architecture\ApplicationFunctionCoverageTest.php::it can reflect every declared public method in app classes with data set &quot;('E:\laragon\www\inventory\app\…on.php') #10&quot;" class="Tests\Unit\Architecture\ApplicationFunctionCoverageTest" classname="Tests.Unit.Architecture.ApplicationFunctionCoverageTest" assertions="5" time="0.048674"/>
          <testcase name="it can reflect every declared public method in app classes with data set &quot;('E:\laragon\www\inventory\app\…er.php') #76&quot;" file="tests\Unit\Architecture\ApplicationFunctionCoverageTest.php::it can reflect every declared public method in app classes with data set &quot;('E:\laragon\www\inventory\app\…er.php') #76&quot;" class="Tests\Unit\Architecture\ApplicationFunctionCoverageTest" classname="Tests.Unit.Architecture.ApplicationFunctionCoverageTest" assertions="5" time="0.051333"/>
          <testcase name="it can reflect every declared public method in app classes with data set &quot;('E:\laragon\www\inventory\app\…er.php') #77&quot;" file="tests\Unit\Architecture\ApplicationFunctionCoverageTest.php::it can reflect every declared public method in app classes with data set &quot;('E:\laragon\www\inventory\app\…er.php') #77&quot;" class="Tests\Unit\Architecture\ApplicationFunctionCoverageTest" classname="Tests.Unit.Architecture.ApplicationFunctionCoverageTest" assertions="5" time="0.062261"/>
          <testcase name="it can reflect every declared public method in app classes with data set &quot;('E:\laragon\www\inventory\app\…ss.php')&quot;" file="tests\Unit\Architecture\ApplicationFunctionCoverageTest.php::it can reflect every declared public method in app classes with data set &quot;('E:\laragon\www\inventory\app\…ss.php')&quot;" class="Tests\Unit\Architecture\ApplicationFunctionCoverageTest" classname="Tests.Unit.Architecture.ApplicationFunctionCoverageTest" assertions="5" time="0.058479"/>
          <testcase name="it can reflect every declared public method in app classes with data set &quot;('E:\laragon\www\inventory\app\…re.php')&quot;" file="tests\Unit\Architecture\ApplicationFunctionCoverageTest.php::it can reflect every declared public method in app classes with data set &quot;('E:\laragon\www\inventory\app\…re.php')&quot;" class="Tests\Unit\Architecture\ApplicationFunctionCoverageTest" classname="Tests.Unit.Architecture.ApplicationFunctionCoverageTest" assertions="5" time="0.056754"/>
          <testcase name="it can reflect every declared public method in app classes with data set &quot;('E:\laragon\www\inventory\app\…st.php') #1&quot;" file="tests\Unit\Architecture\ApplicationFunctionCoverageTest.php::it can reflect every declared public method in app classes with data set &quot;('E:\laragon\www\inventory\app\…st.php') #1&quot;" class="Tests\Unit\Architecture\ApplicationFunctionCoverageTest" classname="Tests.Unit.Architecture.ApplicationFunctionCoverageTest" assertions="21" time="0.063539"/>
          <testcase name="it can reflect every declared public method in app classes with data set &quot;('E:\laragon\www\inventory\app\…st.php') #2&quot;" file="tests\Unit\Architecture\ApplicationFunctionCoverageTest.php::it can reflect every declared public method in app classes with data set &quot;('E:\laragon\www\inventory\app\…st.php') #2&quot;" class="Tests\Unit\Architecture\ApplicationFunctionCoverageTest" classname="Tests.Unit.Architecture.ApplicationFunctionCoverageTest" assertions="9" time="0.055236"/>
          <testcase name="it can reflect every declared public method in app classes with data set &quot;('E:\laragon\www\inventory\app\…st.php') #3&quot;" file="tests\Unit\Architecture\ApplicationFunctionCoverageTest.php::it can reflect every declared public method in app classes with data set &quot;('E:\laragon\www\inventory\app\…st.php') #3&quot;" class="Tests\Unit\Architecture\ApplicationFunctionCoverageTest" classname="Tests.Unit.Architecture.ApplicationFunctionCoverageTest" assertions="21" time="0.052868"/>
          <testcase name="it can reflect every declared public method in app classes with data set &quot;('E:\laragon\www\inventory\app\…st.php') #4&quot;" file="tests\Unit\Architecture\ApplicationFunctionCoverageTest.php::it can reflect every declared public method in app classes with data set &quot;('E:\laragon\www\inventory\app\…st.php') #4&quot;" class="Tests\Unit\Architecture\ApplicationFunctionCoverageTest" classname="Tests.Unit.Architecture.ApplicationFunctionCoverageTest" assertions="9" time="0.051539"/>
          <testcase name="it can reflect every declared public method in app classes with data set &quot;('E:\laragon\www\inventory\app\…es.php') #6&quot;" file="tests\Unit\Architecture\ApplicationFunctionCoverageTest.php::it can reflect every declared public method in app classes with data set &quot;('E:\laragon\www\inventory\app\…es.php') #6&quot;" class="Tests\Unit\Architecture\ApplicationFunctionCoverageTest" classname="Tests.Unit.Architecture.ApplicationFunctionCoverageTest" assertions="1" time="0.057684"/>
          <testcase name="it can reflect every declared public method in app classes with data set &quot;('E:\laragon\www\inventory\app\…st.php') #5&quot;" file="tests\Unit\Architecture\ApplicationFunctionCoverageTest.php::it can reflect every declared public method in app classes with data set &quot;('E:\laragon\www\inventory\app\…st.php') #5&quot;" class="Tests\Unit\Architecture\ApplicationFunctionCoverageTest" classname="Tests.Unit.Architecture.ApplicationFunctionCoverageTest" assertions="17" time="0.053734"/>
          <testcase name="it can reflect every declared public method in app classes with data set &quot;('E:\laragon\www\inventory\app\…st.php') #6&quot;" file="tests\Unit\Architecture\ApplicationFunctionCoverageTest.php::it can reflect every declared public method in app classes with data set &quot;('E:\laragon\www\inventory\app\…st.php') #6&quot;" class="Tests\Unit\Architecture\ApplicationFunctionCoverageTest" classname="Tests.Unit.Architecture.ApplicationFunctionCoverageTest" assertions="17" time="0.050308"/>
          <testcase name="it can reflect every declared public method in app classes with data set &quot;('E:\laragon\www\inventory\app\…st.php') #7&quot;" file="tests\Unit\Architecture\ApplicationFunctionCoverageTest.php::it can reflect every declared public method in app classes with data set &quot;('E:\laragon\www\inventory\app\…st.php') #7&quot;" class="Tests\Unit\Architecture\ApplicationFunctionCoverageTest" classname="Tests.Unit.Architecture.ApplicationFunctionCoverageTest" assertions="21" time="0.051388"/>
          <testcase name="it can reflect every declared public method in app classes with data set &quot;('E:\laragon\www\inventory\app\…st.php') #8&quot;" file="tests\Unit\Architecture\ApplicationFunctionCoverageTest.php::it can reflect every declared public method in app classes with data set &quot;('E:\laragon\www\inventory\app\…st.php') #8&quot;" class="Tests\Unit\Architecture\ApplicationFunctionCoverageTest" classname="Tests.Unit.Architecture.ApplicationFunctionCoverageTest" assertions="25" time="0.053104"/>
          <testcase name="it can reflect every declared public method in app classes with data set &quot;('E:\laragon\www\inventory\app\…st.php') #9&quot;" file="tests\Unit\Architecture\ApplicationFunctionCoverageTest.php::it can reflect every declared public method in app classes with data set &quot;('E:\laragon\www\inventory\app\…st.php') #9&quot;" class="Tests\Unit\Architecture\ApplicationFunctionCoverageTest" classname="Tests.Unit.Architecture.ApplicationFunctionCoverageTest" assertions="13" time="0.053717"/>
          <testcase name="it can reflect every declared public method in app classes with data set &quot;('E:\laragon\www\inventory\app\…st.php') #10&quot;" file="tests\Unit\Architecture\ApplicationFunctionCoverageTest.php::it can reflect every declared public method in app classes with data set &quot;('E:\laragon\www\inventory\app\…st.php') #10&quot;" class="Tests\Unit\Architecture\ApplicationFunctionCoverageTest" classname="Tests.Unit.Architecture.ApplicationFunctionCoverageTest" assertions="9" time="0.050703"/>
          <testcase name="it can reflect every declared public method in app classes with data set &quot;('E:\laragon\www\inventory\app\…st.php') #11&quot;" file="tests\Unit\Architecture\ApplicationFunctionCoverageTest.php::it can reflect every declared public method in app classes with data set &quot;('E:\laragon\www\inventory\app\…st.php') #11&quot;" class="Tests\Unit\Architecture\ApplicationFunctionCoverageTest" classname="Tests.Unit.Architecture.ApplicationFunctionCoverageTest" assertions="9" time="0.060047"/>
          <testcase name="it can reflect every declared public method in app classes with data set &quot;('E:\laragon\www\inventory\app\…st.php') #12&quot;" file="tests\Unit\Architecture\ApplicationFunctionCoverageTest.php::it can reflect every declared public method in app classes with data set &quot;('E:\laragon\www\inventory\app\…st.php') #12&quot;" class="Tests\Unit\Architecture\ApplicationFunctionCoverageTest" classname="Tests.Unit.Architecture.ApplicationFunctionCoverageTest" assertions="9" time="0.050561"/>
          <testcase name="it can reflect every declared public method in app classes with data set &quot;('E:\laragon\www\inventory\app\…st.php') #13&quot;" file="tests\Unit\Architecture\ApplicationFunctionCoverageTest.php::it can reflect every declared public method in app classes with data set &quot;('E:\laragon\www\inventory\app\…st.php') #13&quot;" class="Tests\Unit\Architecture\ApplicationFunctionCoverageTest" classname="Tests.Unit.Architecture.ApplicationFunctionCoverageTest" assertions="21" time="0.052016"/>
          <testcase name="it can reflect every declared public method in app classes with data set &quot;('E:\laragon\www\inventory\app\…st.php') #14&quot;" file="tests\Unit\Architecture\ApplicationFunctionCoverageTest.php::it can reflect every declared public method in app classes with data set &quot;('E:\laragon\www\inventory\app\…st.php') #14&quot;" class="Tests\Unit\Architecture\ApplicationFunctionCoverageTest" classname="Tests.Unit.Architecture.ApplicationFunctionCoverageTest" assertions="5" time="0.050851"/>
          <testcase name="it can reflect every declared public method in app classes with data set &quot;('E:\laragon\www\inventory\app\…st.php') #15&quot;" file="tests\Unit\Architecture\ApplicationFunctionCoverageTest.php::it can reflect every declared public method in app classes with data set &quot;('E:\laragon\www\inventory\app\…st.php') #15&quot;" class="Tests\Unit\Architecture\ApplicationFunctionCoverageTest" classname="Tests.Unit.Architecture.ApplicationFunctionCoverageTest" assertions="13" time="0.052507"/>
          <testcase name="it can reflect every declared public method in app classes with data set &quot;('E:\laragon\www\inventory\app\…st.php') #16&quot;" file="tests\Unit\Architecture\ApplicationFunctionCoverageTest.php::it can reflect every declared public method in app classes with data set &quot;('E:\laragon\www\inventory\app\…st.php') #16&quot;" class="Tests\Unit\Architecture\ApplicationFunctionCoverageTest" classname="Tests.Unit.Architecture.ApplicationFunctionCoverageTest" assertions="13" time="0.051202"/>
          <testcase name="it can reflect every declared public method in app classes with data set &quot;('E:\laragon\www\inventory\app\…st.php') #17&quot;" file="tests\Unit\Architecture\ApplicationFunctionCoverageTest.php::it can reflect every declared public method in app classes with data set &quot;('E:\laragon\www\inventory\app\…st.php') #17&quot;" class="Tests\Unit\Architecture\ApplicationFunctionCoverageTest" classname="Tests.Unit.Architecture.ApplicationFunctionCoverageTest" assertions="17" time="0.050069"/>
          <testcase name="it can reflect every declared public method in app classes with data set &quot;('E:\laragon\www\inventory\app\…st.php') #18&quot;" file="tests\Unit\Architecture\ApplicationFunctionCoverageTest.php::it can reflect every declared public method in app classes with data set &quot;('E:\laragon\www\inventory\app\…st.php') #18&quot;" class="Tests\Unit\Architecture\ApplicationFunctionCoverageTest" classname="Tests.Unit.Architecture.ApplicationFunctionCoverageTest" assertions="17" time="0.062576"/>
          <testcase name="it can reflect every declared public method in app classes with data set &quot;('E:\laragon\www\inventory\app\…st.php') #19&quot;" file="tests\Unit\Architecture\ApplicationFunctionCoverageTest.php::it can reflect every declared public method in app classes with data set &quot;('E:\laragon\www\inventory\app\…st.php') #19&quot;" class="Tests\Unit\Architecture\ApplicationFunctionCoverageTest" classname="Tests.Unit.Architecture.ApplicationFunctionCoverageTest" assertions="13" time="0.051775"/>
          <testcase name="it can reflect every declared public method in app classes with data set &quot;('E:\laragon\www\inventory\app\…st.php') #20&quot;" file="tests\Unit\Architecture\ApplicationFunctionCoverageTest.php::it can reflect every declared public method in app classes with data set &quot;('E:\laragon\www\inventory\app\…st.php') #20&quot;" class="Tests\Unit\Architecture\ApplicationFunctionCoverageTest" classname="Tests.Unit.Architecture.ApplicationFunctionCoverageTest" assertions="9" time="0.053609"/>
          <testcase name="it can reflect every declared public method in app classes with data set &quot;('E:\laragon\www\inventory\app\…st.php') #21&quot;" file="tests\Unit\Architecture\ApplicationFunctionCoverageTest.php::it can reflect every declared public method in app classes with data set &quot;('E:\laragon\www\inventory\app\…st.php') #21&quot;" class="Tests\Unit\Architecture\ApplicationFunctionCoverageTest" classname="Tests.Unit.Architecture.ApplicationFunctionCoverageTest" assertions="13" time="0.055190"/>
          <testcase name="it can reflect every declared public method in app classes with data set &quot;('E:\laragon\www\inventory\app\…st.php') #22&quot;" file="tests\Unit\Architecture\ApplicationFunctionCoverageTest.php::it can reflect every declared public method in app classes with data set &quot;('E:\laragon\www\inventory\app\…st.php') #22&quot;" class="Tests\Unit\Architecture\ApplicationFunctionCoverageTest" classname="Tests.Unit.Architecture.ApplicationFunctionCoverageTest" assertions="1" time="0.051571"/>
          <testcase name="it can reflect every declared public method in app classes with data set &quot;('E:\laragon\www\inventory\app\…st.php') #23&quot;" file="tests\Unit\Architecture\ApplicationFunctionCoverageTest.php::it can reflect every declared public method in app classes with data set &quot;('E:\laragon\www\inventory\app\…st.php') #23&quot;" class="Tests\Unit\Architecture\ApplicationFunctionCoverageTest" classname="Tests.Unit.Architecture.ApplicationFunctionCoverageTest" assertions="1" time="0.058374"/>
          <testcase name="it can reflect every declared public method in app classes with data set &quot;('E:\laragon\www\inventory\app\…st.php') #24&quot;" file="tests\Unit\Architecture\ApplicationFunctionCoverageTest.php::it can reflect every declared public method in app classes with data set &quot;('E:\laragon\www\inventory\app\…st.php') #24&quot;" class="Tests\Unit\Architecture\ApplicationFunctionCoverageTest" classname="Tests.Unit.Architecture.ApplicationFunctionCoverageTest" assertions="13" time="0.053458"/>
          <testcase name="it can reflect every declared public method in app classes with data set &quot;('E:\laragon\www\inventory\app\…rt.php') #4&quot;" file="tests\Unit\Architecture\ApplicationFunctionCoverageTest.php::it can reflect every declared public method in app classes with data set &quot;('E:\laragon\www\inventory\app\…rt.php') #4&quot;" class="Tests\Unit\Architecture\ApplicationFunctionCoverageTest" classname="Tests.Unit.Architecture.ApplicationFunctionCoverageTest" assertions="5" time="0.066486"/>
          <testcase name="it can reflect every declared public method in app classes with data set &quot;('E:\laragon\www\inventory\app\…rt.php') #5&quot;" file="tests\Unit\Architecture\ApplicationFunctionCoverageTest.php::it can reflect every declared public method in app classes with data set &quot;('E:\laragon\www\inventory\app\…rt.php') #5&quot;" class="Tests\Unit\Architecture\ApplicationFunctionCoverageTest" classname="Tests.Unit.Architecture.ApplicationFunctionCoverageTest" assertions="5" time="0.051807"/>
          <testcase name="it can reflect every declared public method in app classes with data set &quot;('E:\laragon\www\inventory\app\…ob.php')&quot;" file="tests\Unit\Architecture\ApplicationFunctionCoverageTest.php::it can reflect every declared public method in app classes with data set &quot;('E:\laragon\www\inventory\app\…ob.php')&quot;" class="Tests\Unit\Architecture\ApplicationFunctionCoverageTest" classname="Tests.Unit.Architecture.ApplicationFunctionCoverageTest" assertions="5" time="0.054559"/>
          <testcase name="it can reflect every declared public method in app classes with data set &quot;('E:\laragon\www\inventory\app\…on.php') #11&quot;" file="tests\Unit\Architecture\ApplicationFunctionCoverageTest.php::it can reflect every declared public method in app classes with data set &quot;('E:\laragon\www\inventory\app\…on.php') #11&quot;" class="Tests\Unit\Architecture\ApplicationFunctionCoverageTest" classname="Tests.Unit.Architecture.ApplicationFunctionCoverageTest" assertions="5" time="0.056863"/>
          <testcase name="it can reflect every declared public method in app classes with data set &quot;('E:\laragon\www\inventory\app\…og.php') #1&quot;" file="tests\Unit\Architecture\ApplicationFunctionCoverageTest.php::it can reflect every declared public method in app classes with data set &quot;('E:\laragon\www\inventory\app\…og.php') #1&quot;" class="Tests\Unit\Architecture\ApplicationFunctionCoverageTest" classname="Tests.Unit.Architecture.ApplicationFunctionCoverageTest" assertions="9" time="0.051085"/>
          <testcase name="it can reflect every declared public method in app classes with data set &quot;('E:\laragon\www\inventory\app\…nt.php') #1&quot;" file="tests\Unit\Architecture\ApplicationFunctionCoverageTest.php::it can reflect every declared public method in app classes with data set &quot;('E:\laragon\www\inventory\app\…nt.php') #1&quot;" class="Tests\Unit\Architecture\ApplicationFunctionCoverageTest" classname="Tests.Unit.Architecture.ApplicationFunctionCoverageTest" assertions="37" time="0.051235"/>
          <testcase name="it can reflect every declared public method in app classes with data set &quot;('E:\laragon\www\inventory\app\…ry.php') #1&quot;" file="tests\Unit\Architecture\ApplicationFunctionCoverageTest.php::it can reflect every declared public method in app classes with data set &quot;('E:\laragon\www\inventory\app\…ry.php') #1&quot;" class="Tests\Unit\Architecture\ApplicationFunctionCoverageTest" classname="Tests.Unit.Architecture.ApplicationFunctionCoverageTest" assertions="9" time="0.053040"/>
          <testcase name="it can reflect every declared public method in app classes with data set &quot;('E:\laragon\www\inventory\app\…em.php') #1&quot;" file="tests\Unit\Architecture\ApplicationFunctionCoverageTest.php::it can reflect every declared public method in app classes with data set &quot;('E:\laragon\www\inventory\app\…em.php') #1&quot;" class="Tests\Unit\Architecture\ApplicationFunctionCoverageTest" classname="Tests.Unit.Architecture.ApplicationFunctionCoverageTest" assertions="9" time="0.070359"/>
          <testcase name="it can reflect every declared public method in app classes with data set &quot;('E:\laragon\www\inventory\app\…de.php') #1&quot;" file="tests\Unit\Architecture\ApplicationFunctionCoverageTest.php::it can reflect every declared public method in app classes with data set &quot;('E:\laragon\www\inventory\app\…de.php') #1&quot;" class="Tests\Unit\Architecture\ApplicationFunctionCoverageTest" classname="Tests.Unit.Architecture.ApplicationFunctionCoverageTest" assertions="5" time="0.053586"/>
          <testcase name="it can reflect every declared public method in app classes with data set &quot;('E:\laragon\www\inventory\app\…el.php')&quot;" file="tests\Unit\Architecture\ApplicationFunctionCoverageTest.php::it can reflect every declared public method in app classes with data set &quot;('E:\laragon\www\inventory\app\…el.php')&quot;" class="Tests\Unit\Architecture\ApplicationFunctionCoverageTest" classname="Tests.Unit.Architecture.ApplicationFunctionCoverageTest" assertions="9" time="0.053677"/>
          <testcase name="it can reflect every declared public method in app classes with data set &quot;('E:\laragon\www\inventory\app\…se.php') #1&quot;" file="tests\Unit\Architecture\ApplicationFunctionCoverageTest.php::it can reflect every declared public method in app classes with data set &quot;('E:\laragon\www\inventory\app\…se.php') #1&quot;" class="Tests\Unit\Architecture\ApplicationFunctionCoverageTest" classname="Tests.Unit.Architecture.ApplicationFunctionCoverageTest" assertions="9" time="0.048842"/>
          <testcase name="it can reflect every declared public method in app classes with data set &quot;('E:\laragon\www\inventory\app\…rt.php') #6&quot;" file="tests\Unit\Architecture\ApplicationFunctionCoverageTest.php::it can reflect every declared public method in app classes with data set &quot;('E:\laragon\www\inventory\app\…rt.php') #6&quot;" class="Tests\Unit\Architecture\ApplicationFunctionCoverageTest" classname="Tests.Unit.Architecture.ApplicationFunctionCoverageTest" assertions="5" time="0.048309"/>
          <testcase name="it can reflect every declared public method in app classes with data set &quot;('E:\laragon\www\inventory\app\…er.php') #78&quot;" file="tests\Unit\Architecture\ApplicationFunctionCoverageTest.php::it can reflect every declared public method in app classes with data set &quot;('E:\laragon\www\inventory\app\…er.php') #78&quot;" class="Tests\Unit\Architecture\ApplicationFunctionCoverageTest" classname="Tests.Unit.Architecture.ApplicationFunctionCoverageTest" assertions="45" time="0.057454"/>
          <testcase name="it can reflect every declared public method in app classes with data set &quot;('E:\laragon\www\inventory\app\…ry.php') #2&quot;" file="tests\Unit\Architecture\ApplicationFunctionCoverageTest.php::it can reflect every declared public method in app classes with data set &quot;('E:\laragon\www\inventory\app\…ry.php') #2&quot;" class="Tests\Unit\Architecture\ApplicationFunctionCoverageTest" classname="Tests.Unit.Architecture.ApplicationFunctionCoverageTest" assertions="21" time="0.048628"/>
          <testcase name="it can reflect every declared public method in app classes with data set &quot;('E:\laragon\www\inventory\app\…ue.php') #2&quot;" file="tests\Unit\Architecture\ApplicationFunctionCoverageTest.php::it can reflect every declared public method in app classes with data set &quot;('E:\laragon\www\inventory\app\…ue.php') #2&quot;" class="Tests\Unit\Architecture\ApplicationFunctionCoverageTest" classname="Tests.Unit.Architecture.ApplicationFunctionCoverageTest" assertions="5" time="0.054085"/>
          <testcase name="it can reflect every declared public method in app classes with data set &quot;('E:\laragon\www\inventory\app\…ty.php') #5&quot;" file="tests\Unit\Architecture\ApplicationFunctionCoverageTest.php::it can reflect every declared public method in app classes with data set &quot;('E:\laragon\www\inventory\app\…ty.php') #5&quot;" class="Tests\Unit\Architecture\ApplicationFunctionCoverageTest" classname="Tests.Unit.Architecture.ApplicationFunctionCoverageTest" assertions="5" time="0.053314"/>
          <testcase name="it can reflect every declared public method in app classes with data set &quot;('E:\laragon\www\inventory\app\…or.php') #1&quot;" file="tests\Unit\Architecture\ApplicationFunctionCoverageTest.php::it can reflect every declared public method in app classes with data set &quot;('E:\laragon\www\inventory\app\…or.php') #1&quot;" class="Tests\Unit\Architecture\ApplicationFunctionCoverageTest" classname="Tests.Unit.Architecture.ApplicationFunctionCoverageTest" assertions="1" time="0.050305"/>
          <testcase name="it can reflect every declared public method in app classes with data set &quot;('E:\laragon\www\inventory\app\…nt.php') #2&quot;" file="tests\Unit\Architecture\ApplicationFunctionCoverageTest.php::it can reflect every declared public method in app classes with data set &quot;('E:\laragon\www\inventory\app\…nt.php') #2&quot;" class="Tests\Unit\Architecture\ApplicationFunctionCoverageTest" classname="Tests.Unit.Architecture.ApplicationFunctionCoverageTest" assertions="17" time="0.059385"/>
          <testcase name="it can reflect every declared public method in app classes with data set &quot;('E:\laragon\www\inventory\app\…ng.php') #1&quot;" file="tests\Unit\Architecture\ApplicationFunctionCoverageTest.php::it can reflect every declared public method in app classes with data set &quot;('E:\laragon\www\inventory\app\…ng.php') #1&quot;" class="Tests\Unit\Architecture\ApplicationFunctionCoverageTest" classname="Tests.Unit.Architecture.ApplicationFunctionCoverageTest" assertions="1" time="0.061259"/>
          <testcase name="it can reflect every declared public method in app classes with data set &quot;('E:\laragon\www\inventory\app\…gn.php')&quot;" file="tests\Unit\Architecture\ApplicationFunctionCoverageTest.php::it can reflect every declared public method in app classes with data set &quot;('E:\laragon\www\inventory\app\…gn.php')&quot;" class="Tests\Unit\Architecture\ApplicationFunctionCoverageTest" classname="Tests.Unit.Architecture.ApplicationFunctionCoverageTest" assertions="17" time="0.054048"/>
          <testcase name="it can reflect every declared public method in app classes with data set &quot;('E:\laragon\www\inventory\app\…et.php') #1&quot;" file="tests\Unit\Architecture\ApplicationFunctionCoverageTest.php::it can reflect every declared public method in app classes with data set &quot;('E:\laragon\www\inventory\app\…et.php') #1&quot;" class="Tests\Unit\Architecture\ApplicationFunctionCoverageTest" classname="Tests.Unit.Architecture.ApplicationFunctionCoverageTest" assertions="21" time="0.052000"/>
          <testcase name="it can reflect every declared public method in app classes with data set &quot;('E:\laragon\www\inventory\app\…ry.php') #3&quot;" file="tests\Unit\Architecture\ApplicationFunctionCoverageTest.php::it can reflect every declared public method in app classes with data set &quot;('E:\laragon\www\inventory\app\…ry.php') #3&quot;" class="Tests\Unit\Architecture\ApplicationFunctionCoverageTest" classname="Tests.Unit.Architecture.ApplicationFunctionCoverageTest" assertions="25" time="0.066503"/>
          <testcase name="it can reflect every declared public method in app classes with data set &quot;('E:\laragon\www\inventory\app\…nt.php') #3&quot;" file="tests\Unit\Architecture\ApplicationFunctionCoverageTest.php::it can reflect every declared public method in app classes with data set &quot;('E:\laragon\www\inventory\app\…nt.php') #3&quot;" class="Tests\Unit\Architecture\ApplicationFunctionCoverageTest" classname="Tests.Unit.Architecture.ApplicationFunctionCoverageTest" assertions="37" time="0.053751"/>
          <testcase name="it can reflect every declared public method in app classes with data set &quot;('E:\laragon\www\inventory\app\…nt.php') #4&quot;" file="tests\Unit\Architecture\ApplicationFunctionCoverageTest.php::it can reflect every declared public method in app classes with data set &quot;('E:\laragon\www\inventory\app\…nt.php') #4&quot;" class="Tests\Unit\Architecture\ApplicationFunctionCoverageTest" classname="Tests.Unit.Architecture.ApplicationFunctionCoverageTest" assertions="9" time="0.072229"/>
          <testcase name="it can reflect every declared public method in app classes with data set &quot;('E:\laragon\www\inventory\app\…on.php') #12&quot;" file="tests\Unit\Architecture\ApplicationFunctionCoverageTest.php::it can reflect every declared public method in app classes with data set &quot;('E:\laragon\www\inventory\app\…on.php') #12&quot;" class="Tests\Unit\Architecture\ApplicationFunctionCoverageTest" classname="Tests.Unit.Architecture.ApplicationFunctionCoverageTest" assertions="9" time="0.062074"/>
          <testcase name="it can reflect every declared public method in app classes with data set &quot;('E:\laragon\www\inventory\app\…nt.php') #5&quot;" file="tests\Unit\Architecture\ApplicationFunctionCoverageTest.php::it can reflect every declared public method in app classes with data set &quot;('E:\laragon\www\inventory\app\…nt.php') #5&quot;" class="Tests\Unit\Architecture\ApplicationFunctionCoverageTest" classname="Tests.Unit.Architecture.ApplicationFunctionCoverageTest" assertions="13" time="0.063905"/>
          <testcase name="it can reflect every declared public method in app classes with data set &quot;('E:\laragon\www\inventory\app\…em.php') #2&quot;" file="tests\Unit\Architecture\ApplicationFunctionCoverageTest.php::it can reflect every declared public method in app classes with data set &quot;('E:\laragon\www\inventory\app\…em.php') #2&quot;" class="Tests\Unit\Architecture\ApplicationFunctionCoverageTest" classname="Tests.Unit.Architecture.ApplicationFunctionCoverageTest" assertions="13" time="0.055551"/>
          <testcase name="it can reflect every declared public method in app classes with data set &quot;('E:\laragon\www\inventory\app\…ox.php') #1&quot;" file="tests\Unit\Architecture\ApplicationFunctionCoverageTest.php::it can reflect every declared public method in app classes with data set &quot;('E:\laragon\www\inventory\app\…ox.php') #1&quot;" class="Tests\Unit\Architecture\ApplicationFunctionCoverageTest" classname="Tests.Unit.Architecture.ApplicationFunctionCoverageTest" assertions="1" time="0.061657"/>
          <testcase name="it can reflect every declared public method in app classes with data set &quot;('E:\laragon\www\inventory\app\…ry.php') #4&quot;" file="tests\Unit\Architecture\ApplicationFunctionCoverageTest.php::it can reflect every declared public method in app classes with data set &quot;('E:\laragon\www\inventory\app\…ry.php') #4&quot;" class="Tests\Unit\Architecture\ApplicationFunctionCoverageTest" classname="Tests.Unit.Architecture.ApplicationFunctionCoverageTest" assertions="17" time="0.060558"/>
          <testcase name="it can reflect every declared public method in app classes with data set &quot;('E:\laragon\www\inventory\app\…nt.php') #6&quot;" file="tests\Unit\Architecture\ApplicationFunctionCoverageTest.php::it can reflect every declared public method in app classes with data set &quot;('E:\laragon\www\inventory\app\…nt.php') #6&quot;" class="Tests\Unit\Architecture\ApplicationFunctionCoverageTest" classname="Tests.Unit.Architecture.ApplicationFunctionCoverageTest" assertions="9" time="0.050341"/>
          <testcase name="it can reflect every declared public method in app classes with data set &quot;('E:\laragon\www\inventory\app\…od.php') #1&quot;" file="tests\Unit\Architecture\ApplicationFunctionCoverageTest.php::it can reflect every declared public method in app classes with data set &quot;('E:\laragon\www\inventory\app\…od.php') #1&quot;" class="Tests\Unit\Architecture\ApplicationFunctionCoverageTest" classname="Tests.Unit.Architecture.ApplicationFunctionCoverageTest" assertions="53" time="0.052015"/>
          <testcase name="it can reflect every declared public method in app classes with data set &quot;('E:\laragon\www\inventory\app\…nt.php') #7&quot;" file="tests\Unit\Architecture\ApplicationFunctionCoverageTest.php::it can reflect every declared public method in app classes with data set &quot;('E:\laragon\www\inventory\app\…nt.php') #7&quot;" class="Tests\Unit\Architecture\ApplicationFunctionCoverageTest" classname="Tests.Unit.Architecture.ApplicationFunctionCoverageTest" assertions="9" time="0.051054"/>
          <testcase name="it can reflect every declared public method in app classes with data set &quot;('E:\laragon\www\inventory\app\…on.php') #13&quot;" file="tests\Unit\Architecture\ApplicationFunctionCoverageTest.php::it can reflect every declared public method in app classes with data set &quot;('E:\laragon\www\inventory\app\…on.php') #13&quot;" class="Tests\Unit\Architecture\ApplicationFunctionCoverageTest" classname="Tests.Unit.Architecture.ApplicationFunctionCoverageTest" assertions="5" time="0.053393"/>
          <testcase name="it can reflect every declared public method in app classes with data set &quot;('E:\laragon\www\inventory\app\…ng.php') #2&quot;" file="tests\Unit\Architecture\ApplicationFunctionCoverageTest.php::it can reflect every declared public method in app classes with data set &quot;('E:\laragon\www\inventory\app\…ng.php') #2&quot;" class="Tests\Unit\Architecture\ApplicationFunctionCoverageTest" classname="Tests.Unit.Architecture.ApplicationFunctionCoverageTest" assertions="1" time="0.052506"/>
          <testcase name="it can reflect every declared public method in app classes with data set &quot;('E:\laragon\www\inventory\app\…ox.php') #2&quot;" file="tests\Unit\Architecture\ApplicationFunctionCoverageTest.php::it can reflect every declared public method in app classes with data set &quot;('E:\laragon\www\inventory\app\…ox.php') #2&quot;" class="Tests\Unit\Architecture\ApplicationFunctionCoverageTest" classname="Tests.Unit.Architecture.ApplicationFunctionCoverageTest" assertions="1" time="0.053007"/>
          <testcase name="it can reflect every declared public method in app classes with data set &quot;('E:\laragon\www\inventory\app\…ng.php') #3&quot;" file="tests\Unit\Architecture\ApplicationFunctionCoverageTest.php::it can reflect every declared public method in app classes with data set &quot;('E:\laragon\www\inventory\app\…ng.php') #3&quot;" class="Tests\Unit\Architecture\ApplicationFunctionCoverageTest" classname="Tests.Unit.Architecture.ApplicationFunctionCoverageTest" assertions="5" time="0.060513"/>
          <testcase name="it can reflect every declared public method in app classes with data set &quot;('E:\laragon\www\inventory\app\…nt.php') #8&quot;" file="tests\Unit\Architecture\ApplicationFunctionCoverageTest.php::it can reflect every declared public method in app classes with data set &quot;('E:\laragon\www\inventory\app\…nt.php') #8&quot;" class="Tests\Unit\Architecture\ApplicationFunctionCoverageTest" classname="Tests.Unit.Architecture.ApplicationFunctionCoverageTest" assertions="17" time="0.051850"/>
          <testcase name="it can reflect every declared public method in app classes with data set &quot;('E:\laragon\www\inventory\app\…et.php') #2&quot;" file="tests\Unit\Architecture\ApplicationFunctionCoverageTest.php::it can reflect every declared public method in app classes with data set &quot;('E:\laragon\www\inventory\app\…et.php') #2&quot;" class="Tests\Unit\Architecture\ApplicationFunctionCoverageTest" classname="Tests.Unit.Architecture.ApplicationFunctionCoverageTest" assertions="17" time="0.053486"/>
          <testcase name="it can reflect every declared public method in app classes with data set &quot;('E:\laragon\www\inventory\app\…er.php') #79&quot;" file="tests\Unit\Architecture\ApplicationFunctionCoverageTest.php::it can reflect every declared public method in app classes with data set &quot;('E:\laragon\www\inventory\app\…er.php') #79&quot;" class="Tests\Unit\Architecture\ApplicationFunctionCoverageTest" classname="Tests.Unit.Architecture.ApplicationFunctionCoverageTest" assertions="53" time="0.056652"/>
          <testcase name="it can reflect every declared public method in app classes with data set &quot;('E:\laragon\www\inventory\app\…er.php') #80&quot;" file="tests\Unit\Architecture\ApplicationFunctionCoverageTest.php::it can reflect every declared public method in app classes with data set &quot;('E:\laragon\www\inventory\app\…er.php') #80&quot;" class="Tests\Unit\Architecture\ApplicationFunctionCoverageTest" classname="Tests.Unit.Architecture.ApplicationFunctionCoverageTest" assertions="9" time="0.053687"/>
          <testcase name="it can reflect every declared public method in app classes with data set &quot;('E:\laragon\www\inventory\app\…de.php') #2&quot;" file="tests\Unit\Architecture\ApplicationFunctionCoverageTest.php::it can reflect every declared public method in app classes with data set &quot;('E:\laragon\www\inventory\app\…de.php') #2&quot;" class="Tests\Unit\Architecture\ApplicationFunctionCoverageTest" classname="Tests.Unit.Architecture.ApplicationFunctionCoverageTest" assertions="5" time="0.060970"/>
          <testcase name="it can reflect every declared public method in app classes with data set &quot;('E:\laragon\www\inventory\app\…ne.php')&quot;" file="tests\Unit\Architecture\ApplicationFunctionCoverageTest.php::it can reflect every declared public method in app classes with data set &quot;('E:\laragon\www\inventory\app\…ne.php')&quot;" class="Tests\Unit\Architecture\ApplicationFunctionCoverageTest" classname="Tests.Unit.Architecture.ApplicationFunctionCoverageTest" assertions="5" time="0.056152"/>
          <testcase name="it can reflect every declared public method in app classes with data set &quot;('E:\laragon\www\inventory\app\…ch.php')&quot;" file="tests\Unit\Architecture\ApplicationFunctionCoverageTest.php::it can reflect every declared public method in app classes with data set &quot;('E:\laragon\www\inventory\app\…ch.php')&quot;" class="Tests\Unit\Architecture\ApplicationFunctionCoverageTest" classname="Tests.Unit.Architecture.ApplicationFunctionCoverageTest" assertions="13" time="0.080389"/>
          <testcase name="it can reflect every declared public method in app classes with data set &quot;('E:\laragon\www\inventory\app\…em.php') #3&quot;" file="tests\Unit\Architecture\ApplicationFunctionCoverageTest.php::it can reflect every declared public method in app classes with data set &quot;('E:\laragon\www\inventory\app\…em.php') #3&quot;" class="Tests\Unit\Architecture\ApplicationFunctionCoverageTest" classname="Tests.Unit.Architecture.ApplicationFunctionCoverageTest" assertions="9" time="0.068350"/>
          <testcase name="it can reflect every declared public method in app classes with data set &quot;('E:\laragon\www\inventory\app\…te.php') #1&quot;" file="tests\Unit\Architecture\ApplicationFunctionCoverageTest.php::it can reflect every declared public method in app classes with data set &quot;('E:\laragon\www\inventory\app\…te.php') #1&quot;" class="Tests\Unit\Architecture\ApplicationFunctionCoverageTest" classname="Tests.Unit.Architecture.ApplicationFunctionCoverageTest" assertions="1" time="0.051228"/>
          <testcase name="it can reflect every declared public method in app classes with data set &quot;('E:\laragon\www\inventory\app\…og.php') #2&quot;" file="tests\Unit\Architecture\ApplicationFunctionCoverageTest.php::it can reflect every declared public method in app classes with data set &quot;('E:\laragon\www\inventory\app\…og.php') #2&quot;" class="Tests\Unit\Architecture\ApplicationFunctionCoverageTest" classname="Tests.Unit.Architecture.ApplicationFunctionCoverageTest" assertions="1" time="0.053519"/>
          <testcase name="it can reflect every declared public method in app classes with data set &quot;('E:\laragon\www\inventory\app\…ng.php') #4&quot;" file="tests\Unit\Architecture\ApplicationFunctionCoverageTest.php::it can reflect every declared public method in app classes with data set &quot;('E:\laragon\www\inventory\app\…ng.php') #4&quot;" class="Tests\Unit\Architecture\ApplicationFunctionCoverageTest" classname="Tests.Unit.Architecture.ApplicationFunctionCoverageTest" assertions="1" time="0.052721"/>
          <testcase name="it can reflect every declared public method in app classes with data set &quot;('E:\laragon\www\inventory\app\…ce.php') #1&quot;" file="tests\Unit\Architecture\ApplicationFunctionCoverageTest.php::it can reflect every declared public method in app classes with data set &quot;('E:\laragon\www\inventory\app\…ce.php') #1&quot;" class="Tests\Unit\Architecture\ApplicationFunctionCoverageTest" classname="Tests.Unit.Architecture.ApplicationFunctionCoverageTest" assertions="137" time="0.065762"/>
          <testcase name="it can reflect every declared public method in app classes with data set &quot;('E:\laragon\www\inventory\app\…nt.php') #9&quot;" file="tests\Unit\Architecture\ApplicationFunctionCoverageTest.php::it can reflect every declared public method in app classes with data set &quot;('E:\laragon\www\inventory\app\…nt.php') #9&quot;" class="Tests\Unit\Architecture\ApplicationFunctionCoverageTest" classname="Tests.Unit.Architecture.ApplicationFunctionCoverageTest" assertions="5" time="0.053544"/>
          <testcase name="it can reflect every declared public method in app classes with data set &quot;('E:\laragon\www\inventory\app\…em.php') #4&quot;" file="tests\Unit\Architecture\ApplicationFunctionCoverageTest.php::it can reflect every declared public method in app classes with data set &quot;('E:\laragon\www\inventory\app\…em.php') #4&quot;" class="Tests\Unit\Architecture\ApplicationFunctionCoverageTest" classname="Tests.Unit.Architecture.ApplicationFunctionCoverageTest" assertions="17" time="0.065137"/>
          <testcase name="it can reflect every declared public method in app classes with data set &quot;('E:\laragon\www\inventory\app\…te.php') #2&quot;" file="tests\Unit\Architecture\ApplicationFunctionCoverageTest.php::it can reflect every declared public method in app classes with data set &quot;('E:\laragon\www\inventory\app\…te.php') #2&quot;" class="Tests\Unit\Architecture\ApplicationFunctionCoverageTest" classname="Tests.Unit.Architecture.ApplicationFunctionCoverageTest" assertions="9" time="0.068356"/>
          <testcase name="it can reflect every declared public method in app classes with data set &quot;('E:\laragon\www\inventory\app\…nt.php') #10&quot;" file="tests\Unit\Architecture\ApplicationFunctionCoverageTest.php::it can reflect every declared public method in app classes with data set &quot;('E:\laragon\www\inventory\app\…nt.php') #10&quot;" class="Tests\Unit\Architecture\ApplicationFunctionCoverageTest" classname="Tests.Unit.Architecture.ApplicationFunctionCoverageTest" assertions="17" time="0.053512"/>
          <testcase name="it can reflect every declared public method in app classes with data set &quot;('E:\laragon\www\inventory\app\…st.php') #25&quot;" file="tests\Unit\Architecture\ApplicationFunctionCoverageTest.php::it can reflect every declared public method in app classes with data set &quot;('E:\laragon\www\inventory\app\…st.php') #25&quot;" class="Tests\Unit\Architecture\ApplicationFunctionCoverageTest" classname="Tests.Unit.Architecture.ApplicationFunctionCoverageTest" assertions="5" time="0.049992"/>
          <testcase name="it can reflect every declared public method in app classes with data set &quot;('E:\laragon\www\inventory\app\…on.php') #14&quot;" file="tests\Unit\Architecture\ApplicationFunctionCoverageTest.php::it can reflect every declared public method in app classes with data set &quot;('E:\laragon\www\inventory\app\…on.php') #14&quot;" class="Tests\Unit\Architecture\ApplicationFunctionCoverageTest" classname="Tests.Unit.Architecture.ApplicationFunctionCoverageTest" assertions="49" time="0.055082"/>
          <testcase name="it can reflect every declared public method in app classes with data set &quot;('E:\laragon\www\inventory\app\…er.php') #81&quot;" file="tests\Unit\Architecture\ApplicationFunctionCoverageTest.php::it can reflect every declared public method in app classes with data set &quot;('E:\laragon\www\inventory\app\…er.php') #81&quot;" class="Tests\Unit\Architecture\ApplicationFunctionCoverageTest" classname="Tests.Unit.Architecture.ApplicationFunctionCoverageTest" assertions="77" time="0.052114"/>
          <testcase name="it can reflect every declared public method in app classes with data set &quot;('E:\laragon\www\inventory\app\…em.php') #5&quot;" file="tests\Unit\Architecture\ApplicationFunctionCoverageTest.php::it can reflect every declared public method in app classes with data set &quot;('E:\laragon\www\inventory\app\…em.php') #5&quot;" class="Tests\Unit\Architecture\ApplicationFunctionCoverageTest" classname="Tests.Unit.Architecture.ApplicationFunctionCoverageTest" assertions="13" time="0.065508"/>
          <testcase name="it can reflect every declared public method in app classes with data set &quot;('E:\laragon\www\inventory\app\…ew.php')&quot;" file="tests\Unit\Architecture\ApplicationFunctionCoverageTest.php::it can reflect every declared public method in app classes with data set &quot;('E:\laragon\www\inventory\app\…ew.php')&quot;" class="Tests\Unit\Architecture\ApplicationFunctionCoverageTest" classname="Tests.Unit.Architecture.ApplicationFunctionCoverageTest" assertions="9" time="0.063637"/>
          <testcase name="it can reflect every declared public method in app classes with data set &quot;('E:\laragon\www\inventory\app\…nt.php') #11&quot;" file="tests\Unit\Architecture\ApplicationFunctionCoverageTest.php::it can reflect every declared public method in app classes with data set &quot;('E:\laragon\www\inventory\app\…nt.php') #11&quot;" class="Tests\Unit\Architecture\ApplicationFunctionCoverageTest" classname="Tests.Unit.Architecture.ApplicationFunctionCoverageTest" assertions="53" time="0.051542"/>
          <testcase name="it can reflect every declared public method in app classes with data set &quot;('E:\laragon\www\inventory\app\…em.php') #6&quot;" file="tests\Unit\Architecture\ApplicationFunctionCoverageTest.php::it can reflect every declared public method in app classes with data set &quot;('E:\laragon\www\inventory\app\…em.php') #6&quot;" class="Tests\Unit\Architecture\ApplicationFunctionCoverageTest" classname="Tests.Unit.Architecture.ApplicationFunctionCoverageTest" assertions="13" time="0.053890"/>
          <testcase name="it can reflect every declared public method in app classes with data set &quot;('E:\laragon\www\inventory\app\…ct.php') #1&quot;" file="tests\Unit\Architecture\ApplicationFunctionCoverageTest.php::it can reflect every declared public method in app classes with data set &quot;('E:\laragon\www\inventory\app\…ct.php') #1&quot;" class="Tests\Unit\Architecture\ApplicationFunctionCoverageTest" classname="Tests.Unit.Architecture.ApplicationFunctionCoverageTest" assertions="53" time="0.061757"/>
          <testcase name="it can reflect every declared public method in app classes with data set &quot;('E:\laragon\www\inventory\app\…nt.php') #12&quot;" file="tests\Unit\Architecture\ApplicationFunctionCoverageTest.php::it can reflect every declared public method in app classes with data set &quot;('E:\laragon\www\inventory\app\…nt.php') #12&quot;" class="Tests\Unit\Architecture\ApplicationFunctionCoverageTest" classname="Tests.Unit.Architecture.ApplicationFunctionCoverageTest" assertions="33" time="0.054363"/>
          <testcase name="it can reflect every declared public method in app classes with data set &quot;('E:\laragon\www\inventory\app\…em.php') #7&quot;" file="tests\Unit\Architecture\ApplicationFunctionCoverageTest.php::it can reflect every declared public method in app classes with data set &quot;('E:\laragon\www\inventory\app\…em.php') #7&quot;" class="Tests\Unit\Architecture\ApplicationFunctionCoverageTest" classname="Tests.Unit.Architecture.ApplicationFunctionCoverageTest" assertions="21" time="0.053554"/>
          <testcase name="it can reflect every declared public method in app classes with data set &quot;('E:\laragon\www\inventory\app\…nt.php') #13&quot;" file="tests\Unit\Architecture\ApplicationFunctionCoverageTest.php::it can reflect every declared public method in app classes with data set &quot;('E:\laragon\www\inventory\app\…nt.php') #13&quot;" class="Tests\Unit\Architecture\ApplicationFunctionCoverageTest" classname="Tests.Unit.Architecture.ApplicationFunctionCoverageTest" assertions="45" time="0.055432"/>
          <testcase name="it can reflect every declared public method in app classes with data set &quot;('E:\laragon\www\inventory\app\…ce.php') #2&quot;" file="tests\Unit\Architecture\ApplicationFunctionCoverageTest.php::it can reflect every declared public method in app classes with data set &quot;('E:\laragon\www\inventory\app\…ce.php') #2&quot;" class="Tests\Unit\Architecture\ApplicationFunctionCoverageTest" classname="Tests.Unit.Architecture.ApplicationFunctionCoverageTest" assertions="5" time="0.062262"/>
          <testcase name="it can reflect every declared public method in app classes with data set &quot;('E:\laragon\www\inventory\app\…se.php') #2&quot;" file="tests\Unit\Architecture\ApplicationFunctionCoverageTest.php::it can reflect every declared public method in app classes with data set &quot;('E:\laragon\www\inventory\app\…se.php') #2&quot;" class="Tests\Unit\Architecture\ApplicationFunctionCoverageTest" classname="Tests.Unit.Architecture.ApplicationFunctionCoverageTest" assertions="13" time="0.064517"/>
          <testcase name="it can reflect every declared public method in app classes with data set &quot;('E:\laragon\www\inventory\app\…em.php') #8&quot;" file="tests\Unit\Architecture\ApplicationFunctionCoverageTest.php::it can reflect every declared public method in app classes with data set &quot;('E:\laragon\www\inventory\app\…em.php') #8&quot;" class="Tests\Unit\Architecture\ApplicationFunctionCoverageTest" classname="Tests.Unit.Architecture.ApplicationFunctionCoverageTest" assertions="13" time="0.053196"/>
          <testcase name="it can reflect every declared public method in app classes with data set &quot;('E:\laragon\www\inventory\app\…le.php') #1&quot;" file="tests\Unit\Architecture\ApplicationFunctionCoverageTest.php::it can reflect every declared public method in app classes with data set &quot;('E:\laragon\www\inventory\app\…le.php') #1&quot;" class="Tests\Unit\Architecture\ApplicationFunctionCoverageTest" classname="Tests.Unit.Architecture.ApplicationFunctionCoverageTest" assertions="1" time="0.056849"/>
          <testcase name="it can reflect every declared public method in app classes with data set &quot;('E:\laragon\www\inventory\app\…ry.php') #5&quot;" file="tests\Unit\Architecture\ApplicationFunctionCoverageTest.php::it can reflect every declared public method in app classes with data set &quot;('E:\laragon\www\inventory\app\…ry.php') #5&quot;" class="Tests\Unit\Architecture\ApplicationFunctionCoverageTest" classname="Tests.Unit.Architecture.ApplicationFunctionCoverageTest" assertions="9" time="0.057301"/>
          <testcase name="it can reflect every declared public method in app classes with data set &quot;('E:\laragon\www\inventory\app\…nt.php') #14&quot;" file="tests\Unit\Architecture\ApplicationFunctionCoverageTest.php::it can reflect every declared public method in app classes with data set &quot;('E:\laragon\www\inventory\app\…nt.php') #14&quot;" class="Tests\Unit\Architecture\ApplicationFunctionCoverageTest" classname="Tests.Unit.Architecture.ApplicationFunctionCoverageTest" assertions="77" time="0.057266"/>
          <testcase name="it can reflect every declared public method in app classes with data set &quot;('E:\laragon\www\inventory\app\…em.php') #9&quot;" file="tests\Unit\Architecture\ApplicationFunctionCoverageTest.php::it can reflect every declared public method in app classes with data set &quot;('E:\laragon\www\inventory\app\…em.php') #9&quot;" class="Tests\Unit\Architecture\ApplicationFunctionCoverageTest" classname="Tests.Unit.Architecture.ApplicationFunctionCoverageTest" assertions="33" time="0.055418"/>
          <testcase name="it can reflect every declared public method in app classes with data set &quot;('E:\laragon\www\inventory\app\…on.php') #15&quot;" file="tests\Unit\Architecture\ApplicationFunctionCoverageTest.php::it can reflect every declared public method in app classes with data set &quot;('E:\laragon\www\inventory\app\…on.php') #15&quot;" class="Tests\Unit\Architecture\ApplicationFunctionCoverageTest" classname="Tests.Unit.Architecture.ApplicationFunctionCoverageTest" assertions="5" time="0.058858"/>
          <testcase name="it can reflect every declared public method in app classes with data set &quot;('E:\laragon\www\inventory\app\…it.php')&quot;" file="tests\Unit\Architecture\ApplicationFunctionCoverageTest.php::it can reflect every declared public method in app classes with data set &quot;('E:\laragon\www\inventory\app\…it.php')&quot;" class="Tests\Unit\Architecture\ApplicationFunctionCoverageTest" classname="Tests.Unit.Architecture.ApplicationFunctionCoverageTest" assertions="21" time="0.063501"/>
          <testcase name="it can reflect every declared public method in app classes with data set &quot;('E:\laragon\www\inventory\app\…nt.php') #15&quot;" file="tests\Unit\Architecture\ApplicationFunctionCoverageTest.php::it can reflect every declared public method in app classes with data set &quot;('E:\laragon\www\inventory\app\…nt.php') #15&quot;" class="Tests\Unit\Architecture\ApplicationFunctionCoverageTest" classname="Tests.Unit.Architecture.ApplicationFunctionCoverageTest" assertions="29" time="0.055788"/>
          <testcase name="it can reflect every declared public method in app classes with data set &quot;('E:\laragon\www\inventory\app\…em.php') #10&quot;" file="tests\Unit\Architecture\ApplicationFunctionCoverageTest.php::it can reflect every declared public method in app classes with data set &quot;('E:\laragon\www\inventory\app\…em.php') #10&quot;" class="Tests\Unit\Architecture\ApplicationFunctionCoverageTest" classname="Tests.Unit.Architecture.ApplicationFunctionCoverageTest" assertions="29" time="0.058681"/>
          <testcase name="it can reflect every declared public method in app classes with data set &quot;('E:\laragon\www\inventory\app\…od.php') #2&quot;" file="tests\Unit\Architecture\ApplicationFunctionCoverageTest.php::it can reflect every declared public method in app classes with data set &quot;('E:\laragon\www\inventory\app\…od.php') #2&quot;" class="Tests\Unit\Architecture\ApplicationFunctionCoverageTest" classname="Tests.Unit.Architecture.ApplicationFunctionCoverageTest" assertions="1" time="0.051425"/>
          <testcase name="it can reflect every declared public method in app classes with data set &quot;('E:\laragon\www\inventory\app\…ce.php') #3&quot;" file="tests\Unit\Architecture\ApplicationFunctionCoverageTest.php::it can reflect every declared public method in app classes with data set &quot;('E:\laragon\www\inventory\app\…ce.php') #3&quot;" class="Tests\Unit\Architecture\ApplicationFunctionCoverageTest" classname="Tests.Unit.Architecture.ApplicationFunctionCoverageTest" assertions="109" time="0.053320"/>
          <testcase name="it can reflect every declared public method in app classes with data set &quot;('E:\laragon\www\inventory\app\…ct.php') #2&quot;" file="tests\Unit\Architecture\ApplicationFunctionCoverageTest.php::it can reflect every declared public method in app classes with data set &quot;('E:\laragon\www\inventory\app\…ct.php') #2&quot;" class="Tests\Unit\Architecture\ApplicationFunctionCoverageTest" classname="Tests.Unit.Architecture.ApplicationFunctionCoverageTest" assertions="233" time="0.054598"/>
          <testcase name="it can reflect every declared public method in app classes with data set &quot;('E:\laragon\www\inventory\app\…nt.php') #16&quot;" file="tests\Unit\Architecture\ApplicationFunctionCoverageTest.php::it can reflect every declared public method in app classes with data set &quot;('E:\laragon\www\inventory\app\…nt.php') #16&quot;" class="Tests\Unit\Architecture\ApplicationFunctionCoverageTest" classname="Tests.Unit.Architecture.ApplicationFunctionCoverageTest" assertions="33" time="0.061016"/>
          <testcase name="it can reflect every declared public method in app classes with data set &quot;('E:\laragon\www\inventory\app\…ry.php') #6&quot;" file="tests\Unit\Architecture\ApplicationFunctionCoverageTest.php::it can reflect every declared public method in app classes with data set &quot;('E:\laragon\www\inventory\app\…ry.php') #6&quot;" class="Tests\Unit\Architecture\ApplicationFunctionCoverageTest" classname="Tests.Unit.Architecture.ApplicationFunctionCoverageTest" assertions="9" time="0.050383"/>
          <testcase name="it can reflect every declared public method in app classes with data set &quot;('E:\laragon\www\inventory\app\…em.php') #11&quot;" file="tests\Unit\Architecture\ApplicationFunctionCoverageTest.php::it can reflect every declared public method in app classes with data set &quot;('E:\laragon\www\inventory\app\…em.php') #11&quot;" class="Tests\Unit\Architecture\ApplicationFunctionCoverageTest" classname="Tests.Unit.Architecture.ApplicationFunctionCoverageTest" assertions="13" time="0.050547"/>
          <testcase name="it can reflect every declared public method in app classes with data set &quot;('E:\laragon\www\inventory\app\…nt.php') #17&quot;" file="tests\Unit\Architecture\ApplicationFunctionCoverageTest.php::it can reflect every declared public method in app classes with data set &quot;('E:\laragon\www\inventory\app\…nt.php') #17&quot;" class="Tests\Unit\Architecture\ApplicationFunctionCoverageTest" classname="Tests.Unit.Architecture.ApplicationFunctionCoverageTest" assertions="17" time="0.049642"/>
          <testcase name="it can reflect every declared public method in app classes with data set &quot;('E:\laragon\www\inventory\app\…er.php') #82&quot;" file="tests\Unit\Architecture\ApplicationFunctionCoverageTest.php::it can reflect every declared public method in app classes with data set &quot;('E:\laragon\www\inventory\app\…er.php') #82&quot;" class="Tests\Unit\Architecture\ApplicationFunctionCoverageTest" classname="Tests.Unit.Architecture.ApplicationFunctionCoverageTest" assertions="9" time="0.051018"/>
          <testcase name="it can reflect every declared public method in app classes with data set &quot;('E:\laragon\www\inventory\app\…er.php') #83&quot;" file="tests\Unit\Architecture\ApplicationFunctionCoverageTest.php::it can reflect every declared public method in app classes with data set &quot;('E:\laragon\www\inventory\app\…er.php') #83&quot;" class="Tests\Unit\Architecture\ApplicationFunctionCoverageTest" classname="Tests.Unit.Architecture.ApplicationFunctionCoverageTest" assertions="5" time="0.051456"/>
          <testcase name="it can reflect every declared public method in app classes with data set &quot;('E:\laragon\www\inventory\app\…on.php') #16&quot;" file="tests\Unit\Architecture\ApplicationFunctionCoverageTest.php::it can reflect every declared public method in app classes with data set &quot;('E:\laragon\www\inventory\app\…on.php') #16&quot;" class="Tests\Unit\Architecture\ApplicationFunctionCoverageTest" classname="Tests.Unit.Architecture.ApplicationFunctionCoverageTest" assertions="13" time="0.049826"/>
          <testcase name="it can reflect every declared public method in app classes with data set &quot;('E:\laragon\www\inventory\app\…er.php') #84&quot;" file="tests\Unit\Architecture\ApplicationFunctionCoverageTest.php::it can reflect every declared public method in app classes with data set &quot;('E:\laragon\www\inventory\app\…er.php') #84&quot;" class="Tests\Unit\Architecture\ApplicationFunctionCoverageTest" classname="Tests.Unit.Architecture.ApplicationFunctionCoverageTest" assertions="29" time="0.060543"/>
          <testcase name="it can reflect every declared public method in app classes with data set &quot;('E:\laragon\www\inventory\app\…se.php') #3&quot;" file="tests\Unit\Architecture\ApplicationFunctionCoverageTest.php::it can reflect every declared public method in app classes with data set &quot;('E:\laragon\www\inventory\app\…se.php') #3&quot;" class="Tests\Unit\Architecture\ApplicationFunctionCoverageTest" classname="Tests.Unit.Architecture.ApplicationFunctionCoverageTest" assertions="45" time="0.050041"/>
          <testcase name="it can reflect every declared public method in app classes with data set &quot;('E:\laragon\www\inventory\app\…pt.php')&quot;" file="tests\Unit\Architecture\ApplicationFunctionCoverageTest.php::it can reflect every declared public method in app classes with data set &quot;('E:\laragon\www\inventory\app\…pt.php')&quot;" class="Tests\Unit\Architecture\ApplicationFunctionCoverageTest" classname="Tests.Unit.Architecture.ApplicationFunctionCoverageTest" assertions="37" time="0.050850"/>
          <testcase name="it can reflect every declared public method in app classes with data set &quot;('E:\laragon\www\inventory\app\…em.php') #12&quot;" file="tests\Unit\Architecture\ApplicationFunctionCoverageTest.php::it can reflect every declared public method in app classes with data set &quot;('E:\laragon\www\inventory\app\…em.php') #12&quot;" class="Tests\Unit\Architecture\ApplicationFunctionCoverageTest" classname="Tests.Unit.Architecture.ApplicationFunctionCoverageTest" assertions="33" time="0.051771"/>
          <testcase name="it can reflect every declared public method in app classes with data set &quot;('E:\laragon\www\inventory\app\…on.php') #17&quot;" file="tests\Unit\Architecture\ApplicationFunctionCoverageTest.php::it can reflect every declared public method in app classes with data set &quot;('E:\laragon\www\inventory\app\…on.php') #17&quot;" class="Tests\Unit\Architecture\ApplicationFunctionCoverageTest" classname="Tests.Unit.Architecture.ApplicationFunctionCoverageTest" assertions="17" time="0.049884"/>
          <testcase name="it can reflect every declared public method in app classes with data set &quot;('E:\laragon\www\inventory\app\…nt.php') #18&quot;" file="tests\Unit\Architecture\ApplicationFunctionCoverageTest.php::it can reflect every declared public method in app classes with data set &quot;('E:\laragon\www\inventory\app\…nt.php') #18&quot;" class="Tests\Unit\Architecture\ApplicationFunctionCoverageTest" classname="Tests.Unit.Architecture.ApplicationFunctionCoverageTest" assertions="21" time="0.049200"/>
          <testcase name="it can reflect every declared public method in app classes with data set &quot;('E:\laragon\www\inventory\app\…ck.php') #1&quot;" file="tests\Unit\Architecture\ApplicationFunctionCoverageTest.php::it can reflect every declared public method in app classes with data set &quot;('E:\laragon\www\inventory\app\…ck.php') #1&quot;" class="Tests\Unit\Architecture\ApplicationFunctionCoverageTest" classname="Tests.Unit.Architecture.ApplicationFunctionCoverageTest" assertions="13" time="0.051393"/>
          <testcase name="it can reflect every declared public method in app classes with data set &quot;('E:\laragon\www\inventory\app\…og.php') #3&quot;" file="tests\Unit\Architecture\ApplicationFunctionCoverageTest.php::it can reflect every declared public method in app classes with data set &quot;('E:\laragon\www\inventory\app\…og.php') #3&quot;" class="Tests\Unit\Architecture\ApplicationFunctionCoverageTest" classname="Tests.Unit.Architecture.ApplicationFunctionCoverageTest" assertions="13" time="0.059996"/>
          <testcase name="it can reflect every declared public method in app classes with data set &quot;('E:\laragon\www\inventory\app\…og.php') #4&quot;" file="tests\Unit\Architecture\ApplicationFunctionCoverageTest.php::it can reflect every declared public method in app classes with data set &quot;('E:\laragon\www\inventory\app\…og.php') #4&quot;" class="Tests\Unit\Architecture\ApplicationFunctionCoverageTest" classname="Tests.Unit.Architecture.ApplicationFunctionCoverageTest" assertions="9" time="0.052220"/>
          <testcase name="it can reflect every declared public method in app classes with data set &quot;('E:\laragon\www\inventory\app\…ot.php')&quot;" file="tests\Unit\Architecture\ApplicationFunctionCoverageTest.php::it can reflect every declared public method in app classes with data set &quot;('E:\laragon\www\inventory\app\…ot.php')&quot;" class="Tests\Unit\Architecture\ApplicationFunctionCoverageTest" classname="Tests.Unit.Architecture.ApplicationFunctionCoverageTest" assertions="9" time="0.050919"/>
          <testcase name="it can reflect every declared public method in app classes with data set &quot;('E:\laragon\www\inventory\app\…ck.php') #2&quot;" file="tests\Unit\Architecture\ApplicationFunctionCoverageTest.php::it can reflect every declared public method in app classes with data set &quot;('E:\laragon\www\inventory\app\…ck.php') #2&quot;" class="Tests\Unit\Architecture\ApplicationFunctionCoverageTest" classname="Tests.Unit.Architecture.ApplicationFunctionCoverageTest" assertions="13" time="0.052108"/>
          <testcase name="it can reflect every declared public method in app classes with data set &quot;('E:\laragon\www\inventory\app\…er.php') #85&quot;" file="tests\Unit\Architecture\ApplicationFunctionCoverageTest.php::it can reflect every declared public method in app classes with data set &quot;('E:\laragon\www\inventory\app\…er.php') #85&quot;" class="Tests\Unit\Architecture\ApplicationFunctionCoverageTest" classname="Tests.Unit.Architecture.ApplicationFunctionCoverageTest" assertions="53" time="0.051740"/>
          <testcase name="it can reflect every declared public method in app classes with data set &quot;('E:\laragon\www\inventory\app\…em.php') #13&quot;" file="tests\Unit\Architecture\ApplicationFunctionCoverageTest.php::it can reflect every declared public method in app classes with data set &quot;('E:\laragon\www\inventory\app\…em.php') #13&quot;" class="Tests\Unit\Architecture\ApplicationFunctionCoverageTest" classname="Tests.Unit.Architecture.ApplicationFunctionCoverageTest" assertions="29" time="0.049672"/>
          <testcase name="it can reflect every declared public method in app classes with data set &quot;('E:\laragon\www\inventory\app\…er.php') #86&quot;" file="tests\Unit\Architecture\ApplicationFunctionCoverageTest.php::it can reflect every declared public method in app classes with data set &quot;('E:\laragon\www\inventory\app\…er.php') #86&quot;" class="Tests\Unit\Architecture\ApplicationFunctionCoverageTest" classname="Tests.Unit.Architecture.ApplicationFunctionCoverageTest" assertions="13" time="0.047476"/>
          <testcase name="it can reflect every declared public method in app classes with data set &quot;('E:\laragon\www\inventory\app\…er.php') #87&quot;" file="tests\Unit\Architecture\ApplicationFunctionCoverageTest.php::it can reflect every declared public method in app classes with data set &quot;('E:\laragon\www\inventory\app\…er.php') #87&quot;" class="Tests\Unit\Architecture\ApplicationFunctionCoverageTest" classname="Tests.Unit.Architecture.ApplicationFunctionCoverageTest" assertions="13" time="0.054284"/>
          <testcase name="it can reflect every declared public method in app classes with data set &quot;('E:\laragon\www\inventory\app\…er.php') #88&quot;" file="tests\Unit\Architecture\ApplicationFunctionCoverageTest.php::it can reflect every declared public method in app classes with data set &quot;('E:\laragon\www\inventory\app\…er.php') #88&quot;" class="Tests\Unit\Architecture\ApplicationFunctionCoverageTest" classname="Tests.Unit.Architecture.ApplicationFunctionCoverageTest" assertions="5" time="0.046185"/>
          <testcase name="it can reflect every declared public method in app classes with data set &quot;('E:\laragon\www\inventory\app\…er.php') #89&quot;" file="tests\Unit\Architecture\ApplicationFunctionCoverageTest.php::it can reflect every declared public method in app classes with data set &quot;('E:\laragon\www\inventory\app\…er.php') #89&quot;" class="Tests\Unit\Architecture\ApplicationFunctionCoverageTest" classname="Tests.Unit.Architecture.ApplicationFunctionCoverageTest" assertions="9" time="0.046766"/>
          <testcase name="it can reflect every declared public method in app classes with data set &quot;('E:\laragon\www\inventory\app\…er.php') #90&quot;" file="tests\Unit\Architecture\ApplicationFunctionCoverageTest.php::it can reflect every declared public method in app classes with data set &quot;('E:\laragon\www\inventory\app\…er.php') #90&quot;" class="Tests\Unit\Architecture\ApplicationFunctionCoverageTest" classname="Tests.Unit.Architecture.ApplicationFunctionCoverageTest" assertions="5" time="0.046972"/>
          <testcase name="it can reflect every declared public method in app classes with data set &quot;('E:\laragon\www\inventory\app\…er.php') #91&quot;" file="tests\Unit\Architecture\ApplicationFunctionCoverageTest.php::it can reflect every declared public method in app classes with data set &quot;('E:\laragon\www\inventory\app\…er.php') #91&quot;" class="Tests\Unit\Architecture\ApplicationFunctionCoverageTest" classname="Tests.Unit.Architecture.ApplicationFunctionCoverageTest" assertions="5" time="0.047040"/>
          <testcase name="it can reflect every declared public method in app classes with data set &quot;('E:\laragon\www\inventory\app\…er.php') #92&quot;" file="tests\Unit\Architecture\ApplicationFunctionCoverageTest.php::it can reflect every declared public method in app classes with data set &quot;('E:\laragon\www\inventory\app\…er.php') #92&quot;" class="Tests\Unit\Architecture\ApplicationFunctionCoverageTest" classname="Tests.Unit.Architecture.ApplicationFunctionCoverageTest" assertions="9" time="0.051295"/>
          <testcase name="it can reflect every declared public method in app classes with data set &quot;('E:\laragon\www\inventory\app\…er.php') #93&quot;" file="tests\Unit\Architecture\ApplicationFunctionCoverageTest.php::it can reflect every declared public method in app classes with data set &quot;('E:\laragon\www\inventory\app\…er.php') #93&quot;" class="Tests\Unit\Architecture\ApplicationFunctionCoverageTest" classname="Tests.Unit.Architecture.ApplicationFunctionCoverageTest" assertions="5" time="0.048014"/>
          <testcase name="it can reflect every declared public method in app classes with data set &quot;('E:\laragon\www\inventory\app\…le.php') #2&quot;" file="tests\Unit\Architecture\ApplicationFunctionCoverageTest.php::it can reflect every declared public method in app classes with data set &quot;('E:\laragon\www\inventory\app\…le.php') #2&quot;" class="Tests\Unit\Architecture\ApplicationFunctionCoverageTest" classname="Tests.Unit.Architecture.ApplicationFunctionCoverageTest" assertions="5" time="0.070110"/>
          <testcase name="it can reflect every declared public method in app classes with data set &quot;('E:\laragon\www\inventory\app\…ce.php') #4&quot;" file="tests\Unit\Architecture\ApplicationFunctionCoverageTest.php::it can reflect every declared public method in app classes with data set &quot;('E:\laragon\www\inventory\app\…ce.php') #4&quot;" class="Tests\Unit\Architecture\ApplicationFunctionCoverageTest" classname="Tests.Unit.Architecture.ApplicationFunctionCoverageTest" assertions="21" time="0.055105"/>
          <testcase name="it can reflect every declared public method in app classes with data set &quot;('E:\laragon\www\inventory\app\…ce.php') #5&quot;" file="tests\Unit\Architecture\ApplicationFunctionCoverageTest.php::it can reflect every declared public method in app classes with data set &quot;('E:\laragon\www\inventory\app\…ce.php') #5&quot;" class="Tests\Unit\Architecture\ApplicationFunctionCoverageTest" classname="Tests.Unit.Architecture.ApplicationFunctionCoverageTest" assertions="13" time="0.056137"/>
          <testcase name="it can reflect every declared public method in app classes with data set &quot;('E:\laragon\www\inventory\app\…ce.php') #6&quot;" file="tests\Unit\Architecture\ApplicationFunctionCoverageTest.php::it can reflect every declared public method in app classes with data set &quot;('E:\laragon\www\inventory\app\…ce.php') #6&quot;" class="Tests\Unit\Architecture\ApplicationFunctionCoverageTest" classname="Tests.Unit.Architecture.ApplicationFunctionCoverageTest" assertions="9" time="0.048493"/>
          <testcase name="it can reflect every declared public method in app classes with data set &quot;('E:\laragon\www\inventory\app\…ce.php') #7&quot;" file="tests\Unit\Architecture\ApplicationFunctionCoverageTest.php::it can reflect every declared public method in app classes with data set &quot;('E:\laragon\www\inventory\app\…ce.php') #7&quot;" class="Tests\Unit\Architecture\ApplicationFunctionCoverageTest" classname="Tests.Unit.Architecture.ApplicationFunctionCoverageTest" assertions="5" time="0.046689"/>
          <testcase name="it can reflect every declared public method in app classes with data set &quot;('E:\laragon\www\inventory\app\…ce.php') #8&quot;" file="tests\Unit\Architecture\ApplicationFunctionCoverageTest.php::it can reflect every declared public method in app classes with data set &quot;('E:\laragon\www\inventory\app\…ce.php') #8&quot;" class="Tests\Unit\Architecture\ApplicationFunctionCoverageTest" classname="Tests.Unit.Architecture.ApplicationFunctionCoverageTest" assertions="21" time="0.050384"/>
          <testcase name="it can reflect every declared public method in app classes with data set &quot;('E:\laragon\www\inventory\app\…ce.php') #9&quot;" file="tests\Unit\Architecture\ApplicationFunctionCoverageTest.php::it can reflect every declared public method in app classes with data set &quot;('E:\laragon\www\inventory\app\…ce.php') #9&quot;" class="Tests\Unit\Architecture\ApplicationFunctionCoverageTest" classname="Tests.Unit.Architecture.ApplicationFunctionCoverageTest" assertions="5" time="0.048252"/>
          <testcase name="it can reflect every declared public method in app classes with data set &quot;('E:\laragon\www\inventory\app\…ce.php') #10&quot;" file="tests\Unit\Architecture\ApplicationFunctionCoverageTest.php::it can reflect every declared public method in app classes with data set &quot;('E:\laragon\www\inventory\app\…ce.php') #10&quot;" class="Tests\Unit\Architecture\ApplicationFunctionCoverageTest" classname="Tests.Unit.Architecture.ApplicationFunctionCoverageTest" assertions="13" time="0.057987"/>
          <testcase name="it can reflect every declared public method in app classes with data set &quot;('E:\laragon\www\inventory\app\…ce.php') #11&quot;" file="tests\Unit\Architecture\ApplicationFunctionCoverageTest.php::it can reflect every declared public method in app classes with data set &quot;('E:\laragon\www\inventory\app\…ce.php') #11&quot;" class="Tests\Unit\Architecture\ApplicationFunctionCoverageTest" classname="Tests.Unit.Architecture.ApplicationFunctionCoverageTest" assertions="9" time="0.065190"/>
          <testcase name="it can reflect every declared public method in app classes with data set &quot;('E:\laragon\www\inventory\app\…ce.php') #12&quot;" file="tests\Unit\Architecture\ApplicationFunctionCoverageTest.php::it can reflect every declared public method in app classes with data set &quot;('E:\laragon\www\inventory\app\…ce.php') #12&quot;" class="Tests\Unit\Architecture\ApplicationFunctionCoverageTest" classname="Tests.Unit.Architecture.ApplicationFunctionCoverageTest" assertions="21" time="0.065073"/>
          <testcase name="it can reflect every declared public method in app classes with data set &quot;('E:\laragon\www\inventory\app\…ce.php') #13&quot;" file="tests\Unit\Architecture\ApplicationFunctionCoverageTest.php::it can reflect every declared public method in app classes with data set &quot;('E:\laragon\www\inventory\app\…ce.php') #13&quot;" class="Tests\Unit\Architecture\ApplicationFunctionCoverageTest" classname="Tests.Unit.Architecture.ApplicationFunctionCoverageTest" assertions="5" time="0.065439"/>
          <testcase name="it can reflect every declared public method in app classes with data set &quot;('E:\laragon\www\inventory\app\…er.php') #94&quot;" file="tests\Unit\Architecture\ApplicationFunctionCoverageTest.php::it can reflect every declared public method in app classes with data set &quot;('E:\laragon\www\inventory\app\…er.php') #94&quot;" class="Tests\Unit\Architecture\ApplicationFunctionCoverageTest" classname="Tests.Unit.Architecture.ApplicationFunctionCoverageTest" assertions="9" time="0.047926"/>
          <testcase name="it can reflect every declared public method in app classes with data set &quot;('E:\laragon\www\inventory\app\…ce.php') #14&quot;" file="tests\Unit\Architecture\ApplicationFunctionCoverageTest.php::it can reflect every declared public method in app classes with data set &quot;('E:\laragon\www\inventory\app\…ce.php') #14&quot;" class="Tests\Unit\Architecture\ApplicationFunctionCoverageTest" classname="Tests.Unit.Architecture.ApplicationFunctionCoverageTest" assertions="9" time="0.046789"/>
          <testcase name="it can reflect every declared public method in app classes with data set &quot;('E:\laragon\www\inventory\app\…er.php') #95&quot;" file="tests\Unit\Architecture\ApplicationFunctionCoverageTest.php::it can reflect every declared public method in app classes with data set &quot;('E:\laragon\www\inventory\app\…er.php') #95&quot;" class="Tests\Unit\Architecture\ApplicationFunctionCoverageTest" classname="Tests.Unit.Architecture.ApplicationFunctionCoverageTest" assertions="9" time="0.047507"/>
          <testcase name="it can reflect every declared public method in app classes with data set &quot;('E:\laragon\www\inventory\app\…ce.php') #15&quot;" file="tests\Unit\Architecture\ApplicationFunctionCoverageTest.php::it can reflect every declared public method in app classes with data set &quot;('E:\laragon\www\inventory\app\…ce.php') #15&quot;" class="Tests\Unit\Architecture\ApplicationFunctionCoverageTest" classname="Tests.Unit.Architecture.ApplicationFunctionCoverageTest" assertions="5" time="0.076889"/>
          <testcase name="it can reflect every declared public method in app classes with data set &quot;('E:\laragon\www\inventory\app\…ce.php') #16&quot;" file="tests\Unit\Architecture\ApplicationFunctionCoverageTest.php::it can reflect every declared public method in app classes with data set &quot;('E:\laragon\www\inventory\app\…ce.php') #16&quot;" class="Tests\Unit\Architecture\ApplicationFunctionCoverageTest" classname="Tests.Unit.Architecture.ApplicationFunctionCoverageTest" assertions="49" time="0.052868"/>
          <testcase name="it can reflect every declared public method in app classes with data set &quot;('E:\laragon\www\inventory\app\…ce.php') #17&quot;" file="tests\Unit\Architecture\ApplicationFunctionCoverageTest.php::it can reflect every declared public method in app classes with data set &quot;('E:\laragon\www\inventory\app\…ce.php') #17&quot;" class="Tests\Unit\Architecture\ApplicationFunctionCoverageTest" classname="Tests.Unit.Architecture.ApplicationFunctionCoverageTest" assertions="13" time="0.049649"/>
          <testcase name="it can reflect every declared public method in app classes with data set &quot;('E:\laragon\www\inventory\app\…ce.php') #18&quot;" file="tests\Unit\Architecture\ApplicationFunctionCoverageTest.php::it can reflect every declared public method in app classes with data set &quot;('E:\laragon\www\inventory\app\…ce.php') #18&quot;" class="Tests\Unit\Architecture\ApplicationFunctionCoverageTest" classname="Tests.Unit.Architecture.ApplicationFunctionCoverageTest" assertions="21" time="0.051028"/>
          <testcase name="it can reflect every declared public method in app classes with data set &quot;('E:\laragon\www\inventory\app\…ce.php') #19&quot;" file="tests\Unit\Architecture\ApplicationFunctionCoverageTest.php::it can reflect every declared public method in app classes with data set &quot;('E:\laragon\www\inventory\app\…ce.php') #19&quot;" class="Tests\Unit\Architecture\ApplicationFunctionCoverageTest" classname="Tests.Unit.Architecture.ApplicationFunctionCoverageTest" assertions="9" time="0.053208"/>
          <testcase name="it can reflect every declared public method in app classes with data set &quot;('E:\laragon\www\inventory\app\…ce.php') #20&quot;" file="tests\Unit\Architecture\ApplicationFunctionCoverageTest.php::it can reflect every declared public method in app classes with data set &quot;('E:\laragon\www\inventory\app\…ce.php') #20&quot;" class="Tests\Unit\Architecture\ApplicationFunctionCoverageTest" classname="Tests.Unit.Architecture.ApplicationFunctionCoverageTest" assertions="13" time="0.055075"/>
          <testcase name="it can reflect every declared public method in app classes with data set &quot;('E:\laragon\www\inventory\app\…ce.php') #21&quot;" file="tests\Unit\Architecture\ApplicationFunctionCoverageTest.php::it can reflect every declared public method in app classes with data set &quot;('E:\laragon\www\inventory\app\…ce.php') #21&quot;" class="Tests\Unit\Architecture\ApplicationFunctionCoverageTest" classname="Tests.Unit.Architecture.ApplicationFunctionCoverageTest" assertions="5" time="0.051084"/>
          <testcase name="it can reflect every declared public method in app classes with data set &quot;('E:\laragon\www\inventory\app\…or.php') #2&quot;" file="tests\Unit\Architecture\ApplicationFunctionCoverageTest.php::it can reflect every declared public method in app classes with data set &quot;('E:\laragon\www\inventory\app\…or.php') #2&quot;" class="Tests\Unit\Architecture\ApplicationFunctionCoverageTest" classname="Tests.Unit.Architecture.ApplicationFunctionCoverageTest" assertions="9" time="0.059604"/>
          <testcase name="it can reflect every declared public method in app classes with data set &quot;('E:\laragon\www\inventory\app\…ey.php')&quot;" file="tests\Unit\Architecture\ApplicationFunctionCoverageTest.php::it can reflect every declared public method in app classes with data set &quot;('E:\laragon\www\inventory\app\…ey.php')&quot;" class="Tests\Unit\Architecture\ApplicationFunctionCoverageTest" classname="Tests.Unit.Architecture.ApplicationFunctionCoverageTest" assertions="9" time="0.048571"/>
          <testcase name="it can reflect every declared public method in app classes with data set &quot;('E:\laragon\www\inventory\app\…ce.php') #22&quot;" file="tests\Unit\Architecture\ApplicationFunctionCoverageTest.php::it can reflect every declared public method in app classes with data set &quot;('E:\laragon\www\inventory\app\…ce.php') #22&quot;" class="Tests\Unit\Architecture\ApplicationFunctionCoverageTest" classname="Tests.Unit.Architecture.ApplicationFunctionCoverageTest" assertions="13" time="0.051196"/>
          <testcase name="it can reflect every declared public method in app classes with data set &quot;('E:\laragon\www\inventory\app\…er.php') #96&quot;" file="tests\Unit\Architecture\ApplicationFunctionCoverageTest.php::it can reflect every declared public method in app classes with data set &quot;('E:\laragon\www\inventory\app\…er.php') #96&quot;" class="Tests\Unit\Architecture\ApplicationFunctionCoverageTest" classname="Tests.Unit.Architecture.ApplicationFunctionCoverageTest" assertions="17" time="0.050550"/>
          <testcase name="it can reflect every declared public method in app classes with data set &quot;('E:\laragon\www\inventory\app\…ce.php') #23&quot;" file="tests\Unit\Architecture\ApplicationFunctionCoverageTest.php::it can reflect every declared public method in app classes with data set &quot;('E:\laragon\www\inventory\app\…ce.php') #23&quot;" class="Tests\Unit\Architecture\ApplicationFunctionCoverageTest" classname="Tests.Unit.Architecture.ApplicationFunctionCoverageTest" assertions="9" time="0.049766"/>
          <testcase name="it can reflect every declared public method in app classes with data set &quot;('E:\laragon\www\inventory\app\…ce.php') #24&quot;" file="tests\Unit\Architecture\ApplicationFunctionCoverageTest.php::it can reflect every declared public method in app classes with data set &quot;('E:\laragon\www\inventory\app\…ce.php') #24&quot;" class="Tests\Unit\Architecture\ApplicationFunctionCoverageTest" classname="Tests.Unit.Architecture.ApplicationFunctionCoverageTest" assertions="29" time="0.049233"/>
          <testcase name="it can reflect every declared public method in app classes with data set &quot;('E:\laragon\www\inventory\app\…ce.php') #25&quot;" file="tests\Unit\Architecture\ApplicationFunctionCoverageTest.php::it can reflect every declared public method in app classes with data set &quot;('E:\laragon\www\inventory\app\…ce.php') #25&quot;" class="Tests\Unit\Architecture\ApplicationFunctionCoverageTest" classname="Tests.Unit.Architecture.ApplicationFunctionCoverageTest" assertions="5" time="0.048119"/>
          <testcase name="it can reflect every declared public method in app classes with data set &quot;('E:\laragon\www\inventory\app\…er.php') #97&quot;" file="tests\Unit\Architecture\ApplicationFunctionCoverageTest.php::it can reflect every declared public method in app classes with data set &quot;('E:\laragon\www\inventory\app\…er.php') #97&quot;" class="Tests\Unit\Architecture\ApplicationFunctionCoverageTest" classname="Tests.Unit.Architecture.ApplicationFunctionCoverageTest" assertions="13" time="0.054891"/>
          <testcase name="it can reflect every declared public method in app classes with data set &quot;('E:\laragon\www\inventory\app\…ce.php') #26&quot;" file="tests\Unit\Architecture\ApplicationFunctionCoverageTest.php::it can reflect every declared public method in app classes with data set &quot;('E:\laragon\www\inventory\app\…ce.php') #26&quot;" class="Tests\Unit\Architecture\ApplicationFunctionCoverageTest" classname="Tests.Unit.Architecture.ApplicationFunctionCoverageTest" assertions="17" time="0.050236"/>
          <testcase name="it can reflect every declared public method in app classes with data set &quot;('E:\laragon\www\inventory\app\…ce.php') #27&quot;" file="tests\Unit\Architecture\ApplicationFunctionCoverageTest.php::it can reflect every declared public method in app classes with data set &quot;('E:\laragon\www\inventory\app\…ce.php') #27&quot;" class="Tests\Unit\Architecture\ApplicationFunctionCoverageTest" classname="Tests.Unit.Architecture.ApplicationFunctionCoverageTest" assertions="13" time="0.048834"/>
          <testcase name="it can reflect every declared public method in app classes with data set &quot;('E:\laragon\www\inventory\app\…ce.php') #28&quot;" file="tests\Unit\Architecture\ApplicationFunctionCoverageTest.php::it can reflect every declared public method in app classes with data set &quot;('E:\laragon\www\inventory\app\…ce.php') #28&quot;" class="Tests\Unit\Architecture\ApplicationFunctionCoverageTest" classname="Tests.Unit.Architecture.ApplicationFunctionCoverageTest" assertions="9" time="0.050340"/>
          <testcase name="it can reflect every declared public method in app classes with data set &quot;('E:\laragon\www\inventory\app\…ce.php') #29&quot;" file="tests\Unit\Architecture\ApplicationFunctionCoverageTest.php::it can reflect every declared public method in app classes with data set &quot;('E:\laragon\www\inventory\app\…ce.php') #29&quot;" class="Tests\Unit\Architecture\ApplicationFunctionCoverageTest" classname="Tests.Unit.Architecture.ApplicationFunctionCoverageTest" assertions="37" time="0.048116"/>
          <testcase name="it can reflect every declared public method in app classes with data set &quot;('E:\laragon\www\inventory\app\…ce.php') #30&quot;" file="tests\Unit\Architecture\ApplicationFunctionCoverageTest.php::it can reflect every declared public method in app classes with data set &quot;('E:\laragon\www\inventory\app\…ce.php') #30&quot;" class="Tests\Unit\Architecture\ApplicationFunctionCoverageTest" classname="Tests.Unit.Architecture.ApplicationFunctionCoverageTest" assertions="13" time="0.050320"/>
          <testcase name="it can reflect every declared public method in app classes with data set &quot;('E:\laragon\www\inventory\app\…et.php') #3&quot;" file="tests\Unit\Architecture\ApplicationFunctionCoverageTest.php::it can reflect every declared public method in app classes with data set &quot;('E:\laragon\www\inventory\app\…et.php') #3&quot;" class="Tests\Unit\Architecture\ApplicationFunctionCoverageTest" classname="Tests.Unit.Architecture.ApplicationFunctionCoverageTest" assertions="13" time="0.049091"/>
          <testcase name="it can reflect every declared public method in app classes with data set &quot;('E:\laragon\www\inventory\app\…ce.php') #31&quot;" file="tests\Unit\Architecture\ApplicationFunctionCoverageTest.php::it can reflect every declared public method in app classes with data set &quot;('E:\laragon\www\inventory\app\…ce.php') #31&quot;" class="Tests\Unit\Architecture\ApplicationFunctionCoverageTest" classname="Tests.Unit.Architecture.ApplicationFunctionCoverageTest" assertions="13" time="0.059917"/>
          <testcase name="it can reflect every declared public method in app classes with data set &quot;('E:\laragon\www\inventory\app\…er.php') #98&quot;" file="tests\Unit\Architecture\ApplicationFunctionCoverageTest.php::it can reflect every declared public method in app classes with data set &quot;('E:\laragon\www\inventory\app\…er.php') #98&quot;" class="Tests\Unit\Architecture\ApplicationFunctionCoverageTest" classname="Tests.Unit.Architecture.ApplicationFunctionCoverageTest" assertions="5" time="0.050519"/>
          <testcase name="it can reflect every declared public method in app classes with data set &quot;('E:\laragon\www\inventory\app\…nt.php') #19&quot;" file="tests\Unit\Architecture\ApplicationFunctionCoverageTest.php::it can reflect every declared public method in app classes with data set &quot;('E:\laragon\www\inventory\app\…nt.php') #19&quot;" class="Tests\Unit\Architecture\ApplicationFunctionCoverageTest" classname="Tests.Unit.Architecture.ApplicationFunctionCoverageTest" assertions="41" time="0.051246"/>
          <testcase name="it can reflect every declared public method in app classes with data set &quot;('E:\laragon\www\inventory\app\…ce.php') #32&quot;" file="tests\Unit\Architecture\ApplicationFunctionCoverageTest.php::it can reflect every declared public method in app classes with data set &quot;('E:\laragon\www\inventory\app\…ce.php') #32&quot;" class="Tests\Unit\Architecture\ApplicationFunctionCoverageTest" classname="Tests.Unit.Architecture.ApplicationFunctionCoverageTest" assertions="5" time="0.054251"/>
          <testcase name="it can reflect every declared public method in app classes with data set &quot;('E:\laragon\www\inventory\app\…ce.php') #33&quot;" file="tests\Unit\Architecture\ApplicationFunctionCoverageTest.php::it can reflect every declared public method in app classes with data set &quot;('E:\laragon\www\inventory\app\…ce.php') #33&quot;" class="Tests\Unit\Architecture\ApplicationFunctionCoverageTest" classname="Tests.Unit.Architecture.ApplicationFunctionCoverageTest" assertions="5" time="0.057619"/>
          <testcase name="it can reflect every declared public method in app classes with data set &quot;('E:\laragon\www\inventory\app\…ce.php') #34&quot;" file="tests\Unit\Architecture\ApplicationFunctionCoverageTest.php::it can reflect every declared public method in app classes with data set &quot;('E:\laragon\www\inventory\app\…ce.php') #34&quot;" class="Tests\Unit\Architecture\ApplicationFunctionCoverageTest" classname="Tests.Unit.Architecture.ApplicationFunctionCoverageTest" assertions="9" time="0.059703"/>
          <testcase name="it can reflect every declared public method in app classes with data set &quot;('E:\laragon\www\inventory\app\…er.php') #99&quot;" file="tests\Unit\Architecture\ApplicationFunctionCoverageTest.php::it can reflect every declared public method in app classes with data set &quot;('E:\laragon\www\inventory\app\…er.php') #99&quot;" class="Tests\Unit\Architecture\ApplicationFunctionCoverageTest" classname="Tests.Unit.Architecture.ApplicationFunctionCoverageTest" assertions="5" time="0.050312"/>
          <testcase name="it can reflect every declared public method in app classes with data set &quot;('E:\laragon\www\inventory\app\…er.php') #100&quot;" file="tests\Unit\Architecture\ApplicationFunctionCoverageTest.php::it can reflect every declared public method in app classes with data set &quot;('E:\laragon\www\inventory\app\…er.php') #100&quot;" class="Tests\Unit\Architecture\ApplicationFunctionCoverageTest" classname="Tests.Unit.Architecture.ApplicationFunctionCoverageTest" assertions="5" time="0.059147"/>
          <testcase name="it can reflect every declared public method in app classes with data set &quot;('E:\laragon\www\inventory\app\…ce.php') #35&quot;" file="tests\Unit\Architecture\ApplicationFunctionCoverageTest.php::it can reflect every declared public method in app classes with data set &quot;('E:\laragon\www\inventory\app\…ce.php') #35&quot;" class="Tests\Unit\Architecture\ApplicationFunctionCoverageTest" classname="Tests.Unit.Architecture.ApplicationFunctionCoverageTest" assertions="5" time="0.059799"/>
          <testcase name="it can reflect every declared public method in app classes with data set &quot;('E:\laragon\www\inventory\app\…er.php') #101&quot;" file="tests\Unit\Architecture\ApplicationFunctionCoverageTest.php::it can reflect every declared public method in app classes with data set &quot;('E:\laragon\www\inventory\app\…er.php') #101&quot;" class="Tests\Unit\Architecture\ApplicationFunctionCoverageTest" classname="Tests.Unit.Architecture.ApplicationFunctionCoverageTest" assertions="9" time="0.083617"/>
          <testcase name="it can reflect every declared public method in app classes with data set &quot;('E:\laragon\www\inventory\app\…er.php') #102&quot;" file="tests\Unit\Architecture\ApplicationFunctionCoverageTest.php::it can reflect every declared public method in app classes with data set &quot;('E:\laragon\www\inventory\app\…er.php') #102&quot;" class="Tests\Unit\Architecture\ApplicationFunctionCoverageTest" classname="Tests.Unit.Architecture.ApplicationFunctionCoverageTest" assertions="9" time="0.068524"/>
          <testcase name="it can reflect every declared public method in app classes with data set &quot;('E:\laragon\www\inventory\app\…ce.php') #36&quot;" file="tests\Unit\Architecture\ApplicationFunctionCoverageTest.php::it can reflect every declared public method in app classes with data set &quot;('E:\laragon\www\inventory\app\…ce.php') #36&quot;" class="Tests\Unit\Architecture\ApplicationFunctionCoverageTest" classname="Tests.Unit.Architecture.ApplicationFunctionCoverageTest" assertions="9" time="0.055356"/>
          <testcase name="it can reflect every declared public method in app classes with data set &quot;('E:\laragon\www\inventory\app\…ce.php') #37&quot;" file="tests\Unit\Architecture\ApplicationFunctionCoverageTest.php::it can reflect every declared public method in app classes with data set &quot;('E:\laragon\www\inventory\app\…ce.php') #37&quot;" class="Tests\Unit\Architecture\ApplicationFunctionCoverageTest" classname="Tests.Unit.Architecture.ApplicationFunctionCoverageTest" assertions="9" time="0.048765"/>
          <testcase name="it can reflect every declared public method in app classes with data set &quot;('E:\laragon\www\inventory\app\…ce.php') #38&quot;" file="tests\Unit\Architecture\ApplicationFunctionCoverageTest.php::it can reflect every declared public method in app classes with data set &quot;('E:\laragon\www\inventory\app\…ce.php') #38&quot;" class="Tests\Unit\Architecture\ApplicationFunctionCoverageTest" classname="Tests.Unit.Architecture.ApplicationFunctionCoverageTest" assertions="17" time="0.050167"/>
          <testcase name="it can reflect every declared public method in app classes with data set &quot;('E:\laragon\www\inventory\app\…ce.php') #39&quot;" file="tests\Unit\Architecture\ApplicationFunctionCoverageTest.php::it can reflect every declared public method in app classes with data set &quot;('E:\laragon\www\inventory\app\…ce.php') #39&quot;" class="Tests\Unit\Architecture\ApplicationFunctionCoverageTest" classname="Tests.Unit.Architecture.ApplicationFunctionCoverageTest" assertions="5" time="0.059450"/>
          <testcase name="it can reflect every declared public method in app classes with data set &quot;('E:\laragon\www\inventory\app\…ce.php') #40&quot;" file="tests\Unit\Architecture\ApplicationFunctionCoverageTest.php::it can reflect every declared public method in app classes with data set &quot;('E:\laragon\www\inventory\app\…ce.php') #40&quot;" class="Tests\Unit\Architecture\ApplicationFunctionCoverageTest" classname="Tests.Unit.Architecture.ApplicationFunctionCoverageTest" assertions="5" time="0.047279"/>
          <testcase name="it can reflect every declared public method in app classes with data set &quot;('E:\laragon\www\inventory\app\…ce.php') #41&quot;" file="tests\Unit\Architecture\ApplicationFunctionCoverageTest.php::it can reflect every declared public method in app classes with data set &quot;('E:\laragon\www\inventory\app\…ce.php') #41&quot;" class="Tests\Unit\Architecture\ApplicationFunctionCoverageTest" classname="Tests.Unit.Architecture.ApplicationFunctionCoverageTest" assertions="5" time="0.045500"/>
          <testcase name="it can reflect every declared public method in app classes with data set &quot;('E:\laragon\www\inventory\app\…ce.php') #42&quot;" file="tests\Unit\Architecture\ApplicationFunctionCoverageTest.php::it can reflect every declared public method in app classes with data set &quot;('E:\laragon\www\inventory\app\…ce.php') #42&quot;" class="Tests\Unit\Architecture\ApplicationFunctionCoverageTest" classname="Tests.Unit.Architecture.ApplicationFunctionCoverageTest" assertions="37" time="0.050950"/>
          <testcase name="it can reflect every declared public method in app classes with data set &quot;('E:\laragon\www\inventory\app\…ce.php') #43&quot;" file="tests\Unit\Architecture\ApplicationFunctionCoverageTest.php::it can reflect every declared public method in app classes with data set &quot;('E:\laragon\www\inventory\app\…ce.php') #43&quot;" class="Tests\Unit\Architecture\ApplicationFunctionCoverageTest" classname="Tests.Unit.Architecture.ApplicationFunctionCoverageTest" assertions="9" time="0.046615"/>
          <testcase name="it can reflect every declared public method in app classes with data set &quot;('E:\laragon\www\inventory\app\…ce.php') #44&quot;" file="tests\Unit\Architecture\ApplicationFunctionCoverageTest.php::it can reflect every declared public method in app classes with data set &quot;('E:\laragon\www\inventory\app\…ce.php') #44&quot;" class="Tests\Unit\Architecture\ApplicationFunctionCoverageTest" classname="Tests.Unit.Architecture.ApplicationFunctionCoverageTest" assertions="5" time="0.048662"/>
          <testcase name="it can reflect every declared public method in app classes with data set &quot;('E:\laragon\www\inventory\app\…ce.php') #45&quot;" file="tests\Unit\Architecture\ApplicationFunctionCoverageTest.php::it can reflect every declared public method in app classes with data set &quot;('E:\laragon\www\inventory\app\…ce.php') #45&quot;" class="Tests\Unit\Architecture\ApplicationFunctionCoverageTest" classname="Tests.Unit.Architecture.ApplicationFunctionCoverageTest" assertions="5" time="0.047094"/>
          <testcase name="it can reflect every declared public method in app classes with data set &quot;('E:\laragon\www\inventory\app\…ce.php') #46&quot;" file="tests\Unit\Architecture\ApplicationFunctionCoverageTest.php::it can reflect every declared public method in app classes with data set &quot;('E:\laragon\www\inventory\app\…ce.php') #46&quot;" class="Tests\Unit\Architecture\ApplicationFunctionCoverageTest" classname="Tests.Unit.Architecture.ApplicationFunctionCoverageTest" assertions="9" time="0.057511"/>
          <testcase name="it can reflect every declared public method in app classes with data set &quot;('E:\laragon\www\inventory\app\…ce.php') #47&quot;" file="tests\Unit\Architecture\ApplicationFunctionCoverageTest.php::it can reflect every declared public method in app classes with data set &quot;('E:\laragon\www\inventory\app\…ce.php') #47&quot;" class="Tests\Unit\Architecture\ApplicationFunctionCoverageTest" classname="Tests.Unit.Architecture.ApplicationFunctionCoverageTest" assertions="13" time="0.048918"/>
          <testcase name="it can reflect every declared public method in app classes with data set &quot;('E:\laragon\www\inventory\app\…ce.php') #48&quot;" file="tests\Unit\Architecture\ApplicationFunctionCoverageTest.php::it can reflect every declared public method in app classes with data set &quot;('E:\laragon\www\inventory\app\…ce.php') #48&quot;" class="Tests\Unit\Architecture\ApplicationFunctionCoverageTest" classname="Tests.Unit.Architecture.ApplicationFunctionCoverageTest" assertions="29" time="0.053640"/>
          <testcase name="it can reflect every declared public method in app classes with data set &quot;('E:\laragon\www\inventory\app\…er.php') #103&quot;" file="tests\Unit\Architecture\ApplicationFunctionCoverageTest.php::it can reflect every declared public method in app classes with data set &quot;('E:\laragon\www\inventory\app\…er.php') #103&quot;" class="Tests\Unit\Architecture\ApplicationFunctionCoverageTest" classname="Tests.Unit.Architecture.ApplicationFunctionCoverageTest" assertions="5" time="0.049792"/>
          <testcase name="it can reflect every declared public method in app classes with data set &quot;('E:\laragon\www\inventory\app\…ce.php') #49&quot;" file="tests\Unit\Architecture\ApplicationFunctionCoverageTest.php::it can reflect every declared public method in app classes with data set &quot;('E:\laragon\www\inventory\app\…ce.php') #49&quot;" class="Tests\Unit\Architecture\ApplicationFunctionCoverageTest" classname="Tests.Unit.Architecture.ApplicationFunctionCoverageTest" assertions="41" time="0.051452"/>
          <testcase name="it can reflect every declared public method in app classes with data set &quot;('E:\laragon\www\inventory\app\…ce.php') #50&quot;" file="tests\Unit\Architecture\ApplicationFunctionCoverageTest.php::it can reflect every declared public method in app classes with data set &quot;('E:\laragon\www\inventory\app\…ce.php') #50&quot;" class="Tests\Unit\Architecture\ApplicationFunctionCoverageTest" classname="Tests.Unit.Architecture.ApplicationFunctionCoverageTest" assertions="17" time="0.052344"/>
          <testcase name="it can reflect every declared public method in app classes with data set &quot;('E:\laragon\www\inventory\app\…ce.php') #51&quot;" file="tests\Unit\Architecture\ApplicationFunctionCoverageTest.php::it can reflect every declared public method in app classes with data set &quot;('E:\laragon\www\inventory\app\…ce.php') #51&quot;" class="Tests\Unit\Architecture\ApplicationFunctionCoverageTest" classname="Tests.Unit.Architecture.ApplicationFunctionCoverageTest" assertions="9" time="0.051711"/>
          <testcase name="it can reflect every declared public method in app classes with data set &quot;('E:\laragon\www\inventory\app\…er.php') #104&quot;" file="tests\Unit\Architecture\ApplicationFunctionCoverageTest.php::it can reflect every declared public method in app classes with data set &quot;('E:\laragon\www\inventory\app\…er.php') #104&quot;" class="Tests\Unit\Architecture\ApplicationFunctionCoverageTest" classname="Tests.Unit.Architecture.ApplicationFunctionCoverageTest" assertions="9" time="0.056896"/>
          <testcase name="it can reflect every declared public method in app classes with data set &quot;('E:\laragon\www\inventory\app\…ce.php') #52&quot;" file="tests\Unit\Architecture\ApplicationFunctionCoverageTest.php::it can reflect every declared public method in app classes with data set &quot;('E:\laragon\www\inventory\app\…ce.php') #52&quot;" class="Tests\Unit\Architecture\ApplicationFunctionCoverageTest" classname="Tests.Unit.Architecture.ApplicationFunctionCoverageTest" assertions="9" time="0.052478"/>
          <testcase name="it can reflect every declared public method in app classes with data set &quot;('E:\laragon\www\inventory\app\…or.php') #3&quot;" file="tests\Unit\Architecture\ApplicationFunctionCoverageTest.php::it can reflect every declared public method in app classes with data set &quot;('E:\laragon\www\inventory\app\…or.php') #3&quot;" class="Tests\Unit\Architecture\ApplicationFunctionCoverageTest" classname="Tests.Unit.Architecture.ApplicationFunctionCoverageTest" assertions="5" time="0.053785"/>
          <testcase name="it can reflect every declared public method in app classes with data set &quot;('E:\laragon\www\inventory\app\…ce.php') #53&quot;" file="tests\Unit\Architecture\ApplicationFunctionCoverageTest.php::it can reflect every declared public method in app classes with data set &quot;('E:\laragon\www\inventory\app\…ce.php') #53&quot;" class="Tests\Unit\Architecture\ApplicationFunctionCoverageTest" classname="Tests.Unit.Architecture.ApplicationFunctionCoverageTest" assertions="9" time="0.072891"/>
          <testcase name="it can reflect every declared public method in app classes with data set &quot;('E:\laragon\www\inventory\app\…ce.php') #54&quot;" file="tests\Unit\Architecture\ApplicationFunctionCoverageTest.php::it can reflect every declared public method in app classes with data set &quot;('E:\laragon\www\inventory\app\…ce.php') #54&quot;" class="Tests\Unit\Architecture\ApplicationFunctionCoverageTest" classname="Tests.Unit.Architecture.ApplicationFunctionCoverageTest" assertions="25" time="0.052646"/>
          <testcase name="it can reflect every declared public method in app classes with data set &quot;('E:\laragon\www\inventory\app\…ce.php') #55&quot;" file="tests\Unit\Architecture\ApplicationFunctionCoverageTest.php::it can reflect every declared public method in app classes with data set &quot;('E:\laragon\www\inventory\app\…ce.php') #55&quot;" class="Tests\Unit\Architecture\ApplicationFunctionCoverageTest" classname="Tests.Unit.Architecture.ApplicationFunctionCoverageTest" assertions="9" time="0.052013"/>
          <testcase name="it can reflect every declared public method in app classes with data set &quot;('E:\laragon\www\inventory\app\…ce.php') #56&quot;" file="tests\Unit\Architecture\ApplicationFunctionCoverageTest.php::it can reflect every declared public method in app classes with data set &quot;('E:\laragon\www\inventory\app\…ce.php') #56&quot;" class="Tests\Unit\Architecture\ApplicationFunctionCoverageTest" classname="Tests.Unit.Architecture.ApplicationFunctionCoverageTest" assertions="5" time="0.046479"/>
          <testcase name="it can reflect every declared public method in app classes with data set &quot;('E:\laragon\www\inventory\app\…ce.php') #57&quot;" file="tests\Unit\Architecture\ApplicationFunctionCoverageTest.php::it can reflect every declared public method in app classes with data set &quot;('E:\laragon\www\inventory\app\…ce.php') #57&quot;" class="Tests\Unit\Architecture\ApplicationFunctionCoverageTest" classname="Tests.Unit.Architecture.ApplicationFunctionCoverageTest" assertions="41" time="0.066071"/>
          <testcase name="it can reflect every declared public method in app classes with data set &quot;('E:\laragon\www\inventory\app\…ce.php') #58&quot;" file="tests\Unit\Architecture\ApplicationFunctionCoverageTest.php::it can reflect every declared public method in app classes with data set &quot;('E:\laragon\www\inventory\app\…ce.php') #58&quot;" class="Tests\Unit\Architecture\ApplicationFunctionCoverageTest" classname="Tests.Unit.Architecture.ApplicationFunctionCoverageTest" assertions="41" time="0.051656"/>
          <testcase name="it can reflect every declared public method in app classes with data set &quot;('E:\laragon\www\inventory\app\…ce.php') #59&quot;" file="tests\Unit\Architecture\ApplicationFunctionCoverageTest.php::it can reflect every declared public method in app classes with data set &quot;('E:\laragon\www\inventory\app\…ce.php') #59&quot;" class="Tests\Unit\Architecture\ApplicationFunctionCoverageTest" classname="Tests.Unit.Architecture.ApplicationFunctionCoverageTest" assertions="21" time="0.052627"/>
          <testcase name="it can reflect every declared public method in app classes with data set &quot;('E:\laragon\www\inventory\app\…or.php') #4&quot;" file="tests\Unit\Architecture\ApplicationFunctionCoverageTest.php::it can reflect every declared public method in app classes with data set &quot;('E:\laragon\www\inventory\app\…or.php') #4&quot;" class="Tests\Unit\Architecture\ApplicationFunctionCoverageTest" classname="Tests.Unit.Architecture.ApplicationFunctionCoverageTest" assertions="5" time="0.053647"/>
          <testcase name="it can reflect every declared public method in app classes with data set &quot;('E:\laragon\www\inventory\app\…ce.php') #60&quot;" file="tests\Unit\Architecture\ApplicationFunctionCoverageTest.php::it can reflect every declared public method in app classes with data set &quot;('E:\laragon\www\inventory\app\…ce.php') #60&quot;" class="Tests\Unit\Architecture\ApplicationFunctionCoverageTest" classname="Tests.Unit.Architecture.ApplicationFunctionCoverageTest" assertions="69" time="0.054317"/>
          <testcase name="it can reflect every declared public method in app classes with data set &quot;('E:\laragon\www\inventory\app\…ce.php') #61&quot;" file="tests\Unit\Architecture\ApplicationFunctionCoverageTest.php::it can reflect every declared public method in app classes with data set &quot;('E:\laragon\www\inventory\app\…ce.php') #61&quot;" class="Tests\Unit\Architecture\ApplicationFunctionCoverageTest" classname="Tests.Unit.Architecture.ApplicationFunctionCoverageTest" assertions="17" time="0.059321"/>
          <testcase name="it can reflect every declared public method in app classes with data set &quot;('E:\laragon\www\inventory\app\…ce.php') #62&quot;" file="tests\Unit\Architecture\ApplicationFunctionCoverageTest.php::it can reflect every declared public method in app classes with data set &quot;('E:\laragon\www\inventory\app\…ce.php') #62&quot;" class="Tests\Unit\Architecture\ApplicationFunctionCoverageTest" classname="Tests.Unit.Architecture.ApplicationFunctionCoverageTest" assertions="13" time="0.054618"/>
          <testcase name="it can reflect every declared public method in app classes with data set &quot;('E:\laragon\www\inventory\app\…ce.php') #63&quot;" file="tests\Unit\Architecture\ApplicationFunctionCoverageTest.php::it can reflect every declared public method in app classes with data set &quot;('E:\laragon\www\inventory\app\…ce.php') #63&quot;" class="Tests\Unit\Architecture\ApplicationFunctionCoverageTest" classname="Tests.Unit.Architecture.ApplicationFunctionCoverageTest" assertions="5" time="0.069217"/>
          <testcase name="it can reflect every declared public method in app classes with data set &quot;('E:\laragon\www\inventory\app\…ce.php') #64&quot;" file="tests\Unit\Architecture\ApplicationFunctionCoverageTest.php::it can reflect every declared public method in app classes with data set &quot;('E:\laragon\www\inventory\app\…ce.php') #64&quot;" class="Tests\Unit\Architecture\ApplicationFunctionCoverageTest" classname="Tests.Unit.Architecture.ApplicationFunctionCoverageTest" assertions="25" time="0.052046"/>
          <testcase name="it can reflect every declared public method in app classes with data set &quot;('E:\laragon\www\inventory\app\…ce.php') #65&quot;" file="tests\Unit\Architecture\ApplicationFunctionCoverageTest.php::it can reflect every declared public method in app classes with data set &quot;('E:\laragon\www\inventory\app\…ce.php') #65&quot;" class="Tests\Unit\Architecture\ApplicationFunctionCoverageTest" classname="Tests.Unit.Architecture.ApplicationFunctionCoverageTest" assertions="33" time="0.046052"/>
          <testcase name="it can reflect every declared public method in app classes with data set &quot;('E:\laragon\www\inventory\app\…rt.php') #7&quot;" file="tests\Unit\Architecture\ApplicationFunctionCoverageTest.php::it can reflect every declared public method in app classes with data set &quot;('E:\laragon\www\inventory\app\…rt.php') #7&quot;" class="Tests\Unit\Architecture\ApplicationFunctionCoverageTest" classname="Tests.Unit.Architecture.ApplicationFunctionCoverageTest" assertions="5" time="0.063134"/>
          <testcase name="it can reflect every declared public method in app classes with data set &quot;('E:\laragon\www\inventory\app\…ce.php') #66&quot;" file="tests\Unit\Architecture\ApplicationFunctionCoverageTest.php::it can reflect every declared public method in app classes with data set &quot;('E:\laragon\www\inventory\app\…ce.php') #66&quot;" class="Tests\Unit\Architecture\ApplicationFunctionCoverageTest" classname="Tests.Unit.Architecture.ApplicationFunctionCoverageTest" assertions="5" time="0.057422"/>
          <testcase name="it can reflect every declared public method in app classes with data set &quot;('E:\laragon\www\inventory\app\…ce.php') #67&quot;" file="tests\Unit\Architecture\ApplicationFunctionCoverageTest.php::it can reflect every declared public method in app classes with data set &quot;('E:\laragon\www\inventory\app\…ce.php') #67&quot;" class="Tests\Unit\Architecture\ApplicationFunctionCoverageTest" classname="Tests.Unit.Architecture.ApplicationFunctionCoverageTest" assertions="37" time="0.057034"/>
          <testcase name="it can reflect every declared public method in app classes with data set &quot;('E:\laragon\www\inventory\app\…ce.php') #68&quot;" file="tests\Unit\Architecture\ApplicationFunctionCoverageTest.php::it can reflect every declared public method in app classes with data set &quot;('E:\laragon\www\inventory\app\…ce.php') #68&quot;" class="Tests\Unit\Architecture\ApplicationFunctionCoverageTest" classname="Tests.Unit.Architecture.ApplicationFunctionCoverageTest" assertions="9" time="0.059018"/>
          <testcase name="it can reflect every declared public method in app classes with data set &quot;('E:\laragon\www\inventory\app\…ce.php') #69&quot;" file="tests\Unit\Architecture\ApplicationFunctionCoverageTest.php::it can reflect every declared public method in app classes with data set &quot;('E:\laragon\www\inventory\app\…ce.php') #69&quot;" class="Tests\Unit\Architecture\ApplicationFunctionCoverageTest" classname="Tests.Unit.Architecture.ApplicationFunctionCoverageTest" assertions="5" time="0.063686"/>
          <testcase name="it can reflect every declared public method in app classes with data set &quot;('E:\laragon\www\inventory\app\…ce.php') #70&quot;" file="tests\Unit\Architecture\ApplicationFunctionCoverageTest.php::it can reflect every declared public method in app classes with data set &quot;('E:\laragon\www\inventory\app\…ce.php') #70&quot;" class="Tests\Unit\Architecture\ApplicationFunctionCoverageTest" classname="Tests.Unit.Architecture.ApplicationFunctionCoverageTest" assertions="33" time="0.066540"/>
          <testcase name="it can reflect every declared public method in app classes with data set &quot;('E:\laragon\www\inventory\app\…ce.php') #71&quot;" file="tests\Unit\Architecture\ApplicationFunctionCoverageTest.php::it can reflect every declared public method in app classes with data set &quot;('E:\laragon\www\inventory\app\…ce.php') #71&quot;" class="Tests\Unit\Architecture\ApplicationFunctionCoverageTest" classname="Tests.Unit.Architecture.ApplicationFunctionCoverageTest" assertions="21" time="0.053196"/>
          <testcase name="it can reflect every declared public method in app classes with data set &quot;('E:\laragon\www\inventory\app\…ce.php') #72&quot;" file="tests\Unit\Architecture\ApplicationFunctionCoverageTest.php::it can reflect every declared public method in app classes with data set &quot;('E:\laragon\www\inventory\app\…ce.php') #72&quot;" class="Tests\Unit\Architecture\ApplicationFunctionCoverageTest" classname="Tests.Unit.Architecture.ApplicationFunctionCoverageTest" assertions="13" time="0.053243"/>
          <testcase name="it can reflect every declared public method in app classes with data set &quot;('E:\laragon\www\inventory\app\…ce.php') #73&quot;" file="tests\Unit\Architecture\ApplicationFunctionCoverageTest.php::it can reflect every declared public method in app classes with data set &quot;('E:\laragon\www\inventory\app\…ce.php') #73&quot;" class="Tests\Unit\Architecture\ApplicationFunctionCoverageTest" classname="Tests.Unit.Architecture.ApplicationFunctionCoverageTest" assertions="9" time="0.059683"/>
          <testcase name="it can reflect every declared public method in app classes with data set &quot;('E:\laragon\www\inventory\app\…ce.php') #74&quot;" file="tests\Unit\Architecture\ApplicationFunctionCoverageTest.php::it can reflect every declared public method in app classes with data set &quot;('E:\laragon\www\inventory\app\…ce.php') #74&quot;" class="Tests\Unit\Architecture\ApplicationFunctionCoverageTest" classname="Tests.Unit.Architecture.ApplicationFunctionCoverageTest" assertions="29" time="0.061932"/>
          <testcase name="it can reflect every declared public method in app classes with data set &quot;('E:\laragon\www\inventory\app\…cy.php') #1&quot;" file="tests\Unit\Architecture\ApplicationFunctionCoverageTest.php::it can reflect every declared public method in app classes with data set &quot;('E:\laragon\www\inventory\app\…cy.php') #1&quot;" class="Tests\Unit\Architecture\ApplicationFunctionCoverageTest" classname="Tests.Unit.Architecture.ApplicationFunctionCoverageTest" assertions="9" time="0.056106"/>
          <testcase name="it can reflect every declared public method in app classes with data set &quot;('E:\laragon\www\inventory\app\…er.php') #105&quot;" file="tests\Unit\Architecture\ApplicationFunctionCoverageTest.php::it can reflect every declared public method in app classes with data set &quot;('E:\laragon\www\inventory\app\…er.php') #105&quot;" class="Tests\Unit\Architecture\ApplicationFunctionCoverageTest" classname="Tests.Unit.Architecture.ApplicationFunctionCoverageTest" assertions="9" time="0.070517"/>
          <testcase name="it can reflect every declared public method in app classes with data set &quot;('E:\laragon\www\inventory\app\…er.php') #106&quot;" file="tests\Unit\Architecture\ApplicationFunctionCoverageTest.php::it can reflect every declared public method in app classes with data set &quot;('E:\laragon\www\inventory\app\…er.php') #106&quot;" class="Tests\Unit\Architecture\ApplicationFunctionCoverageTest" classname="Tests.Unit.Architecture.ApplicationFunctionCoverageTest" assertions="5" time="0.059087"/>
          <testcase name="it can reflect every declared public method in app classes with data set &quot;('E:\laragon\www\inventory\app\…ce.php') #75&quot;" file="tests\Unit\Architecture\ApplicationFunctionCoverageTest.php::it can reflect every declared public method in app classes with data set &quot;('E:\laragon\www\inventory\app\…ce.php') #75&quot;" class="Tests\Unit\Architecture\ApplicationFunctionCoverageTest" classname="Tests.Unit.Architecture.ApplicationFunctionCoverageTest" assertions="33" time="0.056963"/>
          <testcase name="it can reflect every declared public method in app classes with data set &quot;('E:\laragon\www\inventory\app\…ce.php') #76&quot;" file="tests\Unit\Architecture\ApplicationFunctionCoverageTest.php::it can reflect every declared public method in app classes with data set &quot;('E:\laragon\www\inventory\app\…ce.php') #76&quot;" class="Tests\Unit\Architecture\ApplicationFunctionCoverageTest" classname="Tests.Unit.Architecture.ApplicationFunctionCoverageTest" assertions="49" time="0.056684"/>
          <testcase name="it can reflect every declared public method in app classes with data set &quot;('E:\laragon\www\inventory\app\…ce.php') #77&quot;" file="tests\Unit\Architecture\ApplicationFunctionCoverageTest.php::it can reflect every declared public method in app classes with data set &quot;('E:\laragon\www\inventory\app\…ce.php') #77&quot;" class="Tests\Unit\Architecture\ApplicationFunctionCoverageTest" classname="Tests.Unit.Architecture.ApplicationFunctionCoverageTest" assertions="37" time="0.056247"/>
          <testcase name="it can reflect every declared public method in app classes with data set &quot;('E:\laragon\www\inventory\app\…rd.php')&quot;" file="tests\Unit\Architecture\ApplicationFunctionCoverageTest.php::it can reflect every declared public method in app classes with data set &quot;('E:\laragon\www\inventory\app\…rd.php')&quot;" class="Tests\Unit\Architecture\ApplicationFunctionCoverageTest" classname="Tests.Unit.Architecture.ApplicationFunctionCoverageTest" assertions="9" time="0.059174"/>
          <testcase name="it can reflect every declared public method in app classes with data set &quot;('E:\laragon\www\inventory\app\…lt.php') #3&quot;" file="tests\Unit\Architecture\ApplicationFunctionCoverageTest.php::it can reflect every declared public method in app classes with data set &quot;('E:\laragon\www\inventory\app\…lt.php') #3&quot;" class="Tests\Unit\Architecture\ApplicationFunctionCoverageTest" classname="Tests.Unit.Architecture.ApplicationFunctionCoverageTest" assertions="1" time="0.057770"/>
          <testcase name="it can reflect every declared public method in app classes with data set &quot;('E:\laragon\www\inventory\app\…ce.php') #78&quot;" file="tests\Unit\Architecture\ApplicationFunctionCoverageTest.php::it can reflect every declared public method in app classes with data set &quot;('E:\laragon\www\inventory\app\…ce.php') #78&quot;" class="Tests\Unit\Architecture\ApplicationFunctionCoverageTest" classname="Tests.Unit.Architecture.ApplicationFunctionCoverageTest" assertions="29" time="0.063816"/>
          <testcase name="it can reflect every declared public method in app classes with data set &quot;('E:\laragon\www\inventory\app\…ce.php') #79&quot;" file="tests\Unit\Architecture\ApplicationFunctionCoverageTest.php::it can reflect every declared public method in app classes with data set &quot;('E:\laragon\www\inventory\app\…ce.php') #79&quot;" class="Tests\Unit\Architecture\ApplicationFunctionCoverageTest" classname="Tests.Unit.Architecture.ApplicationFunctionCoverageTest" assertions="9" time="0.051284"/>
          <testcase name="it can reflect every declared public method in app classes with data set &quot;('E:\laragon\www\inventory\app\…ce.php') #80&quot;" file="tests\Unit\Architecture\ApplicationFunctionCoverageTest.php::it can reflect every declared public method in app classes with data set &quot;('E:\laragon\www\inventory\app\…ce.php') #80&quot;" class="Tests\Unit\Architecture\ApplicationFunctionCoverageTest" classname="Tests.Unit.Architecture.ApplicationFunctionCoverageTest" assertions="21" time="0.049243"/>
          <testcase name="it can reflect every declared public method in app classes with data set &quot;('E:\laragon\www\inventory\app\…ce.php') #81&quot;" file="tests\Unit\Architecture\ApplicationFunctionCoverageTest.php::it can reflect every declared public method in app classes with data set &quot;('E:\laragon\www\inventory\app\…ce.php') #81&quot;" class="Tests\Unit\Architecture\ApplicationFunctionCoverageTest" classname="Tests.Unit.Architecture.ApplicationFunctionCoverageTest" assertions="5" time="0.050888"/>
          <testcase name="it can reflect every declared public method in app classes with data set &quot;('E:\laragon\www\inventory\app\…ce.php') #82&quot;" file="tests\Unit\Architecture\ApplicationFunctionCoverageTest.php::it can reflect every declared public method in app classes with data set &quot;('E:\laragon\www\inventory\app\…ce.php') #82&quot;" class="Tests\Unit\Architecture\ApplicationFunctionCoverageTest" classname="Tests.Unit.Architecture.ApplicationFunctionCoverageTest" assertions="5" time="0.047702"/>
          <testcase name="it can reflect every declared public method in app classes with data set &quot;('E:\laragon\www\inventory\app\…ce.php') #83&quot;" file="tests\Unit\Architecture\ApplicationFunctionCoverageTest.php::it can reflect every declared public method in app classes with data set &quot;('E:\laragon\www\inventory\app\…ce.php') #83&quot;" class="Tests\Unit\Architecture\ApplicationFunctionCoverageTest" classname="Tests.Unit.Architecture.ApplicationFunctionCoverageTest" assertions="5" time="0.051050"/>
          <testcase name="it can reflect every declared public method in app classes with data set &quot;('E:\laragon\www\inventory\app\…te.php') #3&quot;" file="tests\Unit\Architecture\ApplicationFunctionCoverageTest.php::it can reflect every declared public method in app classes with data set &quot;('E:\laragon\www\inventory\app\…te.php') #3&quot;" class="Tests\Unit\Architecture\ApplicationFunctionCoverageTest" classname="Tests.Unit.Architecture.ApplicationFunctionCoverageTest" assertions="5" time="0.051675"/>
          <testcase name="it can reflect every declared public method in app classes with data set &quot;('E:\laragon\www\inventory\app\…ce.php') #84&quot;" file="tests\Unit\Architecture\ApplicationFunctionCoverageTest.php::it can reflect every declared public method in app classes with data set &quot;('E:\laragon\www\inventory\app\…ce.php') #84&quot;" class="Tests\Unit\Architecture\ApplicationFunctionCoverageTest" classname="Tests.Unit.Architecture.ApplicationFunctionCoverageTest" assertions="25" time="0.061097"/>
          <testcase name="it can reflect every declared public method in app classes with data set &quot;('E:\laragon\www\inventory\app\…ce.php') #85&quot;" file="tests\Unit\Architecture\ApplicationFunctionCoverageTest.php::it can reflect every declared public method in app classes with data set &quot;('E:\laragon\www\inventory\app\…ce.php') #85&quot;" class="Tests\Unit\Architecture\ApplicationFunctionCoverageTest" classname="Tests.Unit.Architecture.ApplicationFunctionCoverageTest" assertions="33" time="0.051332"/>
          <testcase name="it can reflect every declared public method in app classes with data set &quot;('E:\laragon\www\inventory\app\…ce.php') #86&quot;" file="tests\Unit\Architecture\ApplicationFunctionCoverageTest.php::it can reflect every declared public method in app classes with data set &quot;('E:\laragon\www\inventory\app\…ce.php') #86&quot;" class="Tests\Unit\Architecture\ApplicationFunctionCoverageTest" classname="Tests.Unit.Architecture.ApplicationFunctionCoverageTest" assertions="33" time="0.050640"/>
          <testcase name="it can reflect every declared public method in app classes with data set &quot;('E:\laragon\www\inventory\app\…ce.php') #87&quot;" file="tests\Unit\Architecture\ApplicationFunctionCoverageTest.php::it can reflect every declared public method in app classes with data set &quot;('E:\laragon\www\inventory\app\…ce.php') #87&quot;" class="Tests\Unit\Architecture\ApplicationFunctionCoverageTest" classname="Tests.Unit.Architecture.ApplicationFunctionCoverageTest" assertions="5" time="0.047134"/>
          <testcase name="it can reflect every declared public method in app classes with data set &quot;('E:\laragon\www\inventory\app\…ce.php') #88&quot;" file="tests\Unit\Architecture\ApplicationFunctionCoverageTest.php::it can reflect every declared public method in app classes with data set &quot;('E:\laragon\www\inventory\app\…ce.php') #88&quot;" class="Tests\Unit\Architecture\ApplicationFunctionCoverageTest" classname="Tests.Unit.Architecture.ApplicationFunctionCoverageTest" assertions="37" time="0.049342"/>
          <testcase name="it can reflect every declared public method in app classes with data set &quot;('E:\laragon\www\inventory\app\…ce.php') #89&quot;" file="tests\Unit\Architecture\ApplicationFunctionCoverageTest.php::it can reflect every declared public method in app classes with data set &quot;('E:\laragon\www\inventory\app\…ce.php') #89&quot;" class="Tests\Unit\Architecture\ApplicationFunctionCoverageTest" classname="Tests.Unit.Architecture.ApplicationFunctionCoverageTest" assertions="37" time="0.055227"/>
          <testcase name="it can reflect every declared public method in app classes with data set &quot;('E:\laragon\www\inventory\app\…er.php') #107&quot;" file="tests\Unit\Architecture\ApplicationFunctionCoverageTest.php::it can reflect every declared public method in app classes with data set &quot;('E:\laragon\www\inventory\app\…er.php') #107&quot;" class="Tests\Unit\Architecture\ApplicationFunctionCoverageTest" classname="Tests.Unit.Architecture.ApplicationFunctionCoverageTest" assertions="5" time="0.055300"/>
          <testcase name="it can reflect every declared public method in app classes with data set &quot;('E:\laragon\www\inventory\app\…or.php') #5&quot;" file="tests\Unit\Architecture\ApplicationFunctionCoverageTest.php::it can reflect every declared public method in app classes with data set &quot;('E:\laragon\www\inventory\app\…or.php') #5&quot;" class="Tests\Unit\Architecture\ApplicationFunctionCoverageTest" classname="Tests.Unit.Architecture.ApplicationFunctionCoverageTest" assertions="5" time="0.058822"/>
          <testcase name="it can reflect every declared public method in app classes with data set &quot;('E:\laragon\www\inventory\app\…er.php') #108&quot;" file="tests\Unit\Architecture\ApplicationFunctionCoverageTest.php::it can reflect every declared public method in app classes with data set &quot;('E:\laragon\www\inventory\app\…er.php') #108&quot;" class="Tests\Unit\Architecture\ApplicationFunctionCoverageTest" classname="Tests.Unit.Architecture.ApplicationFunctionCoverageTest" assertions="5" time="0.049872"/>
          <testcase name="it can reflect every declared public method in app classes with data set &quot;('E:\laragon\www\inventory\app\…er.php') #109&quot;" file="tests\Unit\Architecture\ApplicationFunctionCoverageTest.php::it can reflect every declared public method in app classes with data set &quot;('E:\laragon\www\inventory\app\…er.php') #109&quot;" class="Tests\Unit\Architecture\ApplicationFunctionCoverageTest" classname="Tests.Unit.Architecture.ApplicationFunctionCoverageTest" assertions="5" time="0.048729"/>
          <testcase name="it can reflect every declared public method in app classes with data set &quot;('E:\laragon\www\inventory\app\…er.php') #110&quot;" file="tests\Unit\Architecture\ApplicationFunctionCoverageTest.php::it can reflect every declared public method in app classes with data set &quot;('E:\laragon\www\inventory\app\…er.php') #110&quot;" class="Tests\Unit\Architecture\ApplicationFunctionCoverageTest" classname="Tests.Unit.Architecture.ApplicationFunctionCoverageTest" assertions="5" time="0.051560"/>
          <testcase name="it can reflect every declared public method in app classes with data set &quot;('E:\laragon\www\inventory\app\…or.php') #6&quot;" file="tests\Unit\Architecture\ApplicationFunctionCoverageTest.php::it can reflect every declared public method in app classes with data set &quot;('E:\laragon\www\inventory\app\…or.php') #6&quot;" class="Tests\Unit\Architecture\ApplicationFunctionCoverageTest" classname="Tests.Unit.Architecture.ApplicationFunctionCoverageTest" assertions="5" time="0.050822"/>
          <testcase name="it can reflect every declared public method in app classes with data set &quot;('E:\laragon\www\inventory\app\…or.php') #7&quot;" file="tests\Unit\Architecture\ApplicationFunctionCoverageTest.php::it can reflect every declared public method in app classes with data set &quot;('E:\laragon\www\inventory\app\…or.php') #7&quot;" class="Tests\Unit\Architecture\ApplicationFunctionCoverageTest" classname="Tests.Unit.Architecture.ApplicationFunctionCoverageTest" assertions="5" time="0.049068"/>
          <testcase name="it can reflect every declared public method in app classes with data set &quot;('E:\laragon\www\inventory\app\…or.php') #8&quot;" file="tests\Unit\Architecture\ApplicationFunctionCoverageTest.php::it can reflect every declared public method in app classes with data set &quot;('E:\laragon\www\inventory\app\…or.php') #8&quot;" class="Tests\Unit\Architecture\ApplicationFunctionCoverageTest" classname="Tests.Unit.Architecture.ApplicationFunctionCoverageTest" assertions="5" time="0.048423"/>
          <testcase name="it can reflect every declared public method in app classes with data set &quot;('E:\laragon\www\inventory\app\…or.php') #9&quot;" file="tests\Unit\Architecture\ApplicationFunctionCoverageTest.php::it can reflect every declared public method in app classes with data set &quot;('E:\laragon\www\inventory\app\…or.php') #9&quot;" class="Tests\Unit\Architecture\ApplicationFunctionCoverageTest" classname="Tests.Unit.Architecture.ApplicationFunctionCoverageTest" assertions="5" time="0.057510"/>
          <testcase name="it can reflect every declared public method in app classes with data set &quot;('E:\laragon\www\inventory\app\…or.php') #10&quot;" file="tests\Unit\Architecture\ApplicationFunctionCoverageTest.php::it can reflect every declared public method in app classes with data set &quot;('E:\laragon\www\inventory\app\…or.php') #10&quot;" class="Tests\Unit\Architecture\ApplicationFunctionCoverageTest" classname="Tests.Unit.Architecture.ApplicationFunctionCoverageTest" assertions="5" time="0.051319"/>
          <testcase name="it can reflect every declared public method in app classes with data set &quot;('E:\laragon\www\inventory\app\…or.php') #11&quot;" file="tests\Unit\Architecture\ApplicationFunctionCoverageTest.php::it can reflect every declared public method in app classes with data set &quot;('E:\laragon\www\inventory\app\…or.php') #11&quot;" class="Tests\Unit\Architecture\ApplicationFunctionCoverageTest" classname="Tests.Unit.Architecture.ApplicationFunctionCoverageTest" assertions="5" time="0.047144"/>
          <testcase name="it can reflect every declared public method in app classes with data set &quot;('E:\laragon\www\inventory\app\…es.php') #7&quot;" file="tests\Unit\Architecture\ApplicationFunctionCoverageTest.php::it can reflect every declared public method in app classes with data set &quot;('E:\laragon\www\inventory\app\…es.php') #7&quot;" class="Tests\Unit\Architecture\ApplicationFunctionCoverageTest" classname="Tests.Unit.Architecture.ApplicationFunctionCoverageTest" assertions="5" time="0.046105"/>
          <testcase name="it can reflect every declared public method in app classes with data set &quot;('E:\laragon\www\inventory\app\…es.php') #8&quot;" file="tests\Unit\Architecture\ApplicationFunctionCoverageTest.php::it can reflect every declared public method in app classes with data set &quot;('E:\laragon\www\inventory\app\…es.php') #8&quot;" class="Tests\Unit\Architecture\ApplicationFunctionCoverageTest" classname="Tests.Unit.Architecture.ApplicationFunctionCoverageTest" assertions="5" time="0.049698"/>
          <testcase name="it can reflect every declared public method in app classes with data set &quot;('E:\laragon\www\inventory\app\…es.php') #9&quot;" file="tests\Unit\Architecture\ApplicationFunctionCoverageTest.php::it can reflect every declared public method in app classes with data set &quot;('E:\laragon\www\inventory\app\…es.php') #9&quot;" class="Tests\Unit\Architecture\ApplicationFunctionCoverageTest" classname="Tests.Unit.Architecture.ApplicationFunctionCoverageTest" assertions="5" time="0.047453"/>
          <testcase name="it can reflect every declared public method in app classes with data set &quot;('E:\laragon\www\inventory\app\…es.php') #10&quot;" file="tests\Unit\Architecture\ApplicationFunctionCoverageTest.php::it can reflect every declared public method in app classes with data set &quot;('E:\laragon\www\inventory\app\…es.php') #10&quot;" class="Tests\Unit\Architecture\ApplicationFunctionCoverageTest" classname="Tests.Unit.Architecture.ApplicationFunctionCoverageTest" assertions="1" time="0.045954"/>
          <testcase name="it can reflect every declared public method in app classes with data set &quot;('E:\laragon\www\inventory\app\…cy.php') #2&quot;" file="tests\Unit\Architecture\ApplicationFunctionCoverageTest.php::it can reflect every declared public method in app classes with data set &quot;('E:\laragon\www\inventory\app\…cy.php') #2&quot;" class="Tests\Unit\Architecture\ApplicationFunctionCoverageTest" classname="Tests.Unit.Architecture.ApplicationFunctionCoverageTest" assertions="45" time="0.055482"/>
          <testcase name="it can reflect every declared public method in app classes with data set &quot;('E:\laragon\www\inventory\app\…or.php') #12&quot;" file="tests\Unit\Architecture\ApplicationFunctionCoverageTest.php::it can reflect every declared public method in app classes with data set &quot;('E:\laragon\www\inventory\app\…or.php') #12&quot;" class="Tests\Unit\Architecture\ApplicationFunctionCoverageTest" classname="Tests.Unit.Architecture.ApplicationFunctionCoverageTest" assertions="17" time="0.048514"/>
          <testcase name="it can reflect every declared public method in app classes with data set &quot;('E:\laragon\www\inventory\app\…er.php') #111&quot;" file="tests\Unit\Architecture\ApplicationFunctionCoverageTest.php::it can reflect every declared public method in app classes with data set &quot;('E:\laragon\www\inventory\app\…er.php') #111&quot;" class="Tests\Unit\Architecture\ApplicationFunctionCoverageTest" classname="Tests.Unit.Architecture.ApplicationFunctionCoverageTest" assertions="5" time="0.047136"/>
          <testcase name="it can reflect every declared public method in app classes with data set &quot;('E:\laragon\www\inventory\app\…ns.php') #2&quot;" file="tests\Unit\Architecture\ApplicationFunctionCoverageTest.php::it can reflect every declared public method in app classes with data set &quot;('E:\laragon\www\inventory\app\…ns.php') #2&quot;" class="Tests\Unit\Architecture\ApplicationFunctionCoverageTest" classname="Tests.Unit.Architecture.ApplicationFunctionCoverageTest" assertions="21" time="0.057612"/>
          <testcase name="it can reflect every declared public method in app classes with data set &quot;('E:\laragon\www\inventory\app\…te.php') #4&quot;" file="tests\Unit\Architecture\ApplicationFunctionCoverageTest.php::it can reflect every declared public method in app classes with data set &quot;('E:\laragon\www\inventory\app\…te.php') #4&quot;" class="Tests\Unit\Architecture\ApplicationFunctionCoverageTest" classname="Tests.Unit.Architecture.ApplicationFunctionCoverageTest" assertions="21" time="0.047642"/>
          <testcase name="it can reflect every declared public method in app classes with data set &quot;('E:\laragon\www\inventory\app\…og.php') #5&quot;" file="tests\Unit\Architecture\ApplicationFunctionCoverageTest.php::it can reflect every declared public method in app classes with data set &quot;('E:\laragon\www\inventory\app\…og.php') #5&quot;" class="Tests\Unit\Architecture\ApplicationFunctionCoverageTest" classname="Tests.Unit.Architecture.ApplicationFunctionCoverageTest" assertions="53" time="0.049316"/>
          <testcase name="it can reflect every declared public method in app classes with data set &quot;('E:\laragon\www\inventory\app\…ge.php')&quot;" file="tests\Unit\Architecture\ApplicationFunctionCoverageTest.php::it can reflect every declared public method in app classes with data set &quot;('E:\laragon\www\inventory\app\…ge.php')&quot;" class="Tests\Unit\Architecture\ApplicationFunctionCoverageTest" classname="Tests.Unit.Architecture.ApplicationFunctionCoverageTest" assertions="5" time="0.044864"/>
          <testcase name="it can reflect every declared public method in app classes with data set &quot;('E:\laragon\www\inventory\app\…og.php') #6&quot;" file="tests\Unit\Architecture\ApplicationFunctionCoverageTest.php::it can reflect every declared public method in app classes with data set &quot;('E:\laragon\www\inventory\app\…og.php') #6&quot;" class="Tests\Unit\Architecture\ApplicationFunctionCoverageTest" classname="Tests.Unit.Architecture.ApplicationFunctionCoverageTest" assertions="89" time="0.056559"/>
          <testcase name="it can reflect every declared public method in app classes with data set &quot;('E:\laragon\www\inventory\app\…og.php') #7&quot;" file="tests\Unit\Architecture\ApplicationFunctionCoverageTest.php::it can reflect every declared public method in app classes with data set &quot;('E:\laragon\www\inventory\app\…og.php') #7&quot;" class="Tests\Unit\Architecture\ApplicationFunctionCoverageTest" classname="Tests.Unit.Architecture.ApplicationFunctionCoverageTest" assertions="5" time="0.045980"/>
          <testcase name="it can reflect every declared public method in app classes with data set &quot;('E:\laragon\www\inventory\app\…er.php') #112&quot;" file="tests\Unit\Architecture\ApplicationFunctionCoverageTest.php::it can reflect every declared public method in app classes with data set &quot;('E:\laragon\www\inventory\app\…er.php') #112&quot;" class="Tests\Unit\Architecture\ApplicationFunctionCoverageTest" classname="Tests.Unit.Architecture.ApplicationFunctionCoverageTest" assertions="5" time="0.049489"/>
          <testcase name="it can reflect every declared public method in app classes with data set &quot;('E:\laragon\www\inventory\app\…er.php') #113&quot;" file="tests\Unit\Architecture\ApplicationFunctionCoverageTest.php::it can reflect every declared public method in app classes with data set &quot;('E:\laragon\www\inventory\app\…er.php') #113&quot;" class="Tests\Unit\Architecture\ApplicationFunctionCoverageTest" classname="Tests.Unit.Architecture.ApplicationFunctionCoverageTest" assertions="13" time="0.047157"/>
          <testcase name="it can reflect every declared public method in app classes with data set &quot;('E:\laragon\www\inventory\app\…ls.php') #2&quot;" file="tests\Unit\Architecture\ApplicationFunctionCoverageTest.php::it can reflect every declared public method in app classes with data set &quot;('E:\laragon\www\inventory\app\…ls.php') #2&quot;" class="Tests\Unit\Architecture\ApplicationFunctionCoverageTest" classname="Tests.Unit.Architecture.ApplicationFunctionCoverageTest" assertions="41" time="0.047321"/>
          <testcase name="it can reflect every declared public method in app classes with data set &quot;('E:\laragon\www\inventory\app\…ut.php') #1&quot;" file="tests\Unit\Architecture\ApplicationFunctionCoverageTest.php::it can reflect every declared public method in app classes with data set &quot;('E:\laragon\www\inventory\app\…ut.php') #1&quot;" class="Tests\Unit\Architecture\ApplicationFunctionCoverageTest" classname="Tests.Unit.Architecture.ApplicationFunctionCoverageTest" assertions="5" time="0.046213"/>
          <testcase name="it can reflect every declared public method in app classes with data set &quot;('E:\laragon\www\inventory\app\…ut.php') #2&quot;" file="tests\Unit\Architecture\ApplicationFunctionCoverageTest.php::it can reflect every declared public method in app classes with data set &quot;('E:\laragon\www\inventory\app\…ut.php') #2&quot;" class="Tests\Unit\Architecture\ApplicationFunctionCoverageTest" classname="Tests.Unit.Architecture.ApplicationFunctionCoverageTest" assertions="5" time="0.048128"/>
        </testsuite>
      </testsuite>
      <testsuite name="Tests\Unit\Architecture\FinancialInventoryStructureTest" file="tests\Unit\Architecture\FinancialInventoryStructureTest.php" tests="2" assertions="33" errors="0" failures="0" skipped="0" time="1.365396">
        <testcase name="it keeps critical financial and inventory models guarded by expected relationships and casts" file="tests\Unit\Architecture\FinancialInventoryStructureTest.php::it keeps critical financial and inventory models guarded by expected relationships and casts" class="Tests\Unit\Architecture\FinancialInventoryStructureTest" classname="Tests.Unit.Architecture.FinancialInventoryStructureTest" assertions="27" time="1.290716"/>
        <testcase name="it keeps critical workflow services exposing the business methods that route tests depend on" file="tests\Unit\Architecture\FinancialInventoryStructureTest.php::it keeps critical workflow services exposing the business methods that route tests depend on" class="Tests\Unit\Architecture\FinancialInventoryStructureTest" classname="Tests.Unit.Architecture.FinancialInventoryStructureTest" assertions="6" time="0.074680"/>
      </testsuite>
      <testsuite name="Tests\Unit\InvoiceLiveFilterRequestTest" file="Invoice Live Filter Request (Tests\Unit\InvoiceLiveFilterRequest)" tests="2" assertions="6" errors="0" failures="0" skipped="0" time="0.002895">
        <testcase name="Persian arabic and english order codes normalize equally" file="Invoice Live Filter Request (Tests\Unit\InvoiceLiveFilterRequest)::Persian arabic and english order codes normalize equally" class="Tests\Unit\InvoiceLiveFilterRequestTest" classname="Tests.Unit.InvoiceLiveFilterRequestTest" assertions="3" time="0.002570"/>
        <testcase name="Leading zero is preserved as a string" file="Invoice Live Filter Request (Tests\Unit\InvoiceLiveFilterRequest)::Leading zero is preserved as a string" class="Tests\Unit\InvoiceLiveFilterRequestTest" classname="Tests.Unit.InvoiceLiveFilterRequestTest" assertions="3" time="0.000325"/>
      </testsuite>
      <testsuite name="Tests\Unit\Models\ModelPersistenceCapabilitiesTest" file="tests\Unit\Models\ModelPersistenceCapabilitiesTest.php" tests="2" assertions="974" errors="0" failures="0" skipped="0" time="0.349036">
        <testcase name="it keeps every application model ready for persistence operations" file="tests\Unit\Models\ModelPersistenceCapabilitiesTest.php::it keeps every application model ready for persistence operations" class="Tests\Unit\Models\ModelPersistenceCapabilitiesTest" classname="Tests.Unit.Models.ModelPersistenceCapabilitiesTest" assertions="941" time="0.153380"/>
        <testcase name="it keeps every declared model relationship executable" file="tests\Unit\Models\ModelPersistenceCapabilitiesTest.php::it keeps every declared model relationship executable" class="Tests\Unit\Models\ModelPersistenceCapabilitiesTest" classname="Tests.Unit.Models.ModelPersistenceCapabilitiesTest" assertions="33" time="0.195657"/>
      </testsuite>
      <testsuite name="Tests\Unit\Permissions\PageAccessCatalogTest" file="tests\Unit\Permissions\PageAccessCatalogTest.php" tests="5" assertions="208" errors="0" failures="0" skipped="0" time="0.346549">
        <testcase name="it defines unique page keys and page permissions" file="tests\Unit\Permissions\PageAccessCatalogTest.php::it defines unique page keys and page permissions" class="Tests\Unit\Permissions\PageAccessCatalogTest" classname="Tests.Unit.Permissions.PageAccessCatalogTest" assertions="198" time="0.069391"/>
        <testcase name="it maps every legacy route permission to one page permission" file="tests\Unit\Permissions\PageAccessCatalogTest.php::it maps every legacy route permission to one page permission" class="Tests\Unit\Permissions\PageAccessCatalogTest" classname="Tests.Unit.Permissions.PageAccessCatalogTest" assertions="1" time="0.060313"/>
        <testcase name="it keeps sensitive preinvoice workflows separate" file="tests\Unit\Permissions\PageAccessCatalogTest.php::it keeps sensitive preinvoice workflows separate" class="Tests\Unit\Permissions\PageAccessCatalogTest" classname="Tests.Unit.Permissions.PageAccessCatalogTest" assertions="3" time="0.084067"/>
        <testcase name="it uses explicit multi page ownership for shared endpoints" file="tests\Unit\Permissions\PageAccessCatalogTest.php::it uses explicit multi page ownership for shared endpoints" class="Tests\Unit\Permissions\PageAccessCatalogTest" classname="Tests.Unit.Permissions.PageAccessCatalogTest" assertions="4" time="0.071776"/>
        <testcase name="it does not infer runtime route ownership from legacy permission prefixes" file="tests\Unit\Permissions\PageAccessCatalogTest.php::it does not infer runtime route ownership from legacy permission prefixes" class="Tests\Unit\Permissions\PageAccessCatalogTest" classname="Tests.Unit.Permissions.PageAccessCatalogTest" assertions="2" time="0.061002"/>
      </testsuite>
      <testsuite name="Tests\Unit\Permissions\PermissionCatalogTest" file="tests\Unit\Permissions\PermissionCatalogTest.php" tests="9" assertions="28" errors="0" failures="0" skipped="0" time="1.653570">
        <testcase name="it normalizes transitive permission dependencies" file="tests\Unit\Permissions\PermissionCatalogTest.php::it normalizes transitive permission dependencies" class="Tests\Unit\Permissions\PermissionCatalogTest" classname="Tests.Unit.Permissions.PermissionCatalogTest" assertions="3" time="0.112816"/>
        <testcase name="it normalizes critical invoice dependencies" file="tests\Unit\Permissions\PermissionCatalogTest.php::it normalizes critical invoice dependencies" class="Tests\Unit\Permissions\PermissionCatalogTest" classname="Tests.Unit.Permissions.PermissionCatalogTest" assertions="4" time="0.084667"/>
        <testcase name="it keeps legacy permissions out of assignable keys" file="tests\Unit\Permissions\PermissionCatalogTest.php::it keeps legacy permissions out of assignable keys" class="Tests\Unit\Permissions\PermissionCatalogTest" classname="Tests.Unit.Permissions.PermissionCatalogTest" assertions="2" time="0.070933"/>
        <testcase name="it only exposes explicitly active non deprecated keys and has a stable version" file="tests\Unit\Permissions\PermissionCatalogTest.php::it only exposes explicitly active non deprecated keys and has a stable version" class="Tests\Unit\Permissions\PermissionCatalogTest" classname="Tests.Unit.Permissions.PermissionCatalogTest" assertions="4" time="1.096247"/>
        <testcase name="it declares typed catalog synchronization inspection methods" file="tests\Unit\Permissions\PermissionCatalogTest.php::it declares typed catalog synchronization inspection methods" class="Tests\Unit\Permissions\PermissionCatalogTest" classname="Tests.Unit.Permissions.PermissionCatalogTest" assertions="2" time="0.049159"/>
        <testcase name="it keeps collection and shipping permissions independent" file="tests\Unit\Permissions\PermissionCatalogTest.php::it keeps collection and shipping permissions independent" class="Tests\Unit\Permissions\PermissionCatalogTest" classname="Tests.Unit.Permissions.PermissionCatalogTest" assertions="3" time="0.051458"/>
        <testcase name="it resolves canonical and aliased role labels without using arrays as keys" file="tests\Unit\Permissions\PermissionCatalogTest.php::it resolves canonical and aliased role labels without using arrays as keys" class="Tests\Unit\Permissions\PermissionCatalogTest" classname="Tests.Unit.Permissions.PermissionCatalogTest" assertions="5" time="0.051115"/>
        <testcase name="it falls back safely for unknown roles" file="tests\Unit\Permissions\PermissionCatalogTest.php::it falls back safely for unknown roles" class="Tests\Unit\Permissions\PermissionCatalogTest" classname="Tests.Unit.Permissions.PermissionCatalogTest" assertions="3" time="0.065518"/>
        <testcase name="it rejects unknown and deprecated dependencies at the backend boundary" file="tests\Unit\Permissions\PermissionCatalogTest.php::it rejects unknown and deprecated dependencies at the backend boundary" class="Tests\Unit\Permissions\PermissionCatalogTest" classname="Tests.Unit.Permissions.PermissionCatalogTest" assertions="2" time="0.071656"/>
      </testsuite>
      <testsuite name="Tests\Unit\Permissions\PermissionIndependentChangeTrackingTest" file="Permission Independent Change Tracking (Tests\Unit\Permissions\PermissionIndependentChangeTracking)" tests="5" assertions="23" errors="0" failures="0" skipped="0" time="0.016309">
        <testcase name="Frontend tracks role and direct permission snapshots independently" file="Permission Independent Change Tracking (Tests\Unit\Permissions\PermissionIndependentChangeTracking)::Frontend tracks role and direct permission snapshots independently" class="Tests\Unit\Permissions\PermissionIndependentChangeTrackingTest" classname="Tests.Unit.Permissions.PermissionIndependentChangeTrackingTest" assertions="6" time="0.013600"/>
        <testcase name="Dependency normalization only targets direct permission inputs" file="Permission Independent Change Tracking (Tests\Unit\Permissions\PermissionIndependentChangeTracking)::Dependency normalization only targets direct permission inputs" class="Tests\Unit\Permissions\PermissionIndependentChangeTrackingTest" classname="Tests.Unit.Permissions.PermissionIndependentChangeTrackingTest" assertions="3" time="0.000475"/>
        <testcase name="Backend uses changed flags and preserves legacy ids" file="Permission Independent Change Tracking (Tests\Unit\Permissions\PermissionIndependentChangeTracking)::Backend uses changed flags and preserves legacy ids" class="Tests\Unit\Permissions\PermissionIndependentChangeTrackingTest" classname="Tests.Unit.Permissions.PermissionIndependentChangeTrackingTest" assertions="4" time="0.000739"/>
        <testcase name="Permission assets are cache busted and catalog version is submitted" file="Permission Independent Change Tracking (Tests\Unit\Permissions\PermissionIndependentChangeTracking)::Permission assets are cache busted and catalog version is submitted" class="Tests\Unit\Permissions\PermissionIndependentChangeTrackingTest" classname="Tests.Unit.Permissions.PermissionIndependentChangeTrackingTest" assertions="5" time="0.000659"/>
        <testcase name="Self healing is guarded by direct permission change and logs failure" file="Permission Independent Change Tracking (Tests\Unit\Permissions\PermissionIndependentChangeTracking)::Self healing is guarded by direct permission change and logs failure" class="Tests\Unit\Permissions\PermissionIndependentChangeTrackingTest" classname="Tests.Unit.Permissions.PermissionIndependentChangeTrackingTest" assertions="5" time="0.000835"/>
      </testsuite>
      <testsuite name="Tests\Unit\PreinvoiceReservationSyncTest" file="Preinvoice Reservation Sync (Tests\Unit\PreinvoiceReservationSync)" tests="1" assertions="4" errors="0" failures="0" skipped="0" time="0.100257">
        <testcase name="Sync uses total existing order reservation before checking free stock" file="Preinvoice Reservation Sync (Tests\Unit\PreinvoiceReservationSync)::Sync uses total existing order reservation before checking free stock" class="Tests\Unit\PreinvoiceReservationSyncTest" classname="Tests.Unit.PreinvoiceReservationSyncTest" assertions="4" time="0.100257"/>
      </testsuite>
      <testsuite name="Tests\Unit\ProductCatalogGroupingServiceTest" file="Product Catalog Grouping Service (Tests\Unit\ProductCatalogGroupingService)" tests="6" assertions="14" errors="0" failures="0" skipped="0" time="0.428661">
        <testcase name="Same price and same colors merge models" file="Product Catalog Grouping Service (Tests\Unit\ProductCatalogGroupingService)::Same price and same colors merge models" class="Tests\Unit\ProductCatalogGroupingServiceTest" classname="Tests.Unit.ProductCatalogGroupingServiceTest" assertions="3" time="0.057214"/>
        <testcase name="Different color sets remain separate" file="Product Catalog Grouping Service (Tests\Unit\ProductCatalogGroupingService)::Different color sets remain separate" class="Tests\Unit\ProductCatalogGroupingServiceTest" classname="Tests.Unit.ProductCatalogGroupingServiceTest" assertions="2" time="0.094393"/>
        <testcase name="Different prices remain separate and summary uses range" file="Product Catalog Grouping Service (Tests\Unit\ProductCatalogGroupingService)::Different prices remain separate and summary uses range" class="Tests\Unit\ProductCatalogGroupingServiceTest" classname="Tests.Unit.ProductCatalogGroupingServiceTest" assertions="2" time="0.086176"/>
        <testcase name="Deduplicates identical variants" file="Product Catalog Grouping Service (Tests\Unit\ProductCatalogGroupingService)::Deduplicates identical variants" class="Tests\Unit\ProductCatalogGroupingServiceTest" classname="Tests.Unit.ProductCatalogGroupingServiceTest" assertions="3" time="0.056974"/>
        <testcase name="Models are naturally sorted" file="Product Catalog Grouping Service (Tests\Unit\ProductCatalogGroupingService)::Models are naturally sorted" class="Tests\Unit\ProductCatalogGroupingServiceTest" classname="Tests.Unit.ProductCatalogGroupingServiceTest" assertions="1" time="0.083073"/>
        <testcase name="Without price has single unpriced label" file="Product Catalog Grouping Service (Tests\Unit\ProductCatalogGroupingService)::Without price has single unpriced label" class="Tests\Unit\ProductCatalogGroupingServiceTest" classname="Tests.Unit.ProductCatalogGroupingServiceTest" assertions="3" time="0.050832"/>
      </testsuite>
      <testsuite name="Tests\Unit\ProductDiscountAllocatorTest" file="tests\Unit\ProductDiscountAllocatorTest.php" tests="2" assertions="8" errors="0" failures="0" skipped="0" time="0.115148">
        <testcase name="it allocates amount discounts across multiple variants with exact rounding" file="tests\Unit\ProductDiscountAllocatorTest.php::it allocates amount discounts across multiple variants with exact rounding" class="Tests\Unit\ProductDiscountAllocatorTest" classname="Tests.Unit.ProductDiscountAllocatorTest" assertions="5" time="0.057384"/>
        <testcase name="it allocates percent discounts and puts rounding remainder on last positive line" file="tests\Unit\ProductDiscountAllocatorTest.php::it allocates percent discounts and puts rounding remainder on last positive line" class="Tests\Unit\ProductDiscountAllocatorTest" classname="Tests.Unit.ProductDiscountAllocatorTest" assertions="3" time="0.057764"/>
      </testsuite>
      <testsuite name="Tests\Unit\ProductExportPickerUiTest" file="Product Export Picker Ui (Tests\Unit\ProductExportPickerUi)" tests="2" assertions="16" errors="0" failures="0" skipped="0" time="0.115860">
        <testcase name="Picker keeps live search race safety and keyboard contract" file="Product Export Picker Ui (Tests\Unit\ProductExportPickerUi)::Picker keeps live search race safety and keyboard contract" class="Tests\Unit\ProductExportPickerUiTest" classname="Tests.Unit.ProductExportPickerUiTest" assertions="9" time="0.056386"/>
        <testcase name="Picker renders search results without injecting server html" file="Product Export Picker Ui (Tests\Unit\ProductExportPickerUi)::Picker renders search results without injecting server html" class="Tests\Unit\ProductExportPickerUiTest" classname="Tests.Unit.ProductExportPickerUiTest" assertions="7" time="0.059474"/>
      </testsuite>
      <testsuite name="Tests\Unit\ProductPriceListVazirFontTest" file="Product Price List Vazir Font (Tests\Unit\ProductPriceListVazirFont)" tests="6" assertions="21" errors="0" failures="0" skipped="0" time="0.762043">
        <testcase name="Vazir has priority when it is available" file="Product Price List Vazir Font (Tests\Unit\ProductPriceListVazirFont)::Vazir has priority when it is available" class="Tests\Unit\ProductPriceListVazirFontTest" classname="Tests.Unit.ProductPriceListVazirFontTest" assertions="5" time="0.068968"/>
        <testcase name="Vazirmatn is selected without exception when vazir is missing" file="Product Price List Vazir Font (Tests\Unit\ProductPriceListVazirFont)::Vazirmatn is selected without exception when vazir is missing" class="Tests\Unit\ProductPriceListVazirFontTest" classname="Tests.Unit.ProductPriceListVazirFontTest" assertions="3" time="0.089036"/>
        <testcase name="Dejavu is selected without exception when project fonts are missing" file="Product Price List Vazir Font (Tests\Unit\ProductPriceListVazirFont)::Dejavu is selected without exception when project fonts are missing" class="Tests\Unit\ProductPriceListVazirFontTest" classname="Tests.Unit.ProductPriceListVazirFontTest" assertions="5" time="0.102420"/>
        <testcase name="Font fallback writes warning to laravel log" file="Product Price List Vazir Font (Tests\Unit\ProductPriceListVazirFont)::Font fallback writes warning to laravel log" class="Tests\Unit\ProductPriceListVazirFontTest" classname="Tests.Unit.ProductPriceListVazirFontTest" assertions="1" time="0.074187"/>
        <testcase name="Body header footer and default font use resolved family" file="Product Price List Vazir Font (Tests\Unit\ProductPriceListVazirFont)::Body header footer and default font use resolved family" class="Tests\Unit\ProductPriceListVazirFontTest" classname="Tests.Unit.ProductPriceListVazirFontTest" assertions="5" time="0.057249"/>
        <testcase name="Current project can render persian and latin pdf without font exception" file="Product Price List Vazir Font (Tests\Unit\ProductPriceListVazirFont)::Current project can render persian and latin pdf without font exception" class="Tests\Unit\ProductPriceListVazirFontTest" classname="Tests.Unit.ProductPriceListVazirFontTest" assertions="2" time="0.370183"/>
      </testsuite>
      <testsuite name="Tests\Unit\PurchaseJalaliDateFilterTest" file="tests\Unit\PurchaseJalaliDateFilterTest.php" tests="10" assertions="24" errors="0" failures="0" skipped="0" time="0.585808">
        <testsuite name="it converts english persian and arabic jalali digits to the same gregorian date" tests="4" assertions="4" errors="0" failures="0" skipped="0" time="0.249153">
          <testcase name="it converts english persian and arabic jalali digits to the same gregorian date with data set &quot;('1405/04/28')&quot;" file="tests\Unit\PurchaseJalaliDateFilterTest.php::it converts english persian and arabic jalali digits to the same gregorian date with data set &quot;('1405/04/28')&quot;" class="Tests\Unit\PurchaseJalaliDateFilterTest" classname="Tests.Unit.PurchaseJalaliDateFilterTest" assertions="1" time="0.083005"/>
          <testcase name="it converts english persian and arabic jalali digits to the same gregorian date with data set &quot;('۱۴۰۵/۰۴/۲۸')&quot;" file="tests\Unit\PurchaseJalaliDateFilterTest.php::it converts english persian and arabic jalali digits to the same gregorian date with data set &quot;('۱۴۰۵/۰۴/۲۸')&quot;" class="Tests\Unit\PurchaseJalaliDateFilterTest" classname="Tests.Unit.PurchaseJalaliDateFilterTest" assertions="1" time="0.046706"/>
          <testcase name="it converts english persian and arabic jalali digits to the same gregorian date with data set &quot;('١٤٠٥/٠٤/٢٨')&quot;" file="tests\Unit\PurchaseJalaliDateFilterTest.php::it converts english persian and arabic jalali digits to the same gregorian date with data set &quot;('١٤٠٥/٠٤/٢٨')&quot;" class="Tests\Unit\PurchaseJalaliDateFilterTest" classname="Tests.Unit.PurchaseJalaliDateFilterTest" assertions="1" time="0.048403"/>
          <testcase name="it converts english persian and arabic jalali digits to the same gregorian date with data set &quot;('1405-04-28')&quot;" file="tests\Unit\PurchaseJalaliDateFilterTest.php::it converts english persian and arabic jalali digits to the same gregorian date with data set &quot;('1405-04-28')&quot;" class="Tests\Unit\PurchaseJalaliDateFilterTest" classname="Tests.Unit.PurchaseJalaliDateFilterTest" assertions="1" time="0.071039"/>
        </testsuite>
        <testcase name="it renders the purchase datetime in jalali and renders null as an em dash" file="tests\Unit\PurchaseJalaliDateFilterTest.php::it renders the purchase datetime in jalali and renders null as an em dash" class="Tests\Unit\PurchaseJalaliDateFilterTest" classname="Tests.Unit.PurchaseJalaliDateFilterTest" assertions="2" time="0.062577"/>
        <testcase name="it normalizes jalali filter fields before validation" file="tests\Unit\PurchaseJalaliDateFilterTest.php::it normalizes jalali filter fields before validation" class="Tests\Unit\PurchaseJalaliDateFilterTest" classname="Tests.Unit.PurchaseJalaliDateFilterTest" assertions="2" time="0.053679"/>
        <testcase name="it rejects invalid jalali dates with a persian validation error" file="tests\Unit\PurchaseJalaliDateFilterTest.php::it rejects invalid jalali dates with a persian validation error" class="Tests\Unit\PurchaseJalaliDateFilterTest" classname="Tests.Unit.PurchaseJalaliDateFilterTest" assertions="2" time="0.054571"/>
        <testcase name="it rejects a start date after the end date" file="tests\Unit\PurchaseJalaliDateFilterTest.php::it rejects a start date after the end date" class="Tests\Unit\PurchaseJalaliDateFilterTest" classname="Tests.Unit.PurchaseJalaliDateFilterTest" assertions="2" time="0.053662"/>
        <testcase name="it uses date-only jalali fields and preserves pagination and export query strings" file="tests\Unit\PurchaseJalaliDateFilterTest.php::it uses date-only jalali fields and preserves pagination and export query strings" class="Tests\Unit\PurchaseJalaliDateFilterTest" classname="Tests.Unit.PurchaseJalaliDateFilterTest" assertions="8" time="0.056115"/>
        <testcase name="it applies full-day boundaries in list and excel queries" file="tests\Unit\PurchaseJalaliDateFilterTest.php::it applies full-day boundaries in list and excel queries" class="Tests\Unit\PurchaseJalaliDateFilterTest" classname="Tests.Unit.PurchaseJalaliDateFilterTest" assertions="4" time="0.056051"/>
      </testsuite>
      <testsuite name="Tests\Unit\ReturnFromSalePricingUiTest" file="Return From Sale Pricing Ui (Tests\Unit\ReturnFromSalePricingUi)" tests="3" assertions="12" errors="0" failures="0" skipped="0" time="0.013648">
        <testcase name="Sazeh price field exists for mobile and desktop and shares state" file="Return From Sale Pricing Ui (Tests\Unit\ReturnFromSalePricingUi)::Sazeh price field exists for mobile and desktop and shares state" class="Tests\Unit\ReturnFromSalePricingUiTest" classname="Tests.Unit.ReturnFromSalePricingUiTest" assertions="5" time="0.012982"/>
        <testcase name="Internal price is rendered as read only historical details" file="Return From Sale Pricing Ui (Tests\Unit\ReturnFromSalePricingUi)::Internal price is rendered as read only historical details" class="Tests\Unit\ReturnFromSalePricingUiTest" classname="Tests.Unit.ReturnFromSalePricingUiTest" assertions="4" time="0.000312"/>
        <testcase name="Applied edit requires warehouse reapproval without positive inventory delta" file="Return From Sale Pricing Ui (Tests\Unit\ReturnFromSalePricingUi)::Applied edit requires warehouse reapproval without positive inventory delta" class="Tests\Unit\ReturnFromSalePricingUiTest" classname="Tests.Unit.ReturnFromSalePricingUiTest" assertions="3" time="0.000353"/>
      </testsuite>
      <testsuite name="Tests\Unit\SalesDocumentTotalsTest" file="Sales Document Totals (Tests\Unit\SalesDocumentTotals)" tests="12" assertions="39" errors="0" failures="0" skipped="0" time="0.003735">
        <testcase name="Calculates without discount" file="Sales Document Totals (Tests\Unit\SalesDocumentTotals)::Calculates without discount" class="Tests\Unit\SalesDocumentTotalsTest" classname="Tests.Unit.SalesDocumentTotalsTest" assertions="3" time="0.001966"/>
        <testcase name="Calculates row document and shipping discounts" file="Sales Document Totals (Tests\Unit\SalesDocumentTotals)::Calculates row document and shipping discounts" class="Tests\Unit\SalesDocumentTotalsTest" classname="Tests.Unit.SalesDocumentTotalsTest" assertions="5" time="0.000138"/>
        <testcase name="Allocated lines does not double subtract invoice discount" file="Sales Document Totals (Tests\Unit\SalesDocumentTotals)::Allocated lines does not double subtract invoice discount" class="Tests\Unit\SalesDocumentTotalsTest" classname="Tests.Unit.SalesDocumentTotalsTest" assertions="5" time="0.000131"/>
        <testcase name="Product lines combines product and invoice discounts" file="Sales Document Totals (Tests\Unit\SalesDocumentTotals)::Product lines combines product and invoice discounts" class="Tests\Unit\SalesDocumentTotalsTest" classname="Tests.Unit.SalesDocumentTotalsTest" assertions="5" time="0.000120"/>
        <testcase name="Discounts are capped at subtotal" file="Sales Document Totals (Tests\Unit\SalesDocumentTotals)::Discounts are capped at subtotal" class="Tests\Unit\SalesDocumentTotalsTest" classname="Tests.Unit.SalesDocumentTotalsTest" assertions="3" time="0.000112"/>
        <testcase name="From document does not double count product lines discount" file="Sales Document Totals (Tests\Unit\SalesDocumentTotals)::From document does not double count product lines discount" class="Tests\Unit\SalesDocumentTotalsTest" classname="Tests.Unit.SalesDocumentTotalsTest" assertions="4" time="0.000124"/>
        <testcase name="From document keeps allocated lines legacy behavior" file="Sales Document Totals (Tests\Unit\SalesDocumentTotals)::From document keeps allocated lines legacy behavior" class="Tests\Unit\SalesDocumentTotalsTest" classname="Tests.Unit.SalesDocumentTotalsTest" assertions="2" time="0.000117"/>
        <testcase name="Warehouse quantity reduction preserves effective unit discount" file="Sales Document Totals (Tests\Unit\SalesDocumentTotals)::Warehouse quantity reduction preserves effective unit discount" class="Tests\Unit\SalesDocumentTotalsTest" classname="Tests.Unit.SalesDocumentTotalsTest" assertions="2" time="0.000107"/>
        <testcase name="Proportional discount uses deterministic integer half up rounding" file="Sales Document Totals (Tests\Unit\SalesDocumentTotals)::Proportional discount uses deterministic integer half up rounding" class="Tests\Unit\SalesDocumentTotalsTest" classname="Tests.Unit.SalesDocumentTotalsTest" assertions="3" time="0.000105"/>
        <testcase name="Proportional discount supports zero and increased quantities and caps at gross" file="Sales Document Totals (Tests\Unit\SalesDocumentTotals)::Proportional discount supports zero and increased quantities and caps at gross" class="Tests\Unit\SalesDocumentTotalsTest" classname="Tests.Unit.SalesDocumentTotalsTest" assertions="3" time="0.000182"/>
        <testcase name="Proportional discount rejects an ambiguous zero historical quantity" file="Sales Document Totals (Tests\Unit\SalesDocumentTotals)::Proportional discount rejects an ambiguous zero historical quantity" class="Tests\Unit\SalesDocumentTotalsTest" classname="Tests.Unit.SalesDocumentTotalsTest" assertions="1" time="0.000495"/>
        <testcase name="Invoice 00614 regression totals match the preserved commercial snapshot" file="Sales Document Totals (Tests\Unit\SalesDocumentTotals)::Invoice 00614 regression totals match the preserved commercial snapshot" class="Tests\Unit\SalesDocumentTotalsTest" classname="Tests.Unit.SalesDocumentTotalsTest" assertions="3" time="0.000137"/>
      </testsuite>
      <testsuite name="Tests\Unit\SalesReturnAppliedEditUxTest" file="tests\Unit\SalesReturnAppliedEditUxTest.php" tests="3" assertions="18" errors="0" failures="0" skipped="0" time="0.179259">
        <testcase name="it requires a Persian adjustment reason only for applied edits" file="tests\Unit\SalesReturnAppliedEditUxTest.php::it requires a Persian adjustment reason only for applied edits" class="Tests\Unit\SalesReturnAppliedEditUxTest" classname="Tests.Unit.SalesReturnAppliedEditUxTest" assertions="5" time="0.070317"/>
        <testcase name="it keeps stable temporary ids and exposes editing for draft new products" file="tests\Unit\SalesReturnAppliedEditUxTest.php::it keeps stable temporary ids and exposes editing for draft new products" class="Tests\Unit\SalesReturnAppliedEditUxTest" classname="Tests.Unit.SalesReturnAppliedEditUxTest" assertions="6" time="0.053442"/>
        <testcase name="it submits compact json asynchronously and renders validation errors in place" file="tests\Unit\SalesReturnAppliedEditUxTest.php::it submits compact json asynchronously and renders validation errors in place" class="Tests\Unit\SalesReturnAppliedEditUxTest" classname="Tests.Unit.SalesReturnAppliedEditUxTest" assertions="7" time="0.055501"/>
      </testsuite>
      <testsuite name="Tests\Unit\SalesReturnCalculationServiceTest" file="Sales Return Calculation Service (Tests\Unit\SalesReturnCalculationService)" tests="7" assertions="16" errors="0" failures="0" skipped="0" time="0.004649">
        <testcase name="Internal refund uses invoice snapshot instead of current variant price" file="Sales Return Calculation Service (Tests\Unit\SalesReturnCalculationService)::Internal refund uses invoice snapshot instead of current variant price" class="Tests\Unit\SalesReturnCalculationServiceTest" classname="Tests.Unit.SalesReturnCalculationServiceTest" assertions="2" time="0.002612"/>
        <testcase name="Line discount is spread over the historical row" file="Sales Return Calculation Service (Tests\Unit\SalesReturnCalculationService)::Line discount is spread over the historical row" class="Tests\Unit\SalesReturnCalculationServiceTest" classname="Tests.Unit.SalesReturnCalculationServiceTest" assertions="3" time="0.000341"/>
        <testcase name="Product lines applies line and invoice discounts once" file="Sales Return Calculation Service (Tests\Unit\SalesReturnCalculationService)::Product lines applies line and invoice discounts once" class="Tests\Unit\SalesReturnCalculationServiceTest" classname="Tests.Unit.SalesReturnCalculationServiceTest" assertions="3" time="0.000518"/>
        <testcase name="Allocated lines does not subtract invoice discount twice" file="Sales Return Calculation Service (Tests\Unit\SalesReturnCalculationService)::Allocated lines does not subtract invoice discount twice" class="Tests\Unit\SalesReturnCalculationServiceTest" classname="Tests.Unit.SalesReturnCalculationServiceTest" assertions="2" time="0.000326"/>
        <testcase name="Legacy invoice falls back to total minus line discount" file="Sales Return Calculation Service (Tests\Unit\SalesReturnCalculationService)::Legacy invoice falls back to total minus line discount" class="Tests\Unit\SalesReturnCalculationServiceTest" classname="Tests.Unit.SalesReturnCalculationServiceTest" assertions="2" time="0.000346"/>
        <testcase name="Invoice discount floor and remainder allocation is stable" file="Sales Return Calculation Service (Tests\Unit\SalesReturnCalculationService)::Invoice discount floor and remainder allocation is stable" class="Tests\Unit\SalesReturnCalculationServiceTest" classname="Tests.Unit.SalesReturnCalculationServiceTest" assertions="1" time="0.000383"/>
        <testcase name="Last partial return receives the exact remaining rial" file="Sales Return Calculation Service (Tests\Unit\SalesReturnCalculationService)::Last partial return receives the exact remaining rial" class="Tests\Unit\SalesReturnCalculationServiceTest" classname="Tests.Unit.SalesReturnCalculationServiceTest" assertions="3" time="0.000124"/>
      </testsuite>
      <testsuite name="Tests\Unit\SalesReturnDateOnlyTest" file="Sales Return Date Only (Tests\Unit\SalesReturnDateOnly)" tests="4" assertions="14" errors="0" failures="0" skipped="0" time="0.004972">
        <testcase name="Expected jalali date maps to gregorian date" file="Sales Return Date Only (Tests\Unit\SalesReturnDateOnly)::Expected jalali date maps to gregorian date" class="Tests\Unit\SalesReturnDateOnlyTest" classname="Tests.Unit.SalesReturnDateOnlyTest" assertions="1" time="0.003270"/>
        <testcase name="Model and migration use date instead of datetime" file="Sales Return Date Only (Tests\Unit\SalesReturnDateOnly)::Model and migration use date instead of datetime" class="Tests\Unit\SalesReturnDateOnlyTest" classname="Tests.Unit.SalesReturnDateOnlyTest" assertions="3" time="0.000780"/>
        <testcase name="Return form forces official date only picker options" file="Sales Return Date Only (Tests\Unit\SalesReturnDateOnly)::Return form forces official date only picker options" class="Tests\Unit\SalesReturnDateOnlyTest" classname="Tests.Unit.SalesReturnDateOnlyTest" assertions="6" time="0.000579"/>
        <testcase name="Date display normalizes legacy time without rendering it" file="Sales Return Date Only (Tests\Unit\SalesReturnDateOnly)::Date display normalizes legacy time without rendering it" class="Tests\Unit\SalesReturnDateOnlyTest" classname="Tests.Unit.SalesReturnDateOnlyTest" assertions="4" time="0.000342"/>
      </testsuite>
      <testsuite name="Tests\Unit\SalesReturnItemsPayloadDecoderTest" file="tests\Unit\SalesReturnItemsPayloadDecoderTest.php" tests="8" assertions="32" errors="0" failures="0" skipped="0" time="0.463556">
        <testsuite name="it decodes compact payloads with one one hundred and two hundred fifty variants" tests="3" assertions="18" errors="0" failures="0" skipped="0" time="0.194543">
          <testcase name="it decodes compact payloads with one one hundred and two hundred fifty variants with data set &quot;(1)&quot;" file="tests\Unit\SalesReturnItemsPayloadDecoderTest.php::it decodes compact payloads with one one hundred and two hundred fifty variants with data set &quot;(1)&quot;" class="Tests\Unit\SalesReturnItemsPayloadDecoderTest" classname="Tests.Unit.SalesReturnItemsPayloadDecoderTest" assertions="6" time="0.064760"/>
          <testcase name="it decodes compact payloads with one one hundred and two hundred fifty variants with data set &quot;(100)&quot;" file="tests\Unit\SalesReturnItemsPayloadDecoderTest.php::it decodes compact payloads with one one hundred and two hundred fifty variants with data set &quot;(100)&quot;" class="Tests\Unit\SalesReturnItemsPayloadDecoderTest" classname="Tests.Unit.SalesReturnItemsPayloadDecoderTest" assertions="6" time="0.044811"/>
          <testcase name="it decodes compact payloads with one one hundred and two hundred fifty variants with data set &quot;(250)&quot;" file="tests\Unit\SalesReturnItemsPayloadDecoderTest.php::it decodes compact payloads with one one hundred and two hundred fifty variants with data set &quot;(250)&quot;" class="Tests\Unit\SalesReturnItemsPayloadDecoderTest" classname="Tests.Unit.SalesReturnItemsPayloadDecoderTest" assertions="6" time="0.084972"/>
        </testsuite>
        <testsuite name="it rejects invalid product and variant references with validation errors" tests="2" assertions="2" errors="0" failures="0" skipped="0" time="0.091374">
          <testcase name="it rejects invalid product and variant references with validation errors with data set &quot;('product')&quot;" file="tests\Unit\SalesReturnItemsPayloadDecoderTest.php::it rejects invalid product and variant references with validation errors with data set &quot;('product')&quot;" class="Tests\Unit\SalesReturnItemsPayloadDecoderTest" classname="Tests.Unit.SalesReturnItemsPayloadDecoderTest" assertions="1" time="0.047830"/>
          <testcase name="it rejects invalid product and variant references with validation errors with data set &quot;('variant')&quot;" file="tests\Unit\SalesReturnItemsPayloadDecoderTest.php::it rejects invalid product and variant references with validation errors with data set &quot;('variant')&quot;" class="Tests\Unit\SalesReturnItemsPayloadDecoderTest" classname="Tests.Unit.SalesReturnItemsPayloadDecoderTest" assertions="1" time="0.043544"/>
        </testsuite>
        <testcase name="it rejects malformed json invalid versions and oversized payloads" file="tests\Unit\SalesReturnItemsPayloadDecoderTest.php::it rejects malformed json invalid versions and oversized payloads" class="Tests\Unit\SalesReturnItemsPayloadDecoderTest" classname="Tests.Unit.SalesReturnItemsPayloadDecoderTest" assertions="3" time="0.064412"/>
        <testcase name="it uses one post variable instead of recursively generated item inputs" file="tests\Unit\SalesReturnItemsPayloadDecoderTest.php::it uses one post variable instead of recursively generated item inputs" class="Tests\Unit\SalesReturnItemsPayloadDecoderTest" classname="Tests.Unit.SalesReturnItemsPayloadDecoderTest" assertions="5" time="0.054461"/>
        <testcase name="it expands compact payloads in the shared store and update request preparation path" file="tests\Unit\SalesReturnItemsPayloadDecoderTest.php::it expands compact payloads in the shared store and update request preparation path" class="Tests\Unit\SalesReturnItemsPayloadDecoderTest" classname="Tests.Unit.SalesReturnItemsPayloadDecoderTest" assertions="4" time="0.058767"/>
      </testsuite>
      <testsuite name="Tests\Unit\SalesReturnNewProductBooleanNormalizationTest" file="tests\Unit\SalesReturnNewProductBooleanNormalizationTest.php" tests="17" assertions="59" errors="0" failures="0" skipped="0" time="0.897320">
        <testsuite name="it normalizes every supported true representation" tests="7" assertions="21" errors="0" failures="0" skipped="0" time="0.371484">
          <testcase name="it normalizes every supported true representation with data set &quot;(true)&quot;" file="tests\Unit\SalesReturnNewProductBooleanNormalizationTest.php::it normalizes every supported true representation with data set &quot;(true)&quot;" class="Tests\Unit\SalesReturnNewProductBooleanNormalizationTest" classname="Tests.Unit.SalesReturnNewProductBooleanNormalizationTest" assertions="3" time="0.056381"/>
          <testcase name="it normalizes every supported true representation with data set &quot;(1)&quot;" file="tests\Unit\SalesReturnNewProductBooleanNormalizationTest.php::it normalizes every supported true representation with data set &quot;(1)&quot;" class="Tests\Unit\SalesReturnNewProductBooleanNormalizationTest" classname="Tests.Unit.SalesReturnNewProductBooleanNormalizationTest" assertions="3" time="0.050407"/>
          <testcase name="it normalizes every supported true representation with data set &quot;('1')&quot;" file="tests\Unit\SalesReturnNewProductBooleanNormalizationTest.php::it normalizes every supported true representation with data set &quot;('1')&quot;" class="Tests\Unit\SalesReturnNewProductBooleanNormalizationTest" classname="Tests.Unit.SalesReturnNewProductBooleanNormalizationTest" assertions="3" time="0.057254"/>
          <testcase name="it normalizes every supported true representation with data set &quot;('true')&quot;" file="tests\Unit\SalesReturnNewProductBooleanNormalizationTest.php::it normalizes every supported true representation with data set &quot;('true')&quot;" class="Tests\Unit\SalesReturnNewProductBooleanNormalizationTest" classname="Tests.Unit.SalesReturnNewProductBooleanNormalizationTest" assertions="3" time="0.061777"/>
          <testcase name="it normalizes every supported true representation with data set &quot;('TRUE')&quot;" file="tests\Unit\SalesReturnNewProductBooleanNormalizationTest.php::it normalizes every supported true representation with data set &quot;('TRUE')&quot;" class="Tests\Unit\SalesReturnNewProductBooleanNormalizationTest" classname="Tests.Unit.SalesReturnNewProductBooleanNormalizationTest" assertions="3" time="0.046605"/>
          <testcase name="it normalizes every supported true representation with data set &quot;('yes')&quot;" file="tests\Unit\SalesReturnNewProductBooleanNormalizationTest.php::it normalizes every supported true representation with data set &quot;('yes')&quot;" class="Tests\Unit\SalesReturnNewProductBooleanNormalizationTest" classname="Tests.Unit.SalesReturnNewProductBooleanNormalizationTest" assertions="3" time="0.050966"/>
          <testcase name="it normalizes every supported true representation with data set &quot;('on')&quot;" file="tests\Unit\SalesReturnNewProductBooleanNormalizationTest.php::it normalizes every supported true representation with data set &quot;('on')&quot;" class="Tests\Unit\SalesReturnNewProductBooleanNormalizationTest" classname="Tests.Unit.SalesReturnNewProductBooleanNormalizationTest" assertions="3" time="0.048093"/>
        </testsuite>
        <testsuite name="it normalizes every supported false representation" tests="7" assertions="21" errors="0" failures="0" skipped="0" time="0.377687">
          <testcase name="it normalizes every supported false representation with data set &quot;(false)&quot;" file="tests\Unit\SalesReturnNewProductBooleanNormalizationTest.php::it normalizes every supported false representation with data set &quot;(false)&quot;" class="Tests\Unit\SalesReturnNewProductBooleanNormalizationTest" classname="Tests.Unit.SalesReturnNewProductBooleanNormalizationTest" assertions="3" time="0.051314"/>
          <testcase name="it normalizes every supported false representation with data set &quot;(0)&quot;" file="tests\Unit\SalesReturnNewProductBooleanNormalizationTest.php::it normalizes every supported false representation with data set &quot;(0)&quot;" class="Tests\Unit\SalesReturnNewProductBooleanNormalizationTest" classname="Tests.Unit.SalesReturnNewProductBooleanNormalizationTest" assertions="3" time="0.051859"/>
          <testcase name="it normalizes every supported false representation with data set &quot;('0')&quot;" file="tests\Unit\SalesReturnNewProductBooleanNormalizationTest.php::it normalizes every supported false representation with data set &quot;('0')&quot;" class="Tests\Unit\SalesReturnNewProductBooleanNormalizationTest" classname="Tests.Unit.SalesReturnNewProductBooleanNormalizationTest" assertions="3" time="0.059005"/>
          <testcase name="it normalizes every supported false representation with data set &quot;('false')&quot;" file="tests\Unit\SalesReturnNewProductBooleanNormalizationTest.php::it normalizes every supported false representation with data set &quot;('false')&quot;" class="Tests\Unit\SalesReturnNewProductBooleanNormalizationTest" classname="Tests.Unit.SalesReturnNewProductBooleanNormalizationTest" assertions="3" time="0.065909"/>
          <testcase name="it normalizes every supported false representation with data set &quot;('FALSE')&quot;" file="tests\Unit\SalesReturnNewProductBooleanNormalizationTest.php::it normalizes every supported false representation with data set &quot;('FALSE')&quot;" class="Tests\Unit\SalesReturnNewProductBooleanNormalizationTest" classname="Tests.Unit.SalesReturnNewProductBooleanNormalizationTest" assertions="3" time="0.050944"/>
          <testcase name="it normalizes every supported false representation with data set &quot;('no')&quot;" file="tests\Unit\SalesReturnNewProductBooleanNormalizationTest.php::it normalizes every supported false representation with data set &quot;('no')&quot;" class="Tests\Unit\SalesReturnNewProductBooleanNormalizationTest" classname="Tests.Unit.SalesReturnNewProductBooleanNormalizationTest" assertions="3" time="0.046032"/>
          <testcase name="it normalizes every supported false representation with data set &quot;('off')&quot;" file="tests\Unit\SalesReturnNewProductBooleanNormalizationTest.php::it normalizes every supported false representation with data set &quot;('off')&quot;" class="Tests\Unit\SalesReturnNewProductBooleanNormalizationTest" classname="Tests.Unit.SalesReturnNewProductBooleanNormalizationTest" assertions="3" time="0.052625"/>
        </testsuite>
        <testcase name="it uses safe schema two defaults and never turns invalid text on" file="tests\Unit\SalesReturnNewProductBooleanNormalizationTest.php::it uses safe schema two defaults and never turns invalid text on" class="Tests\Unit\SalesReturnNewProductBooleanNormalizationTest" classname="Tests.Unit.SalesReturnNewProductBooleanNormalizationTest" assertions="6" time="0.048763"/>
        <testcase name="it normalizes booleans again at the service boundary" file="tests\Unit\SalesReturnNewProductBooleanNormalizationTest.php::it normalizes booleans again at the service boundary" class="Tests\Unit\SalesReturnNewProductBooleanNormalizationTest" classname="Tests.Unit.SalesReturnNewProductBooleanNormalizationTest" assertions="4" time="0.050707"/>
        <testcase name="it keeps the frontend base model and design cartesian fallbacks" file="tests\Unit\SalesReturnNewProductBooleanNormalizationTest.php::it keeps the frontend base model and design cartesian fallbacks" class="Tests\Unit\SalesReturnNewProductBooleanNormalizationTest" classname="Tests.Unit.SalesReturnNewProductBooleanNormalizationTest" assertions="7" time="0.048679"/>
      </testsuite>
      <testsuite name="Tests\Unit\SalesReturnNewProductPayloadNormalizerTest" file="tests\Unit\SalesReturnNewProductPayloadNormalizerTest.php" tests="7" assertions="50" errors="0" failures="0" skipped="0" time="0.359311">
        <testcase name="it supplies every schema two default without undefined array keys" file="tests\Unit\SalesReturnNewProductPayloadNormalizerTest.php::it supplies every schema two default without undefined array keys" class="Tests\Unit\SalesReturnNewProductPayloadNormalizerTest" classname="Tests.Unit.SalesReturnNewProductPayloadNormalizerTest" assertions="26" time="0.056446"/>
        <testcase name="it turns malformed collection and string values into safe types" file="tests\Unit\SalesReturnNewProductPayloadNormalizerTest.php::it turns malformed collection and string values into safe types" class="Tests\Unit\SalesReturnNewProductPayloadNormalizerTest" classname="Tests.Unit.SalesReturnNewProductPayloadNormalizerTest" assertions="7" time="0.044188"/>
        <testcase name="it removes stale model data when models are disabled" file="tests\Unit\SalesReturnNewProductPayloadNormalizerTest.php::it removes stale model data when models are disabled" class="Tests\Unit\SalesReturnNewProductPayloadNormalizerTest" classname="Tests.Unit.SalesReturnNewProductPayloadNormalizerTest" assertions="4" time="0.047561"/>
        <testcase name="it removes stale design data when designs are disabled" file="tests\Unit\SalesReturnNewProductPayloadNormalizerTest.php::it removes stale design data when designs are disabled" class="Tests\Unit\SalesReturnNewProductPayloadNormalizerTest" classname="Tests.Unit.SalesReturnNewProductPayloadNormalizerTest" assertions="2" time="0.048118"/>
        <testcase name="it trims design names and makes their indexes stable and sequential" file="tests\Unit\SalesReturnNewProductPayloadNormalizerTest.php::it trims design names and makes their indexes stable and sequential" class="Tests\Unit\SalesReturnNewProductPayloadNormalizerTest" classname="Tests.Unit.SalesReturnNewProductPayloadNormalizerTest" assertions="1" time="0.052377"/>
        <testcase name="it upgrades incomplete legacy drafts without throwing" file="tests\Unit\SalesReturnNewProductPayloadNormalizerTest.php::it upgrades incomplete legacy drafts without throwing" class="Tests\Unit\SalesReturnNewProductPayloadNormalizerTest" classname="Tests.Unit.SalesReturnNewProductPayloadNormalizerTest" assertions="4" time="0.051472"/>
        <testcase name="it keeps the four frontend variant contracts and reset behavior explicit" file="tests\Unit\SalesReturnNewProductPayloadNormalizerTest.php::it keeps the four frontend variant contracts and reset behavior explicit" class="Tests\Unit\SalesReturnNewProductPayloadNormalizerTest" classname="Tests.Unit.SalesReturnNewProductPayloadNormalizerTest" assertions="6" time="0.059148"/>
      </testsuite>
      <testsuite name="Tests\Unit\SalesReturnNewProductToggleTest" file="tests\Unit\SalesReturnNewProductToggleTest.php" tests="5" assertions="24" errors="0" failures="0" skipped="0" time="0.257657">
        <testcase name="it keeps both feature cards visible and toggles only their inner panels" file="tests\Unit\SalesReturnNewProductToggleTest.php::it keeps both feature cards visible and toggles only their inner panels" class="Tests\Unit\SalesReturnNewProductToggleTest" classname="Tests.Unit.SalesReturnNewProductToggleTest" assertions="8" time="0.058728"/>
        <testcase name="it preserves temporary model and design selections while toggles are off" file="tests\Unit\SalesReturnNewProductToggleTest.php::it preserves temporary model and design selections while toggles are off" class="Tests\Unit\SalesReturnNewProductToggleTest" classname="Tests.Unit.SalesReturnNewProductToggleTest" assertions="6" time="0.050512"/>
        <testcase name="it keeps disabled feature data out of the submitted payload" file="tests\Unit\SalesReturnNewProductToggleTest.php::it keeps disabled feature data out of the submitted payload" class="Tests\Unit\SalesReturnNewProductToggleTest" classname="Tests.Unit.SalesReturnNewProductToggleTest" assertions="5" time="0.049140"/>
        <testcase name="it accepts both features enabled independently at the backend boundary" file="tests\Unit\SalesReturnNewProductToggleTest.php::it accepts both features enabled independently at the backend boundary" class="Tests\Unit\SalesReturnNewProductToggleTest" classname="Tests.Unit.SalesReturnNewProductToggleTest" assertions="3" time="0.046832"/>
        <testcase name="it retains the cartesian product implementation for two models and three designs" file="tests\Unit\SalesReturnNewProductToggleTest.php::it retains the cartesian product implementation for two models and three designs" class="Tests\Unit\SalesReturnNewProductToggleTest" classname="Tests.Unit.SalesReturnNewProductToggleTest" assertions="2" time="0.052445"/>
      </testsuite>
      <testsuite name="Tests\Unit\SalesReturnPriceNormalizationTest" file="Sales Return Price Normalization (Tests\Unit\SalesReturnPriceNormalization)" tests="3" assertions="5" errors="0" failures="0" skipped="0" time="0.004009">
        <testcase name="Persian arabic and english money inputs become integer rials" file="Sales Return Price Normalization (Tests\Unit\SalesReturnPriceNormalization)::Persian arabic and english money inputs become integer rials" class="Tests\Unit\SalesReturnPriceNormalizationTest" classname="Tests.Unit.SalesReturnPriceNormalizationTest" assertions="3" time="0.003591"/>
        <testcase name="External invoice datetime is normalized to date only" file="Sales Return Price Normalization (Tests\Unit\SalesReturnPriceNormalization)::External invoice datetime is normalized to date only" class="Tests\Unit\SalesReturnPriceNormalizationTest" classname="Tests.Unit.SalesReturnPriceNormalizationTest" assertions="1" time="0.000257"/>
        <testcase name="External invoice date remains y m d" file="Sales Return Price Normalization (Tests\Unit\SalesReturnPriceNormalization)::External invoice date remains y m d" class="Tests\Unit\SalesReturnPriceNormalizationTest" classname="Tests.Unit.SalesReturnPriceNormalizationTest" assertions="1" time="0.000161"/>
      </testsuite>
    </testsuite>
    <testsuite name="Feature" tests="960" assertions="9167" errors="2" failures="291" skipped="2" time="173.571923">
      <testsuite name="Tests\Feature\AccountStatementRegressionTest" file="Account Statement Regression (Tests\Feature\AccountStatementRegression)" tests="6" assertions="6" errors="0" failures="6" skipped="0" time="1.820201">
        <testcase name="Index handles customers with valid and null cities" file="Account Statement Regression (Tests\Feature\AccountStatementRegression)::Index handles customers with valid and null cities" class="Tests\Feature\AccountStatementRegressionTest" classname="Tests.Feature.AccountStatementRegressionTest" assertions="1" time="1.524025">
          <failure type="PHPUnit\Framework\ExpectationFailedException">Index handles customers with valid and null citiesExpected response status code [200] but received 503.
Failed asserting that 503 is identical to 200.&#13;
at vendor\laravel\framework\src\Illuminate\Testing\TestResponseAssert.php:45
at vendor\laravel\framework\src\Illuminate\Testing\TestResponse.php:175
at vendor\laravel\framework\src\Illuminate\Testing\Concerns\AssertsStatusCodes.php:16
at tests\Feature\AccountStatementRegressionTest.php:61</failure>
        </testcase>
        <testsuite name="Searches supported customer fields" tests="5" assertions="5" errors="0" failures="5" skipped="0" time="0.296176">
          <testcase name="Searches supported customer fields with data set &quot;city&quot;" file="Account Statement Regression (Tests\Feature\AccountStatementRegression)::Searches supported customer fields with data set &quot;city&quot;" class="Tests\Feature\AccountStatementRegressionTest" classname="Tests.Feature.AccountStatementRegressionTest" assertions="1" time="0.052805">
            <failure type="PHPUnit\Framework\ExpectationFailedException">Searches supported customer fields with data set "city"Expected response status code [200] but received 503.
Failed asserting that 503 is identical to 200.&#13;
at vendor\laravel\framework\src\Illuminate\Testing\TestResponseAssert.php:45
at vendor\laravel\framework\src\Illuminate\Testing\TestResponse.php:175
at vendor\laravel\framework\src\Illuminate\Testing\Concerns\AssertsStatusCodes.php:16
at tests\Feature\AccountStatementRegressionTest.php:71</failure>
          </testcase>
          <testcase name="Searches supported customer fields with data set &quot;name&quot;" file="Account Statement Regression (Tests\Feature\AccountStatementRegression)::Searches supported customer fields with data set &quot;name&quot;" class="Tests\Feature\AccountStatementRegressionTest" classname="Tests.Feature.AccountStatementRegressionTest" assertions="1" time="0.053531">
            <failure type="PHPUnit\Framework\ExpectationFailedException">Searches supported customer fields with data set "name"Expected response status code [200] but received 503.
Failed asserting that 503 is identical to 200.&#13;
at vendor\laravel\framework\src\Illuminate\Testing\TestResponseAssert.php:45
at vendor\laravel\framework\src\Illuminate\Testing\TestResponse.php:175
at vendor\laravel\framework\src\Illuminate\Testing\Concerns\AssertsStatusCodes.php:16
at tests\Feature\AccountStatementRegressionTest.php:71</failure>
          </testcase>
          <testcase name="Searches supported customer fields with data set &quot;mobile&quot;" file="Account Statement Regression (Tests\Feature\AccountStatementRegression)::Searches supported customer fields with data set &quot;mobile&quot;" class="Tests\Feature\AccountStatementRegressionTest" classname="Tests.Feature.AccountStatementRegressionTest" assertions="1" time="0.059866">
            <failure type="PHPUnit\Framework\ExpectationFailedException">Searches supported customer fields with data set "mobile"Expected response status code [200] but received 503.
Failed asserting that 503 is identical to 200.&#13;
at vendor\laravel\framework\src\Illuminate\Testing\TestResponseAssert.php:45
at vendor\laravel\framework\src\Illuminate\Testing\TestResponse.php:175
at vendor\laravel\framework\src\Illuminate\Testing\Concerns\AssertsStatusCodes.php:16
at tests\Feature\AccountStatementRegressionTest.php:71</failure>
          </testcase>
          <testcase name="Searches supported customer fields with data set &quot;database id&quot;" file="Account Statement Regression (Tests\Feature\AccountStatementRegression)::Searches supported customer fields with data set &quot;database id&quot;" class="Tests\Feature\AccountStatementRegressionTest" classname="Tests.Feature.AccountStatementRegressionTest" assertions="1" time="0.069829">
            <failure type="PHPUnit\Framework\ExpectationFailedException">Searches supported customer fields with data set "database id"Expected response status code [200] but received 503.
Failed asserting that 503 is identical to 200.&#13;
at vendor\laravel\framework\src\Illuminate\Testing\TestResponseAssert.php:45
at vendor\laravel\framework\src\Illuminate\Testing\TestResponse.php:175
at vendor\laravel\framework\src\Illuminate\Testing\Concerns\AssertsStatusCodes.php:16
at tests\Feature\AccountStatementRegressionTest.php:71</failure>
          </testcase>
          <testcase name="Searches supported customer fields with data set &quot;crm id&quot;" file="Account Statement Regression (Tests\Feature\AccountStatementRegression)::Searches supported customer fields with data set &quot;crm id&quot;" class="Tests\Feature\AccountStatementRegressionTest" classname="Tests.Feature.AccountStatementRegressionTest" assertions="1" time="0.060145">
            <failure type="PHPUnit\Framework\ExpectationFailedException">Searches supported customer fields with data set "crm id"Expected response status code [200] but received 503.
Failed asserting that 503 is identical to 200.&#13;
at vendor\laravel\framework\src\Illuminate\Testing\TestResponseAssert.php:45
at vendor\laravel\framework\src\Illuminate\Testing\TestResponse.php:175
at vendor\laravel\framework\src\Illuminate\Testing\Concerns\AssertsStatusCodes.php:16
at tests\Feature\AccountStatementRegressionTest.php:71</failure>
          </testcase>
        </testsuite>
      </testsuite>
      <testsuite name="Tests\Feature\AdminRoleAssetPermissionTest" file="Admin Role Asset Permission (Tests\Feature\AdminRoleAssetPermission)" tests="2" assertions="4" errors="0" failures="2" skipped="0" time="0.143234">
        <testcase name="Role form displays asset action permissions" file="Admin Role Asset Permission (Tests\Feature\AdminRoleAssetPermission)::Role form displays asset action permissions" class="Tests\Feature\AdminRoleAssetPermissionTest" classname="Tests.Feature.AdminRoleAssetPermissionTest" assertions="2" time="0.076972">
          <failure type="PHPUnit\Framework\ExpectationFailedException">Role form displays asset action permissionsExpected response status code [200] but received 503.
Failed asserting that 503 is identical to 200.&#13;
at vendor\laravel\framework\src\Illuminate\Testing\TestResponseAssert.php:45
at vendor\laravel\framework\src\Illuminate\Testing\TestResponse.php:175
at vendor\laravel\framework\src\Illuminate\Testing\Concerns\AssertsStatusCodes.php:16
at tests\Feature\AdminRoleAssetPermissionTest.php:32</failure>
        </testcase>
        <testcase name="Role update stores asset action permissions and preserves unmanaged permissions" file="Admin Role Asset Permission (Tests\Feature\AdminRoleAssetPermission)::Role update stores asset action permissions and preserves unmanaged permissions" class="Tests\Feature\AdminRoleAssetPermissionTest" classname="Tests.Feature.AdminRoleAssetPermissionTest" assertions="2" time="0.066262">
          <failure type="PHPUnit\Framework\ExpectationFailedException">Role update stores asset action permissions and preserves unmanaged permissionsExpected response status code [201, 301, 302, 303, 307, 308] but received 503.
Failed asserting that false is true.&#13;
at vendor\laravel\framework\src\Illuminate\Testing\TestResponseAssert.php:45
at vendor\laravel\framework\src\Illuminate\Testing\TestResponse.php:200
at tests\Feature\AdminRoleAssetPermissionTest.php:68</failure>
        </testcase>
      </testsuite>
      <testsuite name="Tests\Feature\Architecture\ControllerCoverageTest" file="tests\Feature\Architecture\ControllerCoverageTest.php" tests="75" assertions="1984" errors="0" failures="0" skipped="0" time="31.028106">
        <testsuite name="it loads every controller class and inspects its public actions" tests="74" assertions="1175" errors="0" failures="0" skipped="0" time="4.015703">
          <testcase name="it loads every controller class and inspects its public actions with data set &quot;('E:\laragon\www\inventory\app/…er.php') #1&quot;" file="tests\Feature\Architecture\ControllerCoverageTest.php::it loads every controller class and inspects its public actions with data set &quot;('E:\laragon\www\inventory\app/…er.php') #1&quot;" class="Tests\Feature\Architecture\ControllerCoverageTest" classname="Tests.Feature.Architecture.ControllerCoverageTest" assertions="14" time="0.052803"/>
          <testcase name="it loads every controller class and inspects its public actions with data set &quot;('E:\laragon\www\inventory\app/…er.php') #2&quot;" file="tests\Feature\Architecture\ControllerCoverageTest.php::it loads every controller class and inspects its public actions with data set &quot;('E:\laragon\www\inventory\app/…er.php') #2&quot;" class="Tests\Feature\Architecture\ControllerCoverageTest" classname="Tests.Feature.Architecture.ControllerCoverageTest" assertions="6" time="0.063517"/>
          <testcase name="it loads every controller class and inspects its public actions with data set &quot;('E:\laragon\www\inventory\app/…er.php') #3&quot;" file="tests\Feature\Architecture\ControllerCoverageTest.php::it loads every controller class and inspects its public actions with data set &quot;('E:\laragon\www\inventory\app/…er.php') #3&quot;" class="Tests\Feature\Architecture\ControllerCoverageTest" classname="Tests.Feature.Architecture.ControllerCoverageTest" assertions="14" time="0.048967"/>
          <testcase name="it loads every controller class and inspects its public actions with data set &quot;('E:\laragon\www\inventory\app/…er.php') #4&quot;" file="tests\Feature\Architecture\ControllerCoverageTest.php::it loads every controller class and inspects its public actions with data set &quot;('E:\laragon\www\inventory\app/…er.php') #4&quot;" class="Tests\Feature\Architecture\ControllerCoverageTest" classname="Tests.Feature.Architecture.ControllerCoverageTest" assertions="16" time="0.048966"/>
          <testcase name="it loads every controller class and inspects its public actions with data set &quot;('E:\laragon\www\inventory\app/…er.php') #5&quot;" file="tests\Feature\Architecture\ControllerCoverageTest.php::it loads every controller class and inspects its public actions with data set &quot;('E:\laragon\www\inventory\app/…er.php') #5&quot;" class="Tests\Feature\Architecture\ControllerCoverageTest" classname="Tests.Feature.Architecture.ControllerCoverageTest" assertions="8" time="0.061315"/>
          <testcase name="it loads every controller class and inspects its public actions with data set &quot;('E:\laragon\www\inventory\app/…er.php') #6&quot;" file="tests\Feature\Architecture\ControllerCoverageTest.php::it loads every controller class and inspects its public actions with data set &quot;('E:\laragon\www\inventory\app/…er.php') #6&quot;" class="Tests\Feature\Architecture\ControllerCoverageTest" classname="Tests.Feature.Architecture.ControllerCoverageTest" assertions="8" time="0.063915"/>
          <testcase name="it loads every controller class and inspects its public actions with data set &quot;('E:\laragon\www\inventory\app/…er.php') #7&quot;" file="tests\Feature\Architecture\ControllerCoverageTest.php::it loads every controller class and inspects its public actions with data set &quot;('E:\laragon\www\inventory\app/…er.php') #7&quot;" class="Tests\Feature\Architecture\ControllerCoverageTest" classname="Tests.Feature.Architecture.ControllerCoverageTest" assertions="32" time="0.048978"/>
          <testcase name="it loads every controller class and inspects its public actions with data set &quot;('E:\laragon\www\inventory\app/…er.php') #8&quot;" file="tests\Feature\Architecture\ControllerCoverageTest.php::it loads every controller class and inspects its public actions with data set &quot;('E:\laragon\www\inventory\app/…er.php') #8&quot;" class="Tests\Feature\Architecture\ControllerCoverageTest" classname="Tests.Feature.Architecture.ControllerCoverageTest" assertions="18" time="0.045828"/>
          <testcase name="it loads every controller class and inspects its public actions with data set &quot;('E:\laragon\www\inventory\app/…er.php') #9&quot;" file="tests\Feature\Architecture\ControllerCoverageTest.php::it loads every controller class and inspects its public actions with data set &quot;('E:\laragon\www\inventory\app/…er.php') #9&quot;" class="Tests\Feature\Architecture\ControllerCoverageTest" classname="Tests.Feature.Architecture.ControllerCoverageTest" assertions="6" time="0.055198"/>
          <testcase name="it loads every controller class and inspects its public actions with data set &quot;('E:\laragon\www\inventory\app/…er.php') #10&quot;" file="tests\Feature\Architecture\ControllerCoverageTest.php::it loads every controller class and inspects its public actions with data set &quot;('E:\laragon\www\inventory\app/…er.php') #10&quot;" class="Tests\Feature\Architecture\ControllerCoverageTest" classname="Tests.Feature.Architecture.ControllerCoverageTest" assertions="10" time="0.048987"/>
          <testcase name="it loads every controller class and inspects its public actions with data set &quot;('E:\laragon\www\inventory\app/…er.php') #11&quot;" file="tests\Feature\Architecture\ControllerCoverageTest.php::it loads every controller class and inspects its public actions with data set &quot;('E:\laragon\www\inventory\app/…er.php') #11&quot;" class="Tests\Feature\Architecture\ControllerCoverageTest" classname="Tests.Feature.Architecture.ControllerCoverageTest" assertions="8" time="0.045814"/>
          <testcase name="it loads every controller class and inspects its public actions with data set &quot;('E:\laragon\www\inventory\app/…er.php') #12&quot;" file="tests\Feature\Architecture\ControllerCoverageTest.php::it loads every controller class and inspects its public actions with data set &quot;('E:\laragon\www\inventory\app/…er.php') #12&quot;" class="Tests\Feature\Architecture\ControllerCoverageTest" classname="Tests.Feature.Architecture.ControllerCoverageTest" assertions="8" time="0.048879"/>
          <testcase name="it loads every controller class and inspects its public actions with data set &quot;('E:\laragon\www\inventory\app/…er.php') #13&quot;" file="tests\Feature\Architecture\ControllerCoverageTest.php::it loads every controller class and inspects its public actions with data set &quot;('E:\laragon\www\inventory\app/…er.php') #13&quot;" class="Tests\Feature\Architecture\ControllerCoverageTest" classname="Tests.Feature.Architecture.ControllerCoverageTest" assertions="6" time="0.056364"/>
          <testcase name="it loads every controller class and inspects its public actions with data set &quot;('E:\laragon\www\inventory\app/…er.php') #14&quot;" file="tests\Feature\Architecture\ControllerCoverageTest.php::it loads every controller class and inspects its public actions with data set &quot;('E:\laragon\www\inventory\app/…er.php') #14&quot;" class="Tests\Feature\Architecture\ControllerCoverageTest" classname="Tests.Feature.Architecture.ControllerCoverageTest" assertions="6" time="0.054525"/>
          <testcase name="it loads every controller class and inspects its public actions with data set &quot;('E:\laragon\www\inventory\app/…er.php') #15&quot;" file="tests\Feature\Architecture\ControllerCoverageTest.php::it loads every controller class and inspects its public actions with data set &quot;('E:\laragon\www\inventory\app/…er.php') #15&quot;" class="Tests\Feature\Architecture\ControllerCoverageTest" classname="Tests.Feature.Architecture.ControllerCoverageTest" assertions="8" time="0.055906"/>
          <testcase name="it loads every controller class and inspects its public actions with data set &quot;('E:\laragon\www\inventory\app/…er.php') #16&quot;" file="tests\Feature\Architecture\ControllerCoverageTest.php::it loads every controller class and inspects its public actions with data set &quot;('E:\laragon\www\inventory\app/…er.php') #16&quot;" class="Tests\Feature\Architecture\ControllerCoverageTest" classname="Tests.Feature.Architecture.ControllerCoverageTest" assertions="6" time="0.063241"/>
          <testcase name="it loads every controller class and inspects its public actions with data set &quot;('E:\laragon\www\inventory\app/…er.php') #17&quot;" file="tests\Feature\Architecture\ControllerCoverageTest.php::it loads every controller class and inspects its public actions with data set &quot;('E:\laragon\www\inventory\app/…er.php') #17&quot;" class="Tests\Feature\Architecture\ControllerCoverageTest" classname="Tests.Feature.Architecture.ControllerCoverageTest" assertions="8" time="0.052247"/>
          <testcase name="it loads every controller class and inspects its public actions with data set &quot;('E:\laragon\www\inventory\app/…er.php') #18&quot;" file="tests\Feature\Architecture\ControllerCoverageTest.php::it loads every controller class and inspects its public actions with data set &quot;('E:\laragon\www\inventory\app/…er.php') #18&quot;" class="Tests\Feature\Architecture\ControllerCoverageTest" classname="Tests.Feature.Architecture.ControllerCoverageTest" assertions="6" time="0.045956"/>
          <testcase name="it loads every controller class and inspects its public actions with data set &quot;('E:\laragon\www\inventory\app/…er.php') #19&quot;" file="tests\Feature\Architecture\ControllerCoverageTest.php::it loads every controller class and inspects its public actions with data set &quot;('E:\laragon\www\inventory\app/…er.php') #19&quot;" class="Tests\Feature\Architecture\ControllerCoverageTest" classname="Tests.Feature.Architecture.ControllerCoverageTest" assertions="8" time="0.046894"/>
          <testcase name="it loads every controller class and inspects its public actions with data set &quot;('E:\laragon\www\inventory\app/…er.php') #20&quot;" file="tests\Feature\Architecture\ControllerCoverageTest.php::it loads every controller class and inspects its public actions with data set &quot;('E:\laragon\www\inventory\app/…er.php') #20&quot;" class="Tests\Feature\Architecture\ControllerCoverageTest" classname="Tests.Feature.Architecture.ControllerCoverageTest" assertions="6" time="0.056794"/>
          <testcase name="it loads every controller class and inspects its public actions with data set &quot;('E:\laragon\www\inventory\app/…er.php') #21&quot;" file="tests\Feature\Architecture\ControllerCoverageTest.php::it loads every controller class and inspects its public actions with data set &quot;('E:\laragon\www\inventory\app/…er.php') #21&quot;" class="Tests\Feature\Architecture\ControllerCoverageTest" classname="Tests.Feature.Architecture.ControllerCoverageTest" assertions="20" time="0.053925"/>
          <testcase name="it loads every controller class and inspects its public actions with data set &quot;('E:\laragon\www\inventory\app/…er.php') #22&quot;" file="tests\Feature\Architecture\ControllerCoverageTest.php::it loads every controller class and inspects its public actions with data set &quot;('E:\laragon\www\inventory\app/…er.php') #22&quot;" class="Tests\Feature\Architecture\ControllerCoverageTest" classname="Tests.Feature.Architecture.ControllerCoverageTest" assertions="8" time="0.055616"/>
          <testcase name="it loads every controller class and inspects its public actions with data set &quot;('E:\laragon\www\inventory\app/…er.php') #23&quot;" file="tests\Feature\Architecture\ControllerCoverageTest.php::it loads every controller class and inspects its public actions with data set &quot;('E:\laragon\www\inventory\app/…er.php') #23&quot;" class="Tests\Feature\Architecture\ControllerCoverageTest" classname="Tests.Feature.Architecture.ControllerCoverageTest" assertions="14" time="0.075414"/>
          <testcase name="it loads every controller class and inspects its public actions with data set &quot;('E:\laragon\www\inventory\app/…er.php') #24&quot;" file="tests\Feature\Architecture\ControllerCoverageTest.php::it loads every controller class and inspects its public actions with data set &quot;('E:\laragon\www\inventory\app/…er.php') #24&quot;" class="Tests\Feature\Architecture\ControllerCoverageTest" classname="Tests.Feature.Architecture.ControllerCoverageTest" assertions="36" time="0.057748"/>
          <testcase name="it loads every controller class and inspects its public actions with data set &quot;('E:\laragon\www\inventory\app/…er.php') #25&quot;" file="tests\Feature\Architecture\ControllerCoverageTest.php::it loads every controller class and inspects its public actions with data set &quot;('E:\laragon\www\inventory\app/…er.php') #25&quot;" class="Tests\Feature\Architecture\ControllerCoverageTest" classname="Tests.Feature.Architecture.ControllerCoverageTest" assertions="12" time="0.046625"/>
          <testcase name="it loads every controller class and inspects its public actions with data set &quot;('E:\laragon\www\inventory\app/…er.php') #26&quot;" file="tests\Feature\Architecture\ControllerCoverageTest.php::it loads every controller class and inspects its public actions with data set &quot;('E:\laragon\www\inventory\app/…er.php') #26&quot;" class="Tests\Feature\Architecture\ControllerCoverageTest" classname="Tests.Feature.Architecture.ControllerCoverageTest" assertions="34" time="0.053168"/>
          <testcase name="it loads every controller class and inspects its public actions with data set &quot;('E:\laragon\www\inventory\app/…er.php') #27&quot;" file="tests\Feature\Architecture\ControllerCoverageTest.php::it loads every controller class and inspects its public actions with data set &quot;('E:\laragon\www\inventory\app/…er.php') #27&quot;" class="Tests\Feature\Architecture\ControllerCoverageTest" classname="Tests.Feature.Architecture.ControllerCoverageTest" assertions="24" time="0.063777"/>
          <testcase name="it loads every controller class and inspects its public actions with data set &quot;('E:\laragon\www\inventory\app/…er.php') #28&quot;" file="tests\Feature\Architecture\ControllerCoverageTest.php::it loads every controller class and inspects its public actions with data set &quot;('E:\laragon\www\inventory\app/…er.php') #28&quot;" class="Tests\Feature\Architecture\ControllerCoverageTest" classname="Tests.Feature.Architecture.ControllerCoverageTest" assertions="3" time="0.060984"/>
          <testcase name="it loads every controller class and inspects its public actions with data set &quot;('E:\laragon\www\inventory\app/…er.php') #29&quot;" file="tests\Feature\Architecture\ControllerCoverageTest.php::it loads every controller class and inspects its public actions with data set &quot;('E:\laragon\www\inventory\app/…er.php') #29&quot;" class="Tests\Feature\Architecture\ControllerCoverageTest" classname="Tests.Feature.Architecture.ControllerCoverageTest" assertions="10" time="0.062691"/>
          <testcase name="it loads every controller class and inspects its public actions with data set &quot;('E:\laragon\www\inventory\app/…er.php') #30&quot;" file="tests\Feature\Architecture\ControllerCoverageTest.php::it loads every controller class and inspects its public actions with data set &quot;('E:\laragon\www\inventory\app/…er.php') #30&quot;" class="Tests\Feature\Architecture\ControllerCoverageTest" classname="Tests.Feature.Architecture.ControllerCoverageTest" assertions="20" time="0.073125"/>
          <testcase name="it loads every controller class and inspects its public actions with data set &quot;('E:\laragon\www\inventory\app/…er.php') #31&quot;" file="tests\Feature\Architecture\ControllerCoverageTest.php::it loads every controller class and inspects its public actions with data set &quot;('E:\laragon\www\inventory\app/…er.php') #31&quot;" class="Tests\Feature\Architecture\ControllerCoverageTest" classname="Tests.Feature.Architecture.ControllerCoverageTest" assertions="10" time="0.064003"/>
          <testcase name="it loads every controller class and inspects its public actions with data set &quot;('E:\laragon\www\inventory\app/…er.php') #32&quot;" file="tests\Feature\Architecture\ControllerCoverageTest.php::it loads every controller class and inspects its public actions with data set &quot;('E:\laragon\www\inventory\app/…er.php') #32&quot;" class="Tests\Feature\Architecture\ControllerCoverageTest" classname="Tests.Feature.Architecture.ControllerCoverageTest" assertions="6" time="0.046313"/>
          <testcase name="it loads every controller class and inspects its public actions with data set &quot;('E:\laragon\www\inventory\app/…er.php') #33&quot;" file="tests\Feature\Architecture\ControllerCoverageTest.php::it loads every controller class and inspects its public actions with data set &quot;('E:\laragon\www\inventory\app/…er.php') #33&quot;" class="Tests\Feature\Architecture\ControllerCoverageTest" classname="Tests.Feature.Architecture.ControllerCoverageTest" assertions="6" time="0.051088"/>
          <testcase name="it loads every controller class and inspects its public actions with data set &quot;('E:\laragon\www\inventory\app/…er.php') #34&quot;" file="tests\Feature\Architecture\ControllerCoverageTest.php::it loads every controller class and inspects its public actions with data set &quot;('E:\laragon\www\inventory\app/…er.php') #34&quot;" class="Tests\Feature\Architecture\ControllerCoverageTest" classname="Tests.Feature.Architecture.ControllerCoverageTest" assertions="16" time="0.050628"/>
          <testcase name="it loads every controller class and inspects its public actions with data set &quot;('E:\laragon\www\inventory\app/…er.php') #35&quot;" file="tests\Feature\Architecture\ControllerCoverageTest.php::it loads every controller class and inspects its public actions with data set &quot;('E:\laragon\www\inventory\app/…er.php') #35&quot;" class="Tests\Feature\Architecture\ControllerCoverageTest" classname="Tests.Feature.Architecture.ControllerCoverageTest" assertions="8" time="0.047522"/>
          <testcase name="it loads every controller class and inspects its public actions with data set &quot;('E:\laragon\www\inventory\app/…er.php') #36&quot;" file="tests\Feature\Architecture\ControllerCoverageTest.php::it loads every controller class and inspects its public actions with data set &quot;('E:\laragon\www\inventory\app/…er.php') #36&quot;" class="Tests\Feature\Architecture\ControllerCoverageTest" classname="Tests.Feature.Architecture.ControllerCoverageTest" assertions="66" time="0.054051"/>
          <testcase name="it loads every controller class and inspects its public actions with data set &quot;('E:\laragon\www\inventory\app/…er.php') #37&quot;" file="tests\Feature\Architecture\ControllerCoverageTest.php::it loads every controller class and inspects its public actions with data set &quot;('E:\laragon\www\inventory\app/…er.php') #37&quot;" class="Tests\Feature\Architecture\ControllerCoverageTest" classname="Tests.Feature.Architecture.ControllerCoverageTest" assertions="6" time="0.058316"/>
          <testcase name="it loads every controller class and inspects its public actions with data set &quot;('E:\laragon\www\inventory\app/…er.php') #38&quot;" file="tests\Feature\Architecture\ControllerCoverageTest.php::it loads every controller class and inspects its public actions with data set &quot;('E:\laragon\www\inventory\app/…er.php') #38&quot;" class="Tests\Feature\Architecture\ControllerCoverageTest" classname="Tests.Feature.Architecture.ControllerCoverageTest" assertions="8" time="0.043437"/>
          <testcase name="it loads every controller class and inspects its public actions with data set &quot;('E:\laragon\www\inventory\app/…er.php') #39&quot;" file="tests\Feature\Architecture\ControllerCoverageTest.php::it loads every controller class and inspects its public actions with data set &quot;('E:\laragon\www\inventory\app/…er.php') #39&quot;" class="Tests\Feature\Architecture\ControllerCoverageTest" classname="Tests.Feature.Architecture.ControllerCoverageTest" assertions="20" time="0.048029"/>
          <testcase name="it loads every controller class and inspects its public actions with data set &quot;('E:\laragon\www\inventory\app/…er.php') #40&quot;" file="tests\Feature\Architecture\ControllerCoverageTest.php::it loads every controller class and inspects its public actions with data set &quot;('E:\laragon\www\inventory\app/…er.php') #40&quot;" class="Tests\Feature\Architecture\ControllerCoverageTest" classname="Tests.Feature.Architecture.ControllerCoverageTest" assertions="16" time="0.047443"/>
          <testcase name="it loads every controller class and inspects its public actions with data set &quot;('E:\laragon\www\inventory\app/…er.php') #41&quot;" file="tests\Feature\Architecture\ControllerCoverageTest.php::it loads every controller class and inspects its public actions with data set &quot;('E:\laragon\www\inventory\app/…er.php') #41&quot;" class="Tests\Feature\Architecture\ControllerCoverageTest" classname="Tests.Feature.Architecture.ControllerCoverageTest" assertions="10" time="0.052919"/>
          <testcase name="it loads every controller class and inspects its public actions with data set &quot;('E:\laragon\www\inventory\app/…er.php') #42&quot;" file="tests\Feature\Architecture\ControllerCoverageTest.php::it loads every controller class and inspects its public actions with data set &quot;('E:\laragon\www\inventory\app/…er.php') #42&quot;" class="Tests\Feature\Architecture\ControllerCoverageTest" classname="Tests.Feature.Architecture.ControllerCoverageTest" assertions="18" time="0.053964"/>
          <testcase name="it loads every controller class and inspects its public actions with data set &quot;('E:\laragon\www\inventory\app/…er.php') #43&quot;" file="tests\Feature\Architecture\ControllerCoverageTest.php::it loads every controller class and inspects its public actions with data set &quot;('E:\laragon\www\inventory\app/…er.php') #43&quot;" class="Tests\Feature\Architecture\ControllerCoverageTest" classname="Tests.Feature.Architecture.ControllerCoverageTest" assertions="24" time="0.052918"/>
          <testcase name="it loads every controller class and inspects its public actions with data set &quot;('E:\laragon\www\inventory\app/…er.php') #44&quot;" file="tests\Feature\Architecture\ControllerCoverageTest.php::it loads every controller class and inspects its public actions with data set &quot;('E:\laragon\www\inventory\app/…er.php') #44&quot;" class="Tests\Feature\Architecture\ControllerCoverageTest" classname="Tests.Feature.Architecture.ControllerCoverageTest" assertions="58" time="0.075498"/>
          <testcase name="it loads every controller class and inspects its public actions with data set &quot;('E:\laragon\www\inventory\app/…er.php') #45&quot;" file="tests\Feature\Architecture\ControllerCoverageTest.php::it loads every controller class and inspects its public actions with data set &quot;('E:\laragon\www\inventory\app/…er.php') #45&quot;" class="Tests\Feature\Architecture\ControllerCoverageTest" classname="Tests.Feature.Architecture.ControllerCoverageTest" assertions="28" time="0.044865"/>
          <testcase name="it loads every controller class and inspects its public actions with data set &quot;('E:\laragon\www\inventory\app/…er.php') #46&quot;" file="tests\Feature\Architecture\ControllerCoverageTest.php::it loads every controller class and inspects its public actions with data set &quot;('E:\laragon\www\inventory\app/…er.php') #46&quot;" class="Tests\Feature\Architecture\ControllerCoverageTest" classname="Tests.Feature.Architecture.ControllerCoverageTest" assertions="28" time="0.051379"/>
          <testcase name="it loads every controller class and inspects its public actions with data set &quot;('E:\laragon\www\inventory\app/…er.php') #47&quot;" file="tests\Feature\Architecture\ControllerCoverageTest.php::it loads every controller class and inspects its public actions with data set &quot;('E:\laragon\www\inventory\app/…er.php') #47&quot;" class="Tests\Feature\Architecture\ControllerCoverageTest" classname="Tests.Feature.Architecture.ControllerCoverageTest" assertions="16" time="0.046583"/>
          <testcase name="it loads every controller class and inspects its public actions with data set &quot;('E:\laragon\www\inventory\app/…er.php') #48&quot;" file="tests\Feature\Architecture\ControllerCoverageTest.php::it loads every controller class and inspects its public actions with data set &quot;('E:\laragon\www\inventory\app/…er.php') #48&quot;" class="Tests\Feature\Architecture\ControllerCoverageTest" classname="Tests.Feature.Architecture.ControllerCoverageTest" assertions="20" time="0.050786"/>
          <testcase name="it loads every controller class and inspects its public actions with data set &quot;('E:\laragon\www\inventory\app/…er.php') #49&quot;" file="tests\Feature\Architecture\ControllerCoverageTest.php::it loads every controller class and inspects its public actions with data set &quot;('E:\laragon\www\inventory\app/…er.php') #49&quot;" class="Tests\Feature\Architecture\ControllerCoverageTest" classname="Tests.Feature.Architecture.ControllerCoverageTest" assertions="10" time="0.054230"/>
          <testcase name="it loads every controller class and inspects its public actions with data set &quot;('E:\laragon\www\inventory\app/…er.php') #50&quot;" file="tests\Feature\Architecture\ControllerCoverageTest.php::it loads every controller class and inspects its public actions with data set &quot;('E:\laragon\www\inventory\app/…er.php') #50&quot;" class="Tests\Feature\Architecture\ControllerCoverageTest" classname="Tests.Feature.Architecture.ControllerCoverageTest" assertions="6" time="0.056924"/>
          <testcase name="it loads every controller class and inspects its public actions with data set &quot;('E:\laragon\www\inventory\app/…er.php') #51&quot;" file="tests\Feature\Architecture\ControllerCoverageTest.php::it loads every controller class and inspects its public actions with data set &quot;('E:\laragon\www\inventory\app/…er.php') #51&quot;" class="Tests\Feature\Architecture\ControllerCoverageTest" classname="Tests.Feature.Architecture.ControllerCoverageTest" assertions="6" time="0.084738"/>
          <testcase name="it loads every controller class and inspects its public actions with data set &quot;('E:\laragon\www\inventory\app/…er.php') #52&quot;" file="tests\Feature\Architecture\ControllerCoverageTest.php::it loads every controller class and inspects its public actions with data set &quot;('E:\laragon\www\inventory\app/…er.php') #52&quot;" class="Tests\Feature\Architecture\ControllerCoverageTest" classname="Tests.Feature.Architecture.ControllerCoverageTest" assertions="12" time="0.053615"/>
          <testcase name="it loads every controller class and inspects its public actions with data set &quot;('E:\laragon\www\inventory\app/…er.php') #53&quot;" file="tests\Feature\Architecture\ControllerCoverageTest.php::it loads every controller class and inspects its public actions with data set &quot;('E:\laragon\www\inventory\app/…er.php') #53&quot;" class="Tests\Feature\Architecture\ControllerCoverageTest" classname="Tests.Feature.Architecture.ControllerCoverageTest" assertions="10" time="0.053572"/>
          <testcase name="it loads every controller class and inspects its public actions with data set &quot;('E:\laragon\www\inventory\app/…er.php') #54&quot;" file="tests\Feature\Architecture\ControllerCoverageTest.php::it loads every controller class and inspects its public actions with data set &quot;('E:\laragon\www\inventory\app/…er.php') #54&quot;" class="Tests\Feature\Architecture\ControllerCoverageTest" classname="Tests.Feature.Architecture.ControllerCoverageTest" assertions="22" time="0.049982"/>
          <testcase name="it loads every controller class and inspects its public actions with data set &quot;('E:\laragon\www\inventory\app/…er.php') #55&quot;" file="tests\Feature\Architecture\ControllerCoverageTest.php::it loads every controller class and inspects its public actions with data set &quot;('E:\laragon\www\inventory\app/…er.php') #55&quot;" class="Tests\Feature\Architecture\ControllerCoverageTest" classname="Tests.Feature.Architecture.ControllerCoverageTest" assertions="8" time="0.049381"/>
          <testcase name="it loads every controller class and inspects its public actions with data set &quot;('E:\laragon\www\inventory\app/…er.php') #56&quot;" file="tests\Feature\Architecture\ControllerCoverageTest.php::it loads every controller class and inspects its public actions with data set &quot;('E:\laragon\www\inventory\app/…er.php') #56&quot;" class="Tests\Feature\Architecture\ControllerCoverageTest" classname="Tests.Feature.Architecture.ControllerCoverageTest" assertions="6" time="0.049548"/>
          <testcase name="it loads every controller class and inspects its public actions with data set &quot;('E:\laragon\www\inventory\app/…er.php') #57&quot;" file="tests\Feature\Architecture\ControllerCoverageTest.php::it loads every controller class and inspects its public actions with data set &quot;('E:\laragon\www\inventory\app/…er.php') #57&quot;" class="Tests\Feature\Architecture\ControllerCoverageTest" classname="Tests.Feature.Architecture.ControllerCoverageTest" assertions="16" time="0.048671"/>
          <testcase name="it loads every controller class and inspects its public actions with data set &quot;('E:\laragon\www\inventory\app/…er.php') #58&quot;" file="tests\Feature\Architecture\ControllerCoverageTest.php::it loads every controller class and inspects its public actions with data set &quot;('E:\laragon\www\inventory\app/…er.php') #58&quot;" class="Tests\Feature\Architecture\ControllerCoverageTest" classname="Tests.Feature.Architecture.ControllerCoverageTest" assertions="30" time="0.065680"/>
          <testcase name="it loads every controller class and inspects its public actions with data set &quot;('E:\laragon\www\inventory\app/…er.php') #59&quot;" file="tests\Feature\Architecture\ControllerCoverageTest.php::it loads every controller class and inspects its public actions with data set &quot;('E:\laragon\www\inventory\app/…er.php') #59&quot;" class="Tests\Feature\Architecture\ControllerCoverageTest" classname="Tests.Feature.Architecture.ControllerCoverageTest" assertions="20" time="0.052339"/>
          <testcase name="it loads every controller class and inspects its public actions with data set &quot;('E:\laragon\www\inventory\app/…er.php') #60&quot;" file="tests\Feature\Architecture\ControllerCoverageTest.php::it loads every controller class and inspects its public actions with data set &quot;('E:\laragon\www\inventory\app/…er.php') #60&quot;" class="Tests\Feature\Architecture\ControllerCoverageTest" classname="Tests.Feature.Architecture.ControllerCoverageTest" assertions="20" time="0.048957"/>
          <testcase name="it loads every controller class and inspects its public actions with data set &quot;('E:\laragon\www\inventory\app/…er.php') #61&quot;" file="tests\Feature\Architecture\ControllerCoverageTest.php::it loads every controller class and inspects its public actions with data set &quot;('E:\laragon\www\inventory\app/…er.php') #61&quot;" class="Tests\Feature\Architecture\ControllerCoverageTest" classname="Tests.Feature.Architecture.ControllerCoverageTest" assertions="12" time="0.052310"/>
          <testcase name="it loads every controller class and inspects its public actions with data set &quot;('E:\laragon\www\inventory\app/…er.php') #62&quot;" file="tests\Feature\Architecture\ControllerCoverageTest.php::it loads every controller class and inspects its public actions with data set &quot;('E:\laragon\www\inventory\app/…er.php') #62&quot;" class="Tests\Feature\Architecture\ControllerCoverageTest" classname="Tests.Feature.Architecture.ControllerCoverageTest" assertions="8" time="0.048619"/>
          <testcase name="it loads every controller class and inspects its public actions with data set &quot;('E:\laragon\www\inventory\app/…er.php') #63&quot;" file="tests\Feature\Architecture\ControllerCoverageTest.php::it loads every controller class and inspects its public actions with data set &quot;('E:\laragon\www\inventory\app/…er.php') #63&quot;" class="Tests\Feature\Architecture\ControllerCoverageTest" classname="Tests.Feature.Architecture.ControllerCoverageTest" assertions="6" time="0.050887"/>
          <testcase name="it loads every controller class and inspects its public actions with data set &quot;('E:\laragon\www\inventory\app/…er.php') #64&quot;" file="tests\Feature\Architecture\ControllerCoverageTest.php::it loads every controller class and inspects its public actions with data set &quot;('E:\laragon\www\inventory\app/…er.php') #64&quot;" class="Tests\Feature\Architecture\ControllerCoverageTest" classname="Tests.Feature.Architecture.ControllerCoverageTest" assertions="30" time="0.050208"/>
          <testcase name="it loads every controller class and inspects its public actions with data set &quot;('E:\laragon\www\inventory\app/…er.php') #65&quot;" file="tests\Feature\Architecture\ControllerCoverageTest.php::it loads every controller class and inspects its public actions with data set &quot;('E:\laragon\www\inventory\app/…er.php') #65&quot;" class="Tests\Feature\Architecture\ControllerCoverageTest" classname="Tests.Feature.Architecture.ControllerCoverageTest" assertions="8" time="0.060023"/>
          <testcase name="it loads every controller class and inspects its public actions with data set &quot;('E:\laragon\www\inventory\app/…er.php') #66&quot;" file="tests\Feature\Architecture\ControllerCoverageTest.php::it loads every controller class and inspects its public actions with data set &quot;('E:\laragon\www\inventory\app/…er.php') #66&quot;" class="Tests\Feature\Architecture\ControllerCoverageTest" classname="Tests.Feature.Architecture.ControllerCoverageTest" assertions="8" time="0.053159"/>
          <testcase name="it loads every controller class and inspects its public actions with data set &quot;('E:\laragon\www\inventory\app/…er.php') #67&quot;" file="tests\Feature\Architecture\ControllerCoverageTest.php::it loads every controller class and inspects its public actions with data set &quot;('E:\laragon\www\inventory\app/…er.php') #67&quot;" class="Tests\Feature\Architecture\ControllerCoverageTest" classname="Tests.Feature.Architecture.ControllerCoverageTest" assertions="68" time="0.055034"/>
          <testcase name="it loads every controller class and inspects its public actions with data set &quot;('E:\laragon\www\inventory\app/…er.php') #68&quot;" file="tests\Feature\Architecture\ControllerCoverageTest.php::it loads every controller class and inspects its public actions with data set &quot;('E:\laragon\www\inventory\app/…er.php') #68&quot;" class="Tests\Feature\Architecture\ControllerCoverageTest" classname="Tests.Feature.Architecture.ControllerCoverageTest" assertions="44" time="0.052381"/>
          <testcase name="it loads every controller class and inspects its public actions with data set &quot;('E:\laragon\www\inventory\app/…er.php') #69&quot;" file="tests\Feature\Architecture\ControllerCoverageTest.php::it loads every controller class and inspects its public actions with data set &quot;('E:\laragon\www\inventory\app/…er.php') #69&quot;" class="Tests\Feature\Architecture\ControllerCoverageTest" classname="Tests.Feature.Architecture.ControllerCoverageTest" assertions="18" time="0.051067"/>
          <testcase name="it loads every controller class and inspects its public actions with data set &quot;('E:\laragon\www\inventory\app/…er.php') #70&quot;" file="tests\Feature\Architecture\ControllerCoverageTest.php::it loads every controller class and inspects its public actions with data set &quot;('E:\laragon\www\inventory\app/…er.php') #70&quot;" class="Tests\Feature\Architecture\ControllerCoverageTest" classname="Tests.Feature.Architecture.ControllerCoverageTest" assertions="10" time="0.047359"/>
          <testcase name="it loads every controller class and inspects its public actions with data set &quot;('E:\laragon\www\inventory\app/…er.php') #71&quot;" file="tests\Feature\Architecture\ControllerCoverageTest.php::it loads every controller class and inspects its public actions with data set &quot;('E:\laragon\www\inventory\app/…er.php') #71&quot;" class="Tests\Feature\Architecture\ControllerCoverageTest" classname="Tests.Feature.Architecture.ControllerCoverageTest" assertions="24" time="0.050743"/>
          <testcase name="it loads every controller class and inspects its public actions with data set &quot;('E:\laragon\www\inventory\app/…er.php') #72&quot;" file="tests\Feature\Architecture\ControllerCoverageTest.php::it loads every controller class and inspects its public actions with data set &quot;('E:\laragon\www\inventory\app/…er.php') #72&quot;" class="Tests\Feature\Architecture\ControllerCoverageTest" classname="Tests.Feature.Architecture.ControllerCoverageTest" assertions="8" time="0.063232"/>
          <testcase name="it loads every controller class and inspects its public actions with data set &quot;('E:\laragon\www\inventory\app/…er.php') #73&quot;" file="tests\Feature\Architecture\ControllerCoverageTest.php::it loads every controller class and inspects its public actions with data set &quot;('E:\laragon\www\inventory\app/…er.php') #73&quot;" class="Tests\Feature\Architecture\ControllerCoverageTest" classname="Tests.Feature.Architecture.ControllerCoverageTest" assertions="10" time="0.052488"/>
          <testcase name="it loads every controller class and inspects its public actions with data set &quot;('E:\laragon\www\inventory\app/…er.php') #74&quot;" file="tests\Feature\Architecture\ControllerCoverageTest.php::it loads every controller class and inspects its public actions with data set &quot;('E:\laragon\www\inventory\app/…er.php') #74&quot;" class="Tests\Feature\Architecture\ControllerCoverageTest" classname="Tests.Feature.Architecture.ControllerCoverageTest" assertions="8" time="0.052647"/>
        </testsuite>
        <testcase name="it ensures all controller actions referenced by routes exist" file="tests\Feature\Architecture\ControllerCoverageTest.php::it ensures all controller actions referenced by routes exist" class="Tests\Feature\Architecture\ControllerCoverageTest" classname="Tests.Feature.Architecture.ControllerCoverageTest" assertions="809" time="27.012403"/>
      </testsuite>
      <testsuite name="Tests\Feature\AssetTrusteePermissionTest" file="Asset Trustee Permission (Tests\Feature\AssetTrusteePermission)" tests="3" assertions="6" errors="0" failures="3" skipped="0" time="0.295257">
        <testcase name="Page assets alone can view asset pages but cannot run document actions" file="Asset Trustee Permission (Tests\Feature\AssetTrusteePermission)::Page assets alone can view asset pages but cannot run document actions" class="Tests\Feature\AssetTrusteePermissionTest" classname="Tests.Feature.AssetTrusteePermissionTest" assertions="2" time="0.146887">
          <failure type="PHPUnit\Framework\ExpectationFailedException">Page assets alone can view asset pages but cannot run document actionsExpected response status code [200] but received 503.
Failed asserting that 503 is identical to 200.&#13;
at vendor\laravel\framework\src\Illuminate\Testing\TestResponseAssert.php:45
at vendor\laravel\framework\src\Illuminate\Testing\TestResponse.php:175
at vendor\laravel\framework\src\Illuminate\Testing\Concerns\AssertsStatusCodes.php:16
at tests\Feature\AssetTrusteePermissionTest.php:33</failure>
        </testcase>
        <testcase name="Asset document action permissions unlock only their own operations" file="Asset Trustee Permission (Tests\Feature\AssetTrusteePermission)::Asset document action permissions unlock only their own operations" class="Tests\Feature\AssetTrusteePermissionTest" classname="Tests.Feature.AssetTrusteePermissionTest" assertions="2" time="0.078620">
          <failure type="PHPUnit\Framework\ExpectationFailedException">Asset document action permissions unlock only their own operationsExpected response status code [200] but received 503.
Failed asserting that 503 is identical to 200.&#13;
at vendor\laravel\framework\src\Illuminate\Testing\TestResponseAssert.php:45
at vendor\laravel\framework\src\Illuminate\Testing\TestResponse.php:175
at vendor\laravel\framework\src\Illuminate\Testing\Concerns\AssertsStatusCodes.php:16
at tests\Feature\AssetTrusteePermissionTest.php:51</failure>
        </testcase>
        <testcase name="Asset action permission without page assets cannot enter asset workflow" file="Asset Trustee Permission (Tests\Feature\AssetTrusteePermission)::Asset action permission without page assets cannot enter asset workflow" class="Tests\Feature\AssetTrusteePermissionTest" classname="Tests.Feature.AssetTrusteePermissionTest" assertions="2" time="0.069750">
          <failure type="PHPUnit\Framework\ExpectationFailedException">Asset action permission without page assets cannot enter asset workflowExpected response status code [403] but received 503.
Failed asserting that 503 is identical to 403.&#13;
at vendor\laravel\framework\src\Illuminate\Testing\TestResponseAssert.php:45
at vendor\laravel\framework\src\Illuminate\Testing\TestResponse.php:175
at vendor\laravel\framework\src\Illuminate\Testing\Concerns\AssertsStatusCodes.php:141
at tests\Feature\AssetTrusteePermissionTest.php:85</failure>
        </testcase>
      </testsuite>
      <testsuite name="Tests\Feature\AuditSalesDiscountIntegrityCommandTest" file="tests\Feature\AuditSalesDiscountIntegrityCommandTest.php" tests="2" assertions="11" errors="0" failures="0" skipped="0" time="0.117877">
        <testcase name="it audits without writing by default and accepts the explicit dry-run option" file="tests\Feature\AuditSalesDiscountIntegrityCommandTest.php::it audits without writing by default and accepts the explicit dry-run option" class="Tests\Feature\AuditSalesDiscountIntegrityCommandTest" classname="Tests.Feature.AuditSalesDiscountIntegrityCommandTest" assertions="4" time="0.070487"/>
        <testcase name="it supports a targeted invoice repair invocation without hardcoded document numbers" file="tests\Feature\AuditSalesDiscountIntegrityCommandTest.php::it supports a targeted invoice repair invocation without hardcoded document numbers" class="Tests\Feature\AuditSalesDiscountIntegrityCommandTest" classname="Tests.Feature.AuditSalesDiscountIntegrityCommandTest" assertions="7" time="0.047390"/>
      </testsuite>
      <testsuite name="Tests\Feature\AuthorizationCatalogRegressionTest" file="Authorization Catalog Regression (Tests\Feature\AuthorizationCatalogRegression)" tests="10" assertions="27" errors="0" failures="6" skipped="0" time="0.778318">
        <testcase name="Permissions sync creates every page permission and is idempotent" file="Authorization Catalog Regression (Tests\Feature\AuthorizationCatalogRegression)::Permissions sync creates every page permission and is idempotent" class="Tests\Feature\AuthorizationCatalogRegressionTest" classname="Tests.Feature.AuthorizationCatalogRegressionTest" assertions="10" time="0.084144"/>
        <testcase name="Role form is catalog driven and contains required pages" file="Authorization Catalog Regression (Tests\Feature\AuthorizationCatalogRegression)::Role form is catalog driven and contains required pages" class="Tests\Feature\AuthorizationCatalogRegressionTest" classname="Tests.Feature.AuthorizationCatalogRegressionTest" assertions="1" time="0.060492">
          <failure type="PHPUnit\Framework\ExpectationFailedException">Role form is catalog driven and contains required pagesExpected response status code [200] but received 503.
Failed asserting that 503 is identical to 200.&#13;
at vendor\laravel\framework\src\Illuminate\Testing\TestResponseAssert.php:45
at vendor\laravel\framework\src\Illuminate\Testing\TestResponse.php:175
at vendor\laravel\framework\src\Illuminate\Testing\Concerns\AssertsStatusCodes.php:16
at tests\Feature\AuthorizationCatalogRegressionTest.php:47</failure>
        </testcase>
        <testcase name="Role save preserves hidden permission while managed page can be removed" file="Authorization Catalog Regression (Tests\Feature\AuthorizationCatalogRegression)::Role save preserves hidden permission while managed page can be removed" class="Tests\Feature\AuthorizationCatalogRegressionTest" classname="Tests.Feature.AuthorizationCatalogRegressionTest" assertions="1" time="0.060990">
          <failure type="PHPUnit\Framework\ExpectationFailedException">Role save preserves hidden permission while managed page can be removedExpected response status code [201, 301, 302, 303, 307, 308] but received 503.
Failed asserting that false is true.&#13;
at vendor\laravel\framework\src\Illuminate\Testing\TestResponseAssert.php:45
at vendor\laravel\framework\src\Illuminate\Testing\TestResponse.php:200
at tests\Feature\AuthorizationCatalogRegressionTest.php:67</failure>
        </testcase>
        <testcase name="Sales return page routes allow role permission and deny missing permission" file="Authorization Catalog Regression (Tests\Feature\AuthorizationCatalogRegression)::Sales return page routes allow role permission and deny missing permission" class="Tests\Feature\AuthorizationCatalogRegressionTest" classname="Tests.Feature.AuthorizationCatalogRegressionTest" assertions="1" time="0.073803">
          <failure type="PHPUnit\Framework\ExpectationFailedException">Sales return page routes allow role permission and deny missing permissionExpected response status code [403] but received 503.
Failed asserting that 503 is identical to 403.&#13;
at vendor\laravel\framework\src\Illuminate\Testing\TestResponseAssert.php:45
at vendor\laravel\framework\src\Illuminate\Testing\TestResponse.php:175
at vendor\laravel\framework\src\Illuminate\Testing\Concerns\AssertsStatusCodes.php:141
at tests\Feature\AuthorizationCatalogRegressionTest.php:78</failure>
        </testcase>
        <testcase name="Sales return sensitive destination override remains independent" file="Authorization Catalog Regression (Tests\Feature\AuthorizationCatalogRegression)::Sales return sensitive destination override remains independent" class="Tests\Feature\AuthorizationCatalogRegressionTest" classname="Tests.Feature.AuthorizationCatalogRegressionTest" assertions="5" time="0.140716"/>
        <testcase name="Invoice reassignment routes are denied without and available with page permission" file="Authorization Catalog Regression (Tests\Feature\AuthorizationCatalogRegression)::Invoice reassignment routes are denied without and available with page permission" class="Tests\Feature\AuthorizationCatalogRegressionTest" classname="Tests.Feature.AuthorizationCatalogRegressionTest" assertions="1" time="0.051623">
          <failure type="PHPUnit\Framework\ExpectationFailedException">Invoice reassignment routes are denied without and available with page permissionExpected response status code [403] but received 503.
Failed asserting that 503 is identical to 403.&#13;
at vendor\laravel\framework\src\Illuminate\Testing\TestResponseAssert.php:45
at vendor\laravel\framework\src\Illuminate\Testing\TestResponse.php:175
at vendor\laravel\framework\src\Illuminate\Testing\Concerns\AssertsStatusCodes.php:141
at tests\Feature\AuthorizationCatalogRegressionTest.php:110</failure>
        </testcase>
        <testcase name="Owner bypasses page checks" file="Authorization Catalog Regression (Tests\Feature\AuthorizationCatalogRegression)::Owner bypasses page checks" class="Tests\Feature\AuthorizationCatalogRegressionTest" classname="Tests.Feature.AuthorizationCatalogRegressionTest" assertions="1" time="0.063479">
          <failure type="PHPUnit\Framework\ExpectationFailedException">Owner bypasses page checksExpected response status code [200] but received 503.
Failed asserting that 503 is identical to 200.&#13;
at vendor\laravel\framework\src\Illuminate\Testing\TestResponseAssert.php:45
at vendor\laravel\framework\src\Illuminate\Testing\TestResponse.php:175
at vendor\laravel\framework\src\Illuminate\Testing\Concerns\AssertsStatusCodes.php:16
at tests\Feature\AuthorizationCatalogRegressionTest.php:123</failure>
        </testcase>
        <testcase name="Sidebar visibility and sales return active state follow page permissions" file="Authorization Catalog Regression (Tests\Feature\AuthorizationCatalogRegression)::Sidebar visibility and sales return active state follow page permissions" class="Tests\Feature\AuthorizationCatalogRegressionTest" classname="Tests.Feature.AuthorizationCatalogRegressionTest" assertions="1" time="0.063905">
          <failure type="PHPUnit\Framework\ExpectationFailedException">Sidebar visibility and sales return active state follow page permissionsExpected response status code [200] but received 503.
Failed asserting that 503 is identical to 200.&#13;
at vendor\laravel\framework\src\Illuminate\Testing\TestResponseAssert.php:45
at vendor\laravel\framework\src\Illuminate\Testing\TestResponse.php:175
at vendor\laravel\framework\src\Illuminate\Testing\Concerns\AssertsStatusCodes.php:16
at tests\Feature\AuthorizationCatalogRegressionTest.php:133</failure>
        </testcase>
        <testcase name="Missing active keys and version hash include page catalog" file="Authorization Catalog Regression (Tests\Feature\AuthorizationCatalogRegression)::Missing active keys and version hash include page catalog" class="Tests\Feature\AuthorizationCatalogRegressionTest" classname="Tests.Feature.AuthorizationCatalogRegressionTest" assertions="4" time="0.079700"/>
        <testcase name="Critical named routes have explicit page owners" file="Authorization Catalog Regression (Tests\Feature\AuthorizationCatalogRegression)::Critical named routes have explicit page owners" class="Tests\Feature\AuthorizationCatalogRegressionTest" classname="Tests.Feature.AuthorizationCatalogRegressionTest" assertions="2" time="0.099466"/>
      </testsuite>
      <testsuite name="Tests\Feature\AutoLoginTest" file="Auto Login (Tests\Feature\AutoLogin)" tests="1" assertions="1" errors="0" failures="0" skipped="0" time="0.112219">
        <testcase name="Legacy phone based auto login is not available" file="Auto Login (Tests\Feature\AutoLogin)::Legacy phone based auto login is not available" class="Tests\Feature\AutoLoginTest" classname="Tests.Feature.AutoLoginTest" assertions="1" time="0.112219"/>
      </testsuite>
      <testsuite name="Tests\Feature\CommercialCommissionAccessAndUiTest" file="tests\Feature\CommercialCommissionAccessAndUiTest.php" tests="8" assertions="32" errors="0" failures="5" skipped="0" time="0.581106">
        <testcase name="it enforces page access for guests users and owners" file="tests\Feature\CommercialCommissionAccessAndUiTest.php::it enforces page access for guests users and owners" class="Tests\Feature\CommercialCommissionAccessAndUiTest" classname="Tests.Feature.CommercialCommissionAccessAndUiTest" assertions="1" time="0.072266">
          <failure type="PHPUnit\Framework\ExpectationFailedException">it enforces page access for guests users and ownersExpected response status code [201, 301, 302, 303, 307, 308] but received 503.
Failed asserting that false is true.&#13;
at vendor\laravel\framework\src\Illuminate\Testing\TestResponseAssert.php:45
at vendor\laravel\framework\src\Illuminate\Testing\TestResponse.php:200
at tests\Feature\CommercialCommissionAccessAndUiTest.php:41</failure>
        </testcase>
        <testcase name="it keeps rate mutations behind their action permission" file="tests\Feature\CommercialCommissionAccessAndUiTest.php::it keeps rate mutations behind their action permission" class="Tests\Feature\CommercialCommissionAccessAndUiTest" classname="Tests.Feature.CommercialCommissionAccessAndUiTest" assertions="1" time="0.058011">
          <failure type="PHPUnit\Framework\ExpectationFailedException">it keeps rate mutations behind their action permissionExpected response status code [403] but received 503.
Failed asserting that 503 is identical to 403.&#13;
at vendor\laravel\framework\src\Illuminate\Testing\TestResponseAssert.php:45
at vendor\laravel\framework\src\Illuminate\Testing\TestResponse.php:175
at vendor\laravel\framework\src\Illuminate\Testing\Concerns\AssertsStatusCodes.php:141
at tests\Feature\CommercialCommissionAccessAndUiTest.php:60</failure>
        </testcase>
        <testcase name="it separates campaign and period mutations from page access" file="tests\Feature\CommercialCommissionAccessAndUiTest.php::it separates campaign and period mutations from page access" class="Tests\Feature\CommercialCommissionAccessAndUiTest" classname="Tests.Feature.CommercialCommissionAccessAndUiTest" assertions="1" time="0.080668">
          <failure type="PHPUnit\Framework\ExpectationFailedException">it separates campaign and period mutations from page accessExpected response status code [403] but received 503.
Failed asserting that 503 is identical to 403.&#13;
at vendor\laravel\framework\src\Illuminate\Testing\TestResponseAssert.php:45
at vendor\laravel\framework\src\Illuminate\Testing\TestResponse.php:175
at vendor\laravel\framework\src\Illuminate\Testing\Concerns\AssertsStatusCodes.php:141
at tests\Feature\CommercialCommissionAccessAndUiTest.php:68</failure>
        </testcase>
        <testcase name="it shows the commercial menu item only through page access" file="tests\Feature\CommercialCommissionAccessAndUiTest.php::it shows the commercial menu item only through page access" class="Tests\Feature\CommercialCommissionAccessAndUiTest" classname="Tests.Feature.CommercialCommissionAccessAndUiTest" assertions="2" time="0.114576"/>
        <testcase name="it keeps the lazy rate tree query count bounded as the catalog grows" file="tests\Feature\CommercialCommissionAccessAndUiTest.php::it keeps the lazy rate tree query count bounded as the catalog grows" class="Tests\Feature\CommercialCommissionAccessAndUiTest" classname="Tests.Feature.CommercialCommissionAccessAndUiTest" assertions="3" time="0.078228"/>
        <testcase name="it searches rate tree categories products and variants without loading the full catalog" file="tests\Feature\CommercialCommissionAccessAndUiTest.php::it searches rate tree categories products and variants without loading the full catalog" class="Tests\Feature\CommercialCommissionAccessAndUiTest" classname="Tests.Feature.CommercialCommissionAccessAndUiTest" assertions="3" time="0.059014">
          <failure type="PHPUnit\Framework\ExpectationFailedException">it searches rate tree categories products and variants without loading the full catalogExpected response status code [200] but received 503.
Failed asserting that 503 is identical to 200.&#13;
at vendor\laravel\framework\src\Illuminate\Testing\TestResponseAssert.php:45
at vendor\laravel\framework\src\Illuminate\Testing\TestResponse.php:175
at vendor\laravel\framework\src\Illuminate\Testing\Concerns\AssertsStatusCodes.php:16
at tests\Feature\CommercialCommissionAccessAndUiTest.php:116</failure>
        </testcase>
        <testcase name="it exposes own inherited effective and source values for the rate tree ui" file="tests\Feature\CommercialCommissionAccessAndUiTest.php::it exposes own inherited effective and source values for the rate tree ui" class="Tests\Feature\CommercialCommissionAccessAndUiTest" classname="Tests.Feature.CommercialCommissionAccessAndUiTest" assertions="20" time="0.061226"/>
        <testcase name="it protects recalculation and seller details with action and seller scope permissions" file="tests\Feature\CommercialCommissionAccessAndUiTest.php::it protects recalculation and seller details with action and seller scope permissions" class="Tests\Feature\CommercialCommissionAccessAndUiTest" classname="Tests.Feature.CommercialCommissionAccessAndUiTest" assertions="1" time="0.057119">
          <failure type="PHPUnit\Framework\ExpectationFailedException">it protects recalculation and seller details with action and seller scope permissionsExpected response status code [403] but received 503.
Failed asserting that 503 is identical to 403.&#13;
at vendor\laravel\framework\src\Illuminate\Testing\TestResponseAssert.php:45
at vendor\laravel\framework\src\Illuminate\Testing\TestResponse.php:175
at vendor\laravel\framework\src\Illuminate\Testing\Concerns\AssertsStatusCodes.php:141
at tests\Feature\CommercialCommissionAccessAndUiTest.php:159</failure>
        </testcase>
      </testsuite>
      <testsuite name="Tests\Feature\CommissionCalculationEngineTest" file="tests\Feature\CommissionCalculationEngineTest.php" tests="7" assertions="30" errors="0" failures="0" skipped="0" time="0.794397">
        <testcase name="it calculates each invoice item from canonical discounts without shipping and snapshots additive rates" file="tests\Feature\CommissionCalculationEngineTest.php::it calculates each invoice item from canonical discounts without shipping and snapshots additive rates" class="Tests\Feature\CommissionCalculationEngineTest" classname="Tests.Feature.CommissionCalculationEngineTest" assertions="13" time="0.106312"/>
        <testcase name="it uses historical invoice date and deterministic integer rounding while distinguishing missing and explicit zero" file="tests\Feature\CommissionCalculationEngineTest.php::it uses historical invoice date and deterministic integer rounding while distinguishing missing and explicit zero" class="Tests\Feature\CommissionCalculationEngineTest" classname="Tests.Feature.CommissionCalculationEngineTest" assertions="3" time="0.130106"/>
        <testcase name="it recalculates idempotently and supersedes changed or cancelled invoice entries" file="tests\Feature\CommissionCalculationEngineTest.php::it recalculates idempotently and supersedes changed or cancelled invoice entries" class="Tests\Feature\CommissionCalculationEngineTest" classname="Tests.Feature.CommissionCalculationEngineTest" assertions="5" time="0.112388"/>
        <testcase name="it includes the inclusive period start and excludes the exclusive end boundary" file="tests\Feature\CommissionCalculationEngineTest.php::it includes the inclusive period start and excludes the exclusive end boundary" class="Tests\Feature\CommissionCalculationEngineTest" classname="Tests.Feature.CommissionCalculationEngineTest" assertions="3" time="0.117520"/>
        <testcase name="it reconciles the canonical effective seller after reassignment in an open period" file="tests\Feature\CommissionCalculationEngineTest.php::it reconciles the canonical effective seller after reassignment in an open period" class="Tests\Feature\CommissionCalculationEngineTest" classname="Tests.Feature.CommissionCalculationEngineTest" assertions="2" time="0.103285"/>
        <testcase name="it enforces one active ledger row per period and invoice item at database level" file="tests\Feature\CommissionCalculationEngineTest.php::it enforces one active ledger row per period and invoice item at database level" class="Tests\Feature\CommissionCalculationEngineTest" classname="Tests.Feature.CommissionCalculationEngineTest" assertions="1" time="0.117679"/>
        <testcase name="it preserves historical snapshots without locking a deleted source item" file="tests\Feature\CommissionCalculationEngineTest.php::it preserves historical snapshots without locking a deleted source item" class="Tests\Feature\CommissionCalculationEngineTest" classname="Tests.Feature.CommissionCalculationEngineTest" assertions="3" time="0.107107"/>
      </testsuite>
      <testsuite name="Tests\Feature\CommissionCampaignFoundationTest" file="tests\Feature\CommissionCampaignFoundationTest.php" tests="3" assertions="11" errors="0" failures="0" skipped="0" time="0.232703">
        <testcase name="it applies one additive campaign bonus across category product and variant matches" file="tests\Feature\CommissionCampaignFoundationTest.php::it applies one additive campaign bonus across category product and variant matches" class="Tests\Feature\CommissionCampaignFoundationTest" classname="Tests.Feature.CommissionCampaignFoundationTest" assertions="4" time="0.101388"/>
        <testcase name="it cascades category targets to descendants and rejects overlapping campaigns" file="tests\Feature\CommissionCampaignFoundationTest.php::it cascades category targets to descendants and rejects overlapping campaigns" class="Tests\Feature\CommissionCampaignFoundationTest" classname="Tests.Feature.CommissionCampaignFoundationTest" assertions="3" time="0.066690"/>
        <testcase name="it keeps the previous campaign and targets when editing" file="tests\Feature\CommissionCampaignFoundationTest.php::it keeps the previous campaign and targets when editing" class="Tests\Feature\CommissionCampaignFoundationTest" classname="Tests.Feature.CommissionCampaignFoundationTest" assertions="4" time="0.064625"/>
      </testsuite>
      <testsuite name="Tests\Feature\CommissionDocumentWorkflowTest" file="tests\Feature\CommissionDocumentWorkflowTest.php" tests="6" assertions="24" errors="0" failures="1" skipped="0" time="0.883139">
        <testcase name="it creates one seller period document and auto imports eligible invoices as active pending claims" file="tests\Feature\CommissionDocumentWorkflowTest.php::it creates one seller period document and auto imports eligible invoices as active pending claims" class="Tests\Feature\CommissionDocumentWorkflowTest" classname="Tests.Feature.CommissionDocumentWorkflowTest" assertions="4" time="0.153290"/>
        <testcase name="it enforces active claim uniqueness at the database and releases rejected or removed invoices" file="tests\Feature\CommissionDocumentWorkflowTest.php::it enforces active claim uniqueness at the database and releases rejected or removed invoices" class="Tests\Feature\CommissionDocumentWorkflowTest" classname="Tests.Feature.CommissionDocumentWorkflowTest" assertions="5" time="0.113808"/>
        <testcase name="it requires an outside-period reason and uses the historical ledger snapshot" file="tests\Feature\CommissionDocumentWorkflowTest.php::it requires an outside-period reason and uses the historical ledger snapshot" class="Tests\Feature\CommissionDocumentWorkflowTest" classname="Tests.Feature.CommissionDocumentWorkflowTest" assertions="3" time="0.087320"/>
        <testcase name="it blocks cancelled seller-mismatch and dirty-period invoice additions" file="tests\Feature\CommissionDocumentWorkflowTest.php::it blocks cancelled seller-mismatch and dirty-period invoice additions" class="Tests\Feature\CommissionDocumentWorkflowTest" classname="Tests.Feature.CommissionDocumentWorkflowTest" assertions="3" time="0.180287"/>
        <testcase name="it detects changed approved ledger and refreshes it to pending while preserving rejected history" file="tests\Feature\CommissionDocumentWorkflowTest.php::it detects changed approved ledger and refreshes it to pending while preserving rejected history" class="Tests\Feature\CommissionDocumentWorkflowTest" classname="Tests.Feature.CommissionDocumentWorkflowTest" assertions="6" time="0.197372"/>
        <testcase name="it calculates approved totals only and protects manager reviewer and print endpoints" file="tests\Feature\CommissionDocumentWorkflowTest.php::it calculates approved totals only and protects manager reviewer and print endpoints" class="Tests\Feature\CommissionDocumentWorkflowTest" classname="Tests.Feature.CommissionDocumentWorkflowTest" assertions="3" time="0.151062">
          <failure type="PHPUnit\Framework\ExpectationFailedException">it calculates approved totals only and protects manager reviewer and print endpointsExpected response status code [201, 301, 302, 303, 307, 308] but received 503.
Failed asserting that false is true.&#13;
at vendor\laravel\framework\src\Illuminate\Testing\TestResponseAssert.php:45
at vendor\laravel\framework\src\Illuminate\Testing\TestResponse.php:200
at tests\Feature\CommissionDocumentWorkflowTest.php:192</failure>
        </testcase>
      </testsuite>
      <testsuite name="Tests\Feature\CommissionHistoricalRateRepairTest" file="Commission Historical Rate Repair (Tests\Feature\CommissionHistoricalRateRepair)" tests="11" assertions="135" errors="0" failures="0" skipped="0" time="1.523226">
        <testcase name="Tree aware repair backdates exact child rates and repairs parent fallbacks" file="Commission Historical Rate Repair (Tests\Feature\CommissionHistoricalRateRepair)::Tree aware repair backdates exact child rates and repairs parent fallbacks" class="Tests\Feature\CommissionHistoricalRateRepairTest" classname="Tests.Feature.CommissionHistoricalRateRepairTest" assertions="41" time="0.267814"/>
        <testcase name="Explicit zero child rate is backdated as a real rate not as missing" file="Commission Historical Rate Repair (Tests\Feature\CommissionHistoricalRateRepair)::Explicit zero child rate is backdated as a real rate not as missing" class="Tests\Feature\CommissionHistoricalRateRepairTest" classname="Tests.Feature.CommissionHistoricalRateRepairTest" assertions="8" time="0.124781"/>
        <testcase name="Unresolved current rate blocks the entire apply before any target is mutated" file="Commission Historical Rate Repair (Tests\Feature\CommissionHistoricalRateRepair)::Unresolved current rate blocks the entire apply before any target is mutated" class="Tests\Feature\CommissionHistoricalRateRepairTest" classname="Tests.Feature.CommissionHistoricalRateRepairTest" assertions="7" time="0.143157"/>
        <testcase name="Existing timeline that already covers period start is preserved as intentional history" file="Commission Historical Rate Repair (Tests\Feature\CommissionHistoricalRateRepair)::Existing timeline that already covers period start is preserved as intentional history" class="Tests\Feature\CommissionHistoricalRateRepairTest" classname="Tests.Feature.CommissionHistoricalRateRepairTest" assertions="8" time="0.193018"/>
        <testcase name="Timeline aware repair backdates the inactive leading revision and preserves later transition" file="Commission Historical Rate Repair (Tests\Feature\CommissionHistoricalRateRepair)::Timeline aware repair backdates the inactive leading revision and preserves later transition" class="Tests\Feature\CommissionHistoricalRateRepairTest" classname="Tests.Feature.CommissionHistoricalRateRepairTest" assertions="45" time="0.219955"/>
        <testcase name="Outer transaction rolls back all backdates when full recalculation fails" file="Commission Historical Rate Repair (Tests\Feature\CommissionHistoricalRateRepair)::Outer transaction rolls back all backdates when full recalculation fails" class="Tests\Feature\CommissionHistoricalRateRepairTest" classname="Tests.Feature.CommissionHistoricalRateRepairTest" assertions="4" time="0.126279"/>
        <testcase name="Timeline repair rolls back inactive revision backdate and preserves transition when recalculation fails" file="Commission Historical Rate Repair (Tests\Feature\CommissionHistoricalRateRepair)::Timeline repair rolls back inactive revision backdate and preserves transition when recalculation fails" class="Tests\Feature\CommissionHistoricalRateRepairTest" classname="Tests.Feature.CommissionHistoricalRateRepairTest" assertions="7" time="0.109179"/>
        <testcase name="Apply with seller filter and conflicting dry run apply flags are fail closed" file="Commission Historical Rate Repair (Tests\Feature\CommissionHistoricalRateRepair)::Apply with seller filter and conflicting dry run apply flags are fail closed" class="Tests\Feature\CommissionHistoricalRateRepairTest" classname="Tests.Feature.CommissionHistoricalRateRepairTest" assertions="3" time="0.087127"/>
        <testcase name="Expected revision guard rejects a rate that changed after preview" file="Commission Historical Rate Repair (Tests\Feature\CommissionHistoricalRateRepair)::Expected revision guard rejects a rate that changed after preview" class="Tests\Feature\CommissionHistoricalRateRepairTest" classname="Tests.Feature.CommissionHistoricalRateRepairTest" assertions="2" time="0.056624"/>
        <testcase name="Historical revision backdate rejects a stale preview without touching later revision" file="Commission Historical Rate Repair (Tests\Feature\CommissionHistoricalRateRepair)::Historical revision backdate rejects a stale preview without touching later revision" class="Tests\Feature\CommissionHistoricalRateRepairTest" classname="Tests.Feature.CommissionHistoricalRateRepairTest" assertions="5" time="0.062273"/>
        <testcase name="Second apply is a noop and does not create duplicate active ledger rows" file="Commission Historical Rate Repair (Tests\Feature\CommissionHistoricalRateRepair)::Second apply is a noop and does not create duplicate active ledger rows" class="Tests\Feature\CommissionHistoricalRateRepairTest" classname="Tests.Feature.CommissionHistoricalRateRepairTest" assertions="5" time="0.133019"/>
      </testsuite>
      <testsuite name="Tests\Feature\CommissionIncrementalSyncTest" file="tests\Feature\CommissionIncrementalSyncTest.php" tests="10" assertions="46" errors="0" failures="0" skipped="0" time="13.162112">
        <testcase name="it calculates automatically only after the source transaction commits" file="tests\Feature\CommissionIncrementalSyncTest.php::it calculates automatically only after the source transaction commits" class="Tests\Feature\CommissionIncrementalSyncTest" classname="Tests.Feature.CommissionIncrementalSyncTest" assertions="6" time="1.318609"/>
        <testcase name="it writes no commission when the source transaction rolls back" file="tests\Feature\CommissionIncrementalSyncTest.php::it writes no commission when the source transaction rolls back" class="Tests\Feature\CommissionIncrementalSyncTest" classname="Tests.Feature.CommissionIncrementalSyncTest" assertions="6" time="1.284979"/>
        <testcase name="it updates only the changed invoice and preserves another invoice ledger untouched" file="tests\Feature\CommissionIncrementalSyncTest.php::it updates only the changed invoice and preserves another invoice ledger untouched" class="Tests\Feature\CommissionIncrementalSyncTest" classname="Tests.Feature.CommissionIncrementalSyncTest" assertions="4" time="1.239812"/>
        <testcase name="it is idempotent across repeated callbacks and retries" file="tests\Feature\CommissionIncrementalSyncTest.php::it is idempotent across repeated callbacks and retries" class="Tests\Feature\CommissionIncrementalSyncTest" classname="Tests.Feature.CommissionIncrementalSyncTest" assertions="3" time="1.212229"/>
        <testcase name="it reconciles old and new mutable periods when the invoice date moves" file="tests\Feature\CommissionIncrementalSyncTest.php::it reconciles old and new mutable periods when the invoice date moves" class="Tests\Feature\CommissionIncrementalSyncTest" classname="Tests.Feature.CommissionIncrementalSyncTest" assertions="3" time="1.197759"/>
        <testcase name="it supersedes active commission when an invoice is cancelled or an item is deleted" file="tests\Feature\CommissionIncrementalSyncTest.php::it supersedes active commission when an invoice is cancelled or an item is deleted" class="Tests\Feature\CommissionIncrementalSyncTest" classname="Tests.Feature.CommissionIncrementalSyncTest" assertions="6" time="1.276095"/>
        <testcase name="it cleans active ledger after hard invoice deletion using its immutable snapshot" file="tests\Feature\CommissionIncrementalSyncTest.php::it cleans active ledger after hard invoice deletion using its immutable snapshot" class="Tests\Feature\CommissionIncrementalSyncTest" classname="Tests.Feature.CommissionIncrementalSyncTest" assertions="4" time="1.424988"/>
        <testcase name="it never clears a pre-existing global dirty flag while still syncing this invoice" file="tests\Feature\CommissionIncrementalSyncTest.php::it never clears a pre-existing global dirty flag while still syncing this invoice" class="Tests\Feature\CommissionIncrementalSyncTest" classname="Tests.Feature.CommissionIncrementalSyncTest" assertions="3" time="1.305167"/>
        <testcase name="it maintains invoice-scoped missing-rate warnings and keeps explicit zero distinct" file="tests\Feature\CommissionIncrementalSyncTest.php::it maintains invoice-scoped missing-rate warnings and keeps explicit zero distinct" class="Tests\Feature\CommissionIncrementalSyncTest" classname="Tests.Feature.CommissionIncrementalSyncTest" assertions="5" time="1.570051"/>
        <testcase name="it marks the period dirty if after-commit incremental synchronization fails" file="tests\Feature\CommissionIncrementalSyncTest.php::it marks the period dirty if after-commit incremental synchronization fails" class="Tests\Feature\CommissionIncrementalSyncTest" classname="Tests.Feature.CommissionIncrementalSyncTest" assertions="6" time="1.332423"/>
      </testsuite>
      <testsuite name="Tests\Feature\CommissionPeriodFoundationTest" file="tests\Feature\CommissionPeriodFoundationTest.php" tests="6" assertions="21" errors="0" failures="0" skipped="0" time="0.357301">
        <testcase name="it auto creates the current commission period as open" file="tests\Feature\CommissionPeriodFoundationTest.php::it auto creates the current commission period as open" class="Tests\Feature\CommissionPeriodFoundationTest" classname="Tests.Feature.CommissionPeriodFoundationTest" assertions="3" time="0.062849"/>
        <testcase name="it maps every commission period status to its correct persian label" file="tests\Feature\CommissionPeriodFoundationTest.php::it maps every commission period status to its correct persian label" class="Tests\Feature\CommissionPeriodFoundationTest" classname="Tests.Feature.CommissionPeriodFoundationTest" assertions="1" time="0.055441"/>
        <testcase name="it repairs only an empty invalid active period and preserves paid history" file="tests\Feature\CommissionPeriodFoundationTest.php::it repairs only an empty invalid active period and preserves paid history" class="Tests\Feature\CommissionPeriodFoundationTest" classname="Tests.Feature.CommissionPeriodFoundationTest" assertions="6" time="0.052404"/>
        <testcase name="it creates adjacent jalali periods with inclusive start and exclusive end" file="tests\Feature\CommissionPeriodFoundationTest.php::it creates adjacent jalali periods with inclusive start and exclusive end" class="Tests\Feature\CommissionPeriodFoundationTest" classname="Tests.Feature.CommissionPeriodFoundationTest" assertions="4" time="0.057820"/>
        <testcase name="it keeps existing period snapshots when cycle day changes and clamps short jalali months" file="tests\Feature\CommissionPeriodFoundationTest.php::it keeps existing period snapshots when cycle day changes and clamps short jalali months" class="Tests\Feature\CommissionPeriodFoundationTest" classname="Tests.Feature.CommissionPeriodFoundationTest" assertions="4" time="0.074036"/>
        <testcase name="it does not overlap the existing current period after a cycle day change" file="tests\Feature\CommissionPeriodFoundationTest.php::it does not overlap the existing current period after a cycle day change" class="Tests\Feature\CommissionPeriodFoundationTest" classname="Tests.Feature.CommissionPeriodFoundationTest" assertions="3" time="0.054750"/>
      </testsuite>
      <testsuite name="Tests\Feature\CommissionPilotHardeningTest" file="tests\Feature\CommissionPilotHardeningTest.php" tests="8" assertions="16" errors="0" failures="5" skipped="0" time="0.486807">
        <testcase name="it uses fail safe pilot feature defaults" file="tests\Feature\CommissionPilotHardeningTest.php::it uses fail safe pilot feature defaults" class="Tests\Feature\CommissionPilotHardeningTest" classname="Tests.Feature.CommissionPilotHardeningTest" assertions="3" time="0.049551"/>
        <testcase name="it does not render or calculate seller commission while visibility is disabled" file="tests\Feature\CommissionPilotHardeningTest.php::it does not render or calculate seller commission while visibility is disabled" class="Tests\Feature\CommissionPilotHardeningTest" classname="Tests.Feature.CommissionPilotHardeningTest" assertions="1" time="0.055359">
          <failure type="PHPUnit\Framework\ExpectationFailedException">it does not render or calculate seller commission while visibility is disabledExpected response status code [200] but received 503.
Failed asserting that 503 is identical to 200.&#13;
at vendor\laravel\framework\src\Illuminate\Testing\TestResponseAssert.php:45
at vendor\laravel\framework\src\Illuminate\Testing\TestResponse.php:175
at vendor\laravel\framework\src\Illuminate\Testing\Concerns\AssertsStatusCodes.php:16
at tests\Feature\CommissionPilotHardeningTest.php:88</failure>
        </testcase>
        <testcase name="it keeps target records but hides target period ui until explicitly enabled" file="tests\Feature\CommissionPilotHardeningTest.php::it keeps target records but hides target period ui until explicitly enabled" class="Tests\Feature\CommissionPilotHardeningTest" classname="Tests.Feature.CommissionPilotHardeningTest" assertions="1" time="0.061041">
          <failure type="PHPUnit\Framework\ExpectationFailedException">it keeps target records but hides target period ui until explicitly enabledExpected response status code [200] but received 503.
Failed asserting that 503 is identical to 200.&#13;
at vendor\laravel\framework\src\Illuminate\Testing\TestResponseAssert.php:45
at vendor\laravel\framework\src\Illuminate\Testing\TestResponse.php:175
at vendor\laravel\framework\src\Illuminate\Testing\Concerns\AssertsStatusCodes.php:16
at tests\Feature\CommissionPilotHardeningTest.php:107</failure>
        </testcase>
        <testcase name="it protects seller document and settlement urls while keeping pilot payment available to managers" file="tests\Feature\CommissionPilotHardeningTest.php::it protects seller document and settlement urls while keeping pilot payment available to managers" class="Tests\Feature\CommissionPilotHardeningTest" classname="Tests.Feature.CommissionPilotHardeningTest" assertions="1" time="0.072361">
          <failure type="PHPUnit\Framework\ExpectationFailedException">it protects seller document and settlement urls while keeping pilot payment available to managersExpected response status code [403] but received 503.
Failed asserting that 503 is identical to 403.&#13;
at vendor\laravel\framework\src\Illuminate\Testing\TestResponseAssert.php:45
at vendor\laravel\framework\src\Illuminate\Testing\TestResponse.php:175
at vendor\laravel\framework\src\Illuminate\Testing\Concerns\AssertsStatusCodes.php:141
at tests\Feature\CommissionPilotHardeningTest.php:135</failure>
        </testcase>
        <testcase name="it keeps campaign targets operational when period target ui is disabled" file="tests\Feature\CommissionPilotHardeningTest.php::it keeps campaign targets operational when period target ui is disabled" class="Tests\Feature\CommissionPilotHardeningTest" classname="Tests.Feature.CommissionPilotHardeningTest" assertions="3" time="0.057563"/>
        <testcase name="it updates pilot settings transactionally with validation and audit history" file="tests\Feature\CommissionPilotHardeningTest.php::it updates pilot settings transactionally with validation and audit history" class="Tests\Feature\CommissionPilotHardeningTest" classname="Tests.Feature.CommissionPilotHardeningTest" assertions="1" time="0.062424">
          <failure type="PHPUnit\Framework\ExpectationFailedException">it updates pilot settings transactionally with validation and audit historyExpected response status code [200] but received 503.
Failed asserting that 503 is identical to 200.&#13;
at vendor\laravel\framework\src\Illuminate\Testing\TestResponseAssert.php:45
at vendor\laravel\framework\src\Illuminate\Testing\TestResponse.php:175
at vendor\laravel\framework\src\Illuminate\Testing\Concerns\AssertsStatusCodes.php:16
at tests\Feature\CommissionPilotHardeningTest.php:166</failure>
        </testcase>
        <testcase name="it shows the target free manager dashboard with exact pilot kpis and no duplicate sellers" file="tests\Feature\CommissionPilotHardeningTest.php::it shows the target free manager dashboard with exact pilot kpis and no duplicate sellers" class="Tests\Feature\CommissionPilotHardeningTest" classname="Tests.Feature.CommissionPilotHardeningTest" assertions="1" time="0.068116">
          <failure type="PHPUnit\Framework\ExpectationFailedException">it shows the target free manager dashboard with exact pilot kpis and no duplicate sellersExpected response status code [200] but received 503.
Failed asserting that 503 is identical to 200.&#13;
at vendor\laravel\framework\src\Illuminate\Testing\TestResponseAssert.php:45
at vendor\laravel\framework\src\Illuminate\Testing\TestResponse.php:175
at vendor\laravel\framework\src\Illuminate\Testing\Concerns\AssertsStatusCodes.php:16
at tests\Feature\CommissionPilotHardeningTest.php:191</failure>
        </testcase>
        <testcase name="it returns exact calculated approved pending and signed correction overview values" file="tests\Feature\CommissionPilotHardeningTest.php::it returns exact calculated approved pending and signed correction overview values" class="Tests\Feature\CommissionPilotHardeningTest" classname="Tests.Feature.CommissionPilotHardeningTest" assertions="5" time="0.060391"/>
      </testsuite>
      <testsuite name="Tests\Feature\CommissionRateCoverageRegressionTest" file="Commission Rate Coverage Regression (Tests\Feature\CommissionRateCoverageRegression)" tests="10" assertions="42" errors="0" failures="0" skipped="0" time="0.943067">
        <testcase name="Category product pagination returns all unique products and categories only once" file="Commission Rate Coverage Regression (Tests\Feature\CommissionRateCoverageRegression)::Category product pagination returns all unique products and categories only once" class="Tests\Feature\CommissionRateCoverageRegressionTest" classname="Tests.Feature.CommissionRateCoverageRegressionTest" assertions="6" time="0.150119"/>
        <testcase name="Variant pagination and frontend load more contract are complete" file="Commission Rate Coverage Regression (Tests\Feature\CommissionRateCoverageRegression)::Variant pagination and frontend load more contract are complete" class="Tests\Feature\CommissionRateCoverageRegressionTest" classname="Tests.Feature.CommissionRateCoverageRegressionTest" assertions="7" time="0.139774"/>
        <testcase name="Search reports when more than fifteen results are available" file="Commission Rate Coverage Regression (Tests\Feature\CommissionRateCoverageRegression)::Search reports when more than fifteen results are available" class="Tests\Feature\CommissionRateCoverageRegressionTest" classname="Tests.Feature.CommissionRateCoverageRegressionTest" assertions="3" time="0.063462"/>
        <testcase name="Nested category inheritance and product variant overrides preserve explicit zero" file="Commission Rate Coverage Regression (Tests\Feature\CommissionRateCoverageRegression)::Nested category inheritance and product variant overrides preserve explicit zero" class="Tests\Feature\CommissionRateCoverageRegressionTest" classname="Tests.Feature.CommissionRateCoverageRegressionTest" assertions="5" time="0.075757"/>
        <testcase name="Resolver remains historical and period start rate covers earlier invoice" file="Commission Rate Coverage Regression (Tests\Feature\CommissionRateCoverageRegression)::Resolver remains historical and period start rate covers earlier invoice" class="Tests\Feature\CommissionRateCoverageRegressionTest" classname="Tests.Feature.CommissionRateCoverageRegressionTest" assertions="3" time="0.060037"/>
        <testcase name="Timeline conflict blocks backdate without mutation" file="Commission Rate Coverage Regression (Tests\Feature\CommissionRateCoverageRegression)::Timeline conflict blocks backdate without mutation" class="Tests\Feature\CommissionRateCoverageRegressionTest" classname="Tests.Feature.CommissionRateCoverageRegressionTest" assertions="2" time="0.066889"/>
        <testcase name="Repair dry run is read only and audit identifies late rate" file="Commission Rate Coverage Regression (Tests\Feature\CommissionRateCoverageRegression)::Repair dry run is read only and audit identifies late rate" class="Tests\Feature\CommissionRateCoverageRegressionTest" classname="Tests.Feature.CommissionRateCoverageRegressionTest" assertions="4" time="0.104611"/>
        <testcase name="Repair apply backdates recalculates and is idempotent" file="Commission Rate Coverage Regression (Tests\Feature\CommissionRateCoverageRegression)::Repair apply backdates recalculates and is idempotent" class="Tests\Feature\CommissionRateCoverageRegressionTest" classname="Tests.Feature.CommissionRateCoverageRegressionTest" assertions="7" time="0.150157"/>
        <testcase name="Repair refuses closed and paid periods" file="Commission Rate Coverage Regression (Tests\Feature\CommissionRateCoverageRegression)::Repair refuses closed and paid periods" class="Tests\Feature\CommissionRateCoverageRegressionTest" classname="Tests.Feature.CommissionRateCoverageRegressionTest" assertions="4" time="0.066703"/>
        <testcase name="Rate mutation marks mutable period for recalculation" file="Commission Rate Coverage Regression (Tests\Feature\CommissionRateCoverageRegression)::Rate mutation marks mutable period for recalculation" class="Tests\Feature\CommissionRateCoverageRegressionTest" classname="Tests.Feature.CommissionRateCoverageRegressionTest" assertions="1" time="0.065559"/>
      </testsuite>
      <testsuite name="Tests\Feature\CommissionRateFoundationTest" file="tests\Feature\CommissionRateFoundationTest.php" tests="3" assertions="18" errors="0" failures="0" skipped="0" time="0.213335">
        <testcase name="it resolves nearest category product and variant overrides including explicit zero" file="tests\Feature\CommissionRateFoundationTest.php::it resolves nearest category product and variant overrides including explicit zero" class="Tests\Feature\CommissionRateFoundationTest" classname="Tests.Feature.CommissionRateFoundationTest" assertions="8" time="0.078721"/>
        <testcase name="it preserves rate history and falls back after removing an override" file="tests\Feature\CommissionRateFoundationTest.php::it preserves rate history and falls back after removing an override" class="Tests\Feature\CommissionRateFoundationTest" classname="Tests.Feature.CommissionRateFoundationTest" assertions="6" time="0.076242"/>
        <testcase name="it distinguishes a missing rate and validates percentage bounds" file="tests\Feature\CommissionRateFoundationTest.php::it distinguishes a missing rate and validates percentage bounds" class="Tests\Feature\CommissionRateFoundationTest" classname="Tests.Feature.CommissionRateFoundationTest" assertions="4" time="0.058373"/>
      </testsuite>
      <testsuite name="Tests\Feature\CommissionReconciliationPhaseFourTest" file="tests\Feature\CommissionReconciliationPhaseFourTest.php" tests="11" assertions="41" errors="0" failures="0" skipped="0" time="1.263174">
        <testcase name="it creates exact full and partial signed reversals from historical sale snapshots" file="tests\Feature\CommissionReconciliationPhaseFourTest.php::it creates exact full and partial signed reversals from historical sale snapshots" class="Tests\Feature\CommissionReconciliationPhaseFourTest" classname="Tests.Feature.CommissionReconciliationPhaseFourTest" assertions="7" time="0.117888"/>
        <testcase name="it is idempotent supports multiple returns and defensively caps over reversal" file="tests\Feature\CommissionReconciliationPhaseFourTest.php::it is idempotent supports multiple returns and defensively caps over reversal" class="Tests\Feature\CommissionReconciliationPhaseFourTest" classname="Tests.Feature.CommissionReconciliationPhaseFourTest" assertions="4" time="0.108249"/>
        <testcase name="it keeps warranty and draft returns at zero and appends a counter entry when applied return is cancelled" file="tests\Feature\CommissionReconciliationPhaseFourTest.php::it keeps warranty and draft returns at zero and appends a counter entry when applied return is cancelled" class="Tests\Feature\CommissionReconciliationPhaseFourTest" classname="Tests.Feature.CommissionReconciliationPhaseFourTest" assertions="5" time="0.112456"/>
        <testcase name="it moves open-period economic ownership and releases the old document claim without carrying approval" file="tests\Feature\CommissionReconciliationPhaseFourTest.php::it moves open-period economic ownership and releases the old document claim without carrying approval" class="Tests\Feature\CommissionReconciliationPhaseFourTest" classname="Tests.Feature.CommissionReconciliationPhaseFourTest" assertions="3" time="0.133268"/>
        <testcase name="it preserves immutable sale period and creates idempotent debit credit historical corrections" file="tests\Feature\CommissionReconciliationPhaseFourTest.php::it preserves immutable sale period and creates idempotent debit credit historical corrections" class="Tests\Feature\CommissionReconciliationPhaseFourTest" classname="Tests.Feature.CommissionReconciliationPhaseFourTest" assertions="4" time="0.117020"/>
        <testcase name="it imports system corrections pending for financial review and keeps ledger after rejection" file="tests\Feature\CommissionReconciliationPhaseFourTest.php::it imports system corrections pending for financial review and keeps ledger after rejection" class="Tests\Feature\CommissionReconciliationPhaseFourTest" classname="Tests.Feature.CommissionReconciliationPhaseFourTest" assertions="4" time="0.108491"/>
        <testcase name="it audits reconciliation in dry-run without mutation and apply remains idempotent" file="tests\Feature\CommissionReconciliationPhaseFourTest.php::it audits reconciliation in dry-run without mutation and apply remains idempotent" class="Tests\Feature\CommissionReconciliationPhaseFourTest" classname="Tests.Feature.CommissionReconciliationPhaseFourTest" assertions="6" time="0.102858"/>
        <testcase name="it reverses base and campaign snapshots without consulting the current rate" file="tests\Feature\CommissionReconciliationPhaseFourTest.php::it reverses base and campaign snapshots without consulting the current rate" class="Tests\Feature\CommissionReconciliationPhaseFourTest" classname="Tests.Feature.CommissionReconciliationPhaseFourTest" assertions="3" time="0.091585"/>
        <testcase name="it keeps multi-hop open-period ownership only on the final seller" file="tests\Feature\CommissionReconciliationPhaseFourTest.php::it keeps multi-hop open-period ownership only on the final seller" class="Tests\Feature\CommissionReconciliationPhaseFourTest" classname="Tests.Feature.CommissionReconciliationPhaseFourTest" assertions="2" time="0.159293"/>
        <testcase name="it queues immutable reassignment when no correction period exists" file="tests\Feature\CommissionReconciliationPhaseFourTest.php::it queues immutable reassignment when no correction period exists" class="Tests\Feature\CommissionReconciliationPhaseFourTest" classname="Tests.Feature.CommissionReconciliationPhaseFourTest" assertions="2" time="0.103643"/>
        <testcase name="it reverses the corrected economic owner after immutable seller reassignment" file="tests\Feature\CommissionReconciliationPhaseFourTest.php::it reverses the corrected economic owner after immutable seller reassignment" class="Tests\Feature\CommissionReconciliationPhaseFourTest" classname="Tests.Feature.CommissionReconciliationPhaseFourTest" assertions="1" time="0.108424"/>
      </testsuite>
      <testsuite name="Tests\Feature\CommissionReportAndDirtyPeriodTest" file="tests\Feature\CommissionReportAndDirtyPeriodTest.php" tests="7" assertions="29" errors="0" failures="0" skipped="0" time="0.765891">
        <testcase name="it marks only open and review periods dirty and refuses closed recalculation" file="tests\Feature\CommissionReportAndDirtyPeriodTest.php::it marks only open and review periods dirty and refuses closed recalculation" class="Tests\Feature\CommissionReportAndDirtyPeriodTest" classname="Tests.Feature.CommissionReportAndDirtyPeriodTest" assertions="4" time="0.090049"/>
        <testcase name="it reports weighted seller summaries distinct invoices and paginated seller details" file="tests\Feature\CommissionReportAndDirtyPeriodTest.php::it reports weighted seller summaries distinct invoices and paginated seller details" class="Tests\Feature\CommissionReportAndDirtyPeriodTest" classname="Tests.Feature.CommissionReportAndDirtyPeriodTest" assertions="7" time="0.096596"/>
        <testcase name="it scopes ordinary seller summaries and totals to the authenticated seller" file="tests\Feature\CommissionReportAndDirtyPeriodTest.php::it scopes ordinary seller summaries and totals to the authenticated seller" class="Tests\Feature\CommissionReportAndDirtyPeriodTest" classname="Tests.Feature.CommissionReportAndDirtyPeriodTest" assertions="3" time="0.134701"/>
        <testcase name="it audits missing sellers without creating ledger rows" file="tests\Feature\CommissionReportAndDirtyPeriodTest.php::it audits missing sellers without creating ledger rows" class="Tests\Feature\CommissionReportAndDirtyPeriodTest" classname="Tests.Feature.CommissionReportAndDirtyPeriodTest" assertions="4" time="0.088287"/>
        <testcase name="it marks an open period dirty through invoice item and rate changes but never dirties closed periods" file="tests\Feature\CommissionReportAndDirtyPeriodTest.php::it marks an open period dirty through invoice item and rate changes but never dirties closed periods" class="Tests\Feature\CommissionReportAndDirtyPeriodTest" classname="Tests.Feature.CommissionReportAndDirtyPeriodTest" assertions="6" time="0.109776"/>
        <testcase name="it resolves an archived campaign for invoices dated before its archive timestamp" file="tests\Feature\CommissionReportAndDirtyPeriodTest.php::it resolves an archived campaign for invoices dated before its archive timestamp" class="Tests\Feature\CommissionReportAndDirtyPeriodTest" classname="Tests.Feature.CommissionReportAndDirtyPeriodTest" assertions="2" time="0.055508"/>
        <testcase name="it keeps seller summary query count constant for hundreds of ledger rows" file="tests\Feature\CommissionReportAndDirtyPeriodTest.php::it keeps seller summary query count constant for hundreds of ledger rows" class="Tests\Feature\CommissionReportAndDirtyPeriodTest" classname="Tests.Feature.CommissionReportAndDirtyPeriodTest" assertions="3" time="0.190975"/>
      </testsuite>
      <testsuite name="Tests\Feature\CommissionReturnAutomationPhaseThreeTest" file="tests\Feature\CommissionReturnAutomationPhaseThreeTest.php" tests="11" assertions="53" errors="0" failures="0" skipped="0" time="15.265596">
        <testcase name="it derives commission effect from known return reasons and prevents manual bypass" file="tests\Feature\CommissionReturnAutomationPhaseThreeTest.php::it derives commission effect from known return reasons and prevents manual bypass" class="Tests\Feature\CommissionReturnAutomationPhaseThreeTest" classname="Tests.Feature.CommissionReturnAutomationPhaseThreeTest" assertions="8" time="1.305238"/>
        <testcase name="it persists automatic effect on internal drafts including wrong collection" file="tests\Feature\CommissionReturnAutomationPhaseThreeTest.php::it persists automatic effect on internal drafts including wrong collection" class="Tests\Feature\CommissionReturnAutomationPhaseThreeTest" classname="Tests.Feature.CommissionReturnAutomationPhaseThreeTest" assertions="4" time="1.247262"/>
        <testcase name="it deducts wrong-collection commission only after the business transaction commits" file="tests\Feature\CommissionReturnAutomationPhaseThreeTest.php::it deducts wrong-collection commission only after the business transaction commits" class="Tests\Feature\CommissionReturnAutomationPhaseThreeTest" classname="Tests.Feature.CommissionReturnAutomationPhaseThreeTest" assertions="7" time="1.545149"/>
        <testsuite name="it keeps warranty and damaged-product returns at zero commission impact" tests="4" assertions="16" errors="0" failures="0" skipped="0" time="5.354513">
          <testcase name="it keeps warranty and damaged-product returns at zero commission impact with data set &quot;('warranty')&quot;" file="tests\Feature\CommissionReturnAutomationPhaseThreeTest.php::it keeps warranty and damaged-product returns at zero commission impact with data set &quot;('warranty')&quot;" class="Tests\Feature\CommissionReturnAutomationPhaseThreeTest" classname="Tests.Feature.CommissionReturnAutomationPhaseThreeTest" assertions="4" time="1.438840"/>
          <testcase name="it keeps warranty and damaged-product returns at zero commission impact with data set &quot;('damaged_product')&quot;" file="tests\Feature\CommissionReturnAutomationPhaseThreeTest.php::it keeps warranty and damaged-product returns at zero commission impact with data set &quot;('damaged_product')&quot;" class="Tests\Feature\CommissionReturnAutomationPhaseThreeTest" classname="Tests.Feature.CommissionReturnAutomationPhaseThreeTest" assertions="4" time="1.317249"/>
          <testcase name="it keeps warranty and damaged-product returns at zero commission impact with data set &quot;('technical_issue')&quot;" file="tests\Feature\CommissionReturnAutomationPhaseThreeTest.php::it keeps warranty and damaged-product returns at zero commission impact with data set &quot;('technical_issue')&quot;" class="Tests\Feature\CommissionReturnAutomationPhaseThreeTest" classname="Tests.Feature.CommissionReturnAutomationPhaseThreeTest" assertions="4" time="1.407167"/>
          <testcase name="it keeps warranty and damaged-product returns at zero commission impact with data set &quot;('appearance_issue')&quot;" file="tests\Feature\CommissionReturnAutomationPhaseThreeTest.php::it keeps warranty and damaged-product returns at zero commission impact with data set &quot;('appearance_issue')&quot;" class="Tests\Feature\CommissionReturnAutomationPhaseThreeTest" classname="Tests.Feature.CommissionReturnAutomationPhaseThreeTest" assertions="4" time="1.191256"/>
        </testsuite>
        <testcase name="it reconciles pending reapproval and final reapply idempotently through the return outbox" file="tests\Feature\CommissionReturnAutomationPhaseThreeTest.php::it reconciles pending reapproval and final reapply idempotently through the return outbox" class="Tests\Feature\CommissionReturnAutomationPhaseThreeTest" classname="Tests.Feature.CommissionReturnAutomationPhaseThreeTest" assertions="5" time="1.314695"/>
        <testcase name="it creates a counter correction when an applied return is voided" file="tests\Feature\CommissionReturnAutomationPhaseThreeTest.php::it creates a counter correction when an applied return is voided" class="Tests\Feature\CommissionReturnAutomationPhaseThreeTest" classname="Tests.Feature.CommissionReturnAutomationPhaseThreeTest" assertions="3" time="1.605640"/>
        <testcase name="it retains retry work warns and dirties the invoice period when return sync fails" file="tests\Feature\CommissionReturnAutomationPhaseThreeTest.php::it retains retry work warns and dirties the invoice period when return sync fails" class="Tests\Feature\CommissionReturnAutomationPhaseThreeTest" classname="Tests.Feature.CommissionReturnAutomationPhaseThreeTest" assertions="6" time="1.593306"/>
        <testcase name="it registers a scheduler recovery path for return outbox retries" file="tests\Feature\CommissionReturnAutomationPhaseThreeTest.php::it registers a scheduler recovery path for return outbox retries" class="Tests\Feature\CommissionReturnAutomationPhaseThreeTest" classname="Tests.Feature.CommissionReturnAutomationPhaseThreeTest" assertions="4" time="1.299795"/>
      </testsuite>
      <testsuite name="Tests\Feature\CommissionSellerResolutionRegressionTest" file="tests\Feature\CommissionSellerResolutionRegressionTest.php" tests="5" assertions="19" errors="0" failures="0" skipped="0" time="0.645348">
        <testcase name="it includes all five seller invoices once in the commission document" file="tests\Feature\CommissionSellerResolutionRegressionTest.php::it includes all five seller invoices once in the commission document" class="Tests\Feature\CommissionSellerResolutionRegressionTest" classname="Tests.Feature.CommissionSellerResolutionRegressionTest" assertions="4" time="0.261487"/>
        <testcase name="it credits the assigned seller when an internal operator created the invoice" file="tests\Feature\CommissionSellerResolutionRegressionTest.php::it credits the assigned seller when an internal operator created the invoice" class="Tests\Feature\CommissionSellerResolutionRegressionTest" classname="Tests.Feature.CommissionSellerResolutionRegressionTest" assertions="2" time="0.093056"/>
        <testcase name="it does not turn an employee operator for an internal customer into a commission seller" file="tests\Feature\CommissionSellerResolutionRegressionTest.php::it does not turn an employee operator for an internal customer into a commission seller" class="Tests\Feature\CommissionSellerResolutionRegressionTest" classname="Tests.Feature.CommissionSellerResolutionRegressionTest" assertions="3" time="0.080591"/>
        <testcase name="it audits an invoice without a seller and creates no commission ledger entry" file="tests\Feature\CommissionSellerResolutionRegressionTest.php::it audits an invoice without a seller and creates no commission ledger entry" class="Tests\Feature\CommissionSellerResolutionRegressionTest" classname="Tests.Feature.CommissionSellerResolutionRegressionTest" assertions="8" time="0.081172"/>
        <testcase name="it keeps repeated commission recalculation idempotent" file="tests\Feature\CommissionSellerResolutionRegressionTest.php::it keeps repeated commission recalculation idempotent" class="Tests\Feature\CommissionSellerResolutionRegressionTest" classname="Tests.Feature.CommissionSellerResolutionRegressionTest" assertions="2" time="0.129042"/>
      </testsuite>
      <testsuite name="Tests\Feature\CommissionSettlementPhaseFiveTest" file="tests\Feature\CommissionSettlementPhaseFiveTest.php" tests="15" assertions="62" errors="0" failures="1" skipped="0" time="1.150655">
        <testcase name="it moves only a clean open period to review and blocks dirty periods" file="tests\Feature\CommissionSettlementPhaseFiveTest.php::it moves only a clean open period to review and blocks dirty periods" class="Tests\Feature\CommissionSettlementPhaseFiveTest" classname="Tests.Feature.CommissionSettlementPhaseFiveTest" assertions="2" time="0.058119"/>
        <testcase name="it does not close or mark paid an empty period through vacuous workflow checks" file="tests\Feature\CommissionSettlementPhaseFiveTest.php::it does not close or mark paid an empty period through vacuous workflow checks" class="Tests\Feature\CommissionSettlementPhaseFiveTest" classname="Tests.Feature.CommissionSettlementPhaseFiveTest" assertions="4" time="0.055499"/>
        <testcase name="it never presents an invalid active paid period as paid but preserves a valid paid state" file="tests\Feature\CommissionSettlementPhaseFiveTest.php::it never presents an invalid active paid period as paid but preserves a valid paid state" class="Tests\Feature\CommissionSettlementPhaseFiveTest" classname="Tests.Feature.CommissionSettlementPhaseFiveTest" assertions="4" time="0.058321"/>
        <testcase name="it finalizes only fully reviewed documents and makes financial decisions immutable" file="tests\Feature\CommissionSettlementPhaseFiveTest.php::it finalizes only fully reviewed documents and makes financial decisions immutable" class="Tests\Feature\CommissionSettlementPhaseFiveTest" classname="Tests.Feature.CommissionSettlementPhaseFiveTest" assertions="4" time="0.105476"/>
        <testcase name="it blocks close for missing or unfinished seller documents" file="tests\Feature\CommissionSettlementPhaseFiveTest.php::it blocks close for missing or unfinished seller documents" class="Tests\Feature\CommissionSettlementPhaseFiveTest" classname="Tests.Feature.CommissionSettlementPhaseFiveTest" assertions="2" time="0.066806"/>
        <testcase name="it closes atomically with an exact decomposed settlement snapshot and is idempotent" file="tests\Feature\CommissionSettlementPhaseFiveTest.php::it closes atomically with an exact decomposed settlement snapshot and is idempotent" class="Tests\Feature\CommissionSettlementPhaseFiveTest" classname="Tests.Feature.CommissionSettlementPhaseFiveTest" assertions="8" time="0.078260"/>
        <testcase name="it rolls back every settlement and the period transition when one seller snapshot fails" file="tests\Feature\CommissionSettlementPhaseFiveTest.php::it rolls back every settlement and the period transition when one seller snapshot fails" class="Tests\Feature\CommissionSettlementPhaseFiveTest" classname="Tests.Feature.CommissionSettlementPhaseFiveTest" assertions="4" time="0.080691"/>
        <testcase name="it creates an idempotent system carry forward for a negative settlement" file="tests\Feature\CommissionSettlementPhaseFiveTest.php::it creates an idempotent system carry forward for a negative settlement" class="Tests\Feature\CommissionSettlementPhaseFiveTest" classname="Tests.Feature.CommissionSettlementPhaseFiveTest" assertions="5" time="0.071626"/>
        <testcase name="it records partial and full payments idempotently rejects overpayment and marks period paid" file="tests\Feature\CommissionSettlementPhaseFiveTest.php::it records partial and full payments idempotently rejects overpayment and marks period paid" class="Tests\Feature\CommissionSettlementPhaseFiveTest" classname="Tests.Feature.CommissionSettlementPhaseFiveTest" assertions="7" time="0.101727"/>
        <testcase name="it validates manual adjustments reviews them in documents and blocks closed periods" file="tests\Feature\CommissionSettlementPhaseFiveTest.php::it validates manual adjustments reviews them in documents and blocks closed periods" class="Tests\Feature\CommissionSettlementPhaseFiveTest" classname="Tests.Feature.CommissionSettlementPhaseFiveTest" assertions="5" time="0.086771"/>
        <testcase name="it audits settlements in dry run and apply only repairs deterministic payment caches" file="tests\Feature\CommissionSettlementPhaseFiveTest.php::it audits settlements in dry run and apply only repairs deterministic payment caches" class="Tests\Feature\CommissionSettlementPhaseFiveTest" classname="Tests.Feature.CommissionSettlementPhaseFiveTest" assertions="6" time="0.066075"/>
        <testcase name="it creates an auditable zero settlement and never creates a payment for it" file="tests\Feature\CommissionSettlementPhaseFiveTest.php::it creates an auditable zero settlement and never creates a payment for it" class="Tests\Feature\CommissionSettlementPhaseFiveTest" classname="Tests.Feature.CommissionSettlementPhaseFiveTest" assertions="4" time="0.070562"/>
        <testcase name="it keeps voided payment history recalculates balances and forbids void after period paid" file="tests\Feature\CommissionSettlementPhaseFiveTest.php::it keeps voided payment history recalculates balances and forbids void after period paid" class="Tests\Feature\CommissionSettlementPhaseFiveTest" classname="Tests.Feature.CommissionSettlementPhaseFiveTest" assertions="4" time="0.103579"/>
        <testcase name="it reports pending correction and adjustment blockers explicitly" file="tests\Feature\CommissionSettlementPhaseFiveTest.php::it reports pending correction and adjustment blockers explicitly" class="Tests\Feature\CommissionSettlementPhaseFiveTest" classname="Tests.Feature.CommissionSettlementPhaseFiveTest" assertions="2" time="0.068637"/>
        <testcase name="it enforces workflow permissions seller isolation and settlement print contract" file="tests\Feature\CommissionSettlementPhaseFiveTest.php::it enforces workflow permissions seller isolation and settlement print contract" class="Tests\Feature\CommissionSettlementPhaseFiveTest" classname="Tests.Feature.CommissionSettlementPhaseFiveTest" assertions="1" time="0.078507">
          <failure type="PHPUnit\Framework\ExpectationFailedException">it enforces workflow permissions seller isolation and settlement print contractExpected response status code [403] but received 503.
Failed asserting that 503 is identical to 403.&#13;
at vendor\laravel\framework\src\Illuminate\Testing\TestResponseAssert.php:45
at vendor\laravel\framework\src\Illuminate\Testing\TestResponse.php:175
at vendor\laravel\framework\src\Illuminate\Testing\Concerns\AssertsStatusCodes.php:141
at tests\Feature\CommissionSettlementPhaseFiveTest.php:350</failure>
        </testcase>
      </testsuite>
      <testsuite name="Tests\Feature\CommissionTargetAndDashboardPhaseSixTest" file="tests\Feature\CommissionTargetAndDashboardPhaseSixTest.php" tests="12" assertions="41" errors="0" failures="4" skipped="0" time="0.936405">
        <testcase name="it stores a toman target as integer rial and upserts the seller period pair" file="tests\Feature\CommissionTargetAndDashboardPhaseSixTest.php::it stores a toman target as integer rial and upserts the seller period pair" class="Tests\Feature\CommissionTargetAndDashboardPhaseSixTest" classname="Tests.Feature.CommissionTargetAndDashboardPhaseSixTest" assertions="4" time="0.063442"/>
        <testcase name="it distinguishes no target and calculates remaining exceeded and daily requirement without clamping progress" file="tests\Feature\CommissionTargetAndDashboardPhaseSixTest.php::it distinguishes no target and calculates remaining exceeded and daily requirement without clamping progress" class="Tests\Feature\CommissionTargetAndDashboardPhaseSixTest" classname="Tests.Feature.CommissionTargetAndDashboardPhaseSixTest" assertions="12" time="0.081425"/>
        <testcase name="it returns no daily requirement after the period ends" file="tests\Feature\CommissionTargetAndDashboardPhaseSixTest.php::it returns no daily requirement after the period ends" class="Tests\Feature\CommissionTargetAndDashboardPhaseSixTest" classname="Tests.Feature.CommissionTargetAndDashboardPhaseSixTest" assertions="3" time="0.071732"/>
        <testcase name="it calculates weighted team progress and excludes sellers without targets from reached denominator" file="tests\Feature\CommissionTargetAndDashboardPhaseSixTest.php::it calculates weighted team progress and excludes sellers without targets from reached denominator" class="Tests\Feature\CommissionTargetAndDashboardPhaseSixTest" classname="Tests.Feature.CommissionTargetAndDashboardPhaseSixTest" assertions="6" time="0.089802"/>
        <testcase name="it copies previous targets idempotently and never overwrites an existing current target" file="tests\Feature\CommissionTargetAndDashboardPhaseSixTest.php::it copies previous targets idempotently and never overwrites an existing current target" class="Tests\Feature\CommissionTargetAndDashboardPhaseSixTest" classname="Tests.Feature.CommissionTargetAndDashboardPhaseSixTest" assertions="5" time="0.061248"/>
        <testcase name="it resolves and auto creates the same current period idempotently" file="tests\Feature\CommissionTargetAndDashboardPhaseSixTest.php::it resolves and auto creates the same current period idempotently" class="Tests\Feature\CommissionTargetAndDashboardPhaseSixTest" classname="Tests.Feature.CommissionTargetAndDashboardPhaseSixTest" assertions="3" time="0.059827"/>
        <testcase name="it keeps seller dashboard commission data isolated and exposes team data only to an authorized manager" file="tests\Feature\CommissionTargetAndDashboardPhaseSixTest.php::it keeps seller dashboard commission data isolated and exposes team data only to an authorized manager" class="Tests\Feature\CommissionTargetAndDashboardPhaseSixTest" classname="Tests.Feature.CommissionTargetAndDashboardPhaseSixTest" assertions="1" time="0.080499">
          <failure type="PHPUnit\Framework\ExpectationFailedException">it keeps seller dashboard commission data isolated and exposes team data only to an authorized managerExpected response status code [200] but received 503.
Failed asserting that 503 is identical to 200.&#13;
at vendor\laravel\framework\src\Illuminate\Testing\TestResponseAssert.php:45
at vendor\laravel\framework\src\Illuminate\Testing\TestResponse.php:175
at vendor\laravel\framework\src\Illuminate\Testing\Concerns\AssertsStatusCodes.php:16
at tests\Feature\CommissionTargetAndDashboardPhaseSixTest.php:223</failure>
        </testcase>
        <testcase name="it protects target mutations with the target management permission" file="tests\Feature\CommissionTargetAndDashboardPhaseSixTest.php::it protects target mutations with the target management permission" class="Tests\Feature\CommissionTargetAndDashboardPhaseSixTest" classname="Tests.Feature.CommissionTargetAndDashboardPhaseSixTest" assertions="1" time="0.074481">
          <failure type="PHPUnit\Framework\ExpectationFailedException">it protects target mutations with the target management permissionExpected response status code [403] but received 503.
Failed asserting that 503 is identical to 403.&#13;
at vendor\laravel\framework\src\Illuminate\Testing\TestResponseAssert.php:45
at vendor\laravel\framework\src\Illuminate\Testing\TestResponse.php:175
at vendor\laravel\framework\src\Illuminate\Testing\Concerns\AssertsStatusCodes.php:141
at tests\Feature\CommissionTargetAndDashboardPhaseSixTest.php:243</failure>
        </testcase>
        <testcase name="it prevents a seller from viewing another seller commission document" file="tests\Feature\CommissionTargetAndDashboardPhaseSixTest.php::it prevents a seller from viewing another seller commission document" class="Tests\Feature\CommissionTargetAndDashboardPhaseSixTest" classname="Tests.Feature.CommissionTargetAndDashboardPhaseSixTest" assertions="1" time="0.065970">
          <failure type="PHPUnit\Framework\ExpectationFailedException">it prevents a seller from viewing another seller commission documentExpected response status code [200] but received 503.
Failed asserting that 503 is identical to 200.&#13;
at vendor\laravel\framework\src\Illuminate\Testing\TestResponseAssert.php:45
at vendor\laravel\framework\src\Illuminate\Testing\TestResponse.php:175
at vendor\laravel\framework\src\Illuminate\Testing\Concerns\AssertsStatusCodes.php:16
at tests\Feature\CommissionTargetAndDashboardPhaseSixTest.php:268</failure>
        </testcase>
        <testcase name="it surfaces dirty periods in dashboard summaries" file="tests\Feature\CommissionTargetAndDashboardPhaseSixTest.php::it surfaces dirty periods in dashboard summaries" class="Tests\Feature\CommissionTargetAndDashboardPhaseSixTest" classname="Tests.Feature.CommissionTargetAndDashboardPhaseSixTest" assertions="1" time="0.078149"/>
        <testcase name="it keeps commission dashboard queries bounded as ledger rows grow" file="tests\Feature\CommissionTargetAndDashboardPhaseSixTest.php::it keeps commission dashboard queries bounded as ledger rows grow" class="Tests\Feature\CommissionTargetAndDashboardPhaseSixTest" classname="Tests.Feature.CommissionTargetAndDashboardPhaseSixTest" assertions="3" time="0.137146"/>
        <testcase name="it renders real rate names distinct zero and missing states campaign terminology and document empty state" file="tests\Feature\CommissionTargetAndDashboardPhaseSixTest.php::it renders real rate names distinct zero and missing states campaign terminology and document empty state" class="Tests\Feature\CommissionTargetAndDashboardPhaseSixTest" classname="Tests.Feature.CommissionTargetAndDashboardPhaseSixTest" assertions="1" time="0.072683">
          <failure type="PHPUnit\Framework\ExpectationFailedException">it renders real rate names distinct zero and missing states campaign terminology and document empty stateExpected response status code [200] but received 503.
Failed asserting that 503 is identical to 200.&#13;
at vendor\laravel\framework\src\Illuminate\Testing\TestResponseAssert.php:45
at vendor\laravel\framework\src\Illuminate\Testing\TestResponse.php:175
at vendor\laravel\framework\src\Illuminate\Testing\Concerns\AssertsStatusCodes.php:16
at tests\Feature\CommissionTargetAndDashboardPhaseSixTest.php:310</failure>
        </testcase>
      </testsuite>
      <testsuite name="Tests\Feature\Controllers\RouteCoverageTest" file="tests\Feature\Controllers\RouteCoverageTest.php" tests="5" assertions="4211" errors="0" failures="3" skipped="0" time="4.609542">
        <testcase name="it uses a completely isolated in-memory testing database" file="tests\Feature\Controllers\RouteCoverageTest.php::it uses a completely isolated in-memory testing database" class="Tests\Feature\Controllers\RouteCoverageTest" classname="Tests.Feature.Controllers.RouteCoverageTest" assertions="4" time="0.087630"/>
        <testcase name="it maps every registered route to an existing callable controller method" file="tests\Feature\Controllers\RouteCoverageTest.php::it maps every registered route to an existing callable controller method" class="Tests\Feature\Controllers\RouteCoverageTest" classname="Tests.Feature.Controllers.RouteCoverageTest" assertions="2595" time="0.092405"/>
        <testcase name="it blocks guests from every route protected by authentication middleware" file="tests\Feature\Controllers\RouteCoverageTest.php::it blocks guests from every route protected by authentication middleware" class="Tests\Feature\Controllers\RouteCoverageTest" classname="Tests.Feature.Controllers.RouteCoverageTest" assertions="416" time="0.661266">
          <failure type="PHPUnit\Framework\ExpectationFailedException">it blocks guests from every route protected by authentication middlewareGuest authentication failures:
GET /access-unassigned [access.unassigned] =&gt; GET /access-unassigned [access.unassigned]: guest user was not blocked. HTTP 503 returned.
Failed asserting that an array contains 503.
GET /session/csrf-token [session.csrf-token] =&gt; GET /session/csrf-token [session.csrf-token]: guest user was not blocked. HTTP 503 returned.
Failed asserting that an array contains 503.
GET /commercial/invoice-reassignments [commercial.invoice-reassignments.index] =&gt; GET /commercial/invoice-reassignments [commercial.invoice-reassignments.index]: guest user was not blocked. HTTP 503 returned.
Failed asserting that an array contains 503.
GET /commercial/invoice-reassignments/search [commercial.invoice-reassignments.search] =&gt; GET /commercial/invoice-reassignments/search [commercial.invoice-reassignments.search]: guest user was not blocked. HTTP 503 returned.
Failed asserting that an array contains 503.
POST /commercial/invoice-reassignments/preview [commercial.invoice-reassignments.preview] =&gt; POST /commercial/invoice-reassignments/preview [commercial.invoice-reassignments.preview]: guest user was not blocked. HTTP 503 returned.
Failed asserting that an array contains 503.
POST /commercial/invoice-reassignments [commercial.invoice-reassignments.store] =&gt; POST /commercial/invoice-reassignments [commercial.invoice-reassignments.store]: guest user was not blocked. HTTP 503 returned.
Failed asserting that an array contains 503.
GET /commercial/commissions [commercial.commissions.index] =&gt; GET /commercial/commissions [commercial.commissions.index]: guest user was not blocked. HTTP 503 returned.
Failed asserting that an array contains 503.
GET /commercial/commissions/tree [commercial.commissions.tree] =&gt; GET /commercial/commissions/tree [commercial.commissions.tree]: guest user was not blocked. HTTP 503 returned.
Failed asserting that an array contains 503.
POST /commercial/commissions/rates [commercial.commissions.rates.store] =&gt; POST /commercial/commissions/rates [commercial.commissions.rates.store]: guest user was not blocked. HTTP 503 returned.
Failed asserting that an array contains 503.
DELETE /commercial/commissions/rates [commercial.commissions.rates.destroy] =&gt; DELETE /commercial/commissions/rates [commercial.commissions.rates.destroy]: guest user was not blocked. HTTP 503 returned.
Failed asserting that an array contains 503.
GET /commercial/commissions/rates/history [commercial.commissions.rates.history] =&gt; GET /commercial/commissions/rates/history [commercial.commissions.rates.history]: guest user was not blocked. HTTP 503 returned.
Failed asserting that an array contains 503.
POST /commercial/commissions/campaigns [commercial.commissions.campaigns.store] =&gt; POST /commercial/commissions/campaigns [commercial.commissions.campaigns.store]: guest user was not blocked. HTTP 503 returned.
Failed asserting that an array contains 503.
PUT /commercial/commissions/campaigns/{campaign} [commercial.commissions.campaigns.update] =&gt; PUT /commercial/commissions/campaigns/{campaign} [commercial.commissions.campaigns.update]: guest user was not blocked. HTTP 503 returned.
Failed asserting that an array contains 503.
DELETE /commercial/commissions/campaigns/{campaign} [commercial.commissions.campaigns.destroy] =&gt; DELETE /commercial/commissions/campaigns/{campaign} [commercial.commissions.campaigns.destroy]: guest user was not blocked. HTTP 503 returned.
Failed asserting that an array contains 503.
PUT /commercial/commissions/settings [commercial.commissions.settings.update] =&gt; PUT /commercial/commissions/settings [commercial.commissions.settings.update]: guest user was not blocked. HTTP 503 returned.
Failed asserting that an array contains 503.
PUT /commercial/commissions/settings/features [commercial.commissions.settings.features.update] =&gt; PUT /commercial/commissions/settings/features [commercial.commissions.settings.features.update]: guest user was not blocked. HTTP 503 returned.
Failed asserting that an array contains 503.
POST /commercial/commissions/periods [commercial.commissions.periods.store] =&gt; POST /commercial/commissions/periods [commercial.commissions.periods.store]: guest user was not blocked. HTTP 503 returned.
Failed asserting that an array contains 503.
POST /commercial/commissions/periods/{period}/recalculate [commercial.commissions.periods.recalculate] =&gt; POST /commercial/commissions/periods/{period}/recalculate [commercial.commissions.periods.recalculate]: guest user was not blocked. HTTP 503 returned.
Failed asserting that an array contains 503.
PUT /commercial/commissions/periods/{period}/targets/{seller} [commercial.commissions.targets.update] =&gt; PUT /commercial/commissions/periods/{period}/targets/{seller} [commercial.commissions.targets.update]: guest user was not blocked. HTTP 503 returned.
Failed asserting that an array contains 503.
POST /commercial/commissions/periods/{period}/targets/copy-previous [commercial.commissions.targets.copy-previous] =&gt; POST /commercial/commissions/periods/{period}/targets/copy-previous [commercial.commissions.targets.copy-previous]: guest user was not blocked. HTTP 503 returned.
Failed asserting that an array contains 503.
POST /commercial/commissions/periods/{period}/review [commercial.commissions.periods.review] =&gt; POST /commercial/commissions/periods/{period}/review [commercial.commissions.periods.review]: guest user was not blocked. HTTP 503 returned.
Failed asserting that an array contains 503.
POST /commercial/commissions/periods/{period}/close [commercial.commissions.periods.close] =&gt; POST /commercial/commissions/periods/{period}/close [commercial.commissions.periods.close]: guest user was not blocked. HTTP 503 returned.
Failed asserting that an array contains 503.
POST /commercial/commissions/periods/{period}/paid [commercial.commissions.periods.paid] =&gt; POST /commercial/commissions/periods/{period}/paid [commercial.commissions.periods.paid]: guest user was not blocked. HTTP 503 returned.
Failed asserting that an array contains 503.
GET /commercial/commissions/periods/{period}/sellers/{seller} [commercial.commissions.sellers.show] =&gt; GET /commercial/commissions/periods/{period}/sellers/{seller} [commercial.commissions.sellers.show]: guest user was not blocked. HTTP 503 returned.
Failed asserting that an array contains 503.
GET /commercial/commissions/periods/{period}/sellers/{seller}/invoices/{invoice} [commercial.commissions.sellers.invoices.show] =&gt; GET /commercial/commissions/periods/{period}/sellers/{seller}/invoices/{invoice} [commercial.commissions.sellers.invoices.show]: guest user was not blocked. HTTP 503 returned.
Failed asserting that an array contains 503.
POST /commercial/commissions/documents [commercial.commissions.documents.store] =&gt; POST /commercial/commissions/documents [commercial.commissions.documents.store]: guest user was not blocked. HTTP 503 returned.
Failed asserting that an array contains 503.
GET /commercial/commissions/documents/{document} [commercial.commissions.documents.show] =&gt; GET /commercial/commissions/documents/{document} [commercial.commissions.documents.show]: guest user was not blocked. HTTP 503 returned.
Failed asserting that an array contains 503.
PUT /commercial/commissions/documents/{document} [commercial.commissions.documents.update] =&gt; PUT /commercial/commissions/documents/{document} [commercial.commissions.documents.update]: guest user was not blocked. HTTP 503 returned.
Failed asserting that an array contains 503.
GET /commercial/commissions/documents/{document}/invoice-search [commercial.commissions.documents.invoice-search] =&gt; GET /commercial/commissions/documents/{document}/invoice-search [commercial.commissions.documents.invoice-search]: guest user was not blocked. HTTP 503 returned.
Failed asserting that an array contains 503.
POST /commercial/commissions/documents/{document}/invoices [commercial.commissions.documents.invoices.store] =&gt; POST /commercial/commissions/documents/{document}/invoices [commercial.commissions.documents.invoices.store]: guest user was not blocked. HTTP 503 returned.
Failed asserting that an array contains 503.
POST /commercial/commissions/documents/{document}/refresh-candidates [commercial.commissions.documents.refresh-candidates] =&gt; POST /commercial/commissions/documents/{document}/refresh-candidates [commercial.commissions.documents.refresh-candidates]: guest user was not blocked. HTTP 503 returned.
Failed asserting that an array contains 503.
POST /commercial/commissions/documents/{document}/refresh-calculations [commercial.commissions.documents.refresh-calculations] =&gt; POST /commercial/commissions/documents/{document}/refresh-calculations [commercial.commissions.documents.refresh-calculations]: guest user was not blocked. HTTP 503 returned.
Failed asserting that an array contains 503.
POST /commercial/commissions/documents/{document}/items/{item}/approve [commercial.commissions.documents.items.approve] =&gt; POST /commercial/commissions/documents/{document}/items/{item}/approve [commercial.commissions.documents.items.approve]: guest user was not blocked. HTTP 503 returned.
Failed asserting that an array contains 503.
POST /commercial/commissions/documents/{document}/items/{item}/reject [commercial.commissions.documents.items.reject] =&gt; POST /commercial/commissions/documents/{document}/items/{item}/reject [commercial.commissions.documents.items.reject]: guest user was not blocked. HTTP 503 returned.
Failed asserting that an array contains 503.
POST /commercial/commissions/documents/{document}/items/{item}/remove [commercial.commissions.documents.items.remove] =&gt; POST /commercial/commissions/documents/{document}/items/{item}/remove [commercial.commissions.documents.items.remove]: guest user was not blocked. HTTP 503 returned.
Failed asserting that an array contains 503.
POST /commercial/commissions/documents/{document}/corrections/{correction}/approve [commercial.commissions.documents.corrections.approve] =&gt; POST /commercial/commissions/documents/{document}/corrections/{correction}/approve [commercial.commissions.documents.corrections.approve]: guest user was not blocked. HTTP 503 returned.
Failed asserting that an array contains 503.
POST /commercial/commissions/documents/{document}/corrections/{correction}/reject [commercial.commissions.documents.corrections.reject] =&gt; POST /commercial/commissions/documents/{document}/corrections/{correction}/reject [commercial.commissions.documents.corrections.reject]: guest user was not blocked. HTTP 503 returned.
Failed asserting that an array contains 503.
GET /commercial/commissions/documents/{document}/items/{item}/breakdown [commercial.commissions.documents.items.breakdown] =&gt; GET /commercial/commissions/documents/{document}/items/{item}/breakdown [commercial.commissions.documents.items.breakdown]: guest user was not blocked. HTTP 503 returned.
Failed asserting that an array contains 503.
GET /commercial/commissions/documents/{document}/print [commercial.commissions.documents.print] =&gt; GET /commercial/commissions/documents/{document}/print [commercial.commissions.documents.print]: guest user was not blocked. HTTP 503 returned.
Failed asserting that an array contains 503.
POST /commercial/commissions/documents/{document}/finalize [commercial.commissions.documents.finalize] =&gt; POST /commercial/commissions/documents/{document}/finalize [commercial.commissions.documents.finalize]: guest user was not blocked. HTTP 503 returned.
Failed asserting that an array contains 503.
POST /commercial/commissions/adjustments [commercial.commissions.adjustments.store] =&gt; POST /commercial/commissions/adjustments [commercial.commissions.adjustments.store]: guest user was not blocked. HTTP 503 returned.
Failed asserting that an array contains 503.
POST /commercial/commissions/documents/{document}/adjustments/{adjustment}/approve [commercial.commissions.documents.adjustments.approve] =&gt; POST /commercial/commissions/documents/{document}/adjustments/{adjustment}/approve [commercial.commissions.documents.adjustments.approve]: guest user was not blocked. HTTP 503 returned.
Failed asserting that an array contains 503.
POST /commercial/commissions/documents/{document}/adjustments/{adjustment}/reject [commercial.commissions.documents.adjustments.reject] =&gt; POST /commercial/commissions/documents/{document}/adjustments/{adjustment}/reject [commercial.commissions.documents.adjustments.reject]: guest user was not blocked. HTTP 503 returned.
Failed asserting that an array contains 503.
GET /commercial/commissions/settlements/{settlement} [commercial.commissions.settlements.show] =&gt; GET /commercial/commissions/settlements/{settlement} [commercial.commissions.settlements.show]: guest user was not blocked. HTTP 503 returned.
Failed asserting that an array contains 503.
GET /commercial/commissions/settlements/{settlement}/print [commercial.commissions.settlements.print] =&gt; GET /commercial/commissions/settlements/{settlement}/print [commercial.commissions.settlements.print]: guest user was not blocked. HTTP 503 returned.
Failed asserting that an array contains 503.
POST /commercial/commissions/settlements/{settlement}/payments [commercial.commissions.settlements.payments.store] =&gt; POST /commercial/commissions/settlements/{settlement}/payments [commercial.commissions.settlements.payments.store]: guest user was not blocked. HTTP 503 returned.
Failed asserting that an array contains 503.
POST /commercial/commissions/settlements/{settlement}/payments/{payment}/void [commercial.commissions.settlements.payments.void] =&gt; POST /commercial/commissions/settlements/{settlement}/payments/{payment}/void [commercial.commissions.settlements.payments.void]: guest user was not blocked. HTTP 503 returned.
Failed asserting that an array contains 503.
GET /locations/provinces [locations.provinces.index] =&gt; GET /locations/provinces [locations.provinces.index]: guest user was not blocked. HTTP 503 returned.
Failed asserting that an array contains 503.
GET /locations/provinces/{province}/cities [locations.provinces.cities] =&gt; GET /locations/provinces/{province}/cities [locations.provinces.cities]: guest user was not blocked. HTTP 503 returned.
Failed asserting that an array contains 503.
GET /dashboard [dashboard] =&gt; GET /dashboard [dashboard]: guest user was not blocked. HTTP 503 returned.
Failed asserting that an array contains 503.
GET /dashboard/monthly-report [dashboard.monthly-report] =&gt; GET /dashboard/monthly-report [dashboard.monthly-report]: guest user was not blocked. HTTP 503 returned.
Failed asserting that an array contains 503.
GET /global-search [global-search] =&gt; GET /global-search [global-search]: guest user was not blocked. HTTP 503 returned.
Failed asserting that an array contains 503.
GET /profile [profile.edit] =&gt; GET /profile [profile.edit]: guest user was not blocked. HTTP 503 returned.
Failed asserting that an array contains 503.
PATCH /profile [profile.update] =&gt; PATCH /profile [profile.update]: guest user was not blocked. HTTP 503 returned.
Failed asserting that an array contains 503.
DELETE /profile [profile.destroy] =&gt; DELETE /profile [profile.destroy]: guest user was not blocked. HTTP 503 returned.
Failed asserting that an array contains 503.
GET /products [products.index] =&gt; GET /products [products.index]: guest user was not blocked. HTTP 503 returned.
Failed asserting that an array contains 503.
GET /products/data [products.data] =&gt; GET /products/data [products.data]: guest user was not blocked. HTTP 503 returned.
Failed asserting that an array contains 503.
GET /products/create [products.create] =&gt; GET /products/create [products.create]: guest user was not blocked. HTTP 503 returned.
Failed asserting that an array contains 503.
POST /products [products.store] =&gt; POST /products [products.store]: guest user was not blocked. HTTP 503 returned.
Failed asserting that an array contains 503.
GET /products/price-changes [products.price-changes.index] =&gt; GET /products/price-changes [products.price-changes.index]: guest user was not blocked. HTTP 503 returned.
Failed asserting that an array contains 503.
GET /products/price-changes/create [products.price-changes.create] =&gt; GET /products/price-changes/create [products.price-changes.create]: guest user was not blocked. HTTP 503 returned.
Failed asserting that an array contains 503.
GET /products/price-changes/categories/root [products.price-changes.categories.root] =&gt; GET /products/price-changes/categories/root [products.price-changes.categories.root]: guest user was not blocked. HTTP 503 returned.
Failed asserting that an array contains 503.
GET /products/price-changes/categories/{category}/children [products.price-changes.categories.children] =&gt; GET /products/price-changes/categories/{category}/children [products.price-changes.categories.children]: guest user was not blocked. HTTP 503 returned.
Failed asserting that an array contains 503.
GET /products/price-changes/products/search [products.price-changes.products.search] =&gt; GET /products/price-changes/products/search [products.price-changes.products.search]: guest user was not blocked. HTTP 503 returned.
Failed asserting that an array contains 503.
GET /products/price-changes/products/{product}/variants [products.price-changes.products.variants] =&gt; GET /products/price-changes/products/{product}/variants [products.price-changes.products.variants]: guest user was not blocked. HTTP 503 returned.
Failed asserting that an array contains 503.
POST /products/price-changes/scope-summary [products.price-changes.scope-summary] =&gt; POST /products/price-changes/scope-summary [products.price-changes.scope-summary]: guest user was not blocked. HTTP 503 returned.
Failed asserting that an array contains 503.
POST /products/price-changes/preview [products.price-changes.preview] =&gt; POST /products/price-changes/preview [products.price-changes.preview]: guest user was not blocked. HTTP 503 returned.
Failed asserting that an array contains 503.
POST /products/price-changes [products.price-changes.store] =&gt; POST /products/price-changes [products.price-changes.store]: guest user was not blocked. HTTP 503 returned.
Failed asserting that an array contains 503.
GET /products/price-changes/{document} [products.price-changes.show] =&gt; GET /products/price-changes/{document} [products.price-changes.show]: guest user was not blocked. HTTP 503 returned.
Failed asserting that an array contains 503.
POST /products/price-changes/{document}/apply [products.price-changes.apply] =&gt; POST /products/price-changes/{document}/apply [products.price-changes.apply]: guest user was not blocked. HTTP 503 returned.
Failed asserting that an array contains 503.
POST /products/price-changes/{document}/cancel [products.price-changes.cancel] =&gt; POST /products/price-changes/{document}/cancel [products.price-changes.cancel]: guest user was not blocked. HTTP 503 returned.
Failed asserting that an array contains 503.
GET /products/{product}/variants [products.variants] =&gt; GET /products/{product}/variants [products.variants]: guest user was not blocked. HTTP 503 returned.
Failed asserting that an array contains 503.
GET /products/{product}/edit [products.edit] =&gt; GET /products/{product}/edit [products.edit]: guest user was not blocked. HTTP 503 returned.
Failed asserting that an array contains 503.
PUT /products/{product} [products.update] =&gt; PUT /products/{product} [products.update]: guest user was not blocked. HTTP 503 returned.
Failed asserting that an array contains 503.
PATCH /products/{product} [products.update] =&gt; PATCH /products/{product} [products.update]: guest user was not blocked. HTTP 503 returned.
Failed asserting that an array contains 503.
GET /products/{product}/warehouse-stock [products.warehouse-stock] =&gt; GET /products/{product}/warehouse-stock [products.warehouse-stock]: guest user was not blocked. HTTP 503 returned.
Failed asserting that an array contains 503.
GET /products/{product}/image [products.image] =&gt; GET /products/{product}/image [products.image]: guest user was not blocked. HTTP 503 returned.
Failed asserting that an array contains 503.
DELETE /products/{product} [products.destroy] =&gt; DELETE /products/{product} [products.destroy]: guest user was not blocked. HTTP 503 returned.
Failed asserting that an array contains 503.
GET /products/{product}/sales-ledger [products.sales-ledger] =&gt; GET /products/{product}/sales-ledger [products.sales-ledger]: guest user was not blocked. HTTP 503 returned.
Failed asserting that an array contains 503.
GET /products/{product}/purchase-ledger [products.purchase-ledger] =&gt; GET /products/{product}/purchase-ledger [products.purchase-ledger]: guest user was not blocked. HTTP 503 returned.
Failed asserting that an array contains 503.
GET /categories [categories.index] =&gt; GET /categories [categories.index]: guest user was not blocked. HTTP 503 returned.
Failed asserting that an array contains 503.
GET /categories/create [categories.create] =&gt; GET /categories/create [categories.create]: guest user was not blocked. HTTP 503 returned.
Failed asserting that an array contains 503.
POST /categories [categories.store] =&gt; POST /categories [categories.store]: guest user was not blocked. HTTP 503 returned.
Failed asserting that an array contains 503.
GET /categories/{category}/edit [categories.edit] =&gt; GET /categories/{category}/edit [categories.edit]: guest user was not blocked. HTTP 503 returned.
Failed asserting that an array contains 503.
PUT /categories/{category} [categories.update] =&gt; PUT /categories/{category} [categories.update]: guest user was not blocked. HTTP 503 returned.
Failed asserting that an array contains 503.
PATCH /categories/{category} [categories.update] =&gt; PATCH /categories/{category} [categories.update]: guest user was not blocked. HTTP 503 returned.
Failed asserting that an array contains 503.
DELETE /categories/{category} [categories.destroy] =&gt; DELETE /categories/{category} [categories.destroy]: guest user was not blocked. HTTP 503 returned.
Failed asserting that an array contains 503.
POST /categories/fix-codes [categories.fixCodes] =&gt; POST /categories/fix-codes [categories.fixCodes]: guest user was not blocked. HTTP 503 returned.
Failed asserting that an array contains 503.
GET /products/pricelist [products.pricelist] =&gt; GET /products/pricelist [products.pricelist]: guest user was not blocked. HTTP 503 returned.
Failed asserting that an array contains 503.
GET /admin/product-exports [admin.product-exports.index] =&gt; GET /admin/product-exports [admin.product-exports.index]: guest user was not blocked. HTTP 503 returned.
Failed asserting that an array contains 503.
GET /admin/product-exports/data [admin.product-exports.data] =&gt; GET /admin/product-exports/data [admin.product-exports.data]: guest user was not blocked. HTTP 503 returned.
Failed asserting that an array contains 503.
GET /admin/product-exports/print [admin.product-exports.print] =&gt; GET /admin/product-exports/print [admin.product-exports.print]: guest user was not blocked. HTTP 503 returned.
Failed asserting that an array contains 503.
GET /admin/product-exports/download [admin.product-exports.download] =&gt; GET /admin/product-exports/download [admin.product-exports.download]: guest user was not blocked. HTTP 503 returned.
Failed asserting that an array contains 503.
GET /admin/product-exports/model-lists [admin.product-exports.model-lists] =&gt; GET /admin/product-exports/model-lists [admin.product-exports.model-lists]: guest user was not blocked. HTTP 503 returned.
Failed asserting that an array contains 503.
GET /admin/product-exports/products/search [admin.product-exports.products.search] =&gt; GET /admin/product-exports/products/search [admin.product-exports.products.search]: guest user was not blocked. HTTP 503 returned.
Failed asserting that an array contains 503.
GET /admin/product-exports/categories/{category}/children [admin.product-exports.categories.children] =&gt; GET /admin/product-exports/categories/{category}/children [admin.product-exports.categories.children]: guest user was not blocked. HTTP 503 returned.
Failed asserting that an array contains 503.
GET /admin/product-exports/export [admin.product-exports.export] =&gt; GET /admin/product-exports/export [admin.product-exports.export]: guest user was not blocked. HTTP 503 returned.
Failed asserting that an array contains 503.
POST /products/sync-crm [products.sync.crm] =&gt; POST /products/sync-crm [products.sync.crm]: guest user was not blocked. HTTP 503 returned.
Failed asserting that an array contains 503.
GET /product-deactivation-documents [product-deactivation-documents.index] =&gt; GET /product-deactivation-documents [product-deactivation-documents.index]: guest user was not blocked. HTTP 503 returned.
Failed asserting that an array contains 503.
GET /product-deactivation-documents/create [product-deactivation-documents.create] =&gt; GET /product-deactivation-documents/create [product-deactivation-documents.create]: guest user was not blocked. HTTP 503 returned.
Failed asserting that an array contains 503.
GET /product-deactivation-documents/search/products [product-deactivation-documents.products.search] =&gt; GET /product-deactivation-documents/search/products [product-deactivation-documents.products.search]: guest user was not blocked. HTTP 503 returned.
Failed asserting that an array contains 503.
GET /product-deactivation-documents/products/{product}/variants [product-deactivation-documents.products.variants] =&gt; GET /product-deactivation-documents/products/{product}/variants [product-deactivation-documents.products.variants]: guest user was not blocked. HTTP 503 returned.
Failed asserting that an array contains 503.
GET /product-deactivation-documents/bulk/create [product-deactivation-documents.bulk.create] =&gt; GET /product-deactivation-documents/bulk/create [product-deactivation-documents.bulk.create]: guest user was not blocked. HTTP 503 returned.
Failed asserting that an array contains 503.
GET /product-deactivation-documents/bulk/categories/{category}/children [product-deactivation-documents.bulk.categories.children] =&gt; GET /product-deactivation-documents/bulk/categories/{category}/children [product-deactivation-documents.bulk.categories.children]: guest user was not blocked. HTTP 503 returned.
Failed asserting that an array contains 503.
POST /product-deactivation-documents/bulk/preview [product-deactivation-documents.bulk.preview] =&gt; POST /product-deactivation-documents/bulk/preview [product-deactivation-documents.bulk.preview]: guest user was not blocked. HTTP 503 returned.
Failed asserting that an array contains 503.
POST /product-deactivation-documents/bulk [product-deactivation-documents.bulk.store] =&gt; POST /product-deactivation-documents/bulk [product-deactivation-documents.bulk.store]: guest user was not blocked. HTTP 503 returned.
Failed asserting that an array contains 503.
POST /product-deactivation-documents [product-deactivation-documents.store] =&gt; POST /product-deactivation-documents [product-deactivation-documents.store]: guest user was not blocked. HTTP 503 returned.
Failed asserting that an array contains 503.
GET /product-deactivation-documents/{productDeactivationDocument} [product-deactivation-documents.show] =&gt; GET /product-deactivation-documents/{productDeactivationDocument} [product-deactivation-documents.show]: guest user was not blocked. HTTP 503 returned.
Failed asserting that an array contains 503.
GET /model-lists [model-lists.index] =&gt; GET /model-lists [model-lists.index]: guest user was not blocked. HTTP 503 returned.
Failed asserting that an array contains 503.
POST /model-lists [model-lists.store] =&gt; POST /model-lists [model-lists.store]: guest user was not blocked. HTTP 503 returned.
Failed asserting that an array contains 503.
PUT /model-lists/{modelList} [model-lists.update] =&gt; PUT /model-lists/{modelList} [model-lists.update]: guest user was not blocked. HTTP 503 returned.
Failed asserting that an array contains 503.
DELETE /model-lists/{modelList} [model-lists.destroy] =&gt; DELETE /model-lists/{modelList} [model-lists.destroy]: guest user was not blocked. HTTP 503 returned.
Failed asserting that an array contains 503.
POST /model-lists/assign-codes [model-lists.assign-codes] =&gt; POST /model-lists/assign-codes [model-lists.assign-codes]: guest user was not blocked. HTTP 503 returned.
Failed asserting that an array contains 503.
POST /model-lists/import-from-products [model-lists.import-from-products] =&gt; POST /model-lists/import-from-products [model-lists.import-from-products]: guest user was not blocked. HTTP 503 returned.
Failed asserting that an array contains 503.
POST /model-lists/import-phone-catalog [model-lists.import-phone-catalog] =&gt; POST /model-lists/import-phone-catalog [model-lists.import-phone-catalog]: guest user was not blocked. HTTP 503 returned.
Failed asserting that an array contains 503.
POST /model-lists/quick-store [model-lists.quick-store] =&gt; POST /model-lists/quick-store [model-lists.quick-store]: guest user was not blocked. HTTP 503 returned.
Failed asserting that an array contains 503.
GET /shipping-methods [shipping-methods.index] =&gt; GET /shipping-methods [shipping-methods.index]: guest user was not blocked. HTTP 503 returned.
Failed asserting that an array contains 503.
POST /shipping-methods [shipping-methods.store] =&gt; POST /shipping-methods [shipping-methods.store]: guest user was not blocked. HTTP 503 returned.
Failed asserting that an array contains 503.
PUT /shipping-methods/{shippingMethod} [shipping-methods.update] =&gt; PUT /shipping-methods/{shippingMethod} [shipping-methods.update]: guest user was not blocked. HTTP 503 returned.
Failed asserting that an array contains 503.
DELETE /shipping-methods/{shippingMethod} [shipping-methods.destroy] =&gt; DELETE /shipping-methods/{shippingMethod} [shipping-methods.destroy]: guest user was not blocked. HTTP 503 returned.
Failed asserting that an array contains 503.
POST /categories/quick-store [categories.quickStore] =&gt; POST /categories/quick-store [categories.quickStore]: guest user was not blocked. HTTP 503 returned.
Failed asserting that an array contains 503.
GET /inventory-webhooks [inventory-webhooks.index] =&gt; GET /inventory-webhooks [inventory-webhooks.index]: guest user was not blocked. HTTP 503 returned.
Failed asserting that an array contains 503.
PUT /inventory-webhooks [inventory-webhooks.update] =&gt; PUT /inventory-webhooks [inventory-webhooks.update]: guest user was not blocked. HTTP 503 returned.
Failed asserting that an array contains 503.
GET /products/{product}/movements/create [movements.create] =&gt; GET /products/{product}/movements/create [movements.create]: guest user was not blocked. HTTP 503 returned.
Failed asserting that an array contains 503.
POST /products/{product}/movements [movements.store] =&gt; POST /products/{product}/movements [movements.store]: guest user was not blocked. HTTP 503 returned.
Failed asserting that an array contains 503.
GET /movements [movements.index] =&gt; GET /movements [movements.index]: guest user was not blocked. HTTP 503 returned.
Failed asserting that an array contains 503.
GET /sales-returns [sales-returns.index] =&gt; GET /sales-returns [sales-returns.index]: guest user was not blocked. HTTP 503 returned.
Failed asserting that an array contains 503.
GET /sales-returns/create [sales-returns.create] =&gt; GET /sales-returns/create [sales-returns.create]: guest user was not blocked. HTTP 503 returned.
Failed asserting that an array contains 503.
POST /sales-returns [sales-returns.store] =&gt; POST /sales-returns [sales-returns.store]: guest user was not blocked. HTTP 503 returned.
Failed asserting that an array contains 503.
GET /sales-returns/export/excel [sales-returns.export.excel] =&gt; GET /sales-returns/export/excel [sales-returns.export.excel]: guest user was not blocked. HTTP 503 returned.
Failed asserting that an array contains 503.
GET /sales-returns/export/pdf [sales-returns.export.pdf] =&gt; GET /sales-returns/export/pdf [sales-returns.export.pdf]: guest user was not blocked. HTTP 503 returned.
Failed asserting that an array contains 503.
GET /sales-returns/print [sales-returns.print-report] =&gt; GET /sales-returns/print [sales-returns.print-report]: guest user was not blocked. HTTP 503 returned.
Failed asserting that an array contains 503.
GET /sales-returns/customers/search [sales-returns.customers.search] =&gt; GET /sales-returns/customers/search [sales-returns.customers.search]: guest user was not blocked. HTTP 503 returned.
Failed asserting that an array contains 503.
GET /sales-returns/customers/{customer}/invoices [sales-returns.customers.invoices] =&gt; GET /sales-returns/customers/{customer}/invoices [sales-returns.customers.invoices]: guest user was not blocked. HTTP 503 returned.
Failed asserting that an array contains 503.
GET /sales-returns/invoices/{invoice}/items [sales-returns.invoices.items] =&gt; GET /sales-returns/invoices/{invoice}/items [sales-returns.invoices.items]: guest user was not blocked. HTTP 503 returned.
Failed asserting that an array contains 503.
GET /sales-returns/products/search [sales-returns.products.search] =&gt; GET /sales-returns/products/search [sales-returns.products.search]: guest user was not blocked. HTTP 503 returned.
Failed asserting that an array contains 503.
GET /sales-returns/products/{product}/variants [sales-returns.products.variants] =&gt; GET /sales-returns/products/{product}/variants [sales-returns.products.variants]: guest user was not blocked. HTTP 503 returned.
Failed asserting that an array contains 503.
POST /sales-returns/preview [sales-returns.preview] =&gt; POST /sales-returns/preview [sales-returns.preview]: guest user was not blocked. HTTP 503 returned.
Failed asserting that an array contains 503.
GET /sales-returns/{document} [sales-returns.show] =&gt; GET /sales-returns/{document} [sales-returns.show]: guest user was not blocked. HTTP 503 returned.
Failed asserting that an array contains 503.
GET /sales-returns/{document}/edit [sales-returns.edit] =&gt; GET /sales-returns/{document}/edit [sales-returns.edit]: guest user was not blocked. HTTP 503 returned.
Failed asserting that an array contains 503.
PATCH /sales-returns/{document} [sales-returns.update] =&gt; PATCH /sales-returns/{document} [sales-returns.update]: guest user was not blocked. HTTP 503 returned.
Failed asserting that an array contains 503.
POST /sales-returns/{document}/apply [sales-returns.apply] =&gt; POST /sales-returns/{document}/apply [sales-returns.apply]: guest user was not blocked. HTTP 503 returned.
Failed asserting that an array contains 503.
POST /sales-returns/{document}/cancel [sales-returns.cancel] =&gt; POST /sales-returns/{document}/cancel [sales-returns.cancel]: guest user was not blocked. HTTP 503 returned.
Failed asserting that an array contains 503.
GET /sales-returns/{document}/print [sales-returns.print] =&gt; GET /sales-returns/{document}/print [sales-returns.print]: guest user was not blocked. HTTP 503 returned.
Failed asserting that an array contains 503.
GET /sales-returns/{document}/pdf [sales-returns.pdf] =&gt; GET /sales-returns/{document}/pdf [sales-returns.pdf]: guest user was not blocked. HTTP 503 returned.
Failed asserting that an array contains 503.
GET /vouchers [vouchers.index] =&gt; GET /vouchers [vouchers.index]: guest user was not blocked. HTTP 503 returned.
Failed asserting that an array contains 503.
GET /vouchers/sales [vouchers.sales.index] =&gt; GET /vouchers/sales [vouchers.sales.index]: guest user was not blocked. HTTP 503 returned.
Failed asserting that an array contains 503.
GET /vouchers/sales/queue [vouchers.sales.queue] =&gt; GET /vouchers/sales/queue [vouchers.sales.queue]: guest user was not blocked. HTTP 503 returned.
Failed asserting that an array contains 503.
GET /vouchers/sales/queue/data [vouchers.sales.queue.data] =&gt; GET /vouchers/sales/queue/data [vouchers.sales.queue.data]: guest user was not blocked. HTTP 503 returned.
Failed asserting that an array contains 503.
GET /vouchers/sales/shipped [vouchers.sales.shipped] =&gt; GET /vouchers/sales/shipped [vouchers.sales.shipped]: guest user was not blocked. HTTP 503 returned.
Failed asserting that an array contains 503.
GET /warehouse/shipping [warehouse.shipping.index] =&gt; GET /warehouse/shipping [warehouse.shipping.index]: guest user was not blocked. HTTP 503 returned.
Failed asserting that an array contains 503.
POST /warehouse/shipping/{invoice}/ship [warehouse.shipping.ship] =&gt; POST /warehouse/shipping/{invoice}/ship [warehouse.shipping.ship]: guest user was not blocked. HTTP 503 returned.
Failed asserting that an array contains 503.
GET /warehouse/inbound-queue [warehouse.inbound.index] =&gt; GET /warehouse/inbound-queue [warehouse.inbound.index]: guest user was not blocked. HTTP 503 returned.
Failed asserting that an array contains 503.
GET /warehouse/inbound-queue/{receipt} [warehouse.inbound.show] =&gt; GET /warehouse/inbound-queue/{receipt} [warehouse.inbound.show]: guest user was not blocked. HTTP 503 returned.
Failed asserting that an array contains 503.
POST /warehouse/inbound-queue/{receipt}/receive [warehouse.inbound.receive] =&gt; POST /warehouse/inbound-queue/{receipt}/receive [warehouse.inbound.receive]: guest user was not blocked. HTTP 503 returned.
Failed asserting that an array contains 503.
POST /vouchers/sales/queue/{uuid}/receive [vouchers.sales.queue.receive] =&gt; POST /vouchers/sales/queue/{uuid}/receive [vouchers.sales.queue.receive]: guest user was not blocked. HTTP 503 returned.
Failed asserting that an array contains 503.
POST /vouchers/sales/queue/{uuid}/start-collection [vouchers.sales.queue.start-collection] =&gt; POST /vouchers/sales/queue/{uuid}/start-collection [vouchers.sales.queue.start-collection]: guest user was not blocked. HTTP 503 returned.
Failed asserting that an array contains 503.
POST /vouchers/sales/queue/{uuid}/complete-collection [vouchers.sales.queue.complete-collection] =&gt; POST /vouchers/sales/queue/{uuid}/complete-collection [vouchers.sales.queue.complete-collection]: guest user was not blocked. HTTP 503 returned.
Failed asserting that an array contains 503.
PUT /vouchers/sales/queue/{uuid}/items [vouchers.sales.queue.items] =&gt; PUT /vouchers/sales/queue/{uuid}/items [vouchers.sales.queue.items]: guest user was not blocked. HTTP 503 returned.
Failed asserting that an array contains 503.
GET /vouchers/sales/products/categories [vouchers.sales.products.categories] =&gt; GET /vouchers/sales/products/categories [vouchers.sales.products.categories]: guest user was not blocked. HTTP 503 returned.
Failed asserting that an array contains 503.
GET /vouchers/sales/products/by-category [vouchers.sales.products.by-category] =&gt; GET /vouchers/sales/products/by-category [vouchers.sales.products.by-category]: guest user was not blocked. HTTP 503 returned.
Failed asserting that an array contains 503.
GET /vouchers/sales/products/{product}/variants [vouchers.sales.products.variants] =&gt; GET /vouchers/sales/products/{product}/variants [vouchers.sales.products.variants]: guest user was not blocked. HTTP 503 returned.
Failed asserting that an array contains 503.
GET /vouchers/sales/{uuid}/collection-edit [vouchers.sales.collection.edit] =&gt; GET /vouchers/sales/{uuid}/collection-edit [vouchers.sales.collection.edit]: guest user was not blocked. HTTP 503 returned.
Failed asserting that an array contains 503.
PATCH /vouchers/sales/{uuid}/collection-update [vouchers.sales.collection.update] =&gt; PATCH /vouchers/sales/{uuid}/collection-update [vouchers.sales.collection.update]: guest user was not blocked. HTTP 503 returned.
Failed asserting that an array contains 503.
GET /vouchers/sales/{uuid} [vouchers.sales.edit] =&gt; GET /vouchers/sales/{uuid} [vouchers.sales.edit]: guest user was not blocked. HTTP 503 returned.
Failed asserting that an array contains 503.
GET /vouchers/sales/{uuid}/view [vouchers.sales.show] =&gt; GET /vouchers/sales/{uuid}/view [vouchers.sales.show]: guest user was not blocked. HTTP 503 returned.
Failed asserting that an array contains 503.
GET /vouchers/sales/{uuid}/history [vouchers.sales.history] =&gt; GET /vouchers/sales/{uuid}/history [vouchers.sales.history]: guest user was not blocked. HTTP 503 returned.
Failed asserting that an array contains 503.
PUT /vouchers/sales/{uuid} [vouchers.sales.update] =&gt; PUT /vouchers/sales/{uuid} [vouchers.sales.update]: guest user was not blocked. HTTP 503 returned.
Failed asserting that an array contains 503.
POST /vouchers/sales/{uuid}/status [vouchers.sales.status] =&gt; POST /vouchers/sales/{uuid}/status [vouchers.sales.status]: guest user was not blocked. HTTP 503 returned.
Failed asserting that an array contains 503.
GET /vouchers/sales/{uuid}/print [vouchers.sales.print] =&gt; GET /vouchers/sales/{uuid}/print [vouchers.sales.print]: guest user was not blocked. HTTP 503 returned.
Failed asserting that an array contains 503.
POST /finance/invoices/{uuid}/reapprove [finance.invoices.reapprove] =&gt; POST /finance/invoices/{uuid}/reapprove [finance.invoices.reapprove]: guest user was not blocked. HTTP 503 returned.
Failed asserting that an array contains 503.
POST /finance/invoices/{uuid}/return-to-sales [finance.invoices.return-to-sales] =&gt; POST /finance/invoices/{uuid}/return-to-sales [finance.invoices.return-to-sales]: guest user was not blocked. HTTP 503 returned.
Failed asserting that an array contains 503.
GET /finance/registered-cheques [finance.cheques.registered] =&gt; GET /finance/registered-cheques [finance.cheques.registered]: guest user was not blocked. HTTP 503 returned.
Failed asserting that an array contains 503.
GET /finance/reports [finance.reports.index] =&gt; GET /finance/reports [finance.reports.index]: guest user was not blocked. HTTP 503 returned.
Failed asserting that an array contains 503.
GET /finance/reports/sales-visitors [finance.reports.sales-visitors] =&gt; GET /finance/reports/sales-visitors [finance.reports.sales-visitors]: guest user was not blocked. HTTP 503 returned.
Failed asserting that an array contains 503.
POST /finance/reports/sales-visitors/commission-batches [finance.reports.sales-visitors.commission-batches.store] =&gt; POST /finance/reports/sales-visitors/commission-batches [finance.reports.sales-visitors.commission-batches.store]: guest user was not blocked. HTTP 503 returned.
Failed asserting that an array contains 503.
GET /finance/reports/sales-visitors/commission-batches/{batch} [finance.reports.sales-visitors.commission-batches.show] =&gt; GET /finance/reports/sales-visitors/commission-batches/{batch} [finance.reports.sales-visitors.commission-batches.show]: guest user was not blocked. HTTP 503 returned.
Failed asserting that an array contains 503.
GET /finance/reports/sales-visitors/commission-batches/{batch}/export [finance.reports.sales-visitors.commission-batches.export] =&gt; GET /finance/reports/sales-visitors/commission-batches/{batch}/export [finance.reports.sales-visitors.commission-batches.export]: guest user was not blocked. HTTP 503 returned.
Failed asserting that an array contains 503.
GET /finance/reports/sales-visitors/commission-batches/{batch}/print [finance.reports.sales-visitors.commission-batches.print] =&gt; GET /finance/reports/sales-visitors/commission-batches/{batch}/print [finance.reports.sales-visitors.commission-batches.print]: guest user was not blocked. HTTP 503 returned.
Failed asserting that an array contains 503.
GET /finance/reports/seller-commission-documents [finance.seller-sales.index] =&gt; GET /finance/reports/seller-commission-documents [finance.seller-sales.index]: guest user was not blocked. HTTP 503 returned.
Failed asserting that an array contains 503.
GET /finance/reports/seller-commission-documents/create [finance.seller-sales.create] =&gt; GET /finance/reports/seller-commission-documents/create [finance.seller-sales.create]: guest user was not blocked. HTTP 503 returned.
Failed asserting that an array contains 503.
GET /finance/reports/seller-commission-documents/available-invoices [finance.seller-sales.available-invoices] =&gt; GET /finance/reports/seller-commission-documents/available-invoices [finance.seller-sales.available-invoices]: guest user was not blocked. HTTP 503 returned.
Failed asserting that an array contains 503.
POST /finance/reports/seller-commission-documents [finance.seller-sales.store] =&gt; POST /finance/reports/seller-commission-documents [finance.seller-sales.store]: guest user was not blocked. HTTP 503 returned.
Failed asserting that an array contains 503.
GET /finance/reports/seller-commission-documents/{document} [finance.seller-sales.show] =&gt; GET /finance/reports/seller-commission-documents/{document} [finance.seller-sales.show]: guest user was not blocked. HTTP 503 returned.
Failed asserting that an array contains 503.
GET /finance/reports/seller-commission-documents/{document}/edit [finance.seller-sales.edit] =&gt; GET /finance/reports/seller-commission-documents/{document}/edit [finance.seller-sales.edit]: guest user was not blocked. HTTP 503 returned.
Failed asserting that an array contains 503.
PUT /finance/reports/seller-commission-documents/{document} [finance.seller-sales.update] =&gt; PUT /finance/reports/seller-commission-documents/{document} [finance.seller-sales.update]: guest user was not blocked. HTTP 503 returned.
Failed asserting that an array contains 503.
GET /finance/reports/seller-commission-documents/{document}/print [finance.seller-sales.print] =&gt; GET /finance/reports/seller-commission-documents/{document}/print [finance.seller-sales.print]: guest user was not blocked. HTTP 503 returned.
Failed asserting that an array contains 503.
GET /vouchers/section/return-from-sale [vouchers.return-from-sale.index] =&gt; GET /vouchers/section/return-from-sale [vouchers.return-from-sale.index]: guest user was not blocked. HTTP 503 returned.
Failed asserting that an array contains 503.
GET /vouchers/section/return-from-sale/data [vouchers.return-from-sale.data] =&gt; GET /vouchers/section/return-from-sale/data [vouchers.return-from-sale.data]: guest user was not blocked. HTTP 503 returned.
Failed asserting that an array contains 503.
GET /vouchers/section/return-from-sale/create [vouchers.return-from-sale.create] =&gt; GET /vouchers/section/return-from-sale/create [vouchers.return-from-sale.create]: guest user was not blocked. HTTP 503 returned.
Failed asserting that an array contains 503.
POST /vouchers/section/return-from-sale [vouchers.return-from-sale.store] =&gt; POST /vouchers/section/return-from-sale [vouchers.return-from-sale.store]: guest user was not blocked. HTTP 503 returned.
Failed asserting that an array contains 503.
GET /vouchers/section/return-from-sale/customers/search [vouchers.return-from-sale.customers.search] =&gt; GET /vouchers/section/return-from-sale/customers/search [vouchers.return-from-sale.customers.search]: guest user was not blocked. HTTP 503 returned.
Failed asserting that an array contains 503.
GET /vouchers/section/return-from-sale/customers/{customer}/invoices [vouchers.return-from-sale.customers.invoices] =&gt; GET /vouchers/section/return-from-sale/customers/{customer}/invoices [vouchers.return-from-sale.customers.invoices]: guest user was not blocked. HTTP 503 returned.
Failed asserting that an array contains 503.
GET /vouchers/section/return-from-sale/invoices/{invoice}/items [vouchers.return-from-sale.invoices.items] =&gt; GET /vouchers/section/return-from-sale/invoices/{invoice}/items [vouchers.return-from-sale.invoices.items]: guest user was not blocked. HTTP 503 returned.
Failed asserting that an array contains 503.
GET /vouchers/section/return-from-sale/categories [vouchers.return-from-sale.categories.index] =&gt; GET /vouchers/section/return-from-sale/categories [vouchers.return-from-sale.categories.index]: guest user was not blocked. HTTP 503 returned.
Failed asserting that an array contains 503.
GET /vouchers/section/return-from-sale/categories/{category}/products [vouchers.return-from-sale.categories.products] =&gt; GET /vouchers/section/return-from-sale/categories/{category}/products [vouchers.return-from-sale.categories.products]: guest user was not blocked. HTTP 503 returned.
Failed asserting that an array contains 503.
GET /vouchers/section/return-from-sale/products/search [vouchers.return-from-sale.products.search] =&gt; GET /vouchers/section/return-from-sale/products/search [vouchers.return-from-sale.products.search]: guest user was not blocked. HTTP 503 returned.
Failed asserting that an array contains 503.
GET /vouchers/section/return-from-sale/products/{product}/variants [vouchers.return-from-sale.products.variants] =&gt; GET /vouchers/section/return-from-sale/products/{product}/variants [vouchers.return-from-sale.products.variants]: guest user was not blocked. HTTP 503 returned.
Failed asserting that an array contains 503.
POST /vouchers/section/return-from-sale/preview [vouchers.return-from-sale.preview] =&gt; POST /vouchers/section/return-from-sale/preview [vouchers.return-from-sale.preview]: guest user was not blocked. HTTP 503 returned.
Failed asserting that an array contains 503.
GET /vouchers/section/return-from-sale/export/excel [vouchers.return-from-sale.export.excel] =&gt; GET /vouchers/section/return-from-sale/export/excel [vouchers.return-from-sale.export.excel]: guest user was not blocked. HTTP 503 returned.
Failed asserting that an array contains 503.
GET /vouchers/section/return-from-sale/export/pdf [vouchers.return-from-sale.export.pdf] =&gt; GET /vouchers/section/return-from-sale/export/pdf [vouchers.return-from-sale.export.pdf]: guest user was not blocked. HTTP 503 returned.
Failed asserting that an array contains 503.
GET /vouchers/section/return-from-sale/print [vouchers.return-from-sale.print-report] =&gt; GET /vouchers/section/return-from-sale/print [vouchers.return-from-sale.print-report]: guest user was not blocked. HTTP 503 returned.
Failed asserting that an array contains 503.
GET /vouchers/section/return-from-sale/print/customers [vouchers.return-from-sale.print.customers] =&gt; GET /vouchers/section/return-from-sale/print/customers [vouchers.return-from-sale.print.customers]: guest user was not blocked. HTTP 503 returned.
Failed asserting that an array contains 503.
GET /vouchers/section/return-from-sale/print/products [vouchers.return-from-sale.print.products] =&gt; GET /vouchers/section/return-from-sale/print/products [vouchers.return-from-sale.print.products]: guest user was not blocked. HTTP 503 returned.
Failed asserting that an array contains 503.
GET /vouchers/section/return-from-sale/legacy/{transfer}/print [vouchers.return-from-sale.legacy.print] =&gt; GET /vouchers/section/return-from-sale/legacy/{transfer}/print [vouchers.return-from-sale.legacy.print]: guest user was not blocked. HTTP 503 returned.
Failed asserting that an array contains 503.
GET /vouchers/section/return-from-sale/{document} [vouchers.return-from-sale.show] =&gt; GET /vouchers/section/return-from-sale/{document} [vouchers.return-from-sale.show]: guest user was not blocked. HTTP 503 returned.
Failed asserting that an array contains 503.
GET /vouchers/section/return-from-sale/{document}/edit [vouchers.return-from-sale.edit] =&gt; GET /vouchers/section/return-from-sale/{document}/edit [vouchers.return-from-sale.edit]: guest user was not blocked. HTTP 503 returned.
Failed asserting that an array contains 503.
GET /vouchers/section/return-from-sale/{document}/applied-edit [vouchers.return-from-sale.applied.edit] =&gt; GET /vouchers/section/return-from-sale/{document}/applied-edit [vouchers.return-from-sale.applied.edit]: guest user was not blocked. HTTP 503 returned.
Failed asserting that an array contains 503.
PATCH /vouchers/section/return-from-sale/{document}/applied-update [vouchers.return-from-sale.applied.update] =&gt; PATCH /vouchers/section/return-from-sale/{document}/applied-update [vouchers.return-from-sale.applied.update]: guest user was not blocked. HTTP 503 returned.
Failed asserting that an array contains 503.
POST /vouchers/section/return-from-sale/{document}/void [vouchers.return-from-sale.applied.void] =&gt; POST /vouchers/section/return-from-sale/{document}/void [vouchers.return-from-sale.applied.void]: guest user was not blocked. HTTP 503 returned.
Failed asserting that an array contains 503.
PATCH /vouchers/section/return-from-sale/{document} [vouchers.return-from-sale.update] =&gt; PATCH /vouchers/section/return-from-sale/{document} [vouchers.return-from-sale.update]: guest user was not blocked. HTTP 503 returned.
Failed asserting that an array contains 503.
POST /vouchers/section/return-from-sale/{document}/apply [vouchers.return-from-sale.apply] =&gt; POST /vouchers/section/return-from-sale/{document}/apply [vouchers.return-from-sale.apply]: guest user was not blocked. HTTP 503 returned.
Failed asserting that an array contains 503.
POST /vouchers/section/return-from-sale/{document}/cancel [vouchers.return-from-sale.cancel] =&gt; POST /vouchers/section/return-from-sale/{document}/cancel [vouchers.return-from-sale.cancel]: guest user was not blocked. HTTP 503 returned.
Failed asserting that an array contains 503.
GET /vouchers/section/return-from-sale/{document}/print [vouchers.return-from-sale.print] =&gt; GET /vouchers/section/return-from-sale/{document}/print [vouchers.return-from-sale.print]: guest user was not blocked. HTTP 503 returned.
Failed asserting that an array contains 503.
GET /vouchers/section/return-from-sale/{document}/pdf [vouchers.return-from-sale.pdf] =&gt; GET /vouchers/section/return-from-sale/{document}/pdf [vouchers.return-from-sale.pdf]: guest user was not blocked. HTTP 503 returned.
Failed asserting that an array contains 503.
GET /vouchers/section/personnel/categories/{category}/children [vouchers.personnel.categories.children] =&gt; GET /vouchers/section/personnel/categories/{category}/children [vouchers.personnel.categories.children]: guest user was not blocked. HTTP 503 returned.
Failed asserting that an array contains 503.
GET /vouchers/section/personnel/products/search [vouchers.personnel.products.search] =&gt; GET /vouchers/section/personnel/products/search [vouchers.personnel.products.search]: guest user was not blocked. HTTP 503 returned.
Failed asserting that an array contains 503.
GET /vouchers/section/personnel/products/{product}/variants [vouchers.personnel.products.variants] =&gt; GET /vouchers/section/personnel/products/{product}/variants [vouchers.personnel.products.variants]: guest user was not blocked. HTTP 503 returned.
Failed asserting that an array contains 503.
GET /vouchers/section/{type} [vouchers.section.index] =&gt; GET /vouchers/section/{type} [vouchers.section.index]: guest user was not blocked. HTTP 503 returned.
Failed asserting that an array contains 503.
GET /vouchers/section/{type}/create [vouchers.section.create] =&gt; GET /vouchers/section/{type}/create [vouchers.section.create]: guest user was not blocked. HTTP 503 returned.
Failed asserting that an array contains 503.
POST /vouchers/section/{type} [vouchers.section.store] =&gt; POST /vouchers/section/{type} [vouchers.section.store]: guest user was not blocked. HTTP 503 returned.
Failed asserting that an array contains 503.
GET /vouchers/create [vouchers.create] =&gt; GET /vouchers/create [vouchers.create]: guest user was not blocked. HTTP 503 returned.
Failed asserting that an array contains 503.
POST /vouchers [vouchers.store] =&gt; POST /vouchers [vouchers.store]: guest user was not blocked. HTTP 503 returned.
Failed asserting that an array contains 503.
GET /vouchers/invoice/{uuid}/products [vouchers.invoice.products] =&gt; GET /vouchers/invoice/{uuid}/products [vouchers.invoice.products]: guest user was not blocked. HTTP 503 returned.
Failed asserting that an array contains 503.
GET /vouchers/sale-delivery [vouchers.sale-delivery.index] =&gt; GET /vouchers/sale-delivery [vouchers.sale-delivery.index]: guest user was not blocked. HTTP 503 returned.
Failed asserting that an array contains 503.
GET /vouchers/sale-delivery/{uuid}/edit [vouchers.sale-delivery.edit] =&gt; GET /vouchers/sale-delivery/{uuid}/edit [vouchers.sale-delivery.edit]: guest user was not blocked. HTTP 503 returned.
Failed asserting that an array contains 503.
PUT /vouchers/sale-delivery/{uuid} [vouchers.sale-delivery.update] =&gt; PUT /vouchers/sale-delivery/{uuid} [vouchers.sale-delivery.update]: guest user was not blocked. HTTP 503 returned.
Failed asserting that an array contains 503.
GET /vouchers/return/customers/{customer}/invoices [vouchers.return.customer-invoices] =&gt; GET /vouchers/return/customers/{customer}/invoices [vouchers.return.customer-invoices]: guest user was not blocked. HTTP 503 returned.
Failed asserting that an array contains 503.
GET /notifications [notifications.index] =&gt; GET /notifications [notifications.index]: guest user was not blocked. HTTP 503 returned.
Failed asserting that an array contains 503.
GET /notifications/latest [notifications.latest] =&gt; GET /notifications/latest [notifications.latest]: guest user was not blocked. HTTP 503 returned.
Failed asserting that an array contains 503.
GET /notifications/unread-count [notifications.unread-count] =&gt; GET /notifications/unread-count [notifications.unread-count]: guest user was not blocked. HTTP 503 returned.
Failed asserting that an array contains 503.
POST /notifications/{notification}/read [notifications.read] =&gt; POST /notifications/{notification}/read [notifications.read]: guest user was not blocked. HTTP 503 returned.
Failed asserting that an array contains 503.
POST /notifications/read-all [notifications.read-all] =&gt; POST /notifications/read-all [notifications.read-all]: guest user was not blocked. HTTP 503 returned.
Failed asserting that an array contains 503.
GET /notifications/{notification}/open [notifications.open] =&gt; GET /notifications/{notification}/open [notifications.open]: guest user was not blocked. HTTP 503 returned.
Failed asserting that an array contains 503.
GET /vouchers/{voucher} [vouchers.show] =&gt; GET /vouchers/{voucher} [vouchers.show]: guest user was not blocked. HTTP 503 returned.
Failed asserting that an array contains 503.
GET /vouchers/{voucher}/edit [vouchers.edit] =&gt; GET /vouchers/{voucher}/edit [vouchers.edit]: guest user was not blocked. HTTP 503 returned.
Failed asserting that an array contains 503.
PUT /vouchers/{voucher} [vouchers.update] =&gt; PUT /vouchers/{voucher} [vouchers.update]: guest user was not blocked. HTTP 503 returned.
Failed asserting that an array contains 503.
DELETE /vouchers/{voucher} [vouchers.destroy] =&gt; DELETE /vouchers/{voucher} [vouchers.destroy]: guest user was not blocked. HTTP 503 returned.
Failed asserting that an array contains 503.
GET /warehouse-outputs [warehouse.outputs] =&gt; GET /warehouse-outputs [warehouse.outputs]: guest user was not blocked. HTTP 503 returned.
Failed asserting that an array contains 503.
GET /warehouse/asset-trustee [asset.hub] =&gt; GET /warehouse/asset-trustee [asset.hub]: guest user was not blocked. HTTP 503 returned.
Failed asserting that an array contains 503.
GET /warehouse/asset-trustee/personnel [asset.personnel.index] =&gt; GET /warehouse/asset-trustee/personnel [asset.personnel.index]: guest user was not blocked. HTTP 503 returned.
Failed asserting that an array contains 503.
GET /warehouse/asset-trustee/personnel/create [asset.personnel.create] =&gt; GET /warehouse/asset-trustee/personnel/create [asset.personnel.create]: guest user was not blocked. HTTP 503 returned.
Failed asserting that an array contains 503.
POST /warehouse/asset-trustee/personnel [asset.personnel.store] =&gt; POST /warehouse/asset-trustee/personnel [asset.personnel.store]: guest user was not blocked. HTTP 503 returned.
Failed asserting that an array contains 503.
GET /warehouse/asset-trustee/personnel/{personnel} [asset.personnel.show] =&gt; GET /warehouse/asset-trustee/personnel/{personnel} [asset.personnel.show]: guest user was not blocked. HTTP 503 returned.
Failed asserting that an array contains 503.
GET /warehouse/asset-trustee/personnel/{personnel}/edit [asset.personnel.edit] =&gt; GET /warehouse/asset-trustee/personnel/{personnel}/edit [asset.personnel.edit]: guest user was not blocked. HTTP 503 returned.
Failed asserting that an array contains 503.
PUT /warehouse/asset-trustee/personnel/{personnel} [asset.personnel.update] =&gt; PUT /warehouse/asset-trustee/personnel/{personnel} [asset.personnel.update]: guest user was not blocked. HTTP 503 returned.
Failed asserting that an array contains 503.
PATCH /warehouse/asset-trustee/personnel/{personnel}/toggle-status [asset.personnel.toggle-status] =&gt; PATCH /warehouse/asset-trustee/personnel/{personnel}/toggle-status [asset.personnel.toggle-status]: guest user was not blocked. HTTP 503 returned.
Failed asserting that an array contains 503.
GET /warehouse/asset-trustee/documents [asset.documents.index] =&gt; GET /warehouse/asset-trustee/documents [asset.documents.index]: guest user was not blocked. HTTP 503 returned.
Failed asserting that an array contains 503.
GET /warehouse/asset-trustee/documents/create [asset.documents.create] =&gt; GET /warehouse/asset-trustee/documents/create [asset.documents.create]: guest user was not blocked. HTTP 503 returned.
Failed asserting that an array contains 503.
POST /warehouse/asset-trustee/documents [asset.documents.store] =&gt; POST /warehouse/asset-trustee/documents [asset.documents.store]: guest user was not blocked. HTTP 503 returned.
Failed asserting that an array contains 503.
GET /warehouse/asset-trustee/documents/{document} [asset.documents.show] =&gt; GET /warehouse/asset-trustee/documents/{document} [asset.documents.show]: guest user was not blocked. HTTP 503 returned.
Failed asserting that an array contains 503.
GET /warehouse/asset-trustee/documents/{document}/view [asset.documents.view] =&gt; GET /warehouse/asset-trustee/documents/{document}/view [asset.documents.view]: guest user was not blocked. HTTP 503 returned.
Failed asserting that an array contains 503.
GET /warehouse/asset-trustee/documents/{document}/print [asset.documents.print] =&gt; GET /warehouse/asset-trustee/documents/{document}/print [asset.documents.print]: guest user was not blocked. HTTP 503 returned.
Failed asserting that an array contains 503.
GET /warehouse/asset-trustee/documents/{document}/signed-form [asset.documents.signed-form.view] =&gt; GET /warehouse/asset-trustee/documents/{document}/signed-form [asset.documents.signed-form.view]: guest user was not blocked. HTTP 503 returned.
Failed asserting that an array contains 503.
GET /warehouse/asset-trustee/documents/{document}/signed-form/download [asset.documents.signed-form.download] =&gt; GET /warehouse/asset-trustee/documents/{document}/signed-form/download [asset.documents.signed-form.download]: guest user was not blocked. HTTP 503 returned.
Failed asserting that an array contains 503.
GET /warehouse/asset-trustee/documents/{document}/edit [asset.documents.edit] =&gt; GET /warehouse/asset-trustee/documents/{document}/edit [asset.documents.edit]: guest user was not blocked. HTTP 503 returned.
Failed asserting that an array contains 503.
PUT /warehouse/asset-trustee/documents/{document} [asset.documents.update] =&gt; PUT /warehouse/asset-trustee/documents/{document} [asset.documents.update]: guest user was not blocked. HTTP 503 returned.
Failed asserting that an array contains 503.
PATCH /warehouse/asset-trustee/documents/{document}/finalize [asset.documents.finalize] =&gt; PATCH /warehouse/asset-trustee/documents/{document}/finalize [asset.documents.finalize]: guest user was not blocked. HTTP 503 returned.
Failed asserting that an array contains 503.
PATCH /warehouse/asset-trustee/documents/{document}/cancel [asset.documents.cancel] =&gt; PATCH /warehouse/asset-trustee/documents/{document}/cancel [asset.documents.cancel]: guest user was not blocked. HTTP 503 returned.
Failed asserting that an array contains 503.
GET /warehouse/asset-trustee/search [asset.codes.search] =&gt; GET /warehouse/asset-trustee/search [asset.codes.search]: guest user was not blocked. HTTP 503 returned.
Failed asserting that an array contains 503.
GET /warehouse/asset-trustee/codes/{code} [asset.codes.find] =&gt; GET /warehouse/asset-trustee/codes/{code} [asset.codes.find]: guest user was not blocked. HTTP 503 returned.
Failed asserting that an array contains 503.
POST /sales-havaleh/create-from-financial/{financialId} [sales-havaleh.create-from-financial] =&gt; POST /sales-havaleh/create-from-financial/{financialId} [sales-havaleh.create-from-financial]: guest user was not blocked. HTTP 503 returned.
Failed asserting that an array contains 503.
GET /sales-havaleh/{invoice} [sales-havaleh.show] =&gt; GET /sales-havaleh/{invoice} [sales-havaleh.show]: guest user was not blocked. HTTP 503 returned.
Failed asserting that an array contains 503.
GET /sales-havaleh/{invoice}/view [sales-havaleh.view] =&gt; GET /sales-havaleh/{invoice}/view [sales-havaleh.view]: guest user was not blocked. HTTP 503 returned.
Failed asserting that an array contains 503.
PUT /sales-havaleh/{invoice} [sales-havaleh.update] =&gt; PUT /sales-havaleh/{invoice} [sales-havaleh.update]: guest user was not blocked. HTTP 503 returned.
Failed asserting that an array contains 503.
PATCH /sales-havaleh/{invoice}/status [sales-havaleh.status] =&gt; PATCH /sales-havaleh/{invoice}/status [sales-havaleh.status]: guest user was not blocked. HTTP 503 returned.
Failed asserting that an array contains 503.
GET /sales-havaleh/{invoice}/history [sales-havaleh.history] =&gt; GET /sales-havaleh/{invoice}/history [sales-havaleh.history]: guest user was not blocked. HTTP 503 returned.
Failed asserting that an array contains 503.
GET /payments/{payment}/view [payments.view] =&gt; GET /payments/{payment}/view [payments.view]: guest user was not blocked. HTTP 503 returned.
Failed asserting that an array contains 503.
GET /warehouse-map [warehouse-map.index] =&gt; GET /warehouse-map [warehouse-map.index]: guest user was not blocked. HTTP 503 returned.
Failed asserting that an array contains 503.
GET /warehouse-map/locations/{location} [warehouse-map.locations.show] =&gt; GET /warehouse-map/locations/{location} [warehouse-map.locations.show]: guest user was not blocked. HTTP 503 returned.
Failed asserting that an array contains 503.
GET /warehouse-map/categories/{category}/children [warehouse-map.categories.children] =&gt; GET /warehouse-map/categories/{category}/children [warehouse-map.categories.children]: guest user was not blocked. HTTP 503 returned.
Failed asserting that an array contains 503.
GET /warehouse-map/categories/{category}/products [warehouse-map.categories.products] =&gt; GET /warehouse-map/categories/{category}/products [warehouse-map.categories.products]: guest user was not blocked. HTTP 503 returned.
Failed asserting that an array contains 503.
GET /warehouse-map/products/{product}/variants [warehouse-map.products.variants] =&gt; GET /warehouse-map/products/{product}/variants [warehouse-map.products.variants]: guest user was not blocked. HTTP 503 returned.
Failed asserting that an array contains 503.
GET /warehouse-map/history [warehouse-map.history] =&gt; GET /warehouse-map/history [warehouse-map.history]: guest user was not blocked. HTTP 503 returned.
Failed asserting that an array contains 503.
POST /warehouse-map/locations [warehouse-map.locations.store] =&gt; POST /warehouse-map/locations [warehouse-map.locations.store]: guest user was not blocked. HTTP 503 returned.
Failed asserting that an array contains 503.
PUT /warehouse-map/locations/{location} [warehouse-map.locations.update] =&gt; PUT /warehouse-map/locations/{location} [warehouse-map.locations.update]: guest user was not blocked. HTTP 503 returned.
Failed asserting that an array contains 503.
POST /warehouse-map/assign [warehouse-map.assign] =&gt; POST /warehouse-map/assign [warehouse-map.assign]: guest user was not blocked. HTTP 503 returned.
Failed asserting that an array contains 503.
POST /warehouse-map/transfer [warehouse-map.transfer] =&gt; POST /warehouse-map/transfer [warehouse-map.transfer]: guest user was not blocked. HTTP 503 returned.
Failed asserting that an array contains 503.
GET /warehouses [warehouses.index] =&gt; GET /warehouses [warehouses.index]: guest user was not blocked. HTTP 503 returned.
Failed asserting that an array contains 503.
GET /warehouses/{warehouse}/edit [warehouses.edit] =&gt; GET /warehouses/{warehouse}/edit [warehouses.edit]: guest user was not blocked. HTTP 503 returned.
Failed asserting that an array contains 503.
PUT /warehouses/{warehouse} [warehouses.update] =&gt; PUT /warehouses/{warehouse} [warehouses.update]: guest user was not blocked. HTTP 503 returned.
Failed asserting that an array contains 503.
DELETE /warehouses/{warehouse} [warehouses.destroy] =&gt; DELETE /warehouses/{warehouse} [warehouses.destroy]: guest user was not blocked. HTTP 503 returned.
Failed asserting that an array contains 503.
GET /warehouses/{warehouse}/personnel [warehouses.personnel.index] =&gt; GET /warehouses/{warehouse}/personnel [warehouses.personnel.index]: guest user was not blocked. HTTP 503 returned.
Failed asserting that an array contains 503.
POST /warehouses/{warehouse}/personnel [warehouses.personnel.store] =&gt; POST /warehouses/{warehouse}/personnel [warehouses.personnel.store]: guest user was not blocked. HTTP 503 returned.
Failed asserting that an array contains 503.
GET /warehouses/{warehouse}/personnel/{personnel} [warehouses.personnel.show] =&gt; GET /warehouses/{warehouse}/personnel/{personnel} [warehouses.personnel.show]: guest user was not blocked. HTTP 503 returned.
Failed asserting that an array contains 503.
GET /purchases [purchases.index] =&gt; GET /purchases [purchases.index]: guest user was not blocked. HTTP 503 returned.
Failed asserting that an array contains 503.
GET /purchases/export [purchases.export] =&gt; GET /purchases/export [purchases.export]: guest user was not blocked. HTTP 503 returned.
Failed asserting that an array contains 503.
GET /purchases/create [purchases.create] =&gt; GET /purchases/create [purchases.create]: guest user was not blocked. HTTP 503 returned.
Failed asserting that an array contains 503.
GET /purchases/products/{product}/variants [purchases.products.variants] =&gt; GET /purchases/products/{product}/variants [purchases.products.variants]: guest user was not blocked. HTTP 503 returned.
Failed asserting that an array contains 503.
POST /purchases [purchases.store] =&gt; POST /purchases [purchases.store]: guest user was not blocked. HTTP 503 returned.
Failed asserting that an array contains 503.
GET /purchases/{purchase} [purchases.show] =&gt; GET /purchases/{purchase} [purchases.show]: guest user was not blocked. HTTP 503 returned.
Failed asserting that an array contains 503.
GET /purchases/{purchase}/edit [purchases.edit] =&gt; GET /purchases/{purchase}/edit [purchases.edit]: guest user was not blocked. HTTP 503 returned.
Failed asserting that an array contains 503.
PUT /purchases/{purchase} [purchases.update] =&gt; PUT /purchases/{purchase} [purchases.update]: guest user was not blocked. HTTP 503 returned.
Failed asserting that an array contains 503.
DELETE /purchases/{purchase} [purchases.destroy] =&gt; DELETE /purchases/{purchase} [purchases.destroy]: guest user was not blocked. HTTP 503 returned.
Failed asserting that an array contains 503.
GET /persons [persons.index] =&gt; GET /persons [persons.index]: guest user was not blocked. HTTP 503 returned.
Failed asserting that an array contains 503.
POST /persons [persons.store] =&gt; POST /persons [persons.store]: guest user was not blocked. HTTP 503 returned.
Failed asserting that an array contains 503.
PUT /persons/{personKey} [persons.update] =&gt; PUT /persons/{personKey} [persons.update]: guest user was not blocked. HTTP 503 returned.
Failed asserting that an array contains 503.
GET /suppliers [suppliers.index] =&gt; GET /suppliers [suppliers.index]: guest user was not blocked. HTTP 503 returned.
Failed asserting that an array contains 503.
POST /suppliers [suppliers.store] =&gt; POST /suppliers [suppliers.store]: guest user was not blocked. HTTP 503 returned.
Failed asserting that an array contains 503.
GET /stocktake [stocktake.index] =&gt; GET /stocktake [stocktake.index]: guest user was not blocked. HTTP 503 returned.
Failed asserting that an array contains 503.
GET /stock-count-documents [stock-count-documents.index] =&gt; GET /stock-count-documents [stock-count-documents.index]: guest user was not blocked. HTTP 503 returned.
Failed asserting that an array contains 503.
GET /stock-count-documents/create [stock-count-documents.create] =&gt; GET /stock-count-documents/create [stock-count-documents.create]: guest user was not blocked. HTTP 503 returned.
Failed asserting that an array contains 503.
POST /stock-count-documents [stock-count-documents.store] =&gt; POST /stock-count-documents [stock-count-documents.store]: guest user was not blocked. HTTP 503 returned.
Failed asserting that an array contains 503.
GET /stock-count-documents/subcategories [stock-count-documents.subcategories] =&gt; GET /stock-count-documents/subcategories [stock-count-documents.subcategories]: guest user was not blocked. HTTP 503 returned.
Failed asserting that an array contains 503.
GET /stock-count-documents/products/search [stock-count-documents.products] =&gt; GET /stock-count-documents/products/search [stock-count-documents.products]: guest user was not blocked. HTTP 503 returned.
Failed asserting that an array contains 503.
GET /stock-count-documents/products/{product}/variants [stock-count-documents.variants] =&gt; GET /stock-count-documents/products/{product}/variants [stock-count-documents.variants]: guest user was not blocked. HTTP 503 returned.
Failed asserting that an array contains 503.
GET /stock-count-documents/{stockCountDocument} [stock-count-documents.show] =&gt; GET /stock-count-documents/{stockCountDocument} [stock-count-documents.show]: guest user was not blocked. HTTP 503 returned.
Failed asserting that an array contains 503.
GET /stock-count-documents/{stockCountDocument}/view [stock-count-documents.view] =&gt; GET /stock-count-documents/{stockCountDocument}/view [stock-count-documents.view]: guest user was not blocked. HTTP 503 returned.
Failed asserting that an array contains 503.
GET /stock-count-documents/{stockCountDocument}/edit [stock-count-documents.edit] =&gt; GET /stock-count-documents/{stockCountDocument}/edit [stock-count-documents.edit]: guest user was not blocked. HTTP 503 returned.
Failed asserting that an array contains 503.
PUT /stock-count-documents/{stockCountDocument} [stock-count-documents.update] =&gt; PUT /stock-count-documents/{stockCountDocument} [stock-count-documents.update]: guest user was not blocked. HTTP 503 returned.
Failed asserting that an array contains 503.
PATCH /stock-count-documents/{stockCountDocument}/finalize [stock-count-documents.finalize] =&gt; PATCH /stock-count-documents/{stockCountDocument}/finalize [stock-count-documents.finalize]: guest user was not blocked. HTTP 503 returned.
Failed asserting that an array contains 503.
PATCH /stock-count-documents/{stockCountDocument}/cancel [stock-count-documents.cancel] =&gt; PATCH /stock-count-documents/{stockCountDocument}/cancel [stock-count-documents.cancel]: guest user was not blocked. HTTP 503 returned.
Failed asserting that an array contains 503.
GET /stock-count-documents-system-quantity [stock-count-documents.system-quantity] =&gt; GET /stock-count-documents-system-quantity [stock-count-documents.system-quantity]: guest user was not blocked. HTTP 503 returned.
Failed asserting that an array contains 503.
GET /preinvoice/create [preinvoice.create] =&gt; GET /preinvoice/create [preinvoice.create]: guest user was not blocked. HTTP 503 returned.
Failed asserting that an array contains 503.
POST /preinvoice/draft [preinvoice.draft.save] =&gt; POST /preinvoice/draft [preinvoice.draft.save]: guest user was not blocked. HTTP 503 returned.
Failed asserting that an array contains 503.
POST /preinvoice/autosave [preinvoice.autosave] =&gt; POST /preinvoice/autosave [preinvoice.autosave]: guest user was not blocked. HTTP 503 returned.
Failed asserting that an array contains 503.
GET /preinvoice/autosave/latest [preinvoice.autosave.latest] =&gt; GET /preinvoice/autosave/latest [preinvoice.autosave.latest]: guest user was not blocked. HTTP 503 returned.
Failed asserting that an array contains 503.
POST /preinvoice/autosave/{uuid}/discard [preinvoice.autosave.discard] =&gt; POST /preinvoice/autosave/{uuid}/discard [preinvoice.autosave.discard]: guest user was not blocked. HTTP 503 returned.
Failed asserting that an array contains 503.
POST /preinvoice/reservations/heartbeat [preinvoice.reservations.heartbeat] =&gt; POST /preinvoice/reservations/heartbeat [preinvoice.reservations.heartbeat]: guest user was not blocked. HTTP 503 returned.
Failed asserting that an array contains 503.
POST /preinvoice/reservations/release-token [preinvoice.reservations.release-token] =&gt; POST /preinvoice/reservations/release-token [preinvoice.reservations.release-token]: guest user was not blocked. HTTP 503 returned.
Failed asserting that an array contains 503.
GET /warehouse/reviews [warehouse.reviews.index] =&gt; GET /warehouse/reviews [warehouse.reviews.index]: guest user was not blocked. HTTP 503 returned.
Failed asserting that an array contains 503.
GET /warehouse/reviews/{preinvoiceOrder} [warehouse.reviews.show] =&gt; GET /warehouse/reviews/{preinvoiceOrder} [warehouse.reviews.show]: guest user was not blocked. HTTP 503 returned.
Failed asserting that an array contains 503.
GET /warehouse/reviews/{preinvoiceOrder}/print [warehouse.reviews.print] =&gt; GET /warehouse/reviews/{preinvoiceOrder}/print [warehouse.reviews.print]: guest user was not blocked. HTTP 503 returned.
Failed asserting that an array contains 503.
GET /preinvoice/warehouse [preinvoice.warehouse.index] =&gt; GET /preinvoice/warehouse [preinvoice.warehouse.index]: guest user was not blocked. HTTP 503 returned.
Failed asserting that an array contains 503.
GET /preinvoice/warehouse/{uuid} [preinvoice.warehouse.review] =&gt; GET /preinvoice/warehouse/{uuid} [preinvoice.warehouse.review]: guest user was not blocked. HTTP 503 returned.
Failed asserting that an array contains 503.
PUT /preinvoice/warehouse/{uuid} [preinvoice.warehouse.save] =&gt; PUT /preinvoice/warehouse/{uuid} [preinvoice.warehouse.save]: guest user was not blocked. HTTP 503 returned.
Failed asserting that an array contains 503.
POST /preinvoice/warehouse/{uuid}/approve [preinvoice.warehouse.approve] =&gt; POST /preinvoice/warehouse/{uuid}/approve [preinvoice.warehouse.approve]: guest user was not blocked. HTTP 503 returned.
Failed asserting that an array contains 503.
POST /preinvoice/warehouse/{uuid}/reject [preinvoice.warehouse.reject] =&gt; POST /preinvoice/warehouse/{uuid}/reject [preinvoice.warehouse.reject]: guest user was not blocked. HTTP 503 returned.
Failed asserting that an array contains 503.
GET /preinvoice/drafts [preinvoice.draft.index] =&gt; GET /preinvoice/drafts [preinvoice.draft.index]: guest user was not blocked. HTTP 503 returned.
Failed asserting that an array contains 503.
GET /preinvoice/drafts/{uuid}/edit [preinvoice.draft.edit] =&gt; GET /preinvoice/drafts/{uuid}/edit [preinvoice.draft.edit]: guest user was not blocked. HTTP 503 returned.
Failed asserting that an array contains 503.
PUT /preinvoice/drafts/{uuid} [preinvoice.draft.update] =&gt; PUT /preinvoice/drafts/{uuid} [preinvoice.draft.update]: guest user was not blocked. HTTP 503 returned.
Failed asserting that an array contains 503.
GET /preinvoice/drafts/{uuid}/finance [preinvoice.draft.finance] =&gt; GET /preinvoice/drafts/{uuid}/finance [preinvoice.draft.finance]: guest user was not blocked. HTTP 503 returned.
Failed asserting that an array contains 503.
GET /preinvoice/drafts/{uuid}/finance/edit [preinvoice.draft.finance.edit] =&gt; GET /preinvoice/drafts/{uuid}/finance/edit [preinvoice.draft.finance.edit]: guest user was not blocked. HTTP 503 returned.
Failed asserting that an array contains 503.
PUT /preinvoice/drafts/{uuid}/finance [preinvoice.draft.finance.update] =&gt; PUT /preinvoice/drafts/{uuid}/finance [preinvoice.draft.finance.update]: guest user was not blocked. HTTP 503 returned.
Failed asserting that an array contains 503.
POST /preinvoice/drafts/{uuid}/finance/save-and-finalize [preinvoice.draft.finance.save-and-finalize] =&gt; POST /preinvoice/drafts/{uuid}/finance/save-and-finalize [preinvoice.draft.finance.save-and-finalize]: guest user was not blocked. HTTP 503 returned.
Failed asserting that an array contains 503.
POST /preinvoice/drafts/{uuid}/finalize [preinvoice.draft.finalize] =&gt; POST /preinvoice/drafts/{uuid}/finalize [preinvoice.draft.finalize]: guest user was not blocked. HTTP 503 returned.
Failed asserting that an array contains 503.
POST /preinvoice/drafts/{uuid}/return [preinvoice.draft.return] =&gt; POST /preinvoice/drafts/{uuid}/return [preinvoice.draft.return]: guest user was not blocked. HTTP 503 returned.
Failed asserting that an array contains 503.
POST /preinvoice/drafts/{uuid}/cancel [preinvoice.draft.cancel] =&gt; POST /preinvoice/drafts/{uuid}/cancel [preinvoice.draft.cancel]: guest user was not blocked. HTTP 503 returned.
Failed asserting that an array contains 503.
GET /preinvoice/all [preinvoice.all.index] =&gt; GET /preinvoice/all [preinvoice.all.index]: guest user was not blocked. HTTP 503 returned.
Failed asserting that an array contains 503.
GET /preinvoice/my [preinvoice.my.index] =&gt; GET /preinvoice/my [preinvoice.my.index]: guest user was not blocked. HTTP 503 returned.
Failed asserting that an array contains 503.
GET /preinvoice/my/{uuid} [preinvoice.my.show] =&gt; GET /preinvoice/my/{uuid} [preinvoice.my.show]: guest user was not blocked. HTTP 503 returned.
Failed asserting that an array contains 503.
GET /preinvoice/{uuid}/print [preinvoice.print] =&gt; GET /preinvoice/{uuid}/print [preinvoice.print]: guest user was not blocked. HTTP 503 returned.
Failed asserting that an array contains 503.
GET /preinvoice/api/product-finder [preinvoice.api.product-finder] =&gt; GET /preinvoice/api/product-finder [preinvoice.api.product-finder]: guest user was not blocked. HTTP 503 returned.
Failed asserting that an array contains 503.
GET /preinvoice/api/product-finder/categories [preinvoice.api.product-finder.categories] =&gt; GET /preinvoice/api/product-finder/categories [preinvoice.api.product-finder.categories]: guest user was not blocked. HTTP 503 returned.
Failed asserting that an array contains 503.
GET /preinvoice/api/products [preinvoice.api.products] =&gt; GET /preinvoice/api/products [preinvoice.api.products]: guest user was not blocked. HTTP 503 returned.
Failed asserting that an array contains 503.
GET /preinvoice/api/products/{product} [preinvoice.api.product] =&gt; GET /preinvoice/api/products/{product} [preinvoice.api.product]: guest user was not blocked. HTTP 503 returned.
Failed asserting that an array contains 503.
POST /preinvoice/api/reservations/sync [preinvoice.api.reservations.sync] =&gt; POST /preinvoice/api/reservations/sync [preinvoice.api.reservations.sync]: guest user was not blocked. HTTP 503 returned.
Failed asserting that an array contains 503.
POST /preinvoice/api/reservations/release [preinvoice.api.reservations.release] =&gt; POST /preinvoice/api/reservations/release [preinvoice.api.reservations.release]: guest user was not blocked. HTTP 503 returned.
Failed asserting that an array contains 503.
GET /preinvoice/api/area [preinvoice.api.area] =&gt; GET /preinvoice/api/area [preinvoice.api.area]: guest user was not blocked. HTTP 503 returned.
Failed asserting that an array contains 503.
GET /preinvoice/api/customers [api.customers.search] =&gt; GET /preinvoice/api/customers [api.customers.search]: guest user was not blocked. HTTP 503 returned.
Failed asserting that an array contains 503.
POST /preinvoice/api/customers [api.customers.store] =&gt; POST /preinvoice/api/customers [api.customers.store]: guest user was not blocked. HTTP 503 returned.
Failed asserting that an array contains 503.
GET /preinvoice/api/customers/{customer} [api.customers.show] =&gt; GET /preinvoice/api/customers/{customer} [api.customers.show]: guest user was not blocked. HTTP 503 returned.
Failed asserting that an array contains 503.
GET /customers [customers.index] =&gt; GET /customers [customers.index]: guest user was not blocked. HTTP 503 returned.
Failed asserting that an array contains 503.
GET /customers/create [customers.create] =&gt; GET /customers/create [customers.create]: guest user was not blocked. HTTP 503 returned.
Failed asserting that an array contains 503.
POST /customers [customers.store] =&gt; POST /customers [customers.store]: guest user was not blocked. HTTP 503 returned.
Failed asserting that an array contains 503.
GET /customers/{customer} [customers.show] =&gt; GET /customers/{customer} [customers.show]: guest user was not blocked. HTTP 503 returned.
Failed asserting that an array contains 503.
GET /customers/{customer}/edit [customers.edit] =&gt; GET /customers/{customer}/edit [customers.edit]: guest user was not blocked. HTTP 503 returned.
Failed asserting that an array contains 503.
PUT /customers/{customer} [customers.update] =&gt; PUT /customers/{customer} [customers.update]: guest user was not blocked. HTTP 503 returned.
Failed asserting that an array contains 503.
DELETE /customers/{customer} [customers.destroy] =&gt; DELETE /customers/{customer} [customers.destroy]: guest user was not blocked. HTTP 503 returned.
Failed asserting that an array contains 503.
POST /customers/import [customers.import] =&gt; POST /customers/import [customers.import]: guest user was not blocked. HTTP 503 returned.
Failed asserting that an array contains 503.
GET /archive [archive.index] =&gt; GET /archive [archive.index]: guest user was not blocked. HTTP 503 returned.
Failed asserting that an array contains 503.
POST /archive [archive.index] =&gt; POST /archive [archive.index]: guest user was not blocked. HTTP 503 returned.
Failed asserting that an array contains 503.
PUT /archive [archive.index] =&gt; PUT /archive [archive.index]: guest user was not blocked. HTTP 503 returned.
Failed asserting that an array contains 503.
PATCH /archive [archive.index] =&gt; PATCH /archive [archive.index]: guest user was not blocked. HTTP 503 returned.
Failed asserting that an array contains 503.
DELETE /archive [archive.index] =&gt; DELETE /archive [archive.index]: guest user was not blocked. HTTP 503 returned.
Failed asserting that an array contains 503.
GET /archive/preinvoices/{uuid} [archive.preinvoices.show] =&gt; GET /archive/preinvoices/{uuid} [archive.preinvoices.show]: guest user was not blocked. HTTP 503 returned.
Failed asserting that an array contains 503.
GET /archive/invoices/{uuid} [archive.invoices.show] =&gt; GET /archive/invoices/{uuid} [archive.invoices.show]: guest user was not blocked. HTTP 503 returned.
Failed asserting that an array contains 503.
GET /invoices [invoices.index] =&gt; GET /invoices [invoices.index]: guest user was not blocked. HTTP 503 returned.
Failed asserting that an array contains 503.
GET /invoices/data [invoices.data] =&gt; GET /invoices/data [invoices.data]: guest user was not blocked. HTTP 503 returned.
Failed asserting that an array contains 503.
GET /invoices/customers/search [invoices.customers.search] =&gt; GET /invoices/customers/search [invoices.customers.search]: guest user was not blocked. HTTP 503 returned.
Failed asserting that an array contains 503.
GET /invoices/cancelled [invoices.cancelled] =&gt; GET /invoices/cancelled [invoices.cancelled]: guest user was not blocked. HTTP 503 returned.
Failed asserting that an array contains 503.
POST /invoices/bulk/reassign-seller [invoices.bulk.reassign-seller] =&gt; POST /invoices/bulk/reassign-seller [invoices.bulk.reassign-seller]: guest user was not blocked. HTTP 503 returned.
Failed asserting that an array contains 503.
GET /invoices/{uuid}/print [invoices.print] =&gt; GET /invoices/{uuid}/print [invoices.print]: guest user was not blocked. HTTP 503 returned.
Failed asserting that an array contains 503.
GET /invoices/{uuid}/edit [invoices.edit] =&gt; GET /invoices/{uuid}/edit [invoices.edit]: guest user was not blocked. HTTP 503 returned.
Failed asserting that an array contains 503.
PUT /invoices/{uuid} [invoices.update] =&gt; PUT /invoices/{uuid} [invoices.update]: guest user was not blocked. HTTP 503 returned.
Failed asserting that an array contains 503.
GET /invoices/{uuid}/history [invoices.history] =&gt; GET /invoices/{uuid}/history [invoices.history]: guest user was not blocked. HTTP 503 returned.
Failed asserting that an array contains 503.
GET /invoices/{uuid} [invoices.show] =&gt; GET /invoices/{uuid} [invoices.show]: guest user was not blocked. HTTP 503 returned.
Failed asserting that an array contains 503.
POST /invoices/{uuid}/status [invoices.status] =&gt; POST /invoices/{uuid}/status [invoices.status]: guest user was not blocked. HTTP 503 returned.
Failed asserting that an array contains 503.
POST /invoices/{uuid}/reassign-seller [invoices.reassign-seller] =&gt; POST /invoices/{uuid}/reassign-seller [invoices.reassign-seller]: guest user was not blocked. HTTP 503 returned.
Failed asserting that an array contains 503.
POST /invoices/{uuid}/cancel [invoices.cancel] =&gt; POST /invoices/{uuid}/cancel [invoices.cancel]: guest user was not blocked. HTTP 503 returned.
Failed asserting that an array contains 503.
POST /invoices/{uuid}/cancel/undo [invoices.cancel.undo] =&gt; POST /invoices/{uuid}/cancel/undo [invoices.cancel.undo]: guest user was not blocked. HTTP 503 returned.
Failed asserting that an array contains 503.
POST /invoices/{uuid}/payments [invoices.payments.store] =&gt; POST /invoices/{uuid}/payments [invoices.payments.store]: guest user was not blocked. HTTP 503 returned.
Failed asserting that an array contains 503.
POST /invoices/{uuid}/notes [invoices.notes.store] =&gt; POST /invoices/{uuid}/notes [invoices.notes.store]: guest user was not blocked. HTTP 503 returned.
Failed asserting that an array contains 503.
POST /invoices/payments/{payment}/cheque [cheques.store] =&gt; POST /invoices/payments/{payment}/cheque [cheques.store]: guest user was not blocked. HTTP 503 returned.
Failed asserting that an array contains 503.
GET /account-statements [account-statements.index] =&gt; GET /account-statements [account-statements.index]: guest user was not blocked. HTTP 503 returned.
Failed asserting that an array contains 503.
POST /account-statements/{customer}/payments [account-statements.payments.store] =&gt; POST /account-statements/{customer}/payments [account-statements.payments.store]: guest user was not blocked. HTTP 503 returned.
Failed asserting that an array contains 503.
GET /account-statements/documents/invoices/{uuid} [account-statements.documents.invoices.show] =&gt; GET /account-statements/documents/invoices/{uuid} [account-statements.documents.invoices.show]: guest user was not blocked. HTTP 503 returned.
Failed asserting that an array contains 503.
GET /account-statements/documents/returns/{voucher} [account-statements.documents.returns.show] =&gt; GET /account-statements/documents/returns/{voucher} [account-statements.documents.returns.show]: guest user was not blocked. HTTP 503 returned.
Failed asserting that an array contains 503.
GET /account-statements/documents/payments/{payment} [account-statements.documents.payments.show] =&gt; GET /account-statements/documents/payments/{payment} [account-statements.documents.payments.show]: guest user was not blocked. HTTP 503 returned.
Failed asserting that an array contains 503.
GET /account-statements/{customer} [account-statements.show] =&gt; GET /account-statements/{customer} [account-statements.show]: guest user was not blocked. HTTP 503 returned.
Failed asserting that an array contains 503.
GET /activity-logs [activity-logs.index] =&gt; GET /activity-logs [activity-logs.index]: guest user was not blocked. HTTP 503 returned.
Failed asserting that an array contains 503.
GET /users [users.index] =&gt; GET /users [users.index]: guest user was not blocked. HTTP 503 returned.
Failed asserting that an array contains 503.
POST /users/sync [users.sync] =&gt; POST /users/sync [users.sync]: guest user was not blocked. HTTP 503 returned.
Failed asserting that an array contains 503.
GET /admin/bug-investigator [admin.bug-investigator.index] =&gt; GET /admin/bug-investigator [admin.bug-investigator.index]: guest user was not blocked. HTTP 503 returned.
Failed asserting that an array contains 503.
GET /admin/bug-investigator/create [admin.bug-investigator.create] =&gt; GET /admin/bug-investigator/create [admin.bug-investigator.create]: guest user was not blocked. HTTP 503 returned.
Failed asserting that an array contains 503.
POST /admin/bug-investigator [admin.bug-investigator.store] =&gt; POST /admin/bug-investigator [admin.bug-investigator.store]: guest user was not blocked. HTTP 503 returned.
Failed asserting that an array contains 503.
POST /admin/bug-investigator/{bugCase}/rerun [admin.bug-investigator.rerun] =&gt; POST /admin/bug-investigator/{bugCase}/rerun [admin.bug-investigator.rerun]: guest user was not blocked. HTTP 503 returned.
Failed asserting that an array contains 503.
GET /admin/bug-investigator/{bugCase} [admin.bug-investigator.show] =&gt; GET /admin/bug-investigator/{bugCase} [admin.bug-investigator.show]: guest user was not blocked. HTTP 503 returned.
Failed asserting that an array contains 503.
GET /admin/permissions [admin.permissions.index] =&gt; GET /admin/permissions [admin.permissions.index]: guest user was not blocked. HTTP 503 returned.
Failed asserting that an array contains 503.
PUT /admin/permissions/{user} [admin.permissions.update] =&gt; PUT /admin/permissions/{user} [admin.permissions.update]: guest user was not blocked. HTTP 503 returned.
Failed asserting that an array contains 503.
GET /admin/roles [admin.roles.index] =&gt; GET /admin/roles [admin.roles.index]: guest user was not blocked. HTTP 503 returned.
Failed asserting that an array contains 503.
GET /admin/roles/create [admin.roles.create] =&gt; GET /admin/roles/create [admin.roles.create]: guest user was not blocked. HTTP 503 returned.
Failed asserting that an array contains 503.
POST /admin/roles [admin.roles.store] =&gt; POST /admin/roles [admin.roles.store]: guest user was not blocked. HTTP 503 returned.
Failed asserting that an array contains 503.
GET /admin/roles/{role}/edit [admin.roles.edit] =&gt; GET /admin/roles/{role}/edit [admin.roles.edit]: guest user was not blocked. HTTP 503 returned.
Failed asserting that an array contains 503.
PUT /admin/roles/{role} [admin.roles.update] =&gt; PUT /admin/roles/{role} [admin.roles.update]: guest user was not blocked. HTTP 503 returned.
Failed asserting that an array contains 503.
PATCH /admin/roles/{role} [admin.roles.update] =&gt; PATCH /admin/roles/{role} [admin.roles.update]: guest user was not blocked. HTTP 503 returned.
Failed asserting that an array contains 503.
DELETE /admin/roles/{role} [admin.roles.destroy] =&gt; DELETE /admin/roles/{role} [admin.roles.destroy]: guest user was not blocked. HTTP 503 returned.
Failed asserting that an array contains 503.
GET /finance/cheques [finance.cheques.index] =&gt; GET /finance/cheques [finance.cheques.index]: guest user was not blocked. HTTP 503 returned.
Failed asserting that an array contains 503.
GET /verify-email [verification.notice] =&gt; GET /verify-email [verification.notice]: guest user was not blocked. HTTP 503 returned.
Failed asserting that an array contains 503.
GET /verify-email/{id}/{hash} [verification.verify] =&gt; GET /verify-email/{id}/{hash} [verification.verify]: guest user was not blocked. HTTP 503 returned.
Failed asserting that an array contains 503.
POST /email/verification-notification [verification.send] =&gt; POST /email/verification-notification [verification.send]: guest user was not blocked. HTTP 503 returned.
Failed asserting that an array contains 503.
GET /confirm-password [password.confirm] =&gt; GET /confirm-password [password.confirm]: guest user was not blocked. HTTP 503 returned.
Failed asserting that an array contains 503.
POST /confirm-password [unnamed] =&gt; POST /confirm-password [unnamed]: guest user was not blocked. HTTP 503 returned.
Failed asserting that an array contains 503.
PUT /password [password.update] =&gt; PUT /password [password.update]: guest user was not blocked. HTTP 503 returned.
Failed asserting that an array contains 503.
POST /logout [logout] =&gt; POST /logout [logout]: guest user was not blocked. HTTP 503 returned.
Failed asserting that an array contains 503.
Failed asserting that two arrays are identical.&#13;
at tests\Feature\Controllers\RouteCoverageTest.php:502</failure>
        </testcase>
        <testcase name="it returns 403 for authenticated users without required roles and permissions" file="tests\Feature\Controllers\RouteCoverageTest.php::it returns 403 for authenticated users without required roles and permissions" class="Tests\Feature\Controllers\RouteCoverageTest" classname="Tests.Feature.Controllers.RouteCoverageTest" assertions="340" time="0.756884">
          <failure type="PHPUnit\Framework\ExpectationFailedException">it returns 403 for authenticated users without required roles and permissionsRole and permission failures:
GET /dashboard [dashboard] =&gt; GET /dashboard [dashboard]: user without permission must receive HTTP 403, but HTTP 503 returned.
Failed asserting that 503 is identical to 403.
GET /dashboard/monthly-report [dashboard.monthly-report] =&gt; GET /dashboard/monthly-report [dashboard.monthly-report]: user without permission must receive HTTP 403, but HTTP 503 returned.
Failed asserting that 503 is identical to 403.
GET /global-search [global-search] =&gt; GET /global-search [global-search]: user without permission must receive HTTP 403, but HTTP 503 returned.
Failed asserting that 503 is identical to 403.
GET /products [products.index] =&gt; GET /products [products.index]: user without permission must receive HTTP 403, but HTTP 503 returned.
Failed asserting that 503 is identical to 403.
GET /products/data [products.data] =&gt; GET /products/data [products.data]: user without permission must receive HTTP 403, but HTTP 503 returned.
Failed asserting that 503 is identical to 403.
GET /products/create [products.create] =&gt; GET /products/create [products.create]: user without permission must receive HTTP 403, but HTTP 503 returned.
Failed asserting that 503 is identical to 403.
POST /products [products.store] =&gt; POST /products [products.store]: user without permission must receive HTTP 403, but HTTP 503 returned.
Failed asserting that 503 is identical to 403.
GET /products/price-changes [products.price-changes.index] =&gt; GET /products/price-changes [products.price-changes.index]: user without permission must receive HTTP 403, but HTTP 503 returned.
Failed asserting that 503 is identical to 403.
GET /products/price-changes/create [products.price-changes.create] =&gt; GET /products/price-changes/create [products.price-changes.create]: user without permission must receive HTTP 403, but HTTP 503 returned.
Failed asserting that 503 is identical to 403.
GET /products/price-changes/categories/root [products.price-changes.categories.root] =&gt; GET /products/price-changes/categories/root [products.price-changes.categories.root]: user without permission must receive HTTP 403, but HTTP 503 returned.
Failed asserting that 503 is identical to 403.
GET /products/price-changes/categories/{category}/children [products.price-changes.categories.children] =&gt; GET /products/price-changes/categories/{category}/children [products.price-changes.categories.children]: unauthorized user must receive HTTP 403 or binding 404, but HTTP 503 returned.
Failed asserting that an array contains 503.
GET /products/price-changes/products/search [products.price-changes.products.search] =&gt; GET /products/price-changes/products/search [products.price-changes.products.search]: user without permission must receive HTTP 403, but HTTP 503 returned.
Failed asserting that 503 is identical to 403.
GET /products/price-changes/products/{product}/variants [products.price-changes.products.variants] =&gt; GET /products/price-changes/products/{product}/variants [products.price-changes.products.variants]: unauthorized user must receive HTTP 403 or binding 404, but HTTP 503 returned.
Failed asserting that an array contains 503.
POST /products/price-changes/scope-summary [products.price-changes.scope-summary] =&gt; POST /products/price-changes/scope-summary [products.price-changes.scope-summary]: user without permission must receive HTTP 403, but HTTP 503 returned.
Failed asserting that 503 is identical to 403.
POST /products/price-changes/preview [products.price-changes.preview] =&gt; POST /products/price-changes/preview [products.price-changes.preview]: user without permission must receive HTTP 403, but HTTP 503 returned.
Failed asserting that 503 is identical to 403.
POST /products/price-changes [products.price-changes.store] =&gt; POST /products/price-changes [products.price-changes.store]: user without permission must receive HTTP 403, but HTTP 503 returned.
Failed asserting that 503 is identical to 403.
GET /products/price-changes/{document} [products.price-changes.show] =&gt; GET /products/price-changes/{document} [products.price-changes.show]: unauthorized user must receive HTTP 403 or binding 404, but HTTP 503 returned.
Failed asserting that an array contains 503.
POST /products/price-changes/{document}/apply [products.price-changes.apply] =&gt; POST /products/price-changes/{document}/apply [products.price-changes.apply]: unauthorized user must receive HTTP 403 or binding 404, but HTTP 503 returned.
Failed asserting that an array contains 503.
POST /products/price-changes/{document}/cancel [products.price-changes.cancel] =&gt; POST /products/price-changes/{document}/cancel [products.price-changes.cancel]: unauthorized user must receive HTTP 403 or binding 404, but HTTP 503 returned.
Failed asserting that an array contains 503.
GET /products/{product}/variants [products.variants] =&gt; GET /products/{product}/variants [products.variants]: unauthorized user must receive HTTP 403 or binding 404, but HTTP 503 returned.
Failed asserting that an array contains 503.
GET /products/{product}/edit [products.edit] =&gt; GET /products/{product}/edit [products.edit]: unauthorized user must receive HTTP 403 or binding 404, but HTTP 503 returned.
Failed asserting that an array contains 503.
PUT /products/{product} [products.update] =&gt; PUT /products/{product} [products.update]: unauthorized user must receive HTTP 403 or binding 404, but HTTP 503 returned.
Failed asserting that an array contains 503.
PATCH /products/{product} [products.update] =&gt; PATCH /products/{product} [products.update]: unauthorized user must receive HTTP 403 or binding 404, but HTTP 503 returned.
Failed asserting that an array contains 503.
GET /products/{product}/warehouse-stock [products.warehouse-stock] =&gt; GET /products/{product}/warehouse-stock [products.warehouse-stock]: unauthorized user must receive HTTP 403 or binding 404, but HTTP 503 returned.
Failed asserting that an array contains 503.
GET /products/{product}/image [products.image] =&gt; GET /products/{product}/image [products.image]: unauthorized user must receive HTTP 403 or binding 404, but HTTP 503 returned.
Failed asserting that an array contains 503.
DELETE /products/{product} [products.destroy] =&gt; DELETE /products/{product} [products.destroy]: unauthorized user must receive HTTP 403 or binding 404, but HTTP 503 returned.
Failed asserting that an array contains 503.
GET /products/{product}/sales-ledger [products.sales-ledger] =&gt; GET /products/{product}/sales-ledger [products.sales-ledger]: unauthorized user must receive HTTP 403 or binding 404, but HTTP 503 returned.
Failed asserting that an array contains 503.
GET /products/{product}/purchase-ledger [products.purchase-ledger] =&gt; GET /products/{product}/purchase-ledger [products.purchase-ledger]: unauthorized user must receive HTTP 403 or binding 404, but HTTP 503 returned.
Failed asserting that an array contains 503.
GET /categories [categories.index] =&gt; GET /categories [categories.index]: user without permission must receive HTTP 403, but HTTP 503 returned.
Failed asserting that 503 is identical to 403.
GET /categories/create [categories.create] =&gt; GET /categories/create [categories.create]: user without permission must receive HTTP 403, but HTTP 503 returned.
Failed asserting that 503 is identical to 403.
POST /categories [categories.store] =&gt; POST /categories [categories.store]: user without permission must receive HTTP 403, but HTTP 503 returned.
Failed asserting that 503 is identical to 403.
GET /categories/{category}/edit [categories.edit] =&gt; GET /categories/{category}/edit [categories.edit]: unauthorized user must receive HTTP 403 or binding 404, but HTTP 503 returned.
Failed asserting that an array contains 503.
PUT /categories/{category} [categories.update] =&gt; PUT /categories/{category} [categories.update]: unauthorized user must receive HTTP 403 or binding 404, but HTTP 503 returned.
Failed asserting that an array contains 503.
PATCH /categories/{category} [categories.update] =&gt; PATCH /categories/{category} [categories.update]: unauthorized user must receive HTTP 403 or binding 404, but HTTP 503 returned.
Failed asserting that an array contains 503.
DELETE /categories/{category} [categories.destroy] =&gt; DELETE /categories/{category} [categories.destroy]: unauthorized user must receive HTTP 403 or binding 404, but HTTP 503 returned.
Failed asserting that an array contains 503.
POST /categories/fix-codes [categories.fixCodes] =&gt; POST /categories/fix-codes [categories.fixCodes]: user without permission must receive HTTP 403, but HTTP 503 returned.
Failed asserting that 503 is identical to 403.
GET /products/pricelist [products.pricelist] =&gt; GET /products/pricelist [products.pricelist]: user without permission must receive HTTP 403, but HTTP 503 returned.
Failed asserting that 503 is identical to 403.
GET /admin/product-exports [admin.product-exports.index] =&gt; GET /admin/product-exports [admin.product-exports.index]: user without permission must receive HTTP 403, but HTTP 503 returned.
Failed asserting that 503 is identical to 403.
GET /admin/product-exports/data [admin.product-exports.data] =&gt; GET /admin/product-exports/data [admin.product-exports.data]: user without permission must receive HTTP 403, but HTTP 503 returned.
Failed asserting that 503 is identical to 403.
GET /admin/product-exports/print [admin.product-exports.print] =&gt; GET /admin/product-exports/print [admin.product-exports.print]: user without permission must receive HTTP 403, but HTTP 503 returned.
Failed asserting that 503 is identical to 403.
GET /admin/product-exports/download [admin.product-exports.download] =&gt; GET /admin/product-exports/download [admin.product-exports.download]: user without permission must receive HTTP 403, but HTTP 503 returned.
Failed asserting that 503 is identical to 403.
GET /admin/product-exports/model-lists [admin.product-exports.model-lists] =&gt; GET /admin/product-exports/model-lists [admin.product-exports.model-lists]: user without permission must receive HTTP 403, but HTTP 503 returned.
Failed asserting that 503 is identical to 403.
GET /admin/product-exports/products/search [admin.product-exports.products.search] =&gt; GET /admin/product-exports/products/search [admin.product-exports.products.search]: user without permission must receive HTTP 403, but HTTP 503 returned.
Failed asserting that 503 is identical to 403.
GET /admin/product-exports/categories/{category}/children [admin.product-exports.categories.children] =&gt; GET /admin/product-exports/categories/{category}/children [admin.product-exports.categories.children]: unauthorized user must receive HTTP 403 or binding 404, but HTTP 503 returned.
Failed asserting that an array contains 503.
GET /admin/product-exports/export [admin.product-exports.export] =&gt; GET /admin/product-exports/export [admin.product-exports.export]: user without permission must receive HTTP 403, but HTTP 503 returned.
Failed asserting that 503 is identical to 403.
POST /products/sync-crm [products.sync.crm] =&gt; POST /products/sync-crm [products.sync.crm]: user without permission must receive HTTP 403, but HTTP 503 returned.
Failed asserting that 503 is identical to 403.
GET /product-deactivation-documents [product-deactivation-documents.index] =&gt; GET /product-deactivation-documents [product-deactivation-documents.index]: user without permission must receive HTTP 403, but HTTP 503 returned.
Failed asserting that 503 is identical to 403.
GET /product-deactivation-documents/create [product-deactivation-documents.create] =&gt; GET /product-deactivation-documents/create [product-deactivation-documents.create]: user without permission must receive HTTP 403, but HTTP 503 returned.
Failed asserting that 503 is identical to 403.
GET /product-deactivation-documents/search/products [product-deactivation-documents.products.search] =&gt; GET /product-deactivation-documents/search/products [product-deactivation-documents.products.search]: user without permission must receive HTTP 403, but HTTP 503 returned.
Failed asserting that 503 is identical to 403.
GET /product-deactivation-documents/products/{product}/variants [product-deactivation-documents.products.variants] =&gt; GET /product-deactivation-documents/products/{product}/variants [product-deactivation-documents.products.variants]: unauthorized user must receive HTTP 403 or binding 404, but HTTP 503 returned.
Failed asserting that an array contains 503.
GET /product-deactivation-documents/bulk/create [product-deactivation-documents.bulk.create] =&gt; GET /product-deactivation-documents/bulk/create [product-deactivation-documents.bulk.create]: user without permission must receive HTTP 403, but HTTP 503 returned.
Failed asserting that 503 is identical to 403.
GET /product-deactivation-documents/bulk/categories/{category}/children [product-deactivation-documents.bulk.categories.children] =&gt; GET /product-deactivation-documents/bulk/categories/{category}/children [product-deactivation-documents.bulk.categories.children]: unauthorized user must receive HTTP 403 or binding 404, but HTTP 503 returned.
Failed asserting that an array contains 503.
POST /product-deactivation-documents/bulk/preview [product-deactivation-documents.bulk.preview] =&gt; POST /product-deactivation-documents/bulk/preview [product-deactivation-documents.bulk.preview]: user without permission must receive HTTP 403, but HTTP 503 returned.
Failed asserting that 503 is identical to 403.
POST /product-deactivation-documents/bulk [product-deactivation-documents.bulk.store] =&gt; POST /product-deactivation-documents/bulk [product-deactivation-documents.bulk.store]: user without permission must receive HTTP 403, but HTTP 503 returned.
Failed asserting that 503 is identical to 403.
POST /product-deactivation-documents [product-deactivation-documents.store] =&gt; POST /product-deactivation-documents [product-deactivation-documents.store]: user without permission must receive HTTP 403, but HTTP 503 returned.
Failed asserting that 503 is identical to 403.
GET /product-deactivation-documents/{productDeactivationDocument} [product-deactivation-documents.show] =&gt; GET /product-deactivation-documents/{productDeactivationDocument} [product-deactivation-documents.show]: unauthorized user must receive HTTP 403 or binding 404, but HTTP 503 returned.
Failed asserting that an array contains 503.
GET /model-lists [model-lists.index] =&gt; GET /model-lists [model-lists.index]: user without permission must receive HTTP 403, but HTTP 503 returned.
Failed asserting that 503 is identical to 403.
POST /model-lists [model-lists.store] =&gt; POST /model-lists [model-lists.store]: user without permission must receive HTTP 403, but HTTP 503 returned.
Failed asserting that 503 is identical to 403.
PUT /model-lists/{modelList} [model-lists.update] =&gt; PUT /model-lists/{modelList} [model-lists.update]: unauthorized user must receive HTTP 403 or binding 404, but HTTP 503 returned.
Failed asserting that an array contains 503.
DELETE /model-lists/{modelList} [model-lists.destroy] =&gt; DELETE /model-lists/{modelList} [model-lists.destroy]: unauthorized user must receive HTTP 403 or binding 404, but HTTP 503 returned.
Failed asserting that an array contains 503.
POST /model-lists/assign-codes [model-lists.assign-codes] =&gt; POST /model-lists/assign-codes [model-lists.assign-codes]: user without permission must receive HTTP 403, but HTTP 503 returned.
Failed asserting that 503 is identical to 403.
POST /model-lists/import-from-products [model-lists.import-from-products] =&gt; POST /model-lists/import-from-products [model-lists.import-from-products]: user without permission must receive HTTP 403, but HTTP 503 returned.
Failed asserting that 503 is identical to 403.
POST /model-lists/import-phone-catalog [model-lists.import-phone-catalog] =&gt; POST /model-lists/import-phone-catalog [model-lists.import-phone-catalog]: user without permission must receive HTTP 403, but HTTP 503 returned.
Failed asserting that 503 is identical to 403.
POST /model-lists/quick-store [model-lists.quick-store] =&gt; POST /model-lists/quick-store [model-lists.quick-store]: user without permission must receive HTTP 403, but HTTP 503 returned.
Failed asserting that 503 is identical to 403.
GET /shipping-methods [shipping-methods.index] =&gt; GET /shipping-methods [shipping-methods.index]: user without permission must receive HTTP 403, but HTTP 503 returned.
Failed asserting that 503 is identical to 403.
POST /shipping-methods [shipping-methods.store] =&gt; POST /shipping-methods [shipping-methods.store]: user without permission must receive HTTP 403, but HTTP 503 returned.
Failed asserting that 503 is identical to 403.
PUT /shipping-methods/{shippingMethod} [shipping-methods.update] =&gt; PUT /shipping-methods/{shippingMethod} [shipping-methods.update]: unauthorized user must receive HTTP 403 or binding 404, but HTTP 503 returned.
Failed asserting that an array contains 503.
DELETE /shipping-methods/{shippingMethod} [shipping-methods.destroy] =&gt; DELETE /shipping-methods/{shippingMethod} [shipping-methods.destroy]: unauthorized user must receive HTTP 403 or binding 404, but HTTP 503 returned.
Failed asserting that an array contains 503.
POST /categories/quick-store [categories.quickStore] =&gt; POST /categories/quick-store [categories.quickStore]: user without permission must receive HTTP 403, but HTTP 503 returned.
Failed asserting that 503 is identical to 403.
GET /inventory-webhooks [inventory-webhooks.index] =&gt; GET /inventory-webhooks [inventory-webhooks.index]: user without permission must receive HTTP 403, but HTTP 503 returned.
Failed asserting that 503 is identical to 403.
PUT /inventory-webhooks [inventory-webhooks.update] =&gt; PUT /inventory-webhooks [inventory-webhooks.update]: user without permission must receive HTTP 403, but HTTP 503 returned.
Failed asserting that 503 is identical to 403.
GET /products/{product}/movements/create [movements.create] =&gt; GET /products/{product}/movements/create [movements.create]: unauthorized user must receive HTTP 403 or binding 404, but HTTP 503 returned.
Failed asserting that an array contains 503.
POST /products/{product}/movements [movements.store] =&gt; POST /products/{product}/movements [movements.store]: unauthorized user must receive HTTP 403 or binding 404, but HTTP 503 returned.
Failed asserting that an array contains 503.
GET /movements [movements.index] =&gt; GET /movements [movements.index]: user without permission must receive HTTP 403, but HTTP 503 returned.
Failed asserting that 503 is identical to 403.
GET /sales-returns [sales-returns.index] =&gt; GET /sales-returns [sales-returns.index]: user without permission must receive HTTP 403, but HTTP 503 returned.
Failed asserting that 503 is identical to 403.
GET /sales-returns/create [sales-returns.create] =&gt; GET /sales-returns/create [sales-returns.create]: user without permission must receive HTTP 403, but HTTP 503 returned.
Failed asserting that 503 is identical to 403.
POST /sales-returns [sales-returns.store] =&gt; POST /sales-returns [sales-returns.store]: user without permission must receive HTTP 403, but HTTP 503 returned.
Failed asserting that 503 is identical to 403.
GET /sales-returns/export/excel [sales-returns.export.excel] =&gt; GET /sales-returns/export/excel [sales-returns.export.excel]: user without permission must receive HTTP 403, but HTTP 503 returned.
Failed asserting that 503 is identical to 403.
GET /sales-returns/export/pdf [sales-returns.export.pdf] =&gt; GET /sales-returns/export/pdf [sales-returns.export.pdf]: user without permission must receive HTTP 403, but HTTP 503 returned.
Failed asserting that 503 is identical to 403.
GET /sales-returns/print [sales-returns.print-report] =&gt; GET /sales-returns/print [sales-returns.print-report]: user without permission must receive HTTP 403, but HTTP 503 returned.
Failed asserting that 503 is identical to 403.
GET /sales-returns/customers/search [sales-returns.customers.search] =&gt; GET /sales-returns/customers/search [sales-returns.customers.search]: user without permission must receive HTTP 403, but HTTP 503 returned.
Failed asserting that 503 is identical to 403.
GET /sales-returns/customers/{customer}/invoices [sales-returns.customers.invoices] =&gt; GET /sales-returns/customers/{customer}/invoices [sales-returns.customers.invoices]: unauthorized user must receive HTTP 403 or binding 404, but HTTP 503 returned.
Failed asserting that an array contains 503.
GET /sales-returns/invoices/{invoice}/items [sales-returns.invoices.items] =&gt; GET /sales-returns/invoices/{invoice}/items [sales-returns.invoices.items]: unauthorized user must receive HTTP 403 or binding 404, but HTTP 503 returned.
Failed asserting that an array contains 503.
GET /sales-returns/products/search [sales-returns.products.search] =&gt; GET /sales-returns/products/search [sales-returns.products.search]: user without permission must receive HTTP 403, but HTTP 503 returned.
Failed asserting that 503 is identical to 403.
GET /sales-returns/products/{product}/variants [sales-returns.products.variants] =&gt; GET /sales-returns/products/{product}/variants [sales-returns.products.variants]: unauthorized user must receive HTTP 403 or binding 404, but HTTP 503 returned.
Failed asserting that an array contains 503.
POST /sales-returns/preview [sales-returns.preview] =&gt; POST /sales-returns/preview [sales-returns.preview]: user without permission must receive HTTP 403, but HTTP 503 returned.
Failed asserting that 503 is identical to 403.
GET /sales-returns/{document} [sales-returns.show] =&gt; GET /sales-returns/{document} [sales-returns.show]: unauthorized user must receive HTTP 403 or binding 404, but HTTP 503 returned.
Failed asserting that an array contains 503.
GET /sales-returns/{document}/edit [sales-returns.edit] =&gt; GET /sales-returns/{document}/edit [sales-returns.edit]: unauthorized user must receive HTTP 403 or binding 404, but HTTP 503 returned.
Failed asserting that an array contains 503.
PATCH /sales-returns/{document} [sales-returns.update] =&gt; PATCH /sales-returns/{document} [sales-returns.update]: unauthorized user must receive HTTP 403 or binding 404, but HTTP 503 returned.
Failed asserting that an array contains 503.
POST /sales-returns/{document}/apply [sales-returns.apply] =&gt; POST /sales-returns/{document}/apply [sales-returns.apply]: unauthorized user must receive HTTP 403 or binding 404, but HTTP 503 returned.
Failed asserting that an array contains 503.
POST /sales-returns/{document}/cancel [sales-returns.cancel] =&gt; POST /sales-returns/{document}/cancel [sales-returns.cancel]: unauthorized user must receive HTTP 403 or binding 404, but HTTP 503 returned.
Failed asserting that an array contains 503.
GET /sales-returns/{document}/print [sales-returns.print] =&gt; GET /sales-returns/{document}/print [sales-returns.print]: unauthorized user must receive HTTP 403 or binding 404, but HTTP 503 returned.
Failed asserting that an array contains 503.
GET /sales-returns/{document}/pdf [sales-returns.pdf] =&gt; GET /sales-returns/{document}/pdf [sales-returns.pdf]: unauthorized user must receive HTTP 403 or binding 404, but HTTP 503 returned.
Failed asserting that an array contains 503.
GET /vouchers [vouchers.index] =&gt; GET /vouchers [vouchers.index]: user without permission must receive HTTP 403, but HTTP 503 returned.
Failed asserting that 503 is identical to 403.
GET /vouchers/sales [vouchers.sales.index] =&gt; GET /vouchers/sales [vouchers.sales.index]: user without permission must receive HTTP 403, but HTTP 503 returned.
Failed asserting that 503 is identical to 403.
GET /vouchers/sales/queue [vouchers.sales.queue] =&gt; GET /vouchers/sales/queue [vouchers.sales.queue]: user without permission must receive HTTP 403, but HTTP 503 returned.
Failed asserting that 503 is identical to 403.
GET /vouchers/sales/queue/data [vouchers.sales.queue.data] =&gt; GET /vouchers/sales/queue/data [vouchers.sales.queue.data]: user without permission must receive HTTP 403, but HTTP 503 returned.
Failed asserting that 503 is identical to 403.
GET /vouchers/sales/shipped [vouchers.sales.shipped] =&gt; GET /vouchers/sales/shipped [vouchers.sales.shipped]: user without permission must receive HTTP 403, but HTTP 503 returned.
Failed asserting that 503 is identical to 403.
GET /warehouse/shipping [warehouse.shipping.index] =&gt; GET /warehouse/shipping [warehouse.shipping.index]: user without permission must receive HTTP 403, but HTTP 503 returned.
Failed asserting that 503 is identical to 403.
POST /warehouse/shipping/{invoice}/ship [warehouse.shipping.ship] =&gt; POST /warehouse/shipping/{invoice}/ship [warehouse.shipping.ship]: unauthorized user must receive HTTP 403 or binding 404, but HTTP 503 returned.
Failed asserting that an array contains 503.
POST /vouchers/sales/queue/{uuid}/receive [vouchers.sales.queue.receive] =&gt; POST /vouchers/sales/queue/{uuid}/receive [vouchers.sales.queue.receive]: unauthorized user must receive HTTP 403 or binding 404, but HTTP 503 returned.
Failed asserting that an array contains 503.
POST /vouchers/sales/queue/{uuid}/start-collection [vouchers.sales.queue.start-collection] =&gt; POST /vouchers/sales/queue/{uuid}/start-collection [vouchers.sales.queue.start-collection]: unauthorized user must receive HTTP 403 or binding 404, but HTTP 503 returned.
Failed asserting that an array contains 503.
POST /vouchers/sales/queue/{uuid}/complete-collection [vouchers.sales.queue.complete-collection] =&gt; POST /vouchers/sales/queue/{uuid}/complete-collection [vouchers.sales.queue.complete-collection]: unauthorized user must receive HTTP 403 or binding 404, but HTTP 503 returned.
Failed asserting that an array contains 503.
PUT /vouchers/sales/queue/{uuid}/items [vouchers.sales.queue.items] =&gt; PUT /vouchers/sales/queue/{uuid}/items [vouchers.sales.queue.items]: unauthorized user must receive HTTP 403 or binding 404, but HTTP 503 returned.
Failed asserting that an array contains 503.
GET /vouchers/sales/products/categories [vouchers.sales.products.categories] =&gt; GET /vouchers/sales/products/categories [vouchers.sales.products.categories]: user without permission must receive HTTP 403, but HTTP 503 returned.
Failed asserting that 503 is identical to 403.
GET /vouchers/sales/products/by-category [vouchers.sales.products.by-category] =&gt; GET /vouchers/sales/products/by-category [vouchers.sales.products.by-category]: user without permission must receive HTTP 403, but HTTP 503 returned.
Failed asserting that 503 is identical to 403.
GET /vouchers/sales/products/{product}/variants [vouchers.sales.products.variants] =&gt; GET /vouchers/sales/products/{product}/variants [vouchers.sales.products.variants]: unauthorized user must receive HTTP 403 or binding 404, but HTTP 503 returned.
Failed asserting that an array contains 503.
GET /vouchers/sales/{uuid}/collection-edit [vouchers.sales.collection.edit] =&gt; GET /vouchers/sales/{uuid}/collection-edit [vouchers.sales.collection.edit]: unauthorized user must receive HTTP 403 or binding 404, but HTTP 503 returned.
Failed asserting that an array contains 503.
PATCH /vouchers/sales/{uuid}/collection-update [vouchers.sales.collection.update] =&gt; PATCH /vouchers/sales/{uuid}/collection-update [vouchers.sales.collection.update]: unauthorized user must receive HTTP 403 or binding 404, but HTTP 503 returned.
Failed asserting that an array contains 503.
GET /vouchers/sales/{uuid} [vouchers.sales.edit] =&gt; GET /vouchers/sales/{uuid} [vouchers.sales.edit]: unauthorized user must receive HTTP 403 or binding 404, but HTTP 503 returned.
Failed asserting that an array contains 503.
GET /vouchers/sales/{uuid}/view [vouchers.sales.show] =&gt; GET /vouchers/sales/{uuid}/view [vouchers.sales.show]: unauthorized user must receive HTTP 403 or binding 404, but HTTP 503 returned.
Failed asserting that an array contains 503.
GET /vouchers/sales/{uuid}/history [vouchers.sales.history] =&gt; GET /vouchers/sales/{uuid}/history [vouchers.sales.history]: unauthorized user must receive HTTP 403 or binding 404, but HTTP 503 returned.
Failed asserting that an array contains 503.
PUT /vouchers/sales/{uuid} [vouchers.sales.update] =&gt; PUT /vouchers/sales/{uuid} [vouchers.sales.update]: unauthorized user must receive HTTP 403 or binding 404, but HTTP 503 returned.
Failed asserting that an array contains 503.
POST /vouchers/sales/{uuid}/status [vouchers.sales.status] =&gt; POST /vouchers/sales/{uuid}/status [vouchers.sales.status]: unauthorized user must receive HTTP 403 or binding 404, but HTTP 503 returned.
Failed asserting that an array contains 503.
GET /vouchers/sales/{uuid}/print [vouchers.sales.print] =&gt; GET /vouchers/sales/{uuid}/print [vouchers.sales.print]: unauthorized user must receive HTTP 403 or binding 404, but HTTP 503 returned.
Failed asserting that an array contains 503.
POST /finance/invoices/{uuid}/reapprove [finance.invoices.reapprove] =&gt; POST /finance/invoices/{uuid}/reapprove [finance.invoices.reapprove]: unauthorized user must receive HTTP 403 or binding 404, but HTTP 503 returned.
Failed asserting that an array contains 503.
POST /finance/invoices/{uuid}/return-to-sales [finance.invoices.return-to-sales] =&gt; POST /finance/invoices/{uuid}/return-to-sales [finance.invoices.return-to-sales]: unauthorized user must receive HTTP 403 or binding 404, but HTTP 503 returned.
Failed asserting that an array contains 503.
GET /finance/registered-cheques [finance.cheques.registered] =&gt; GET /finance/registered-cheques [finance.cheques.registered]: user without permission must receive HTTP 403, but HTTP 503 returned.
Failed asserting that 503 is identical to 403.
GET /finance/reports [finance.reports.index] =&gt; GET /finance/reports [finance.reports.index]: user without permission must receive HTTP 403, but HTTP 503 returned.
Failed asserting that 503 is identical to 403.
GET /finance/reports/sales-visitors [finance.reports.sales-visitors] =&gt; GET /finance/reports/sales-visitors [finance.reports.sales-visitors]: user without permission must receive HTTP 403, but HTTP 503 returned.
Failed asserting that 503 is identical to 403.
POST /finance/reports/sales-visitors/commission-batches [finance.reports.sales-visitors.commission-batches.store] =&gt; POST /finance/reports/sales-visitors/commission-batches [finance.reports.sales-visitors.commission-batches.store]: user without permission must receive HTTP 403, but HTTP 503 returned.
Failed asserting that 503 is identical to 403.
GET /finance/reports/sales-visitors/commission-batches/{batch} [finance.reports.sales-visitors.commission-batches.show] =&gt; GET /finance/reports/sales-visitors/commission-batches/{batch} [finance.reports.sales-visitors.commission-batches.show]: unauthorized user must receive HTTP 403 or binding 404, but HTTP 503 returned.
Failed asserting that an array contains 503.
GET /finance/reports/sales-visitors/commission-batches/{batch}/export [finance.reports.sales-visitors.commission-batches.export] =&gt; GET /finance/reports/sales-visitors/commission-batches/{batch}/export [finance.reports.sales-visitors.commission-batches.export]: unauthorized user must receive HTTP 403 or binding 404, but HTTP 503 returned.
Failed asserting that an array contains 503.
GET /finance/reports/sales-visitors/commission-batches/{batch}/print [finance.reports.sales-visitors.commission-batches.print] =&gt; GET /finance/reports/sales-visitors/commission-batches/{batch}/print [finance.reports.sales-visitors.commission-batches.print]: unauthorized user must receive HTTP 403 or binding 404, but HTTP 503 returned.
Failed asserting that an array contains 503.
GET /vouchers/section/return-from-sale [vouchers.return-from-sale.index] =&gt; GET /vouchers/section/return-from-sale [vouchers.return-from-sale.index]: user without permission must receive HTTP 403, but HTTP 503 returned.
Failed asserting that 503 is identical to 403.
GET /vouchers/section/return-from-sale/data [vouchers.return-from-sale.data] =&gt; GET /vouchers/section/return-from-sale/data [vouchers.return-from-sale.data]: user without permission must receive HTTP 403, but HTTP 503 returned.
Failed asserting that 503 is identical to 403.
GET /vouchers/section/return-from-sale/create [vouchers.return-from-sale.create] =&gt; GET /vouchers/section/return-from-sale/create [vouchers.return-from-sale.create]: user without permission must receive HTTP 403, but HTTP 503 returned.
Failed asserting that 503 is identical to 403.
POST /vouchers/section/return-from-sale [vouchers.return-from-sale.store] =&gt; POST /vouchers/section/return-from-sale [vouchers.return-from-sale.store]: user without permission must receive HTTP 403, but HTTP 503 returned.
Failed asserting that 503 is identical to 403.
GET /vouchers/section/return-from-sale/customers/search [vouchers.return-from-sale.customers.search] =&gt; GET /vouchers/section/return-from-sale/customers/search [vouchers.return-from-sale.customers.search]: user without permission must receive HTTP 403, but HTTP 503 returned.
Failed asserting that 503 is identical to 403.
GET /vouchers/section/return-from-sale/customers/{customer}/invoices [vouchers.return-from-sale.customers.invoices] =&gt; GET /vouchers/section/return-from-sale/customers/{customer}/invoices [vouchers.return-from-sale.customers.invoices]: unauthorized user must receive HTTP 403 or binding 404, but HTTP 503 returned.
Failed asserting that an array contains 503.
GET /vouchers/section/return-from-sale/invoices/{invoice}/items [vouchers.return-from-sale.invoices.items] =&gt; GET /vouchers/section/return-from-sale/invoices/{invoice}/items [vouchers.return-from-sale.invoices.items]: unauthorized user must receive HTTP 403 or binding 404, but HTTP 503 returned.
Failed asserting that an array contains 503.
GET /vouchers/section/return-from-sale/categories [vouchers.return-from-sale.categories.index] =&gt; GET /vouchers/section/return-from-sale/categories [vouchers.return-from-sale.categories.index]: user without permission must receive HTTP 403, but HTTP 503 returned.
Failed asserting that 503 is identical to 403.
GET /vouchers/section/return-from-sale/categories/{category}/products [vouchers.return-from-sale.categories.products] =&gt; GET /vouchers/section/return-from-sale/categories/{category}/products [vouchers.return-from-sale.categories.products]: unauthorized user must receive HTTP 403 or binding 404, but HTTP 503 returned.
Failed asserting that an array contains 503.
GET /vouchers/section/return-from-sale/products/search [vouchers.return-from-sale.products.search] =&gt; GET /vouchers/section/return-from-sale/products/search [vouchers.return-from-sale.products.search]: user without permission must receive HTTP 403, but HTTP 503 returned.
Failed asserting that 503 is identical to 403.
GET /vouchers/section/return-from-sale/products/{product}/variants [vouchers.return-from-sale.products.variants] =&gt; GET /vouchers/section/return-from-sale/products/{product}/variants [vouchers.return-from-sale.products.variants]: unauthorized user must receive HTTP 403 or binding 404, but HTTP 503 returned.
Failed asserting that an array contains 503.
POST /vouchers/section/return-from-sale/preview [vouchers.return-from-sale.preview] =&gt; POST /vouchers/section/return-from-sale/preview [vouchers.return-from-sale.preview]: user without permission must receive HTTP 403, but HTTP 503 returned.
Failed asserting that 503 is identical to 403.
GET /vouchers/section/return-from-sale/export/excel [vouchers.return-from-sale.export.excel] =&gt; GET /vouchers/section/return-from-sale/export/excel [vouchers.return-from-sale.export.excel]: user without permission must receive HTTP 403, but HTTP 503 returned.
Failed asserting that 503 is identical to 403.
GET /vouchers/section/return-from-sale/export/pdf [vouchers.return-from-sale.export.pdf] =&gt; GET /vouchers/section/return-from-sale/export/pdf [vouchers.return-from-sale.export.pdf]: user without permission must receive HTTP 403, but HTTP 503 returned.
Failed asserting that 503 is identical to 403.
GET /vouchers/section/return-from-sale/print [vouchers.return-from-sale.print-report] =&gt; GET /vouchers/section/return-from-sale/print [vouchers.return-from-sale.print-report]: user without permission must receive HTTP 403, but HTTP 503 returned.
Failed asserting that 503 is identical to 403.
GET /vouchers/section/return-from-sale/print/customers [vouchers.return-from-sale.print.customers] =&gt; GET /vouchers/section/return-from-sale/print/customers [vouchers.return-from-sale.print.customers]: user without permission must receive HTTP 403, but HTTP 503 returned.
Failed asserting that 503 is identical to 403.
GET /vouchers/section/return-from-sale/print/products [vouchers.return-from-sale.print.products] =&gt; GET /vouchers/section/return-from-sale/print/products [vouchers.return-from-sale.print.products]: user without permission must receive HTTP 403, but HTTP 503 returned.
Failed asserting that 503 is identical to 403.
GET /vouchers/section/return-from-sale/legacy/{transfer}/print [vouchers.return-from-sale.legacy.print] =&gt; GET /vouchers/section/return-from-sale/legacy/{transfer}/print [vouchers.return-from-sale.legacy.print]: unauthorized user must receive HTTP 403 or binding 404, but HTTP 503 returned.
Failed asserting that an array contains 503.
GET /vouchers/section/return-from-sale/{document} [vouchers.return-from-sale.show] =&gt; GET /vouchers/section/return-from-sale/{document} [vouchers.return-from-sale.show]: unauthorized user must receive HTTP 403 or binding 404, but HTTP 503 returned.
Failed asserting that an array contains 503.
GET /vouchers/section/return-from-sale/{document}/edit [vouchers.return-from-sale.edit] =&gt; GET /vouchers/section/return-from-sale/{document}/edit [vouchers.return-from-sale.edit]: unauthorized user must receive HTTP 403 or binding 404, but HTTP 503 returned.
Failed asserting that an array contains 503.
GET /vouchers/section/return-from-sale/{document}/applied-edit [vouchers.return-from-sale.applied.edit] =&gt; GET /vouchers/section/return-from-sale/{document}/applied-edit [vouchers.return-from-sale.applied.edit]: unauthorized user must receive HTTP 403 or binding 404, but HTTP 503 returned.
Failed asserting that an array contains 503.
PATCH /vouchers/section/return-from-sale/{document}/applied-update [vouchers.return-from-sale.applied.update] =&gt; PATCH /vouchers/section/return-from-sale/{document}/applied-update [vouchers.return-from-sale.applied.update]: unauthorized user must receive HTTP 403 or binding 404, but HTTP 503 returned.
Failed asserting that an array contains 503.
POST /vouchers/section/return-from-sale/{document}/void [vouchers.return-from-sale.applied.void] =&gt; POST /vouchers/section/return-from-sale/{document}/void [vouchers.return-from-sale.applied.void]: unauthorized user must receive HTTP 403 or binding 404, but HTTP 503 returned.
Failed asserting that an array contains 503.
PATCH /vouchers/section/return-from-sale/{document} [vouchers.return-from-sale.update] =&gt; PATCH /vouchers/section/return-from-sale/{document} [vouchers.return-from-sale.update]: unauthorized user must receive HTTP 403 or binding 404, but HTTP 503 returned.
Failed asserting that an array contains 503.
POST /vouchers/section/return-from-sale/{document}/apply [vouchers.return-from-sale.apply] =&gt; POST /vouchers/section/return-from-sale/{document}/apply [vouchers.return-from-sale.apply]: unauthorized user must receive HTTP 403 or binding 404, but HTTP 503 returned.
Failed asserting that an array contains 503.
POST /vouchers/section/return-from-sale/{document}/cancel [vouchers.return-from-sale.cancel] =&gt; POST /vouchers/section/return-from-sale/{document}/cancel [vouchers.return-from-sale.cancel]: unauthorized user must receive HTTP 403 or binding 404, but HTTP 503 returned.
Failed asserting that an array contains 503.
GET /vouchers/section/return-from-sale/{document}/print [vouchers.return-from-sale.print] =&gt; GET /vouchers/section/return-from-sale/{document}/print [vouchers.return-from-sale.print]: unauthorized user must receive HTTP 403 or binding 404, but HTTP 503 returned.
Failed asserting that an array contains 503.
GET /vouchers/section/return-from-sale/{document}/pdf [vouchers.return-from-sale.pdf] =&gt; GET /vouchers/section/return-from-sale/{document}/pdf [vouchers.return-from-sale.pdf]: unauthorized user must receive HTTP 403 or binding 404, but HTTP 503 returned.
Failed asserting that an array contains 503.
GET /vouchers/section/{type} [vouchers.section.index] =&gt; GET /vouchers/section/{type} [vouchers.section.index]: unauthorized user must receive HTTP 403 or binding 404, but HTTP 503 returned.
Failed asserting that an array contains 503.
GET /vouchers/section/{type}/create [vouchers.section.create] =&gt; GET /vouchers/section/{type}/create [vouchers.section.create]: unauthorized user must receive HTTP 403 or binding 404, but HTTP 503 returned.
Failed asserting that an array contains 503.
POST /vouchers/section/{type} [vouchers.section.store] =&gt; POST /vouchers/section/{type} [vouchers.section.store]: unauthorized user must receive HTTP 403 or binding 404, but HTTP 503 returned.
Failed asserting that an array contains 503.
GET /vouchers/create [vouchers.create] =&gt; GET /vouchers/create [vouchers.create]: user without permission must receive HTTP 403, but HTTP 503 returned.
Failed asserting that 503 is identical to 403.
POST /vouchers [vouchers.store] =&gt; POST /vouchers [vouchers.store]: user without permission must receive HTTP 403, but HTTP 503 returned.
Failed asserting that 503 is identical to 403.
GET /vouchers/invoice/{uuid}/products [vouchers.invoice.products] =&gt; GET /vouchers/invoice/{uuid}/products [vouchers.invoice.products]: unauthorized user must receive HTTP 403 or binding 404, but HTTP 503 returned.
Failed asserting that an array contains 503.
GET /vouchers/sale-delivery [vouchers.sale-delivery.index] =&gt; GET /vouchers/sale-delivery [vouchers.sale-delivery.index]: user without permission must receive HTTP 403, but HTTP 503 returned.
Failed asserting that 503 is identical to 403.
GET /vouchers/sale-delivery/{uuid}/edit [vouchers.sale-delivery.edit] =&gt; GET /vouchers/sale-delivery/{uuid}/edit [vouchers.sale-delivery.edit]: unauthorized user must receive HTTP 403 or binding 404, but HTTP 503 returned.
Failed asserting that an array contains 503.
PUT /vouchers/sale-delivery/{uuid} [vouchers.sale-delivery.update] =&gt; PUT /vouchers/sale-delivery/{uuid} [vouchers.sale-delivery.update]: unauthorized user must receive HTTP 403 or binding 404, but HTTP 503 returned.
Failed asserting that an array contains 503.
GET /vouchers/return/customers/{customer}/invoices [vouchers.return.customer-invoices] =&gt; GET /vouchers/return/customers/{customer}/invoices [vouchers.return.customer-invoices]: unauthorized user must receive HTTP 403 or binding 404, but HTTP 503 returned.
Failed asserting that an array contains 503.
GET /notifications [notifications.index] =&gt; GET /notifications [notifications.index]: user without permission must receive HTTP 403, but HTTP 503 returned.
Failed asserting that 503 is identical to 403.
GET /notifications/latest [notifications.latest] =&gt; GET /notifications/latest [notifications.latest]: user without permission must receive HTTP 403, but HTTP 503 returned.
Failed asserting that 503 is identical to 403.
GET /notifications/unread-count [notifications.unread-count] =&gt; GET /notifications/unread-count [notifications.unread-count]: user without permission must receive HTTP 403, but HTTP 503 returned.
Failed asserting that 503 is identical to 403.
POST /notifications/{notification}/read [notifications.read] =&gt; POST /notifications/{notification}/read [notifications.read]: unauthorized user must receive HTTP 403 or binding 404, but HTTP 503 returned.
Failed asserting that an array contains 503.
POST /notifications/read-all [notifications.read-all] =&gt; POST /notifications/read-all [notifications.read-all]: user without permission must receive HTTP 403, but HTTP 503 returned.
Failed asserting that 503 is identical to 403.
GET /notifications/{notification}/open [notifications.open] =&gt; GET /notifications/{notification}/open [notifications.open]: unauthorized user must receive HTTP 403 or binding 404, but HTTP 503 returned.
Failed asserting that an array contains 503.
GET /vouchers/{voucher} [vouchers.show] =&gt; GET /vouchers/{voucher} [vouchers.show]: unauthorized user must receive HTTP 403 or binding 404, but HTTP 503 returned.
Failed asserting that an array contains 503.
GET /vouchers/{voucher}/edit [vouchers.edit] =&gt; GET /vouchers/{voucher}/edit [vouchers.edit]: unauthorized user must receive HTTP 403 or binding 404, but HTTP 503 returned.
Failed asserting that an array contains 503.
PUT /vouchers/{voucher} [vouchers.update] =&gt; PUT /vouchers/{voucher} [vouchers.update]: unauthorized user must receive HTTP 403 or binding 404, but HTTP 503 returned.
Failed asserting that an array contains 503.
DELETE /vouchers/{voucher} [vouchers.destroy] =&gt; DELETE /vouchers/{voucher} [vouchers.destroy]: unauthorized user must receive HTTP 403 or binding 404, but HTTP 503 returned.
Failed asserting that an array contains 503.
GET /warehouse-outputs [warehouse.outputs] =&gt; GET /warehouse-outputs [warehouse.outputs]: user without permission must receive HTTP 403, but HTTP 503 returned.
Failed asserting that 503 is identical to 403.
GET /warehouse/asset-trustee [asset.hub] =&gt; GET /warehouse/asset-trustee [asset.hub]: user without permission must receive HTTP 403, but HTTP 503 returned.
Failed asserting that 503 is identical to 403.
GET /warehouse/asset-trustee/personnel [asset.personnel.index] =&gt; GET /warehouse/asset-trustee/personnel [asset.personnel.index]: user without permission must receive HTTP 403, but HTTP 503 returned.
Failed asserting that 503 is identical to 403.
GET /warehouse/asset-trustee/personnel/create [asset.personnel.create] =&gt; GET /warehouse/asset-trustee/personnel/create [asset.personnel.create]: user without permission must receive HTTP 403, but HTTP 503 returned.
Failed asserting that 503 is identical to 403.
POST /warehouse/asset-trustee/personnel [asset.personnel.store] =&gt; POST /warehouse/asset-trustee/personnel [asset.personnel.store]: user without permission must receive HTTP 403, but HTTP 503 returned.
Failed asserting that 503 is identical to 403.
GET /warehouse/asset-trustee/personnel/{personnel} [asset.personnel.show] =&gt; GET /warehouse/asset-trustee/personnel/{personnel} [asset.personnel.show]: unauthorized user must receive HTTP 403 or binding 404, but HTTP 503 returned.
Failed asserting that an array contains 503.
GET /warehouse/asset-trustee/personnel/{personnel}/edit [asset.personnel.edit] =&gt; GET /warehouse/asset-trustee/personnel/{personnel}/edit [asset.personnel.edit]: unauthorized user must receive HTTP 403 or binding 404, but HTTP 503 returned.
Failed asserting that an array contains 503.
PUT /warehouse/asset-trustee/personnel/{personnel} [asset.personnel.update] =&gt; PUT /warehouse/asset-trustee/personnel/{personnel} [asset.personnel.update]: unauthorized user must receive HTTP 403 or binding 404, but HTTP 503 returned.
Failed asserting that an array contains 503.
PATCH /warehouse/asset-trustee/personnel/{personnel}/toggle-status [asset.personnel.toggle-status] =&gt; PATCH /warehouse/asset-trustee/personnel/{personnel}/toggle-status [asset.personnel.toggle-status]: unauthorized user must receive HTTP 403 or binding 404, but HTTP 503 returned.
Failed asserting that an array contains 503.
GET /warehouse/asset-trustee/documents [asset.documents.index] =&gt; GET /warehouse/asset-trustee/documents [asset.documents.index]: user without permission must receive HTTP 403, but HTTP 503 returned.
Failed asserting that 503 is identical to 403.
GET /warehouse/asset-trustee/documents/create [asset.documents.create] =&gt; GET /warehouse/asset-trustee/documents/create [asset.documents.create]: user without permission must receive HTTP 403, but HTTP 503 returned.
Failed asserting that 503 is identical to 403.
POST /warehouse/asset-trustee/documents [asset.documents.store] =&gt; POST /warehouse/asset-trustee/documents [asset.documents.store]: user without permission must receive HTTP 403, but HTTP 503 returned.
Failed asserting that 503 is identical to 403.
GET /warehouse/asset-trustee/documents/{document} [asset.documents.show] =&gt; GET /warehouse/asset-trustee/documents/{document} [asset.documents.show]: unauthorized user must receive HTTP 403 or binding 404, but HTTP 503 returned.
Failed asserting that an array contains 503.
GET /warehouse/asset-trustee/documents/{document}/view [asset.documents.view] =&gt; GET /warehouse/asset-trustee/documents/{document}/view [asset.documents.view]: unauthorized user must receive HTTP 403 or binding 404, but HTTP 503 returned.
Failed asserting that an array contains 503.
GET /warehouse/asset-trustee/documents/{document}/print [asset.documents.print] =&gt; GET /warehouse/asset-trustee/documents/{document}/print [asset.documents.print]: unauthorized user must receive HTTP 403 or binding 404, but HTTP 503 returned.
Failed asserting that an array contains 503.
GET /warehouse/asset-trustee/documents/{document}/signed-form [asset.documents.signed-form.view] =&gt; GET /warehouse/asset-trustee/documents/{document}/signed-form [asset.documents.signed-form.view]: unauthorized user must receive HTTP 403 or binding 404, but HTTP 503 returned.
Failed asserting that an array contains 503.
GET /warehouse/asset-trustee/documents/{document}/signed-form/download [asset.documents.signed-form.download] =&gt; GET /warehouse/asset-trustee/documents/{document}/signed-form/download [asset.documents.signed-form.download]: unauthorized user must receive HTTP 403 or binding 404, but HTTP 503 returned.
Failed asserting that an array contains 503.
GET /warehouse/asset-trustee/documents/{document}/edit [asset.documents.edit] =&gt; GET /warehouse/asset-trustee/documents/{document}/edit [asset.documents.edit]: unauthorized user must receive HTTP 403 or binding 404, but HTTP 503 returned.
Failed asserting that an array contains 503.
PUT /warehouse/asset-trustee/documents/{document} [asset.documents.update] =&gt; PUT /warehouse/asset-trustee/documents/{document} [asset.documents.update]: unauthorized user must receive HTTP 403 or binding 404, but HTTP 503 returned.
Failed asserting that an array contains 503.
PATCH /warehouse/asset-trustee/documents/{document}/finalize [asset.documents.finalize] =&gt; PATCH /warehouse/asset-trustee/documents/{document}/finalize [asset.documents.finalize]: unauthorized user must receive HTTP 403 or binding 404, but HTTP 503 returned.
Failed asserting that an array contains 503.
PATCH /warehouse/asset-trustee/documents/{document}/cancel [asset.documents.cancel] =&gt; PATCH /warehouse/asset-trustee/documents/{document}/cancel [asset.documents.cancel]: unauthorized user must receive HTTP 403 or binding 404, but HTTP 503 returned.
Failed asserting that an array contains 503.
GET /warehouse/asset-trustee/search [asset.codes.search] =&gt; GET /warehouse/asset-trustee/search [asset.codes.search]: user without permission must receive HTTP 403, but HTTP 503 returned.
Failed asserting that 503 is identical to 403.
GET /warehouse/asset-trustee/codes/{code} [asset.codes.find] =&gt; GET /warehouse/asset-trustee/codes/{code} [asset.codes.find]: unauthorized user must receive HTTP 403 or binding 404, but HTTP 503 returned.
Failed asserting that an array contains 503.
POST /sales-havaleh/create-from-financial/{financialId} [sales-havaleh.create-from-financial] =&gt; POST /sales-havaleh/create-from-financial/{financialId} [sales-havaleh.create-from-financial]: unauthorized user must receive HTTP 403 or binding 404, but HTTP 503 returned.
Failed asserting that an array contains 503.
GET /sales-havaleh/{invoice} [sales-havaleh.show] =&gt; GET /sales-havaleh/{invoice} [sales-havaleh.show]: unauthorized user must receive HTTP 403 or binding 404, but HTTP 503 returned.
Failed asserting that an array contains 503.
GET /sales-havaleh/{invoice}/view [sales-havaleh.view] =&gt; GET /sales-havaleh/{invoice}/view [sales-havaleh.view]: unauthorized user must receive HTTP 403 or binding 404, but HTTP 503 returned.
Failed asserting that an array contains 503.
PUT /sales-havaleh/{invoice} [sales-havaleh.update] =&gt; PUT /sales-havaleh/{invoice} [sales-havaleh.update]: unauthorized user must receive HTTP 403 or binding 404, but HTTP 503 returned.
Failed asserting that an array contains 503.
PATCH /sales-havaleh/{invoice}/status [sales-havaleh.status] =&gt; PATCH /sales-havaleh/{invoice}/status [sales-havaleh.status]: unauthorized user must receive HTTP 403 or binding 404, but HTTP 503 returned.
Failed asserting that an array contains 503.
GET /sales-havaleh/{invoice}/history [sales-havaleh.history] =&gt; GET /sales-havaleh/{invoice}/history [sales-havaleh.history]: unauthorized user must receive HTTP 403 or binding 404, but HTTP 503 returned.
Failed asserting that an array contains 503.
GET /payments/{payment}/view [payments.view] =&gt; GET /payments/{payment}/view [payments.view]: unauthorized user must receive HTTP 403 or binding 404, but HTTP 503 returned.
Failed asserting that an array contains 503.
GET /warehouse-map [warehouse-map.index] =&gt; GET /warehouse-map [warehouse-map.index]: user without permission must receive HTTP 403, but HTTP 503 returned.
Failed asserting that 503 is identical to 403.
GET /warehouse-map/locations/{location} [warehouse-map.locations.show] =&gt; GET /warehouse-map/locations/{location} [warehouse-map.locations.show]: unauthorized user must receive HTTP 403 or binding 404, but HTTP 503 returned.
Failed asserting that an array contains 503.
GET /warehouse-map/categories/{category}/children [warehouse-map.categories.children] =&gt; GET /warehouse-map/categories/{category}/children [warehouse-map.categories.children]: unauthorized user must receive HTTP 403 or binding 404, but HTTP 503 returned.
Failed asserting that an array contains 503.
GET /warehouse-map/categories/{category}/products [warehouse-map.categories.products] =&gt; GET /warehouse-map/categories/{category}/products [warehouse-map.categories.products]: unauthorized user must receive HTTP 403 or binding 404, but HTTP 503 returned.
Failed asserting that an array contains 503.
GET /warehouse-map/products/{product}/variants [warehouse-map.products.variants] =&gt; GET /warehouse-map/products/{product}/variants [warehouse-map.products.variants]: unauthorized user must receive HTTP 403 or binding 404, but HTTP 503 returned.
Failed asserting that an array contains 503.
GET /warehouse-map/history [warehouse-map.history] =&gt; GET /warehouse-map/history [warehouse-map.history]: user without permission must receive HTTP 403, but HTTP 503 returned.
Failed asserting that 503 is identical to 403.
POST /warehouse-map/locations [warehouse-map.locations.store] =&gt; POST /warehouse-map/locations [warehouse-map.locations.store]: user without permission must receive HTTP 403, but HTTP 503 returned.
Failed asserting that 503 is identical to 403.
PUT /warehouse-map/locations/{location} [warehouse-map.locations.update] =&gt; PUT /warehouse-map/locations/{location} [warehouse-map.locations.update]: unauthorized user must receive HTTP 403 or binding 404, but HTTP 503 returned.
Failed asserting that an array contains 503.
POST /warehouse-map/assign [warehouse-map.assign] =&gt; POST /warehouse-map/assign [warehouse-map.assign]: user without permission must receive HTTP 403, but HTTP 503 returned.
Failed asserting that 503 is identical to 403.
POST /warehouse-map/transfer [warehouse-map.transfer] =&gt; POST /warehouse-map/transfer [warehouse-map.transfer]: user without permission must receive HTTP 403, but HTTP 503 returned.
Failed asserting that 503 is identical to 403.
GET /warehouses [warehouses.index] =&gt; GET /warehouses [warehouses.index]: user without permission must receive HTTP 403, but HTTP 503 returned.
Failed asserting that 503 is identical to 403.
GET /warehouses/{warehouse}/edit [warehouses.edit] =&gt; GET /warehouses/{warehouse}/edit [warehouses.edit]: unauthorized user must receive HTTP 403 or binding 404, but HTTP 503 returned.
Failed asserting that an array contains 503.
PUT /warehouses/{warehouse} [warehouses.update] =&gt; PUT /warehouses/{warehouse} [warehouses.update]: unauthorized user must receive HTTP 403 or binding 404, but HTTP 503 returned.
Failed asserting that an array contains 503.
DELETE /warehouses/{warehouse} [warehouses.destroy] =&gt; DELETE /warehouses/{warehouse} [warehouses.destroy]: unauthorized user must receive HTTP 403 or binding 404, but HTTP 503 returned.
Failed asserting that an array contains 503.
GET /warehouses/{warehouse}/personnel [warehouses.personnel.index] =&gt; GET /warehouses/{warehouse}/personnel [warehouses.personnel.index]: unauthorized user must receive HTTP 403 or binding 404, but HTTP 503 returned.
Failed asserting that an array contains 503.
POST /warehouses/{warehouse}/personnel [warehouses.personnel.store] =&gt; POST /warehouses/{warehouse}/personnel [warehouses.personnel.store]: unauthorized user must receive HTTP 403 or binding 404, but HTTP 503 returned.
Failed asserting that an array contains 503.
GET /warehouses/{warehouse}/personnel/{personnel} [warehouses.personnel.show] =&gt; GET /warehouses/{warehouse}/personnel/{personnel} [warehouses.personnel.show]: unauthorized user must receive HTTP 403 or binding 404, but HTTP 503 returned.
Failed asserting that an array contains 503.
GET /purchases [purchases.index] =&gt; GET /purchases [purchases.index]: user without permission must receive HTTP 403, but HTTP 503 returned.
Failed asserting that 503 is identical to 403.
GET /purchases/export [purchases.export] =&gt; GET /purchases/export [purchases.export]: user without permission must receive HTTP 403, but HTTP 503 returned.
Failed asserting that 503 is identical to 403.
GET /purchases/create [purchases.create] =&gt; GET /purchases/create [purchases.create]: user without permission must receive HTTP 403, but HTTP 503 returned.
Failed asserting that 503 is identical to 403.
GET /purchases/products/{product}/variants [purchases.products.variants] =&gt; GET /purchases/products/{product}/variants [purchases.products.variants]: unauthorized user must receive HTTP 403 or binding 404, but HTTP 503 returned.
Failed asserting that an array contains 503.
POST /purchases [purchases.store] =&gt; POST /purchases [purchases.store]: user without permission must receive HTTP 403, but HTTP 503 returned.
Failed asserting that 503 is identical to 403.
GET /purchases/{purchase} [purchases.show] =&gt; GET /purchases/{purchase} [purchases.show]: unauthorized user must receive HTTP 403 or binding 404, but HTTP 503 returned.
Failed asserting that an array contains 503.
GET /purchases/{purchase}/edit [purchases.edit] =&gt; GET /purchases/{purchase}/edit [purchases.edit]: unauthorized user must receive HTTP 403 or binding 404, but HTTP 503 returned.
Failed asserting that an array contains 503.
PUT /purchases/{purchase} [purchases.update] =&gt; PUT /purchases/{purchase} [purchases.update]: unauthorized user must receive HTTP 403 or binding 404, but HTTP 503 returned.
Failed asserting that an array contains 503.
DELETE /purchases/{purchase} [purchases.destroy] =&gt; DELETE /purchases/{purchase} [purchases.destroy]: unauthorized user must receive HTTP 403 or binding 404, but HTTP 503 returned.
Failed asserting that an array contains 503.
GET /persons [persons.index] =&gt; GET /persons [persons.index]: user without permission must receive HTTP 403, but HTTP 503 returned.
Failed asserting that 503 is identical to 403.
POST /persons [persons.store] =&gt; POST /persons [persons.store]: user without permission must receive HTTP 403, but HTTP 503 returned.
Failed asserting that 503 is identical to 403.
PUT /persons/{personKey} [persons.update] =&gt; PUT /persons/{personKey} [persons.update]: unauthorized user must receive HTTP 403 or binding 404, but HTTP 503 returned.
Failed asserting that an array contains 503.
GET /suppliers [suppliers.index] =&gt; GET /suppliers [suppliers.index]: user without permission must receive HTTP 403, but HTTP 503 returned.
Failed asserting that 503 is identical to 403.
POST /suppliers [suppliers.store] =&gt; POST /suppliers [suppliers.store]: user without permission must receive HTTP 403, but HTTP 503 returned.
Failed asserting that 503 is identical to 403.
GET /stocktake [stocktake.index] =&gt; GET /stocktake [stocktake.index]: user without permission must receive HTTP 403, but HTTP 503 returned.
Failed asserting that 503 is identical to 403.
GET /stock-count-documents [stock-count-documents.index] =&gt; GET /stock-count-documents [stock-count-documents.index]: user without permission must receive HTTP 403, but HTTP 503 returned.
Failed asserting that 503 is identical to 403.
GET /stock-count-documents/create [stock-count-documents.create] =&gt; GET /stock-count-documents/create [stock-count-documents.create]: user without permission must receive HTTP 403, but HTTP 503 returned.
Failed asserting that 503 is identical to 403.
POST /stock-count-documents [stock-count-documents.store] =&gt; POST /stock-count-documents [stock-count-documents.store]: user without permission must receive HTTP 403, but HTTP 503 returned.
Failed asserting that 503 is identical to 403.
GET /stock-count-documents/subcategories [stock-count-documents.subcategories] =&gt; GET /stock-count-documents/subcategories [stock-count-documents.subcategories]: user without permission must receive HTTP 403, but HTTP 503 returned.
Failed asserting that 503 is identical to 403.
GET /stock-count-documents/products/search [stock-count-documents.products] =&gt; GET /stock-count-documents/products/search [stock-count-documents.products]: user without permission must receive HTTP 403, but HTTP 503 returned.
Failed asserting that 503 is identical to 403.
GET /stock-count-documents/products/{product}/variants [stock-count-documents.variants] =&gt; GET /stock-count-documents/products/{product}/variants [stock-count-documents.variants]: unauthorized user must receive HTTP 403 or binding 404, but HTTP 503 returned.
Failed asserting that an array contains 503.
GET /stock-count-documents/{stockCountDocument} [stock-count-documents.show] =&gt; GET /stock-count-documents/{stockCountDocument} [stock-count-documents.show]: unauthorized user must receive HTTP 403 or binding 404, but HTTP 503 returned.
Failed asserting that an array contains 503.
GET /stock-count-documents/{stockCountDocument}/view [stock-count-documents.view] =&gt; GET /stock-count-documents/{stockCountDocument}/view [stock-count-documents.view]: unauthorized user must receive HTTP 403 or binding 404, but HTTP 503 returned.
Failed asserting that an array contains 503.
GET /stock-count-documents/{stockCountDocument}/edit [stock-count-documents.edit] =&gt; GET /stock-count-documents/{stockCountDocument}/edit [stock-count-documents.edit]: unauthorized user must receive HTTP 403 or binding 404, but HTTP 503 returned.
Failed asserting that an array contains 503.
PUT /stock-count-documents/{stockCountDocument} [stock-count-documents.update] =&gt; PUT /stock-count-documents/{stockCountDocument} [stock-count-documents.update]: unauthorized user must receive HTTP 403 or binding 404, but HTTP 503 returned.
Failed asserting that an array contains 503.
PATCH /stock-count-documents/{stockCountDocument}/finalize [stock-count-documents.finalize] =&gt; PATCH /stock-count-documents/{stockCountDocument}/finalize [stock-count-documents.finalize]: unauthorized user must receive HTTP 403 or binding 404, but HTTP 503 returned.
Failed asserting that an array contains 503.
PATCH /stock-count-documents/{stockCountDocument}/cancel [stock-count-documents.cancel] =&gt; PATCH /stock-count-documents/{stockCountDocument}/cancel [stock-count-documents.cancel]: unauthorized user must receive HTTP 403 or binding 404, but HTTP 503 returned.
Failed asserting that an array contains 503.
GET /stock-count-documents-system-quantity [stock-count-documents.system-quantity] =&gt; GET /stock-count-documents-system-quantity [stock-count-documents.system-quantity]: user without permission must receive HTTP 403, but HTTP 503 returned.
Failed asserting that 503 is identical to 403.
GET /preinvoice/create [preinvoice.create] =&gt; GET /preinvoice/create [preinvoice.create]: user without permission must receive HTTP 403, but HTTP 503 returned.
Failed asserting that 503 is identical to 403.
POST /preinvoice/draft [preinvoice.draft.save] =&gt; POST /preinvoice/draft [preinvoice.draft.save]: user without permission must receive HTTP 403, but HTTP 503 returned.
Failed asserting that 503 is identical to 403.
POST /preinvoice/autosave [preinvoice.autosave] =&gt; POST /preinvoice/autosave [preinvoice.autosave]: user without permission must receive HTTP 403, but HTTP 503 returned.
Failed asserting that 503 is identical to 403.
GET /preinvoice/autosave/latest [preinvoice.autosave.latest] =&gt; GET /preinvoice/autosave/latest [preinvoice.autosave.latest]: user without permission must receive HTTP 403, but HTTP 503 returned.
Failed asserting that 503 is identical to 403.
POST /preinvoice/autosave/{uuid}/discard [preinvoice.autosave.discard] =&gt; POST /preinvoice/autosave/{uuid}/discard [preinvoice.autosave.discard]: unauthorized user must receive HTTP 403 or binding 404, but HTTP 503 returned.
Failed asserting that an array contains 503.
POST /preinvoice/reservations/heartbeat [preinvoice.reservations.heartbeat] =&gt; POST /preinvoice/reservations/heartbeat [preinvoice.reservations.heartbeat]: user without permission must receive HTTP 403, but HTTP 503 returned.
Failed asserting that 503 is identical to 403.
POST /preinvoice/reservations/release-token [preinvoice.reservations.release-token] =&gt; POST /preinvoice/reservations/release-token [preinvoice.reservations.release-token]: user without permission must receive HTTP 403, but HTTP 503 returned.
Failed asserting that 503 is identical to 403.
GET /warehouse/reviews [warehouse.reviews.index] =&gt; GET /warehouse/reviews [warehouse.reviews.index]: user without permission must receive HTTP 403, but HTTP 503 returned.
Failed asserting that 503 is identical to 403.
GET /warehouse/reviews/{preinvoiceOrder} [warehouse.reviews.show] =&gt; GET /warehouse/reviews/{preinvoiceOrder} [warehouse.reviews.show]: unauthorized user must receive HTTP 403 or binding 404, but HTTP 503 returned.
Failed asserting that an array contains 503.
GET /warehouse/reviews/{preinvoiceOrder}/print [warehouse.reviews.print] =&gt; GET /warehouse/reviews/{preinvoiceOrder}/print [warehouse.reviews.print]: unauthorized user must receive HTTP 403 or binding 404, but HTTP 503 returned.
Failed asserting that an array contains 503.
GET /preinvoice/warehouse [preinvoice.warehouse.index] =&gt; GET /preinvoice/warehouse [preinvoice.warehouse.index]: user without permission must receive HTTP 403, but HTTP 503 returned.
Failed asserting that 503 is identical to 403.
GET /preinvoice/warehouse/{uuid} [preinvoice.warehouse.review] =&gt; GET /preinvoice/warehouse/{uuid} [preinvoice.warehouse.review]: unauthorized user must receive HTTP 403 or binding 404, but HTTP 503 returned.
Failed asserting that an array contains 503.
PUT /preinvoice/warehouse/{uuid} [preinvoice.warehouse.save] =&gt; PUT /preinvoice/warehouse/{uuid} [preinvoice.warehouse.save]: unauthorized user must receive HTTP 403 or binding 404, but HTTP 503 returned.
Failed asserting that an array contains 503.
POST /preinvoice/warehouse/{uuid}/approve [preinvoice.warehouse.approve] =&gt; POST /preinvoice/warehouse/{uuid}/approve [preinvoice.warehouse.approve]: unauthorized user must receive HTTP 403 or binding 404, but HTTP 503 returned.
Failed asserting that an array contains 503.
POST /preinvoice/warehouse/{uuid}/reject [preinvoice.warehouse.reject] =&gt; POST /preinvoice/warehouse/{uuid}/reject [preinvoice.warehouse.reject]: unauthorized user must receive HTTP 403 or binding 404, but HTTP 503 returned.
Failed asserting that an array contains 503.
GET /preinvoice/drafts [preinvoice.draft.index] =&gt; GET /preinvoice/drafts [preinvoice.draft.index]: user without permission must receive HTTP 403, but HTTP 503 returned.
Failed asserting that 503 is identical to 403.
GET /preinvoice/drafts/{uuid}/edit [preinvoice.draft.edit] =&gt; GET /preinvoice/drafts/{uuid}/edit [preinvoice.draft.edit]: unauthorized user must receive HTTP 403 or binding 404, but HTTP 503 returned.
Failed asserting that an array contains 503.
PUT /preinvoice/drafts/{uuid} [preinvoice.draft.update] =&gt; PUT /preinvoice/drafts/{uuid} [preinvoice.draft.update]: unauthorized user must receive HTTP 403 or binding 404, but HTTP 503 returned.
Failed asserting that an array contains 503.
GET /preinvoice/drafts/{uuid}/finance [preinvoice.draft.finance] =&gt; GET /preinvoice/drafts/{uuid}/finance [preinvoice.draft.finance]: unauthorized user must receive HTTP 403 or binding 404, but HTTP 503 returned.
Failed asserting that an array contains 503.
GET /preinvoice/drafts/{uuid}/finance/edit [preinvoice.draft.finance.edit] =&gt; GET /preinvoice/drafts/{uuid}/finance/edit [preinvoice.draft.finance.edit]: unauthorized user must receive HTTP 403 or binding 404, but HTTP 503 returned.
Failed asserting that an array contains 503.
PUT /preinvoice/drafts/{uuid}/finance [preinvoice.draft.finance.update] =&gt; PUT /preinvoice/drafts/{uuid}/finance [preinvoice.draft.finance.update]: unauthorized user must receive HTTP 403 or binding 404, but HTTP 503 returned.
Failed asserting that an array contains 503.
POST /preinvoice/drafts/{uuid}/finance/save-and-finalize [preinvoice.draft.finance.save-and-finalize] =&gt; POST /preinvoice/drafts/{uuid}/finance/save-and-finalize [preinvoice.draft.finance.save-and-finalize]: unauthorized user must receive HTTP 403 or binding 404, but HTTP 503 returned.
Failed asserting that an array contains 503.
POST /preinvoice/drafts/{uuid}/finalize [preinvoice.draft.finalize] =&gt; POST /preinvoice/drafts/{uuid}/finalize [preinvoice.draft.finalize]: unauthorized user must receive HTTP 403 or binding 404, but HTTP 503 returned.
Failed asserting that an array contains 503.
POST /preinvoice/drafts/{uuid}/return [preinvoice.draft.return] =&gt; POST /preinvoice/drafts/{uuid}/return [preinvoice.draft.return]: unauthorized user must receive HTTP 403 or binding 404, but HTTP 503 returned.
Failed asserting that an array contains 503.
POST /preinvoice/drafts/{uuid}/cancel [preinvoice.draft.cancel] =&gt; POST /preinvoice/drafts/{uuid}/cancel [preinvoice.draft.cancel]: unauthorized user must receive HTTP 403 or binding 404, but HTTP 503 returned.
Failed asserting that an array contains 503.
GET /preinvoice/all [preinvoice.all.index] =&gt; GET /preinvoice/all [preinvoice.all.index]: user without permission must receive HTTP 403, but HTTP 503 returned.
Failed asserting that 503 is identical to 403.
GET /preinvoice/my [preinvoice.my.index] =&gt; GET /preinvoice/my [preinvoice.my.index]: user without permission must receive HTTP 403, but HTTP 503 returned.
Failed asserting that 503 is identical to 403.
GET /preinvoice/my/{uuid} [preinvoice.my.show] =&gt; GET /preinvoice/my/{uuid} [preinvoice.my.show]: unauthorized user must receive HTTP 403 or binding 404, but HTTP 503 returned.
Failed asserting that an array contains 503.
GET /preinvoice/{uuid}/print [preinvoice.print] =&gt; GET /preinvoice/{uuid}/print [preinvoice.print]: unauthorized user must receive HTTP 403 or binding 404, but HTTP 503 returned.
Failed asserting that an array contains 503.
GET /preinvoice/api/product-finder [preinvoice.api.product-finder] =&gt; GET /preinvoice/api/product-finder [preinvoice.api.product-finder]: user without permission must receive HTTP 403, but HTTP 503 returned.
Failed asserting that 503 is identical to 403.
GET /preinvoice/api/product-finder/categories [preinvoice.api.product-finder.categories] =&gt; GET /preinvoice/api/product-finder/categories [preinvoice.api.product-finder.categories]: user without permission must receive HTTP 403, but HTTP 503 returned.
Failed asserting that 503 is identical to 403.
GET /preinvoice/api/products [preinvoice.api.products] =&gt; GET /preinvoice/api/products [preinvoice.api.products]: user without permission must receive HTTP 403, but HTTP 503 returned.
Failed asserting that 503 is identical to 403.
GET /preinvoice/api/products/{product} [preinvoice.api.product] =&gt; GET /preinvoice/api/products/{product} [preinvoice.api.product]: unauthorized user must receive HTTP 403 or binding 404, but HTTP 503 returned.
Failed asserting that an array contains 503.
POST /preinvoice/api/reservations/sync [preinvoice.api.reservations.sync] =&gt; POST /preinvoice/api/reservations/sync [preinvoice.api.reservations.sync]: user without permission must receive HTTP 403, but HTTP 503 returned.
Failed asserting that 503 is identical to 403.
POST /preinvoice/api/reservations/release [preinvoice.api.reservations.release] =&gt; POST /preinvoice/api/reservations/release [preinvoice.api.reservations.release]: user without permission must receive HTTP 403, but HTTP 503 returned.
Failed asserting that 503 is identical to 403.
GET /preinvoice/api/area [preinvoice.api.area] =&gt; GET /preinvoice/api/area [preinvoice.api.area]: user without permission must receive HTTP 403, but HTTP 503 returned.
Failed asserting that 503 is identical to 403.
GET /preinvoice/api/customers [api.customers.search] =&gt; GET /preinvoice/api/customers [api.customers.search]: user without permission must receive HTTP 403, but HTTP 503 returned.
Failed asserting that 503 is identical to 403.
POST /preinvoice/api/customers [api.customers.store] =&gt; POST /preinvoice/api/customers [api.customers.store]: user without permission must receive HTTP 403, but HTTP 503 returned.
Failed asserting that 503 is identical to 403.
GET /preinvoice/api/customers/{customer} [api.customers.show] =&gt; GET /preinvoice/api/customers/{customer} [api.customers.show]: unauthorized user must receive HTTP 403 or binding 404, but HTTP 503 returned.
Failed asserting that an array contains 503.
GET /customers [customers.index] =&gt; GET /customers [customers.index]: user without permission must receive HTTP 403, but HTTP 503 returned.
Failed asserting that 503 is identical to 403.
POST /customers [customers.store] =&gt; POST /customers [customers.store]: user without permission must receive HTTP 403, but HTTP 503 returned.
Failed asserting that 503 is identical to 403.
PUT /customers/{customer} [customers.update] =&gt; PUT /customers/{customer} [customers.update]: unauthorized user must receive HTTP 403 or binding 404, but HTTP 503 returned.
Failed asserting that an array contains 503.
DELETE /customers/{customer} [customers.destroy] =&gt; DELETE /customers/{customer} [customers.destroy]: unauthorized user must receive HTTP 403 or binding 404, but HTTP 503 returned.
Failed asserting that an array contains 503.
POST /customers/import [customers.import] =&gt; POST /customers/import [customers.import]: user without permission must receive HTTP 403, but HTTP 503 returned.
Failed asserting that 503 is identical to 403.
GET /archive [archive.index] =&gt; GET /archive [archive.index]: user without permission must receive HTTP 403, but HTTP 503 returned.
Failed asserting that 503 is identical to 403.
POST /archive [archive.index] =&gt; POST /archive [archive.index]: user without permission must receive HTTP 403, but HTTP 503 returned.
Failed asserting that 503 is identical to 403.
PUT /archive [archive.index] =&gt; PUT /archive [archive.index]: user without permission must receive HTTP 403, but HTTP 503 returned.
Failed asserting that 503 is identical to 403.
PATCH /archive [archive.index] =&gt; PATCH /archive [archive.index]: user without permission must receive HTTP 403, but HTTP 503 returned.
Failed asserting that 503 is identical to 403.
DELETE /archive [archive.index] =&gt; DELETE /archive [archive.index]: user without permission must receive HTTP 403, but HTTP 503 returned.
Failed asserting that 503 is identical to 403.
GET /archive/preinvoices/{uuid} [archive.preinvoices.show] =&gt; GET /archive/preinvoices/{uuid} [archive.preinvoices.show]: unauthorized user must receive HTTP 403 or binding 404, but HTTP 503 returned.
Failed asserting that an array contains 503.
GET /archive/invoices/{uuid} [archive.invoices.show] =&gt; GET /archive/invoices/{uuid} [archive.invoices.show]: unauthorized user must receive HTTP 403 or binding 404, but HTTP 503 returned.
Failed asserting that an array contains 503.
GET /invoices [invoices.index] =&gt; GET /invoices [invoices.index]: user without permission must receive HTTP 403, but HTTP 503 returned.
Failed asserting that 503 is identical to 403.
GET /invoices/data [invoices.data] =&gt; GET /invoices/data [invoices.data]: user without permission must receive HTTP 403, but HTTP 503 returned.
Failed asserting that 503 is identical to 403.
GET /invoices/customers/search [invoices.customers.search] =&gt; GET /invoices/customers/search [invoices.customers.search]: user without permission must receive HTTP 403, but HTTP 503 returned.
Failed asserting that 503 is identical to 403.
GET /invoices/cancelled [invoices.cancelled] =&gt; GET /invoices/cancelled [invoices.cancelled]: user without permission must receive HTTP 403, but HTTP 503 returned.
Failed asserting that 503 is identical to 403.
POST /invoices/bulk/reassign-seller [invoices.bulk.reassign-seller] =&gt; POST /invoices/bulk/reassign-seller [invoices.bulk.reassign-seller]: user without permission must receive HTTP 403, but HTTP 503 returned.
Failed asserting that 503 is identical to 403.
GET /invoices/{uuid}/print [invoices.print] =&gt; GET /invoices/{uuid}/print [invoices.print]: unauthorized user must receive HTTP 403 or binding 404, but HTTP 503 returned.
Failed asserting that an array contains 503.
GET /invoices/{uuid}/edit [invoices.edit] =&gt; GET /invoices/{uuid}/edit [invoices.edit]: unauthorized user must receive HTTP 403 or binding 404, but HTTP 503 returned.
Failed asserting that an array contains 503.
PUT /invoices/{uuid} [invoices.update] =&gt; PUT /invoices/{uuid} [invoices.update]: unauthorized user must receive HTTP 403 or binding 404, but HTTP 503 returned.
Failed asserting that an array contains 503.
GET /invoices/{uuid}/history [invoices.history] =&gt; GET /invoices/{uuid}/history [invoices.history]: unauthorized user must receive HTTP 403 or binding 404, but HTTP 503 returned.
Failed asserting that an array contains 503.
GET /invoices/{uuid} [invoices.show] =&gt; GET /invoices/{uuid} [invoices.show]: unauthorized user must receive HTTP 403 or binding 404, but HTTP 503 returned.
Failed asserting that an array contains 503.
POST /invoices/{uuid}/status [invoices.status] =&gt; POST /invoices/{uuid}/status [invoices.status]: unauthorized user must receive HTTP 403 or binding 404, but HTTP 503 returned.
Failed asserting that an array contains 503.
POST /invoices/{uuid}/reassign-seller [invoices.reassign-seller] =&gt; POST /invoices/{uuid}/reassign-seller [invoices.reassign-seller]: unauthorized user must receive HTTP 403 or binding 404, but HTTP 503 returned.
Failed asserting that an array contains 503.
POST /invoices/{uuid}/cancel [invoices.cancel] =&gt; POST /invoices/{uuid}/cancel [invoices.cancel]: unauthorized user must receive HTTP 403 or binding 404, but HTTP 503 returned.
Failed asserting that an array contains 503.
POST /invoices/{uuid}/cancel/undo [invoices.cancel.undo] =&gt; POST /invoices/{uuid}/cancel/undo [invoices.cancel.undo]: unauthorized user must receive HTTP 403 or binding 404, but HTTP 503 returned.
Failed asserting that an array contains 503.
POST /invoices/{uuid}/payments [invoices.payments.store] =&gt; POST /invoices/{uuid}/payments [invoices.payments.store]: unauthorized user must receive HTTP 403 or binding 404, but HTTP 503 returned.
Failed asserting that an array contains 503.
POST /invoices/{uuid}/notes [invoices.notes.store] =&gt; POST /invoices/{uuid}/notes [invoices.notes.store]: unauthorized user must receive HTTP 403 or binding 404, but HTTP 503 returned.
Failed asserting that an array contains 503.
POST /invoices/payments/{payment}/cheque [cheques.store] =&gt; POST /invoices/payments/{payment}/cheque [cheques.store]: unauthorized user must receive HTTP 403 or binding 404, but HTTP 503 returned.
Failed asserting that an array contains 503.
GET /account-statements [account-statements.index] =&gt; GET /account-statements [account-statements.index]: user without permission must receive HTTP 403, but HTTP 503 returned.
Failed asserting that 503 is identical to 403.
POST /account-statements/{customer}/payments [account-statements.payments.store] =&gt; POST /account-statements/{customer}/payments [account-statements.payments.store]: unauthorized user must receive HTTP 403 or binding 404, but HTTP 503 returned.
Failed asserting that an array contains 503.
GET /account-statements/documents/invoices/{uuid} [account-statements.documents.invoices.show] =&gt; GET /account-statements/documents/invoices/{uuid} [account-statements.documents.invoices.show]: unauthorized user must receive HTTP 403 or binding 404, but HTTP 503 returned.
Failed asserting that an array contains 503.
GET /account-statements/documents/returns/{voucher} [account-statements.documents.returns.show] =&gt; GET /account-statements/documents/returns/{voucher} [account-statements.documents.returns.show]: unauthorized user must receive HTTP 403 or binding 404, but HTTP 503 returned.
Failed asserting that an array contains 503.
GET /account-statements/documents/payments/{payment} [account-statements.documents.payments.show] =&gt; GET /account-statements/documents/payments/{payment} [account-statements.documents.payments.show]: unauthorized user must receive HTTP 403 or binding 404, but HTTP 503 returned.
Failed asserting that an array contains 503.
GET /account-statements/{customer} [account-statements.show] =&gt; GET /account-statements/{customer} [account-statements.show]: unauthorized user must receive HTTP 403 or binding 404, but HTTP 503 returned.
Failed asserting that an array contains 503.
GET /activity-logs [activity-logs.index] =&gt; GET /activity-logs [activity-logs.index]: user without permission must receive HTTP 403, but HTTP 503 returned.
Failed asserting that 503 is identical to 403.
GET /users [users.index] =&gt; GET /users [users.index]: user without permission must receive HTTP 403, but HTTP 503 returned.
Failed asserting that 503 is identical to 403.
POST /users/sync [users.sync] =&gt; POST /users/sync [users.sync]: user without permission must receive HTTP 403, but HTTP 503 returned.
Failed asserting that 503 is identical to 403.
GET /admin/bug-investigator [admin.bug-investigator.index] =&gt; GET /admin/bug-investigator [admin.bug-investigator.index]: user without permission must receive HTTP 403, but HTTP 503 returned.
Failed asserting that 503 is identical to 403.
GET /admin/bug-investigator/create [admin.bug-investigator.create] =&gt; GET /admin/bug-investigator/create [admin.bug-investigator.create]: user without permission must receive HTTP 403, but HTTP 503 returned.
Failed asserting that 503 is identical to 403.
POST /admin/bug-investigator [admin.bug-investigator.store] =&gt; POST /admin/bug-investigator [admin.bug-investigator.store]: user without permission must receive HTTP 403, but HTTP 503 returned.
Failed asserting that 503 is identical to 403.
POST /admin/bug-investigator/{bugCase}/rerun [admin.bug-investigator.rerun] =&gt; POST /admin/bug-investigator/{bugCase}/rerun [admin.bug-investigator.rerun]: unauthorized user must receive HTTP 403 or binding 404, but HTTP 503 returned.
Failed asserting that an array contains 503.
GET /admin/bug-investigator/{bugCase} [admin.bug-investigator.show] =&gt; GET /admin/bug-investigator/{bugCase} [admin.bug-investigator.show]: unauthorized user must receive HTTP 403 or binding 404, but HTTP 503 returned.
Failed asserting that an array contains 503.
GET /admin/permissions [admin.permissions.index] =&gt; GET /admin/permissions [admin.permissions.index]: user without permission must receive HTTP 403, but HTTP 503 returned.
Failed asserting that 503 is identical to 403.
PUT /admin/permissions/{user} [admin.permissions.update] =&gt; PUT /admin/permissions/{user} [admin.permissions.update]: unauthorized user must receive HTTP 403 or binding 404, but HTTP 503 returned.
Failed asserting that an array contains 503.
GET /admin/roles [admin.roles.index] =&gt; GET /admin/roles [admin.roles.index]: user without permission must receive HTTP 403, but HTTP 503 returned.
Failed asserting that 503 is identical to 403.
GET /admin/roles/create [admin.roles.create] =&gt; GET /admin/roles/create [admin.roles.create]: user without permission must receive HTTP 403, but HTTP 503 returned.
Failed asserting that 503 is identical to 403.
POST /admin/roles [admin.roles.store] =&gt; POST /admin/roles [admin.roles.store]: user without permission must receive HTTP 403, but HTTP 503 returned.
Failed asserting that 503 is identical to 403.
GET /admin/roles/{role}/edit [admin.roles.edit] =&gt; GET /admin/roles/{role}/edit [admin.roles.edit]: unauthorized user must receive HTTP 403 or binding 404, but HTTP 503 returned.
Failed asserting that an array contains 503.
PUT /admin/roles/{role} [admin.roles.update] =&gt; PUT /admin/roles/{role} [admin.roles.update]: unauthorized user must receive HTTP 403 or binding 404, but HTTP 503 returned.
Failed asserting that an array contains 503.
PATCH /admin/roles/{role} [admin.roles.update] =&gt; PATCH /admin/roles/{role} [admin.roles.update]: unauthorized user must receive HTTP 403 or binding 404, but HTTP 503 returned.
Failed asserting that an array contains 503.
DELETE /admin/roles/{role} [admin.roles.destroy] =&gt; DELETE /admin/roles/{role} [admin.roles.destroy]: unauthorized user must receive HTTP 403 or binding 404, but HTTP 503 returned.
Failed asserting that an array contains 503.
GET /finance/cheques [finance.cheques.index] =&gt; GET /finance/cheques [finance.cheques.index]: user without permission must receive HTTP 403, but HTTP 503 returned.
Failed asserting that 503 is identical to 403.
Failed asserting that two arrays are identical.&#13;
at tests\Feature\Controllers\RouteCoverageTest.php:581</failure>
        </testcase>
        <testcase name="it executes every GET POST PUT PATCH and DELETE route without server errors" file="tests\Feature\Controllers\RouteCoverageTest.php::it executes every GET POST PUT PATCH and DELETE route without server errors" class="Tests\Feature\Controllers\RouteCoverageTest" classname="Tests.Feature.Controllers.RouteCoverageTest" assertions="856" time="3.011357">
          <failure type="PHPUnit\Framework\ExpectationFailedException">it executes every GET POST PUT PATCH and DELETE route without server errorsFunctional route failures:
POST /api/external/users [api.external.users.store] =&gt; POST /api/external/users [api.external.users.store]: application returned server error HTTP 503.
Failed asserting that 503 is less than 500. | Response: { "message": "Service Unavailable", "exception": "Symfony\\Component\\HttpKernel\\Exception\\HttpException", "file": "E:\\laragon\\www\\inventory\\vendor\\laravel\\framework\\src\\Illuminate\\Foundation\\Http\\Middleware\\PreventRequestsDuringMaintenance.php", "line": 101, "trace": [ { "file": "E:\\...
POST /api/external/orders [api.external.orders.store] =&gt; POST /api/external/orders [api.external.orders.store]: application returned server error HTTP 503.
Failed asserting that 503 is less than 500. | Response: { "message": "Service Unavailable", "exception": "Symfony\\Component\\HttpKernel\\Exception\\HttpException", "file": "E:\\laragon\\www\\inventory\\vendor\\laravel\\framework\\src\\Illuminate\\Foundation\\Http\\Middleware\\PreventRequestsDuringMaintenance.php", "line": 101, "trace": [ { "file": "E:\\...
GET // [unnamed] =&gt; GET // [unnamed]: application returned server error HTTP 503.
Failed asserting that 503 is less than 500. | Response: { "message": "Service Unavailable", "exception": "Symfony\\Component\\HttpKernel\\Exception\\HttpException", "file": "E:\\laragon\\www\\inventory\\vendor\\laravel\\framework\\src\\Illuminate\\Foundation\\Http\\Middleware\\PreventRequestsDuringMaintenance.php", "line": 101, "trace": [ { "file": "E:\\...
GET /portal/login [portal.login] =&gt; GET /portal/login [portal.login]: application returned server error HTTP 503.
Failed asserting that 503 is less than 500. | Response: { "message": "Service Unavailable", "exception": "Symfony\\Component\\HttpKernel\\Exception\\HttpException", "file": "E:\\laragon\\www\\inventory\\vendor\\laravel\\framework\\src\\Illuminate\\Foundation\\Http\\Middleware\\PreventRequestsDuringMaintenance.php", "line": 101, "trace": [ { "file": "E:\\...
POST /portal/login/password [portal.login.password] =&gt; POST /portal/login/password [portal.login.password]: application returned server error HTTP 503.
Failed asserting that 503 is less than 500. | Response: { "message": "Service Unavailable", "exception": "Symfony\\Component\\HttpKernel\\Exception\\HttpException", "file": "E:\\laragon\\www\\inventory\\vendor\\laravel\\framework\\src\\Illuminate\\Foundation\\Http\\Middleware\\PreventRequestsDuringMaintenance.php", "line": 101, "trace": [ { "file": "E:\\...
POST /portal/login [portal.login.request] =&gt; POST /portal/login [portal.login.request]: application returned server error HTTP 503.
Failed asserting that 503 is less than 500. | Response: { "message": "Service Unavailable", "exception": "Symfony\\Component\\HttpKernel\\Exception\\HttpException", "file": "E:\\laragon\\www\\inventory\\vendor\\laravel\\framework\\src\\Illuminate\\Foundation\\Http\\Middleware\\PreventRequestsDuringMaintenance.php", "line": 101, "trace": [ { "file": "E:\\...
GET /portal/verify [portal.verify] =&gt; GET /portal/verify [portal.verify]: application returned server error HTTP 503.
Failed asserting that 503 is less than 500. | Response: { "message": "Service Unavailable", "exception": "Symfony\\Component\\HttpKernel\\Exception\\HttpException", "file": "E:\\laragon\\www\\inventory\\vendor\\laravel\\framework\\src\\Illuminate\\Foundation\\Http\\Middleware\\PreventRequestsDuringMaintenance.php", "line": 101, "trace": [ { "file": "E:\\...
POST /portal/verify [portal.verify.submit] =&gt; POST /portal/verify [portal.verify.submit]: application returned server error HTTP 503.
Failed asserting that 503 is less than 500. | Response: { "message": "Service Unavailable", "exception": "Symfony\\Component\\HttpKernel\\Exception\\HttpException", "file": "E:\\laragon\\www\\inventory\\vendor\\laravel\\framework\\src\\Illuminate\\Foundation\\Http\\Middleware\\PreventRequestsDuringMaintenance.php", "line": 101, "trace": [ { "file": "E:\\...
POST /portal/resend [portal.resend] =&gt; POST /portal/resend [portal.resend]: application returned server error HTTP 503.
Failed asserting that 503 is less than 500. | Response: { "message": "Service Unavailable", "exception": "Symfony\\Component\\HttpKernel\\Exception\\HttpException", "file": "E:\\laragon\\www\\inventory\\vendor\\laravel\\framework\\src\\Illuminate\\Foundation\\Http\\Middleware\\PreventRequestsDuringMaintenance.php", "line": 101, "trace": [ { "file": "E:\\...
GET /portal [portal.dashboard] =&gt; GET /portal [portal.dashboard]: application returned server error HTTP 503.
Failed asserting that 503 is less than 500. | Response: { "message": "Service Unavailable", "exception": "Symfony\\Component\\HttpKernel\\Exception\\HttpException", "file": "E:\\laragon\\www\\inventory\\vendor\\laravel\\framework\\src\\Illuminate\\Foundation\\Http\\Middleware\\PreventRequestsDuringMaintenance.php", "line": 101, "trace": [ { "file": "E:\\...
POST /portal/logout [portal.logout] =&gt; POST /portal/logout [portal.logout]: application returned server error HTTP 503.
Failed asserting that 503 is less than 500. | Response: { "message": "Service Unavailable", "exception": "Symfony\\Component\\HttpKernel\\Exception\\HttpException", "file": "E:\\laragon\\www\\inventory\\vendor\\laravel\\framework\\src\\Illuminate\\Foundation\\Http\\Middleware\\PreventRequestsDuringMaintenance.php", "line": 101, "trace": [ { "file": "E:\\...
GET /access-unassigned [access.unassigned] =&gt; GET /access-unassigned [access.unassigned]: application returned server error HTTP 503.
Failed asserting that 503 is less than 500. | Response: { "message": "Service Unavailable", "exception": "Symfony\\Component\\HttpKernel\\Exception\\HttpException", "file": "E:\\laragon\\www\\inventory\\vendor\\laravel\\framework\\src\\Illuminate\\Foundation\\Http\\Middleware\\PreventRequestsDuringMaintenance.php", "line": 101, "trace": [ { "file": "E:\\...
GET /session/csrf-token [session.csrf-token] =&gt; GET /session/csrf-token [session.csrf-token]: application returned server error HTTP 503.
Failed asserting that 503 is less than 500. | Response: { "message": "Service Unavailable", "exception": "Symfony\\Component\\HttpKernel\\Exception\\HttpException", "file": "E:\\laragon\\www\\inventory\\vendor\\laravel\\framework\\src\\Illuminate\\Foundation\\Http\\Middleware\\PreventRequestsDuringMaintenance.php", "line": 101, "trace": [ { "file": "E:\\...
GET /commercial/invoice-reassignments [commercial.invoice-reassignments.index] =&gt; GET /commercial/invoice-reassignments [commercial.invoice-reassignments.index]: application returned server error HTTP 503.
Failed asserting that 503 is less than 500. | Response: { "message": "Service Unavailable", "exception": "Symfony\\Component\\HttpKernel\\Exception\\HttpException", "file": "E:\\laragon\\www\\inventory\\vendor\\laravel\\framework\\src\\Illuminate\\Foundation\\Http\\Middleware\\PreventRequestsDuringMaintenance.php", "line": 101, "trace": [ { "file": "E:\\...
GET /commercial/invoice-reassignments/search [commercial.invoice-reassignments.search] =&gt; GET /commercial/invoice-reassignments/search [commercial.invoice-reassignments.search]: application returned server error HTTP 503.
Failed asserting that 503 is less than 500. | Response: { "message": "Service Unavailable", "exception": "Symfony\\Component\\HttpKernel\\Exception\\HttpException", "file": "E:\\laragon\\www\\inventory\\vendor\\laravel\\framework\\src\\Illuminate\\Foundation\\Http\\Middleware\\PreventRequestsDuringMaintenance.php", "line": 101, "trace": [ { "file": "E:\\...
POST /commercial/invoice-reassignments/preview [commercial.invoice-reassignments.preview] =&gt; POST /commercial/invoice-reassignments/preview [commercial.invoice-reassignments.preview]: application returned server error HTTP 503.
Failed asserting that 503 is less than 500. | Response: { "message": "Service Unavailable", "exception": "Symfony\\Component\\HttpKernel\\Exception\\HttpException", "file": "E:\\laragon\\www\\inventory\\vendor\\laravel\\framework\\src\\Illuminate\\Foundation\\Http\\Middleware\\PreventRequestsDuringMaintenance.php", "line": 101, "trace": [ { "file": "E:\\...
POST /commercial/invoice-reassignments [commercial.invoice-reassignments.store] =&gt; POST /commercial/invoice-reassignments [commercial.invoice-reassignments.store]: application returned server error HTTP 503.
Failed asserting that 503 is less than 500. | Response: { "message": "Service Unavailable", "exception": "Symfony\\Component\\HttpKernel\\Exception\\HttpException", "file": "E:\\laragon\\www\\inventory\\vendor\\laravel\\framework\\src\\Illuminate\\Foundation\\Http\\Middleware\\PreventRequestsDuringMaintenance.php", "line": 101, "trace": [ { "file": "E:\\...
GET /commercial/commissions [commercial.commissions.index] =&gt; GET /commercial/commissions [commercial.commissions.index]: application returned server error HTTP 503.
Failed asserting that 503 is less than 500. | Response: { "message": "Service Unavailable", "exception": "Symfony\\Component\\HttpKernel\\Exception\\HttpException", "file": "E:\\laragon\\www\\inventory\\vendor\\laravel\\framework\\src\\Illuminate\\Foundation\\Http\\Middleware\\PreventRequestsDuringMaintenance.php", "line": 101, "trace": [ { "file": "E:\\...
GET /commercial/commissions/tree [commercial.commissions.tree] =&gt; GET /commercial/commissions/tree [commercial.commissions.tree]: application returned server error HTTP 503.
Failed asserting that 503 is less than 500. | Response: { "message": "Service Unavailable", "exception": "Symfony\\Component\\HttpKernel\\Exception\\HttpException", "file": "E:\\laragon\\www\\inventory\\vendor\\laravel\\framework\\src\\Illuminate\\Foundation\\Http\\Middleware\\PreventRequestsDuringMaintenance.php", "line": 101, "trace": [ { "file": "E:\\...
POST /commercial/commissions/rates [commercial.commissions.rates.store] =&gt; POST /commercial/commissions/rates [commercial.commissions.rates.store]: application returned server error HTTP 503.
Failed asserting that 503 is less than 500. | Response: { "message": "Service Unavailable", "exception": "Symfony\\Component\\HttpKernel\\Exception\\HttpException", "file": "E:\\laragon\\www\\inventory\\vendor\\laravel\\framework\\src\\Illuminate\\Foundation\\Http\\Middleware\\PreventRequestsDuringMaintenance.php", "line": 101, "trace": [ { "file": "E:\\...
DELETE /commercial/commissions/rates [commercial.commissions.rates.destroy] =&gt; DELETE /commercial/commissions/rates [commercial.commissions.rates.destroy]: application returned server error HTTP 503.
Failed asserting that 503 is less than 500. | Response: { "message": "Service Unavailable", "exception": "Symfony\\Component\\HttpKernel\\Exception\\HttpException", "file": "E:\\laragon\\www\\inventory\\vendor\\laravel\\framework\\src\\Illuminate\\Foundation\\Http\\Middleware\\PreventRequestsDuringMaintenance.php", "line": 101, "trace": [ { "file": "E:\\...
GET /commercial/commissions/rates/history [commercial.commissions.rates.history] =&gt; GET /commercial/commissions/rates/history [commercial.commissions.rates.history]: application returned server error HTTP 503.
Failed asserting that 503 is less than 500. | Response: { "message": "Service Unavailable", "exception": "Symfony\\Component\\HttpKernel\\Exception\\HttpException", "file": "E:\\laragon\\www\\inventory\\vendor\\laravel\\framework\\src\\Illuminate\\Foundation\\Http\\Middleware\\PreventRequestsDuringMaintenance.php", "line": 101, "trace": [ { "file": "E:\\...
POST /commercial/commissions/campaigns [commercial.commissions.campaigns.store] =&gt; POST /commercial/commissions/campaigns [commercial.commissions.campaigns.store]: application returned server error HTTP 503.
Failed asserting that 503 is less than 500. | Response: { "message": "Service Unavailable", "exception": "Symfony\\Component\\HttpKernel\\Exception\\HttpException", "file": "E:\\laragon\\www\\inventory\\vendor\\laravel\\framework\\src\\Illuminate\\Foundation\\Http\\Middleware\\PreventRequestsDuringMaintenance.php", "line": 101, "trace": [ { "file": "E:\\...
PUT /commercial/commissions/campaigns/{campaign} [commercial.commissions.campaigns.update] =&gt; PUT /commercial/commissions/campaigns/{campaign} [commercial.commissions.campaigns.update]: application returned server error HTTP 503.
Failed asserting that 503 is less than 500. | Response: { "message": "Service Unavailable", "exception": "Symfony\\Component\\HttpKernel\\Exception\\HttpException", "file": "E:\\laragon\\www\\inventory\\vendor\\laravel\\framework\\src\\Illuminate\\Foundation\\Http\\Middleware\\PreventRequestsDuringMaintenance.php", "line": 101, "trace": [ { "file": "E:\\...
DELETE /commercial/commissions/campaigns/{campaign} [commercial.commissions.campaigns.destroy] =&gt; DELETE /commercial/commissions/campaigns/{campaign} [commercial.commissions.campaigns.destroy]: application returned server error HTTP 503.
Failed asserting that 503 is less than 500. | Response: { "message": "Service Unavailable", "exception": "Symfony\\Component\\HttpKernel\\Exception\\HttpException", "file": "E:\\laragon\\www\\inventory\\vendor\\laravel\\framework\\src\\Illuminate\\Foundation\\Http\\Middleware\\PreventRequestsDuringMaintenance.php", "line": 101, "trace": [ { "file": "E:\\...
PUT /commercial/commissions/settings [commercial.commissions.settings.update] =&gt; PUT /commercial/commissions/settings [commercial.commissions.settings.update]: application returned server error HTTP 503.
Failed asserting that 503 is less than 500. | Response: { "message": "Service Unavailable", "exception": "Symfony\\Component\\HttpKernel\\Exception\\HttpException", "file": "E:\\laragon\\www\\inventory\\vendor\\laravel\\framework\\src\\Illuminate\\Foundation\\Http\\Middleware\\PreventRequestsDuringMaintenance.php", "line": 101, "trace": [ { "file": "E:\\...
PUT /commercial/commissions/settings/features [commercial.commissions.settings.features.update] =&gt; PUT /commercial/commissions/settings/features [commercial.commissions.settings.features.update]: application returned server error HTTP 503.
Failed asserting that 503 is less than 500. | Response: { "message": "Service Unavailable", "exception": "Symfony\\Component\\HttpKernel\\Exception\\HttpException", "file": "E:\\laragon\\www\\inventory\\vendor\\laravel\\framework\\src\\Illuminate\\Foundation\\Http\\Middleware\\PreventRequestsDuringMaintenance.php", "line": 101, "trace": [ { "file": "E:\\...
POST /commercial/commissions/periods [commercial.commissions.periods.store] =&gt; POST /commercial/commissions/periods [commercial.commissions.periods.store]: application returned server error HTTP 503.
Failed asserting that 503 is less than 500. | Response: { "message": "Service Unavailable", "exception": "Symfony\\Component\\HttpKernel\\Exception\\HttpException", "file": "E:\\laragon\\www\\inventory\\vendor\\laravel\\framework\\src\\Illuminate\\Foundation\\Http\\Middleware\\PreventRequestsDuringMaintenance.php", "line": 101, "trace": [ { "file": "E:\\...
POST /commercial/commissions/periods/{period}/recalculate [commercial.commissions.periods.recalculate] =&gt; POST /commercial/commissions/periods/{period}/recalculate [commercial.commissions.periods.recalculate]: application returned server error HTTP 503.
Failed asserting that 503 is less than 500. | Response: { "message": "Service Unavailable", "exception": "Symfony\\Component\\HttpKernel\\Exception\\HttpException", "file": "E:\\laragon\\www\\inventory\\vendor\\laravel\\framework\\src\\Illuminate\\Foundation\\Http\\Middleware\\PreventRequestsDuringMaintenance.php", "line": 101, "trace": [ { "file": "E:\\...
PUT /commercial/commissions/periods/{period}/targets/{seller} [commercial.commissions.targets.update] =&gt; PUT /commercial/commissions/periods/{period}/targets/{seller} [commercial.commissions.targets.update]: application returned server error HTTP 503.
Failed asserting that 503 is less than 500. | Response: { "message": "Service Unavailable", "exception": "Symfony\\Component\\HttpKernel\\Exception\\HttpException", "file": "E:\\laragon\\www\\inventory\\vendor\\laravel\\framework\\src\\Illuminate\\Foundation\\Http\\Middleware\\PreventRequestsDuringMaintenance.php", "line": 101, "trace": [ { "file": "E:\\...
POST /commercial/commissions/periods/{period}/targets/copy-previous [commercial.commissions.targets.copy-previous] =&gt; POST /commercial/commissions/periods/{period}/targets/copy-previous [commercial.commissions.targets.copy-previous]: application returned server error HTTP 503.
Failed asserting that 503 is less than 500. | Response: { "message": "Service Unavailable", "exception": "Symfony\\Component\\HttpKernel\\Exception\\HttpException", "file": "E:\\laragon\\www\\inventory\\vendor\\laravel\\framework\\src\\Illuminate\\Foundation\\Http\\Middleware\\PreventRequestsDuringMaintenance.php", "line": 101, "trace": [ { "file": "E:\\...
POST /commercial/commissions/periods/{period}/review [commercial.commissions.periods.review] =&gt; POST /commercial/commissions/periods/{period}/review [commercial.commissions.periods.review]: application returned server error HTTP 503.
Failed asserting that 503 is less than 500. | Response: { "message": "Service Unavailable", "exception": "Symfony\\Component\\HttpKernel\\Exception\\HttpException", "file": "E:\\laragon\\www\\inventory\\vendor\\laravel\\framework\\src\\Illuminate\\Foundation\\Http\\Middleware\\PreventRequestsDuringMaintenance.php", "line": 101, "trace": [ { "file": "E:\\...
POST /commercial/commissions/periods/{period}/close [commercial.commissions.periods.close] =&gt; POST /commercial/commissions/periods/{period}/close [commercial.commissions.periods.close]: application returned server error HTTP 503.
Failed asserting that 503 is less than 500. | Response: { "message": "Service Unavailable", "exception": "Symfony\\Component\\HttpKernel\\Exception\\HttpException", "file": "E:\\laragon\\www\\inventory\\vendor\\laravel\\framework\\src\\Illuminate\\Foundation\\Http\\Middleware\\PreventRequestsDuringMaintenance.php", "line": 101, "trace": [ { "file": "E:\\...
POST /commercial/commissions/periods/{period}/paid [commercial.commissions.periods.paid] =&gt; POST /commercial/commissions/periods/{period}/paid [commercial.commissions.periods.paid]: application returned server error HTTP 503.
Failed asserting that 503 is less than 500. | Response: { "message": "Service Unavailable", "exception": "Symfony\\Component\\HttpKernel\\Exception\\HttpException", "file": "E:\\laragon\\www\\inventory\\vendor\\laravel\\framework\\src\\Illuminate\\Foundation\\Http\\Middleware\\PreventRequestsDuringMaintenance.php", "line": 101, "trace": [ { "file": "E:\\...
GET /commercial/commissions/periods/{period}/sellers/{seller} [commercial.commissions.sellers.show] =&gt; GET /commercial/commissions/periods/{period}/sellers/{seller} [commercial.commissions.sellers.show]: application returned server error HTTP 503.
Failed asserting that 503 is less than 500. | Response: { "message": "Service Unavailable", "exception": "Symfony\\Component\\HttpKernel\\Exception\\HttpException", "file": "E:\\laragon\\www\\inventory\\vendor\\laravel\\framework\\src\\Illuminate\\Foundation\\Http\\Middleware\\PreventRequestsDuringMaintenance.php", "line": 101, "trace": [ { "file": "E:\\...
GET /commercial/commissions/periods/{period}/sellers/{seller}/invoices/{invoice} [commercial.commissions.sellers.invoices.show] =&gt; GET /commercial/commissions/periods/{period}/sellers/{seller}/invoices/{invoice} [commercial.commissions.sellers.invoices.show]: application returned server error HTTP 503.
Failed asserting that 503 is less than 500. | Response: { "message": "Service Unavailable", "exception": "Symfony\\Component\\HttpKernel\\Exception\\HttpException", "file": "E:\\laragon\\www\\inventory\\vendor\\laravel\\framework\\src\\Illuminate\\Foundation\\Http\\Middleware\\PreventRequestsDuringMaintenance.php", "line": 101, "trace": [ { "file": "E:\\...
POST /commercial/commissions/documents [commercial.commissions.documents.store] =&gt; POST /commercial/commissions/documents [commercial.commissions.documents.store]: application returned server error HTTP 503.
Failed asserting that 503 is less than 500. | Response: { "message": "Service Unavailable", "exception": "Symfony\\Component\\HttpKernel\\Exception\\HttpException", "file": "E:\\laragon\\www\\inventory\\vendor\\laravel\\framework\\src\\Illuminate\\Foundation\\Http\\Middleware\\PreventRequestsDuringMaintenance.php", "line": 101, "trace": [ { "file": "E:\\...
GET /commercial/commissions/documents/{document} [commercial.commissions.documents.show] =&gt; GET /commercial/commissions/documents/{document} [commercial.commissions.documents.show]: application returned server error HTTP 503.
Failed asserting that 503 is less than 500. | Response: { "message": "Service Unavailable", "exception": "Symfony\\Component\\HttpKernel\\Exception\\HttpException", "file": "E:\\laragon\\www\\inventory\\vendor\\laravel\\framework\\src\\Illuminate\\Foundation\\Http\\Middleware\\PreventRequestsDuringMaintenance.php", "line": 101, "trace": [ { "file": "E:\\...
PUT /commercial/commissions/documents/{document} [commercial.commissions.documents.update] =&gt; PUT /commercial/commissions/documents/{document} [commercial.commissions.documents.update]: application returned server error HTTP 503.
Failed asserting that 503 is less than 500. | Response: { "message": "Service Unavailable", "exception": "Symfony\\Component\\HttpKernel\\Exception\\HttpException", "file": "E:\\laragon\\www\\inventory\\vendor\\laravel\\framework\\src\\Illuminate\\Foundation\\Http\\Middleware\\PreventRequestsDuringMaintenance.php", "line": 101, "trace": [ { "file": "E:\\...
GET /commercial/commissions/documents/{document}/invoice-search [commercial.commissions.documents.invoice-search] =&gt; GET /commercial/commissions/documents/{document}/invoice-search [commercial.commissions.documents.invoice-search]: application returned server error HTTP 503.
Failed asserting that 503 is less than 500. | Response: { "message": "Service Unavailable", "exception": "Symfony\\Component\\HttpKernel\\Exception\\HttpException", "file": "E:\\laragon\\www\\inventory\\vendor\\laravel\\framework\\src\\Illuminate\\Foundation\\Http\\Middleware\\PreventRequestsDuringMaintenance.php", "line": 101, "trace": [ { "file": "E:\\...
POST /commercial/commissions/documents/{document}/invoices [commercial.commissions.documents.invoices.store] =&gt; POST /commercial/commissions/documents/{document}/invoices [commercial.commissions.documents.invoices.store]: application returned server error HTTP 503.
Failed asserting that 503 is less than 500. | Response: { "message": "Service Unavailable", "exception": "Symfony\\Component\\HttpKernel\\Exception\\HttpException", "file": "E:\\laragon\\www\\inventory\\vendor\\laravel\\framework\\src\\Illuminate\\Foundation\\Http\\Middleware\\PreventRequestsDuringMaintenance.php", "line": 101, "trace": [ { "file": "E:\\...
POST /commercial/commissions/documents/{document}/refresh-candidates [commercial.commissions.documents.refresh-candidates] =&gt; POST /commercial/commissions/documents/{document}/refresh-candidates [commercial.commissions.documents.refresh-candidates]: application returned server error HTTP 503.
Failed asserting that 503 is less than 500. | Response: { "message": "Service Unavailable", "exception": "Symfony\\Component\\HttpKernel\\Exception\\HttpException", "file": "E:\\laragon\\www\\inventory\\vendor\\laravel\\framework\\src\\Illuminate\\Foundation\\Http\\Middleware\\PreventRequestsDuringMaintenance.php", "line": 101, "trace": [ { "file": "E:\\...
POST /commercial/commissions/documents/{document}/refresh-calculations [commercial.commissions.documents.refresh-calculations] =&gt; POST /commercial/commissions/documents/{document}/refresh-calculations [commercial.commissions.documents.refresh-calculations]: application returned server error HTTP 503.
Failed asserting that 503 is less than 500. | Response: { "message": "Service Unavailable", "exception": "Symfony\\Component\\HttpKernel\\Exception\\HttpException", "file": "E:\\laragon\\www\\inventory\\vendor\\laravel\\framework\\src\\Illuminate\\Foundation\\Http\\Middleware\\PreventRequestsDuringMaintenance.php", "line": 101, "trace": [ { "file": "E:\\...
POST /commercial/commissions/documents/{document}/items/{item}/approve [commercial.commissions.documents.items.approve] =&gt; POST /commercial/commissions/documents/{document}/items/{item}/approve [commercial.commissions.documents.items.approve]: application returned server error HTTP 503.
Failed asserting that 503 is less than 500. | Response: { "message": "Service Unavailable", "exception": "Symfony\\Component\\HttpKernel\\Exception\\HttpException", "file": "E:\\laragon\\www\\inventory\\vendor\\laravel\\framework\\src\\Illuminate\\Foundation\\Http\\Middleware\\PreventRequestsDuringMaintenance.php", "line": 101, "trace": [ { "file": "E:\\...
POST /commercial/commissions/documents/{document}/items/{item}/reject [commercial.commissions.documents.items.reject] =&gt; POST /commercial/commissions/documents/{document}/items/{item}/reject [commercial.commissions.documents.items.reject]: application returned server error HTTP 503.
Failed asserting that 503 is less than 500. | Response: { "message": "Service Unavailable", "exception": "Symfony\\Component\\HttpKernel\\Exception\\HttpException", "file": "E:\\laragon\\www\\inventory\\vendor\\laravel\\framework\\src\\Illuminate\\Foundation\\Http\\Middleware\\PreventRequestsDuringMaintenance.php", "line": 101, "trace": [ { "file": "E:\\...
POST /commercial/commissions/documents/{document}/items/{item}/remove [commercial.commissions.documents.items.remove] =&gt; POST /commercial/commissions/documents/{document}/items/{item}/remove [commercial.commissions.documents.items.remove]: application returned server error HTTP 503.
Failed asserting that 503 is less than 500. | Response: { "message": "Service Unavailable", "exception": "Symfony\\Component\\HttpKernel\\Exception\\HttpException", "file": "E:\\laragon\\www\\inventory\\vendor\\laravel\\framework\\src\\Illuminate\\Foundation\\Http\\Middleware\\PreventRequestsDuringMaintenance.php", "line": 101, "trace": [ { "file": "E:\\...
POST /commercial/commissions/documents/{document}/corrections/{correction}/approve [commercial.commissions.documents.corrections.approve] =&gt; POST /commercial/commissions/documents/{document}/corrections/{correction}/approve [commercial.commissions.documents.corrections.approve]: application returned server error HTTP 503.
Failed asserting that 503 is less than 500. | Response: { "message": "Service Unavailable", "exception": "Symfony\\Component\\HttpKernel\\Exception\\HttpException", "file": "E:\\laragon\\www\\inventory\\vendor\\laravel\\framework\\src\\Illuminate\\Foundation\\Http\\Middleware\\PreventRequestsDuringMaintenance.php", "line": 101, "trace": [ { "file": "E:\\...
POST /commercial/commissions/documents/{document}/corrections/{correction}/reject [commercial.commissions.documents.corrections.reject] =&gt; POST /commercial/commissions/documents/{document}/corrections/{correction}/reject [commercial.commissions.documents.corrections.reject]: application returned server error HTTP 503.
Failed asserting that 503 is less than 500. | Response: { "message": "Service Unavailable", "exception": "Symfony\\Component\\HttpKernel\\Exception\\HttpException", "file": "E:\\laragon\\www\\inventory\\vendor\\laravel\\framework\\src\\Illuminate\\Foundation\\Http\\Middleware\\PreventRequestsDuringMaintenance.php", "line": 101, "trace": [ { "file": "E:\\...
GET /commercial/commissions/documents/{document}/items/{item}/breakdown [commercial.commissions.documents.items.breakdown] =&gt; GET /commercial/commissions/documents/{document}/items/{item}/breakdown [commercial.commissions.documents.items.breakdown]: application returned server error HTTP 503.
Failed asserting that 503 is less than 500. | Response: { "message": "Service Unavailable", "exception": "Symfony\\Component\\HttpKernel\\Exception\\HttpException", "file": "E:\\laragon\\www\\inventory\\vendor\\laravel\\framework\\src\\Illuminate\\Foundation\\Http\\Middleware\\PreventRequestsDuringMaintenance.php", "line": 101, "trace": [ { "file": "E:\\...
GET /commercial/commissions/documents/{document}/print [commercial.commissions.documents.print] =&gt; GET /commercial/commissions/documents/{document}/print [commercial.commissions.documents.print]: application returned server error HTTP 503.
Failed asserting that 503 is less than 500. | Response: { "message": "Service Unavailable", "exception": "Symfony\\Component\\HttpKernel\\Exception\\HttpException", "file": "E:\\laragon\\www\\inventory\\vendor\\laravel\\framework\\src\\Illuminate\\Foundation\\Http\\Middleware\\PreventRequestsDuringMaintenance.php", "line": 101, "trace": [ { "file": "E:\\...
POST /commercial/commissions/documents/{document}/finalize [commercial.commissions.documents.finalize] =&gt; POST /commercial/commissions/documents/{document}/finalize [commercial.commissions.documents.finalize]: application returned server error HTTP 503.
Failed asserting that 503 is less than 500. | Response: { "message": "Service Unavailable", "exception": "Symfony\\Component\\HttpKernel\\Exception\\HttpException", "file": "E:\\laragon\\www\\inventory\\vendor\\laravel\\framework\\src\\Illuminate\\Foundation\\Http\\Middleware\\PreventRequestsDuringMaintenance.php", "line": 101, "trace": [ { "file": "E:\\...
POST /commercial/commissions/adjustments [commercial.commissions.adjustments.store] =&gt; POST /commercial/commissions/adjustments [commercial.commissions.adjustments.store]: application returned server error HTTP 503.
Failed asserting that 503 is less than 500. | Response: { "message": "Service Unavailable", "exception": "Symfony\\Component\\HttpKernel\\Exception\\HttpException", "file": "E:\\laragon\\www\\inventory\\vendor\\laravel\\framework\\src\\Illuminate\\Foundation\\Http\\Middleware\\PreventRequestsDuringMaintenance.php", "line": 101, "trace": [ { "file": "E:\\...
POST /commercial/commissions/documents/{document}/adjustments/{adjustment}/approve [commercial.commissions.documents.adjustments.approve] =&gt; POST /commercial/commissions/documents/{document}/adjustments/{adjustment}/approve [commercial.commissions.documents.adjustments.approve]: application returned server error HTTP 503.
Failed asserting that 503 is less than 500. | Response: { "message": "Service Unavailable", "exception": "Symfony\\Component\\HttpKernel\\Exception\\HttpException", "file": "E:\\laragon\\www\\inventory\\vendor\\laravel\\framework\\src\\Illuminate\\Foundation\\Http\\Middleware\\PreventRequestsDuringMaintenance.php", "line": 101, "trace": [ { "file": "E:\\...
POST /commercial/commissions/documents/{document}/adjustments/{adjustment}/reject [commercial.commissions.documents.adjustments.reject] =&gt; POST /commercial/commissions/documents/{document}/adjustments/{adjustment}/reject [commercial.commissions.documents.adjustments.reject]: application returned server error HTTP 503.
Failed asserting that 503 is less than 500. | Response: { "message": "Service Unavailable", "exception": "Symfony\\Component\\HttpKernel\\Exception\\HttpException", "file": "E:\\laragon\\www\\inventory\\vendor\\laravel\\framework\\src\\Illuminate\\Foundation\\Http\\Middleware\\PreventRequestsDuringMaintenance.php", "line": 101, "trace": [ { "file": "E:\\...
GET /commercial/commissions/settlements/{settlement} [commercial.commissions.settlements.show] =&gt; GET /commercial/commissions/settlements/{settlement} [commercial.commissions.settlements.show]: application returned server error HTTP 503.
Failed asserting that 503 is less than 500. | Response: { "message": "Service Unavailable", "exception": "Symfony\\Component\\HttpKernel\\Exception\\HttpException", "file": "E:\\laragon\\www\\inventory\\vendor\\laravel\\framework\\src\\Illuminate\\Foundation\\Http\\Middleware\\PreventRequestsDuringMaintenance.php", "line": 101, "trace": [ { "file": "E:\\...
GET /commercial/commissions/settlements/{settlement}/print [commercial.commissions.settlements.print] =&gt; GET /commercial/commissions/settlements/{settlement}/print [commercial.commissions.settlements.print]: application returned server error HTTP 503.
Failed asserting that 503 is less than 500. | Response: { "message": "Service Unavailable", "exception": "Symfony\\Component\\HttpKernel\\Exception\\HttpException", "file": "E:\\laragon\\www\\inventory\\vendor\\laravel\\framework\\src\\Illuminate\\Foundation\\Http\\Middleware\\PreventRequestsDuringMaintenance.php", "line": 101, "trace": [ { "file": "E:\\...
POST /commercial/commissions/settlements/{settlement}/payments [commercial.commissions.settlements.payments.store] =&gt; POST /commercial/commissions/settlements/{settlement}/payments [commercial.commissions.settlements.payments.store]: application returned server error HTTP 503.
Failed asserting that 503 is less than 500. | Response: { "message": "Service Unavailable", "exception": "Symfony\\Component\\HttpKernel\\Exception\\HttpException", "file": "E:\\laragon\\www\\inventory\\vendor\\laravel\\framework\\src\\Illuminate\\Foundation\\Http\\Middleware\\PreventRequestsDuringMaintenance.php", "line": 101, "trace": [ { "file": "E:\\...
POST /commercial/commissions/settlements/{settlement}/payments/{payment}/void [commercial.commissions.settlements.payments.void] =&gt; POST /commercial/commissions/settlements/{settlement}/payments/{payment}/void [commercial.commissions.settlements.payments.void]: application returned server error HTTP 503.
Failed asserting that 503 is less than 500. | Response: { "message": "Service Unavailable", "exception": "Symfony\\Component\\HttpKernel\\Exception\\HttpException", "file": "E:\\laragon\\www\\inventory\\vendor\\laravel\\framework\\src\\Illuminate\\Foundation\\Http\\Middleware\\PreventRequestsDuringMaintenance.php", "line": 101, "trace": [ { "file": "E:\\...
GET /locations/provinces [locations.provinces.index] =&gt; GET /locations/provinces [locations.provinces.index]: application returned server error HTTP 503.
Failed asserting that 503 is less than 500. | Response: { "message": "Service Unavailable", "exception": "Symfony\\Component\\HttpKernel\\Exception\\HttpException", "file": "E:\\laragon\\www\\inventory\\vendor\\laravel\\framework\\src\\Illuminate\\Foundation\\Http\\Middleware\\PreventRequestsDuringMaintenance.php", "line": 101, "trace": [ { "file": "E:\\...
GET /locations/provinces/{province}/cities [locations.provinces.cities] =&gt; GET /locations/provinces/{province}/cities [locations.provinces.cities]: application returned server error HTTP 503.
Failed asserting that 503 is less than 500. | Response: { "message": "Service Unavailable", "exception": "Symfony\\Component\\HttpKernel\\Exception\\HttpException", "file": "E:\\laragon\\www\\inventory\\vendor\\laravel\\framework\\src\\Illuminate\\Foundation\\Http\\Middleware\\PreventRequestsDuringMaintenance.php", "line": 101, "trace": [ { "file": "E:\\...
GET /dashboard [dashboard] =&gt; GET /dashboard [dashboard]: application returned server error HTTP 503.
Failed asserting that 503 is less than 500. | Response: { "message": "Service Unavailable", "exception": "Symfony\\Component\\HttpKernel\\Exception\\HttpException", "file": "E:\\laragon\\www\\inventory\\vendor\\laravel\\framework\\src\\Illuminate\\Foundation\\Http\\Middleware\\PreventRequestsDuringMaintenance.php", "line": 101, "trace": [ { "file": "E:\\...
GET /dashboard/monthly-report [dashboard.monthly-report] =&gt; GET /dashboard/monthly-report [dashboard.monthly-report]: application returned server error HTTP 503.
Failed asserting that 503 is less than 500. | Response: { "message": "Service Unavailable", "exception": "Symfony\\Component\\HttpKernel\\Exception\\HttpException", "file": "E:\\laragon\\www\\inventory\\vendor\\laravel\\framework\\src\\Illuminate\\Foundation\\Http\\Middleware\\PreventRequestsDuringMaintenance.php", "line": 101, "trace": [ { "file": "E:\\...
GET /global-search [global-search] =&gt; GET /global-search [global-search]: application returned server error HTTP 503.
Failed asserting that 503 is less than 500. | Response: { "message": "Service Unavailable", "exception": "Symfony\\Component\\HttpKernel\\Exception\\HttpException", "file": "E:\\laragon\\www\\inventory\\vendor\\laravel\\framework\\src\\Illuminate\\Foundation\\Http\\Middleware\\PreventRequestsDuringMaintenance.php", "line": 101, "trace": [ { "file": "E:\\...
GET /profile [profile.edit] =&gt; GET /profile [profile.edit]: application returned server error HTTP 503.
Failed asserting that 503 is less than 500. | Response: { "message": "Service Unavailable", "exception": "Symfony\\Component\\HttpKernel\\Exception\\HttpException", "file": "E:\\laragon\\www\\inventory\\vendor\\laravel\\framework\\src\\Illuminate\\Foundation\\Http\\Middleware\\PreventRequestsDuringMaintenance.php", "line": 101, "trace": [ { "file": "E:\\...
PATCH /profile [profile.update] =&gt; PATCH /profile [profile.update]: application returned server error HTTP 503.
Failed asserting that 503 is less than 500. | Response: { "message": "Service Unavailable", "exception": "Symfony\\Component\\HttpKernel\\Exception\\HttpException", "file": "E:\\laragon\\www\\inventory\\vendor\\laravel\\framework\\src\\Illuminate\\Foundation\\Http\\Middleware\\PreventRequestsDuringMaintenance.php", "line": 101, "trace": [ { "file": "E:\\...
DELETE /profile [profile.destroy] =&gt; DELETE /profile [profile.destroy]: application returned server error HTTP 503.
Failed asserting that 503 is less than 500. | Response: { "message": "Service Unavailable", "exception": "Symfony\\Component\\HttpKernel\\Exception\\HttpException", "file": "E:\\laragon\\www\\inventory\\vendor\\laravel\\framework\\src\\Illuminate\\Foundation\\Http\\Middleware\\PreventRequestsDuringMaintenance.php", "line": 101, "trace": [ { "file": "E:\\...
GET /products [products.index] =&gt; GET /products [products.index]: application returned server error HTTP 503.
Failed asserting that 503 is less than 500. | Response: { "message": "Service Unavailable", "exception": "Symfony\\Component\\HttpKernel\\Exception\\HttpException", "file": "E:\\laragon\\www\\inventory\\vendor\\laravel\\framework\\src\\Illuminate\\Foundation\\Http\\Middleware\\PreventRequestsDuringMaintenance.php", "line": 101, "trace": [ { "file": "E:\\...
GET /products/data [products.data] =&gt; GET /products/data [products.data]: application returned server error HTTP 503.
Failed asserting that 503 is less than 500. | Response: { "message": "Service Unavailable", "exception": "Symfony\\Component\\HttpKernel\\Exception\\HttpException", "file": "E:\\laragon\\www\\inventory\\vendor\\laravel\\framework\\src\\Illuminate\\Foundation\\Http\\Middleware\\PreventRequestsDuringMaintenance.php", "line": 101, "trace": [ { "file": "E:\\...
GET /products/create [products.create] =&gt; GET /products/create [products.create]: application returned server error HTTP 503.
Failed asserting that 503 is less than 500. | Response: { "message": "Service Unavailable", "exception": "Symfony\\Component\\HttpKernel\\Exception\\HttpException", "file": "E:\\laragon\\www\\inventory\\vendor\\laravel\\framework\\src\\Illuminate\\Foundation\\Http\\Middleware\\PreventRequestsDuringMaintenance.php", "line": 101, "trace": [ { "file": "E:\\...
POST /products [products.store] =&gt; POST /products [products.store]: application returned server error HTTP 503.
Failed asserting that 503 is less than 500. | Response: { "message": "Service Unavailable", "exception": "Symfony\\Component\\HttpKernel\\Exception\\HttpException", "file": "E:\\laragon\\www\\inventory\\vendor\\laravel\\framework\\src\\Illuminate\\Foundation\\Http\\Middleware\\PreventRequestsDuringMaintenance.php", "line": 101, "trace": [ { "file": "E:\\...
GET /products/price-changes [products.price-changes.index] =&gt; GET /products/price-changes [products.price-changes.index]: application returned server error HTTP 503.
Failed asserting that 503 is less than 500. | Response: { "message": "Service Unavailable", "exception": "Symfony\\Component\\HttpKernel\\Exception\\HttpException", "file": "E:\\laragon\\www\\inventory\\vendor\\laravel\\framework\\src\\Illuminate\\Foundation\\Http\\Middleware\\PreventRequestsDuringMaintenance.php", "line": 101, "trace": [ { "file": "E:\\...
GET /products/price-changes/create [products.price-changes.create] =&gt; GET /products/price-changes/create [products.price-changes.create]: application returned server error HTTP 503.
Failed asserting that 503 is less than 500. | Response: { "message": "Service Unavailable", "exception": "Symfony\\Component\\HttpKernel\\Exception\\HttpException", "file": "E:\\laragon\\www\\inventory\\vendor\\laravel\\framework\\src\\Illuminate\\Foundation\\Http\\Middleware\\PreventRequestsDuringMaintenance.php", "line": 101, "trace": [ { "file": "E:\\...
GET /products/price-changes/categories/root [products.price-changes.categories.root] =&gt; GET /products/price-changes/categories/root [products.price-changes.categories.root]: application returned server error HTTP 503.
Failed asserting that 503 is less than 500. | Response: { "message": "Service Unavailable", "exception": "Symfony\\Component\\HttpKernel\\Exception\\HttpException", "file": "E:\\laragon\\www\\inventory\\vendor\\laravel\\framework\\src\\Illuminate\\Foundation\\Http\\Middleware\\PreventRequestsDuringMaintenance.php", "line": 101, "trace": [ { "file": "E:\\...
GET /products/price-changes/categories/{category}/children [products.price-changes.categories.children] =&gt; GET /products/price-changes/categories/{category}/children [products.price-changes.categories.children]: application returned server error HTTP 503.
Failed asserting that 503 is less than 500. | Response: { "message": "Service Unavailable", "exception": "Symfony\\Component\\HttpKernel\\Exception\\HttpException", "file": "E:\\laragon\\www\\inventory\\vendor\\laravel\\framework\\src\\Illuminate\\Foundation\\Http\\Middleware\\PreventRequestsDuringMaintenance.php", "line": 101, "trace": [ { "file": "E:\\...
GET /products/price-changes/products/search [products.price-changes.products.search] =&gt; GET /products/price-changes/products/search [products.price-changes.products.search]: application returned server error HTTP 503.
Failed asserting that 503 is less than 500. | Response: { "message": "Service Unavailable", "exception": "Symfony\\Component\\HttpKernel\\Exception\\HttpException", "file": "E:\\laragon\\www\\inventory\\vendor\\laravel\\framework\\src\\Illuminate\\Foundation\\Http\\Middleware\\PreventRequestsDuringMaintenance.php", "line": 101, "trace": [ { "file": "E:\\...
GET /products/price-changes/products/{product}/variants [products.price-changes.products.variants] =&gt; GET /products/price-changes/products/{product}/variants [products.price-changes.products.variants]: application returned server error HTTP 503.
Failed asserting that 503 is less than 500. | Response: { "message": "Service Unavailable", "exception": "Symfony\\Component\\HttpKernel\\Exception\\HttpException", "file": "E:\\laragon\\www\\inventory\\vendor\\laravel\\framework\\src\\Illuminate\\Foundation\\Http\\Middleware\\PreventRequestsDuringMaintenance.php", "line": 101, "trace": [ { "file": "E:\\...
POST /products/price-changes/scope-summary [products.price-changes.scope-summary] =&gt; POST /products/price-changes/scope-summary [products.price-changes.scope-summary]: application returned server error HTTP 503.
Failed asserting that 503 is less than 500. | Response: { "message": "Service Unavailable", "exception": "Symfony\\Component\\HttpKernel\\Exception\\HttpException", "file": "E:\\laragon\\www\\inventory\\vendor\\laravel\\framework\\src\\Illuminate\\Foundation\\Http\\Middleware\\PreventRequestsDuringMaintenance.php", "line": 101, "trace": [ { "file": "E:\\...
POST /products/price-changes/preview [products.price-changes.preview] =&gt; POST /products/price-changes/preview [products.price-changes.preview]: application returned server error HTTP 503.
Failed asserting that 503 is less than 500. | Response: { "message": "Service Unavailable", "exception": "Symfony\\Component\\HttpKernel\\Exception\\HttpException", "file": "E:\\laragon\\www\\inventory\\vendor\\laravel\\framework\\src\\Illuminate\\Foundation\\Http\\Middleware\\PreventRequestsDuringMaintenance.php", "line": 101, "trace": [ { "file": "E:\\...
POST /products/price-changes [products.price-changes.store] =&gt; POST /products/price-changes [products.price-changes.store]: application returned server error HTTP 503.
Failed asserting that 503 is less than 500. | Response: { "message": "Service Unavailable", "exception": "Symfony\\Component\\HttpKernel\\Exception\\HttpException", "file": "E:\\laragon\\www\\inventory\\vendor\\laravel\\framework\\src\\Illuminate\\Foundation\\Http\\Middleware\\PreventRequestsDuringMaintenance.php", "line": 101, "trace": [ { "file": "E:\\...
GET /products/price-changes/{document} [products.price-changes.show] =&gt; GET /products/price-changes/{document} [products.price-changes.show]: application returned server error HTTP 503.
Failed asserting that 503 is less than 500. | Response: { "message": "Service Unavailable", "exception": "Symfony\\Component\\HttpKernel\\Exception\\HttpException", "file": "E:\\laragon\\www\\inventory\\vendor\\laravel\\framework\\src\\Illuminate\\Foundation\\Http\\Middleware\\PreventRequestsDuringMaintenance.php", "line": 101, "trace": [ { "file": "E:\\...
POST /products/price-changes/{document}/apply [products.price-changes.apply] =&gt; POST /products/price-changes/{document}/apply [products.price-changes.apply]: application returned server error HTTP 503.
Failed asserting that 503 is less than 500. | Response: { "message": "Service Unavailable", "exception": "Symfony\\Component\\HttpKernel\\Exception\\HttpException", "file": "E:\\laragon\\www\\inventory\\vendor\\laravel\\framework\\src\\Illuminate\\Foundation\\Http\\Middleware\\PreventRequestsDuringMaintenance.php", "line": 101, "trace": [ { "file": "E:\\...
POST /products/price-changes/{document}/cancel [products.price-changes.cancel] =&gt; POST /products/price-changes/{document}/cancel [products.price-changes.cancel]: application returned server error HTTP 503.
Failed asserting that 503 is less than 500. | Response: { "message": "Service Unavailable", "exception": "Symfony\\Component\\HttpKernel\\Exception\\HttpException", "file": "E:\\laragon\\www\\inventory\\vendor\\laravel\\framework\\src\\Illuminate\\Foundation\\Http\\Middleware\\PreventRequestsDuringMaintenance.php", "line": 101, "trace": [ { "file": "E:\\...
GET /products/{product}/variants [products.variants] =&gt; GET /products/{product}/variants [products.variants]: application returned server error HTTP 503.
Failed asserting that 503 is less than 500. | Response: { "message": "Service Unavailable", "exception": "Symfony\\Component\\HttpKernel\\Exception\\HttpException", "file": "E:\\laragon\\www\\inventory\\vendor\\laravel\\framework\\src\\Illuminate\\Foundation\\Http\\Middleware\\PreventRequestsDuringMaintenance.php", "line": 101, "trace": [ { "file": "E:\\...
GET /products/{product}/edit [products.edit] =&gt; GET /products/{product}/edit [products.edit]: application returned server error HTTP 503.
Failed asserting that 503 is less than 500. | Response: { "message": "Service Unavailable", "exception": "Symfony\\Component\\HttpKernel\\Exception\\HttpException", "file": "E:\\laragon\\www\\inventory\\vendor\\laravel\\framework\\src\\Illuminate\\Foundation\\Http\\Middleware\\PreventRequestsDuringMaintenance.php", "line": 101, "trace": [ { "file": "E:\\...
PUT /products/{product} [products.update] =&gt; PUT /products/{product} [products.update]: application returned server error HTTP 503.
Failed asserting that 503 is less than 500. | Response: { "message": "Service Unavailable", "exception": "Symfony\\Component\\HttpKernel\\Exception\\HttpException", "file": "E:\\laragon\\www\\inventory\\vendor\\laravel\\framework\\src\\Illuminate\\Foundation\\Http\\Middleware\\PreventRequestsDuringMaintenance.php", "line": 101, "trace": [ { "file": "E:\\...
PATCH /products/{product} [products.update] =&gt; PATCH /products/{product} [products.update]: application returned server error HTTP 503.
Failed asserting that 503 is less than 500. | Response: { "message": "Service Unavailable", "exception": "Symfony\\Component\\HttpKernel\\Exception\\HttpException", "file": "E:\\laragon\\www\\inventory\\vendor\\laravel\\framework\\src\\Illuminate\\Foundation\\Http\\Middleware\\PreventRequestsDuringMaintenance.php", "line": 101, "trace": [ { "file": "E:\\...
GET /products/{product}/warehouse-stock [products.warehouse-stock] =&gt; GET /products/{product}/warehouse-stock [products.warehouse-stock]: application returned server error HTTP 503.
Failed asserting that 503 is less than 500. | Response: { "message": "Service Unavailable", "exception": "Symfony\\Component\\HttpKernel\\Exception\\HttpException", "file": "E:\\laragon\\www\\inventory\\vendor\\laravel\\framework\\src\\Illuminate\\Foundation\\Http\\Middleware\\PreventRequestsDuringMaintenance.php", "line": 101, "trace": [ { "file": "E:\\...
GET /products/{product}/image [products.image] =&gt; GET /products/{product}/image [products.image]: application returned server error HTTP 503.
Failed asserting that 503 is less than 500. | Response: { "message": "Service Unavailable", "exception": "Symfony\\Component\\HttpKernel\\Exception\\HttpException", "file": "E:\\laragon\\www\\inventory\\vendor\\laravel\\framework\\src\\Illuminate\\Foundation\\Http\\Middleware\\PreventRequestsDuringMaintenance.php", "line": 101, "trace": [ { "file": "E:\\...
DELETE /products/{product} [products.destroy] =&gt; DELETE /products/{product} [products.destroy]: application returned server error HTTP 503.
Failed asserting that 503 is less than 500. | Response: { "message": "Service Unavailable", "exception": "Symfony\\Component\\HttpKernel\\Exception\\HttpException", "file": "E:\\laragon\\www\\inventory\\vendor\\laravel\\framework\\src\\Illuminate\\Foundation\\Http\\Middleware\\PreventRequestsDuringMaintenance.php", "line": 101, "trace": [ { "file": "E:\\...
GET /products/{product}/sales-ledger [products.sales-ledger] =&gt; GET /products/{product}/sales-ledger [products.sales-ledger]: application returned server error HTTP 503.
Failed asserting that 503 is less than 500. | Response: { "message": "Service Unavailable", "exception": "Symfony\\Component\\HttpKernel\\Exception\\HttpException", "file": "E:\\laragon\\www\\inventory\\vendor\\laravel\\framework\\src\\Illuminate\\Foundation\\Http\\Middleware\\PreventRequestsDuringMaintenance.php", "line": 101, "trace": [ { "file": "E:\\...
GET /products/{product}/purchase-ledger [products.purchase-ledger] =&gt; GET /products/{product}/purchase-ledger [products.purchase-ledger]: application returned server error HTTP 503.
Failed asserting that 503 is less than 500. | Response: { "message": "Service Unavailable", "exception": "Symfony\\Component\\HttpKernel\\Exception\\HttpException", "file": "E:\\laragon\\www\\inventory\\vendor\\laravel\\framework\\src\\Illuminate\\Foundation\\Http\\Middleware\\PreventRequestsDuringMaintenance.php", "line": 101, "trace": [ { "file": "E:\\...
GET /categories [categories.index] =&gt; GET /categories [categories.index]: application returned server error HTTP 503.
Failed asserting that 503 is less than 500. | Response: { "message": "Service Unavailable", "exception": "Symfony\\Component\\HttpKernel\\Exception\\HttpException", "file": "E:\\laragon\\www\\inventory\\vendor\\laravel\\framework\\src\\Illuminate\\Foundation\\Http\\Middleware\\PreventRequestsDuringMaintenance.php", "line": 101, "trace": [ { "file": "E:\\...
GET /categories/create [categories.create] =&gt; GET /categories/create [categories.create]: application returned server error HTTP 503.
Failed asserting that 503 is less than 500. | Response: { "message": "Service Unavailable", "exception": "Symfony\\Component\\HttpKernel\\Exception\\HttpException", "file": "E:\\laragon\\www\\inventory\\vendor\\laravel\\framework\\src\\Illuminate\\Foundation\\Http\\Middleware\\PreventRequestsDuringMaintenance.php", "line": 101, "trace": [ { "file": "E:\\...
POST /categories [categories.store] =&gt; POST /categories [categories.store]: application returned server error HTTP 503.
Failed asserting that 503 is less than 500. | Response: { "message": "Service Unavailable", "exception": "Symfony\\Component\\HttpKernel\\Exception\\HttpException", "file": "E:\\laragon\\www\\inventory\\vendor\\laravel\\framework\\src\\Illuminate\\Foundation\\Http\\Middleware\\PreventRequestsDuringMaintenance.php", "line": 101, "trace": [ { "file": "E:\\...
GET /categories/{category}/edit [categories.edit] =&gt; GET /categories/{category}/edit [categories.edit]: application returned server error HTTP 503.
Failed asserting that 503 is less than 500. | Response: { "message": "Service Unavailable", "exception": "Symfony\\Component\\HttpKernel\\Exception\\HttpException", "file": "E:\\laragon\\www\\inventory\\vendor\\laravel\\framework\\src\\Illuminate\\Foundation\\Http\\Middleware\\PreventRequestsDuringMaintenance.php", "line": 101, "trace": [ { "file": "E:\\...
PUT /categories/{category} [categories.update] =&gt; PUT /categories/{category} [categories.update]: application returned server error HTTP 503.
Failed asserting that 503 is less than 500. | Response: { "message": "Service Unavailable", "exception": "Symfony\\Component\\HttpKernel\\Exception\\HttpException", "file": "E:\\laragon\\www\\inventory\\vendor\\laravel\\framework\\src\\Illuminate\\Foundation\\Http\\Middleware\\PreventRequestsDuringMaintenance.php", "line": 101, "trace": [ { "file": "E:\\...
PATCH /categories/{category} [categories.update] =&gt; PATCH /categories/{category} [categories.update]: application returned server error HTTP 503.
Failed asserting that 503 is less than 500. | Response: { "message": "Service Unavailable", "exception": "Symfony\\Component\\HttpKernel\\Exception\\HttpException", "file": "E:\\laragon\\www\\inventory\\vendor\\laravel\\framework\\src\\Illuminate\\Foundation\\Http\\Middleware\\PreventRequestsDuringMaintenance.php", "line": 101, "trace": [ { "file": "E:\\...
DELETE /categories/{category} [categories.destroy] =&gt; DELETE /categories/{category} [categories.destroy]: application returned server error HTTP 503.
Failed asserting that 503 is less than 500. | Response: { "message": "Service Unavailable", "exception": "Symfony\\Component\\HttpKernel\\Exception\\HttpException", "file": "E:\\laragon\\www\\inventory\\vendor\\laravel\\framework\\src\\Illuminate\\Foundation\\Http\\Middleware\\PreventRequestsDuringMaintenance.php", "line": 101, "trace": [ { "file": "E:\\...
POST /categories/fix-codes [categories.fixCodes] =&gt; POST /categories/fix-codes [categories.fixCodes]: application returned server error HTTP 503.
Failed asserting that 503 is less than 500. | Response: { "message": "Service Unavailable", "exception": "Symfony\\Component\\HttpKernel\\Exception\\HttpException", "file": "E:\\laragon\\www\\inventory\\vendor\\laravel\\framework\\src\\Illuminate\\Foundation\\Http\\Middleware\\PreventRequestsDuringMaintenance.php", "line": 101, "trace": [ { "file": "E:\\...
GET /products/pricelist [products.pricelist] =&gt; GET /products/pricelist [products.pricelist]: application returned server error HTTP 503.
Failed asserting that 503 is less than 500. | Response: { "message": "Service Unavailable", "exception": "Symfony\\Component\\HttpKernel\\Exception\\HttpException", "file": "E:\\laragon\\www\\inventory\\vendor\\laravel\\framework\\src\\Illuminate\\Foundation\\Http\\Middleware\\PreventRequestsDuringMaintenance.php", "line": 101, "trace": [ { "file": "E:\\...
GET /admin/product-exports [admin.product-exports.index] =&gt; GET /admin/product-exports [admin.product-exports.index]: application returned server error HTTP 503.
Failed asserting that 503 is less than 500. | Response: { "message": "Service Unavailable", "exception": "Symfony\\Component\\HttpKernel\\Exception\\HttpException", "file": "E:\\laragon\\www\\inventory\\vendor\\laravel\\framework\\src\\Illuminate\\Foundation\\Http\\Middleware\\PreventRequestsDuringMaintenance.php", "line": 101, "trace": [ { "file": "E:\\...
GET /admin/product-exports/data [admin.product-exports.data] =&gt; GET /admin/product-exports/data [admin.product-exports.data]: application returned server error HTTP 503.
Failed asserting that 503 is less than 500. | Response: { "message": "Service Unavailable", "exception": "Symfony\\Component\\HttpKernel\\Exception\\HttpException", "file": "E:\\laragon\\www\\inventory\\vendor\\laravel\\framework\\src\\Illuminate\\Foundation\\Http\\Middleware\\PreventRequestsDuringMaintenance.php", "line": 101, "trace": [ { "file": "E:\\...
GET /admin/product-exports/print [admin.product-exports.print] =&gt; GET /admin/product-exports/print [admin.product-exports.print]: application returned server error HTTP 503.
Failed asserting that 503 is less than 500. | Response: { "message": "Service Unavailable", "exception": "Symfony\\Component\\HttpKernel\\Exception\\HttpException", "file": "E:\\laragon\\www\\inventory\\vendor\\laravel\\framework\\src\\Illuminate\\Foundation\\Http\\Middleware\\PreventRequestsDuringMaintenance.php", "line": 101, "trace": [ { "file": "E:\\...
GET /admin/product-exports/download [admin.product-exports.download] =&gt; GET /admin/product-exports/download [admin.product-exports.download]: application returned server error HTTP 503.
Failed asserting that 503 is less than 500. | Response: { "message": "Service Unavailable", "exception": "Symfony\\Component\\HttpKernel\\Exception\\HttpException", "file": "E:\\laragon\\www\\inventory\\vendor\\laravel\\framework\\src\\Illuminate\\Foundation\\Http\\Middleware\\PreventRequestsDuringMaintenance.php", "line": 101, "trace": [ { "file": "E:\\...
GET /admin/product-exports/model-lists [admin.product-exports.model-lists] =&gt; GET /admin/product-exports/model-lists [admin.product-exports.model-lists]: application returned server error HTTP 503.
Failed asserting that 503 is less than 500. | Response: { "message": "Service Unavailable", "exception": "Symfony\\Component\\HttpKernel\\Exception\\HttpException", "file": "E:\\laragon\\www\\inventory\\vendor\\laravel\\framework\\src\\Illuminate\\Foundation\\Http\\Middleware\\PreventRequestsDuringMaintenance.php", "line": 101, "trace": [ { "file": "E:\\...
GET /admin/product-exports/products/search [admin.product-exports.products.search] =&gt; GET /admin/product-exports/products/search [admin.product-exports.products.search]: application returned server error HTTP 503.
Failed asserting that 503 is less than 500. | Response: { "message": "Service Unavailable", "exception": "Symfony\\Component\\HttpKernel\\Exception\\HttpException", "file": "E:\\laragon\\www\\inventory\\vendor\\laravel\\framework\\src\\Illuminate\\Foundation\\Http\\Middleware\\PreventRequestsDuringMaintenance.php", "line": 101, "trace": [ { "file": "E:\\...
GET /admin/product-exports/categories/{category}/children [admin.product-exports.categories.children] =&gt; GET /admin/product-exports/categories/{category}/children [admin.product-exports.categories.children]: application returned server error HTTP 503.
Failed asserting that 503 is less than 500. | Response: { "message": "Service Unavailable", "exception": "Symfony\\Component\\HttpKernel\\Exception\\HttpException", "file": "E:\\laragon\\www\\inventory\\vendor\\laravel\\framework\\src\\Illuminate\\Foundation\\Http\\Middleware\\PreventRequestsDuringMaintenance.php", "line": 101, "trace": [ { "file": "E:\\...
GET /admin/product-exports/export [admin.product-exports.export] =&gt; GET /admin/product-exports/export [admin.product-exports.export]: application returned server error HTTP 503.
Failed asserting that 503 is less than 500. | Response: { "message": "Service Unavailable", "exception": "Symfony\\Component\\HttpKernel\\Exception\\HttpException", "file": "E:\\laragon\\www\\inventory\\vendor\\laravel\\framework\\src\\Illuminate\\Foundation\\Http\\Middleware\\PreventRequestsDuringMaintenance.php", "line": 101, "trace": [ { "file": "E:\\...
POST /products/sync-crm [products.sync.crm] =&gt; POST /products/sync-crm [products.sync.crm]: application returned server error HTTP 503.
Failed asserting that 503 is less than 500. | Response: { "message": "Service Unavailable", "exception": "Symfony\\Component\\HttpKernel\\Exception\\HttpException", "file": "E:\\laragon\\www\\inventory\\vendor\\laravel\\framework\\src\\Illuminate\\Foundation\\Http\\Middleware\\PreventRequestsDuringMaintenance.php", "line": 101, "trace": [ { "file": "E:\\...
GET /product-deactivation-documents [product-deactivation-documents.index] =&gt; GET /product-deactivation-documents [product-deactivation-documents.index]: application returned server error HTTP 503.
Failed asserting that 503 is less than 500. | Response: { "message": "Service Unavailable", "exception": "Symfony\\Component\\HttpKernel\\Exception\\HttpException", "file": "E:\\laragon\\www\\inventory\\vendor\\laravel\\framework\\src\\Illuminate\\Foundation\\Http\\Middleware\\PreventRequestsDuringMaintenance.php", "line": 101, "trace": [ { "file": "E:\\...
GET /product-deactivation-documents/create [product-deactivation-documents.create] =&gt; GET /product-deactivation-documents/create [product-deactivation-documents.create]: application returned server error HTTP 503.
Failed asserting that 503 is less than 500. | Response: { "message": "Service Unavailable", "exception": "Symfony\\Component\\HttpKernel\\Exception\\HttpException", "file": "E:\\laragon\\www\\inventory\\vendor\\laravel\\framework\\src\\Illuminate\\Foundation\\Http\\Middleware\\PreventRequestsDuringMaintenance.php", "line": 101, "trace": [ { "file": "E:\\...
GET /product-deactivation-documents/search/products [product-deactivation-documents.products.search] =&gt; GET /product-deactivation-documents/search/products [product-deactivation-documents.products.search]: application returned server error HTTP 503.
Failed asserting that 503 is less than 500. | Response: { "message": "Service Unavailable", "exception": "Symfony\\Component\\HttpKernel\\Exception\\HttpException", "file": "E:\\laragon\\www\\inventory\\vendor\\laravel\\framework\\src\\Illuminate\\Foundation\\Http\\Middleware\\PreventRequestsDuringMaintenance.php", "line": 101, "trace": [ { "file": "E:\\...
GET /product-deactivation-documents/products/{product}/variants [product-deactivation-documents.products.variants] =&gt; GET /product-deactivation-documents/products/{product}/variants [product-deactivation-documents.products.variants]: application returned server error HTTP 503.
Failed asserting that 503 is less than 500. | Response: { "message": "Service Unavailable", "exception": "Symfony\\Component\\HttpKernel\\Exception\\HttpException", "file": "E:\\laragon\\www\\inventory\\vendor\\laravel\\framework\\src\\Illuminate\\Foundation\\Http\\Middleware\\PreventRequestsDuringMaintenance.php", "line": 101, "trace": [ { "file": "E:\\...
GET /product-deactivation-documents/bulk/create [product-deactivation-documents.bulk.create] =&gt; GET /product-deactivation-documents/bulk/create [product-deactivation-documents.bulk.create]: application returned server error HTTP 503.
Failed asserting that 503 is less than 500. | Response: { "message": "Service Unavailable", "exception": "Symfony\\Component\\HttpKernel\\Exception\\HttpException", "file": "E:\\laragon\\www\\inventory\\vendor\\laravel\\framework\\src\\Illuminate\\Foundation\\Http\\Middleware\\PreventRequestsDuringMaintenance.php", "line": 101, "trace": [ { "file": "E:\\...
GET /product-deactivation-documents/bulk/categories/{category}/children [product-deactivation-documents.bulk.categories.children] =&gt; GET /product-deactivation-documents/bulk/categories/{category}/children [product-deactivation-documents.bulk.categories.children]: application returned server error HTTP 503.
Failed asserting that 503 is less than 500. | Response: { "message": "Service Unavailable", "exception": "Symfony\\Component\\HttpKernel\\Exception\\HttpException", "file": "E:\\laragon\\www\\inventory\\vendor\\laravel\\framework\\src\\Illuminate\\Foundation\\Http\\Middleware\\PreventRequestsDuringMaintenance.php", "line": 101, "trace": [ { "file": "E:\\...
POST /product-deactivation-documents/bulk/preview [product-deactivation-documents.bulk.preview] =&gt; POST /product-deactivation-documents/bulk/preview [product-deactivation-documents.bulk.preview]: application returned server error HTTP 503.
Failed asserting that 503 is less than 500. | Response: { "message": "Service Unavailable", "exception": "Symfony\\Component\\HttpKernel\\Exception\\HttpException", "file": "E:\\laragon\\www\\inventory\\vendor\\laravel\\framework\\src\\Illuminate\\Foundation\\Http\\Middleware\\PreventRequestsDuringMaintenance.php", "line": 101, "trace": [ { "file": "E:\\...
POST /product-deactivation-documents/bulk [product-deactivation-documents.bulk.store] =&gt; POST /product-deactivation-documents/bulk [product-deactivation-documents.bulk.store]: application returned server error HTTP 503.
Failed asserting that 503 is less than 500. | Response: { "message": "Service Unavailable", "exception": "Symfony\\Component\\HttpKernel\\Exception\\HttpException", "file": "E:\\laragon\\www\\inventory\\vendor\\laravel\\framework\\src\\Illuminate\\Foundation\\Http\\Middleware\\PreventRequestsDuringMaintenance.php", "line": 101, "trace": [ { "file": "E:\\...
POST /product-deactivation-documents [product-deactivation-documents.store] =&gt; POST /product-deactivation-documents [product-deactivation-documents.store]: application returned server error HTTP 503.
Failed asserting that 503 is less than 500. | Response: { "message": "Service Unavailable", "exception": "Symfony\\Component\\HttpKernel\\Exception\\HttpException", "file": "E:\\laragon\\www\\inventory\\vendor\\laravel\\framework\\src\\Illuminate\\Foundation\\Http\\Middleware\\PreventRequestsDuringMaintenance.php", "line": 101, "trace": [ { "file": "E:\\...
GET /product-deactivation-documents/{productDeactivationDocument} [product-deactivation-documents.show] =&gt; GET /product-deactivation-documents/{productDeactivationDocument} [product-deactivation-documents.show]: application returned server error HTTP 503.
Failed asserting that 503 is less than 500. | Response: { "message": "Service Unavailable", "exception": "Symfony\\Component\\HttpKernel\\Exception\\HttpException", "file": "E:\\laragon\\www\\inventory\\vendor\\laravel\\framework\\src\\Illuminate\\Foundation\\Http\\Middleware\\PreventRequestsDuringMaintenance.php", "line": 101, "trace": [ { "file": "E:\\...
GET /model-lists [model-lists.index] =&gt; GET /model-lists [model-lists.index]: application returned server error HTTP 503.
Failed asserting that 503 is less than 500. | Response: { "message": "Service Unavailable", "exception": "Symfony\\Component\\HttpKernel\\Exception\\HttpException", "file": "E:\\laragon\\www\\inventory\\vendor\\laravel\\framework\\src\\Illuminate\\Foundation\\Http\\Middleware\\PreventRequestsDuringMaintenance.php", "line": 101, "trace": [ { "file": "E:\\...
POST /model-lists [model-lists.store] =&gt; POST /model-lists [model-lists.store]: application returned server error HTTP 503.
Failed asserting that 503 is less than 500. | Response: { "message": "Service Unavailable", "exception": "Symfony\\Component\\HttpKernel\\Exception\\HttpException", "file": "E:\\laragon\\www\\inventory\\vendor\\laravel\\framework\\src\\Illuminate\\Foundation\\Http\\Middleware\\PreventRequestsDuringMaintenance.php", "line": 101, "trace": [ { "file": "E:\\...
PUT /model-lists/{modelList} [model-lists.update] =&gt; PUT /model-lists/{modelList} [model-lists.update]: application returned server error HTTP 503.
Failed asserting that 503 is less than 500. | Response: { "message": "Service Unavailable", "exception": "Symfony\\Component\\HttpKernel\\Exception\\HttpException", "file": "E:\\laragon\\www\\inventory\\vendor\\laravel\\framework\\src\\Illuminate\\Foundation\\Http\\Middleware\\PreventRequestsDuringMaintenance.php", "line": 101, "trace": [ { "file": "E:\\...
DELETE /model-lists/{modelList} [model-lists.destroy] =&gt; DELETE /model-lists/{modelList} [model-lists.destroy]: application returned server error HTTP 503.
Failed asserting that 503 is less than 500. | Response: { "message": "Service Unavailable", "exception": "Symfony\\Component\\HttpKernel\\Exception\\HttpException", "file": "E:\\laragon\\www\\inventory\\vendor\\laravel\\framework\\src\\Illuminate\\Foundation\\Http\\Middleware\\PreventRequestsDuringMaintenance.php", "line": 101, "trace": [ { "file": "E:\\...
POST /model-lists/assign-codes [model-lists.assign-codes] =&gt; POST /model-lists/assign-codes [model-lists.assign-codes]: application returned server error HTTP 503.
Failed asserting that 503 is less than 500. | Response: { "message": "Service Unavailable", "exception": "Symfony\\Component\\HttpKernel\\Exception\\HttpException", "file": "E:\\laragon\\www\\inventory\\vendor\\laravel\\framework\\src\\Illuminate\\Foundation\\Http\\Middleware\\PreventRequestsDuringMaintenance.php", "line": 101, "trace": [ { "file": "E:\\...
POST /model-lists/import-from-products [model-lists.import-from-products] =&gt; POST /model-lists/import-from-products [model-lists.import-from-products]: application returned server error HTTP 503.
Failed asserting that 503 is less than 500. | Response: { "message": "Service Unavailable", "exception": "Symfony\\Component\\HttpKernel\\Exception\\HttpException", "file": "E:\\laragon\\www\\inventory\\vendor\\laravel\\framework\\src\\Illuminate\\Foundation\\Http\\Middleware\\PreventRequestsDuringMaintenance.php", "line": 101, "trace": [ { "file": "E:\\...
POST /model-lists/import-phone-catalog [model-lists.import-phone-catalog] =&gt; POST /model-lists/import-phone-catalog [model-lists.import-phone-catalog]: application returned server error HTTP 503.
Failed asserting that 503 is less than 500. | Response: { "message": "Service Unavailable", "exception": "Symfony\\Component\\HttpKernel\\Exception\\HttpException", "file": "E:\\laragon\\www\\inventory\\vendor\\laravel\\framework\\src\\Illuminate\\Foundation\\Http\\Middleware\\PreventRequestsDuringMaintenance.php", "line": 101, "trace": [ { "file": "E:\\...
POST /model-lists/quick-store [model-lists.quick-store] =&gt; POST /model-lists/quick-store [model-lists.quick-store]: application returned server error HTTP 503.
Failed asserting that 503 is less than 500. | Response: { "message": "Service Unavailable", "exception": "Symfony\\Component\\HttpKernel\\Exception\\HttpException", "file": "E:\\laragon\\www\\inventory\\vendor\\laravel\\framework\\src\\Illuminate\\Foundation\\Http\\Middleware\\PreventRequestsDuringMaintenance.php", "line": 101, "trace": [ { "file": "E:\\...
GET /shipping-methods [shipping-methods.index] =&gt; GET /shipping-methods [shipping-methods.index]: application returned server error HTTP 503.
Failed asserting that 503 is less than 500. | Response: { "message": "Service Unavailable", "exception": "Symfony\\Component\\HttpKernel\\Exception\\HttpException", "file": "E:\\laragon\\www\\inventory\\vendor\\laravel\\framework\\src\\Illuminate\\Foundation\\Http\\Middleware\\PreventRequestsDuringMaintenance.php", "line": 101, "trace": [ { "file": "E:\\...
POST /shipping-methods [shipping-methods.store] =&gt; POST /shipping-methods [shipping-methods.store]: application returned server error HTTP 503.
Failed asserting that 503 is less than 500. | Response: { "message": "Service Unavailable", "exception": "Symfony\\Component\\HttpKernel\\Exception\\HttpException", "file": "E:\\laragon\\www\\inventory\\vendor\\laravel\\framework\\src\\Illuminate\\Foundation\\Http\\Middleware\\PreventRequestsDuringMaintenance.php", "line": 101, "trace": [ { "file": "E:\\...
PUT /shipping-methods/{shippingMethod} [shipping-methods.update] =&gt; PUT /shipping-methods/{shippingMethod} [shipping-methods.update]: application returned server error HTTP 503.
Failed asserting that 503 is less than 500. | Response: { "message": "Service Unavailable", "exception": "Symfony\\Component\\HttpKernel\\Exception\\HttpException", "file": "E:\\laragon\\www\\inventory\\vendor\\laravel\\framework\\src\\Illuminate\\Foundation\\Http\\Middleware\\PreventRequestsDuringMaintenance.php", "line": 101, "trace": [ { "file": "E:\\...
DELETE /shipping-methods/{shippingMethod} [shipping-methods.destroy] =&gt; DELETE /shipping-methods/{shippingMethod} [shipping-methods.destroy]: application returned server error HTTP 503.
Failed asserting that 503 is less than 500. | Response: { "message": "Service Unavailable", "exception": "Symfony\\Component\\HttpKernel\\Exception\\HttpException", "file": "E:\\laragon\\www\\inventory\\vendor\\laravel\\framework\\src\\Illuminate\\Foundation\\Http\\Middleware\\PreventRequestsDuringMaintenance.php", "line": 101, "trace": [ { "file": "E:\\...
POST /categories/quick-store [categories.quickStore] =&gt; POST /categories/quick-store [categories.quickStore]: application returned server error HTTP 503.
Failed asserting that 503 is less than 500. | Response: { "message": "Service Unavailable", "exception": "Symfony\\Component\\HttpKernel\\Exception\\HttpException", "file": "E:\\laragon\\www\\inventory\\vendor\\laravel\\framework\\src\\Illuminate\\Foundation\\Http\\Middleware\\PreventRequestsDuringMaintenance.php", "line": 101, "trace": [ { "file": "E:\\...
GET /inventory-webhooks [inventory-webhooks.index] =&gt; GET /inventory-webhooks [inventory-webhooks.index]: application returned server error HTTP 503.
Failed asserting that 503 is less than 500. | Response: { "message": "Service Unavailable", "exception": "Symfony\\Component\\HttpKernel\\Exception\\HttpException", "file": "E:\\laragon\\www\\inventory\\vendor\\laravel\\framework\\src\\Illuminate\\Foundation\\Http\\Middleware\\PreventRequestsDuringMaintenance.php", "line": 101, "trace": [ { "file": "E:\\...
PUT /inventory-webhooks [inventory-webhooks.update] =&gt; PUT /inventory-webhooks [inventory-webhooks.update]: application returned server error HTTP 503.
Failed asserting that 503 is less than 500. | Response: { "message": "Service Unavailable", "exception": "Symfony\\Component\\HttpKernel\\Exception\\HttpException", "file": "E:\\laragon\\www\\inventory\\vendor\\laravel\\framework\\src\\Illuminate\\Foundation\\Http\\Middleware\\PreventRequestsDuringMaintenance.php", "line": 101, "trace": [ { "file": "E:\\...
GET /products/{product}/movements/create [movements.create] =&gt; GET /products/{product}/movements/create [movements.create]: application returned server error HTTP 503.
Failed asserting that 503 is less than 500. | Response: { "message": "Service Unavailable", "exception": "Symfony\\Component\\HttpKernel\\Exception\\HttpException", "file": "E:\\laragon\\www\\inventory\\vendor\\laravel\\framework\\src\\Illuminate\\Foundation\\Http\\Middleware\\PreventRequestsDuringMaintenance.php", "line": 101, "trace": [ { "file": "E:\\...
POST /products/{product}/movements [movements.store] =&gt; POST /products/{product}/movements [movements.store]: application returned server error HTTP 503.
Failed asserting that 503 is less than 500. | Response: { "message": "Service Unavailable", "exception": "Symfony\\Component\\HttpKernel\\Exception\\HttpException", "file": "E:\\laragon\\www\\inventory\\vendor\\laravel\\framework\\src\\Illuminate\\Foundation\\Http\\Middleware\\PreventRequestsDuringMaintenance.php", "line": 101, "trace": [ { "file": "E:\\...
GET /movements [movements.index] =&gt; GET /movements [movements.index]: application returned server error HTTP 503.
Failed asserting that 503 is less than 500. | Response: { "message": "Service Unavailable", "exception": "Symfony\\Component\\HttpKernel\\Exception\\HttpException", "file": "E:\\laragon\\www\\inventory\\vendor\\laravel\\framework\\src\\Illuminate\\Foundation\\Http\\Middleware\\PreventRequestsDuringMaintenance.php", "line": 101, "trace": [ { "file": "E:\\...
GET /sales-returns [sales-returns.index] =&gt; GET /sales-returns [sales-returns.index]: application returned server error HTTP 503.
Failed asserting that 503 is less than 500. | Response: { "message": "Service Unavailable", "exception": "Symfony\\Component\\HttpKernel\\Exception\\HttpException", "file": "E:\\laragon\\www\\inventory\\vendor\\laravel\\framework\\src\\Illuminate\\Foundation\\Http\\Middleware\\PreventRequestsDuringMaintenance.php", "line": 101, "trace": [ { "file": "E:\\...
GET /sales-returns/create [sales-returns.create] =&gt; GET /sales-returns/create [sales-returns.create]: application returned server error HTTP 503.
Failed asserting that 503 is less than 500. | Response: { "message": "Service Unavailable", "exception": "Symfony\\Component\\HttpKernel\\Exception\\HttpException", "file": "E:\\laragon\\www\\inventory\\vendor\\laravel\\framework\\src\\Illuminate\\Foundation\\Http\\Middleware\\PreventRequestsDuringMaintenance.php", "line": 101, "trace": [ { "file": "E:\\...
POST /sales-returns [sales-returns.store] =&gt; POST /sales-returns [sales-returns.store]: application returned server error HTTP 503.
Failed asserting that 503 is less than 500. | Response: { "message": "Service Unavailable", "exception": "Symfony\\Component\\HttpKernel\\Exception\\HttpException", "file": "E:\\laragon\\www\\inventory\\vendor\\laravel\\framework\\src\\Illuminate\\Foundation\\Http\\Middleware\\PreventRequestsDuringMaintenance.php", "line": 101, "trace": [ { "file": "E:\\...
GET /sales-returns/export/excel [sales-returns.export.excel] =&gt; GET /sales-returns/export/excel [sales-returns.export.excel]: application returned server error HTTP 503.
Failed asserting that 503 is less than 500. | Response: { "message": "Service Unavailable", "exception": "Symfony\\Component\\HttpKernel\\Exception\\HttpException", "file": "E:\\laragon\\www\\inventory\\vendor\\laravel\\framework\\src\\Illuminate\\Foundation\\Http\\Middleware\\PreventRequestsDuringMaintenance.php", "line": 101, "trace": [ { "file": "E:\\...
GET /sales-returns/export/pdf [sales-returns.export.pdf] =&gt; GET /sales-returns/export/pdf [sales-returns.export.pdf]: application returned server error HTTP 503.
Failed asserting that 503 is less than 500. | Response: { "message": "Service Unavailable", "exception": "Symfony\\Component\\HttpKernel\\Exception\\HttpException", "file": "E:\\laragon\\www\\inventory\\vendor\\laravel\\framework\\src\\Illuminate\\Foundation\\Http\\Middleware\\PreventRequestsDuringMaintenance.php", "line": 101, "trace": [ { "file": "E:\\...
GET /sales-returns/print [sales-returns.print-report] =&gt; GET /sales-returns/print [sales-returns.print-report]: application returned server error HTTP 503.
Failed asserting that 503 is less than 500. | Response: { "message": "Service Unavailable", "exception": "Symfony\\Component\\HttpKernel\\Exception\\HttpException", "file": "E:\\laragon\\www\\inventory\\vendor\\laravel\\framework\\src\\Illuminate\\Foundation\\Http\\Middleware\\PreventRequestsDuringMaintenance.php", "line": 101, "trace": [ { "file": "E:\\...
GET /sales-returns/customers/search [sales-returns.customers.search] =&gt; GET /sales-returns/customers/search [sales-returns.customers.search]: application returned server error HTTP 503.
Failed asserting that 503 is less than 500. | Response: { "message": "Service Unavailable", "exception": "Symfony\\Component\\HttpKernel\\Exception\\HttpException", "file": "E:\\laragon\\www\\inventory\\vendor\\laravel\\framework\\src\\Illuminate\\Foundation\\Http\\Middleware\\PreventRequestsDuringMaintenance.php", "line": 101, "trace": [ { "file": "E:\\...
GET /sales-returns/customers/{customer}/invoices [sales-returns.customers.invoices] =&gt; GET /sales-returns/customers/{customer}/invoices [sales-returns.customers.invoices]: application returned server error HTTP 503.
Failed asserting that 503 is less than 500. | Response: { "message": "Service Unavailable", "exception": "Symfony\\Component\\HttpKernel\\Exception\\HttpException", "file": "E:\\laragon\\www\\inventory\\vendor\\laravel\\framework\\src\\Illuminate\\Foundation\\Http\\Middleware\\PreventRequestsDuringMaintenance.php", "line": 101, "trace": [ { "file": "E:\\...
GET /sales-returns/invoices/{invoice}/items [sales-returns.invoices.items] =&gt; GET /sales-returns/invoices/{invoice}/items [sales-returns.invoices.items]: application returned server error HTTP 503.
Failed asserting that 503 is less than 500. | Response: { "message": "Service Unavailable", "exception": "Symfony\\Component\\HttpKernel\\Exception\\HttpException", "file": "E:\\laragon\\www\\inventory\\vendor\\laravel\\framework\\src\\Illuminate\\Foundation\\Http\\Middleware\\PreventRequestsDuringMaintenance.php", "line": 101, "trace": [ { "file": "E:\\...
GET /sales-returns/products/search [sales-returns.products.search] =&gt; GET /sales-returns/products/search [sales-returns.products.search]: application returned server error HTTP 503.
Failed asserting that 503 is less than 500. | Response: { "message": "Service Unavailable", "exception": "Symfony\\Component\\HttpKernel\\Exception\\HttpException", "file": "E:\\laragon\\www\\inventory\\vendor\\laravel\\framework\\src\\Illuminate\\Foundation\\Http\\Middleware\\PreventRequestsDuringMaintenance.php", "line": 101, "trace": [ { "file": "E:\\...
GET /sales-returns/products/{product}/variants [sales-returns.products.variants] =&gt; GET /sales-returns/products/{product}/variants [sales-returns.products.variants]: application returned server error HTTP 503.
Failed asserting that 503 is less than 500. | Response: { "message": "Service Unavailable", "exception": "Symfony\\Component\\HttpKernel\\Exception\\HttpException", "file": "E:\\laragon\\www\\inventory\\vendor\\laravel\\framework\\src\\Illuminate\\Foundation\\Http\\Middleware\\PreventRequestsDuringMaintenance.php", "line": 101, "trace": [ { "file": "E:\\...
POST /sales-returns/preview [sales-returns.preview] =&gt; POST /sales-returns/preview [sales-returns.preview]: application returned server error HTTP 503.
Failed asserting that 503 is less than 500. | Response: { "message": "Service Unavailable", "exception": "Symfony\\Component\\HttpKernel\\Exception\\HttpException", "file": "E:\\laragon\\www\\inventory\\vendor\\laravel\\framework\\src\\Illuminate\\Foundation\\Http\\Middleware\\PreventRequestsDuringMaintenance.php", "line": 101, "trace": [ { "file": "E:\\...
GET /sales-returns/{document} [sales-returns.show] =&gt; GET /sales-returns/{document} [sales-returns.show]: application returned server error HTTP 503.
Failed asserting that 503 is less than 500. | Response: { "message": "Service Unavailable", "exception": "Symfony\\Component\\HttpKernel\\Exception\\HttpException", "file": "E:\\laragon\\www\\inventory\\vendor\\laravel\\framework\\src\\Illuminate\\Foundation\\Http\\Middleware\\PreventRequestsDuringMaintenance.php", "line": 101, "trace": [ { "file": "E:\\...
GET /sales-returns/{document}/edit [sales-returns.edit] =&gt; GET /sales-returns/{document}/edit [sales-returns.edit]: application returned server error HTTP 503.
Failed asserting that 503 is less than 500. | Response: { "message": "Service Unavailable", "exception": "Symfony\\Component\\HttpKernel\\Exception\\HttpException", "file": "E:\\laragon\\www\\inventory\\vendor\\laravel\\framework\\src\\Illuminate\\Foundation\\Http\\Middleware\\PreventRequestsDuringMaintenance.php", "line": 101, "trace": [ { "file": "E:\\...
PATCH /sales-returns/{document} [sales-returns.update] =&gt; PATCH /sales-returns/{document} [sales-returns.update]: application returned server error HTTP 503.
Failed asserting that 503 is less than 500. | Response: { "message": "Service Unavailable", "exception": "Symfony\\Component\\HttpKernel\\Exception\\HttpException", "file": "E:\\laragon\\www\\inventory\\vendor\\laravel\\framework\\src\\Illuminate\\Foundation\\Http\\Middleware\\PreventRequestsDuringMaintenance.php", "line": 101, "trace": [ { "file": "E:\\...
POST /sales-returns/{document}/apply [sales-returns.apply] =&gt; POST /sales-returns/{document}/apply [sales-returns.apply]: application returned server error HTTP 503.
Failed asserting that 503 is less than 500. | Response: { "message": "Service Unavailable", "exception": "Symfony\\Component\\HttpKernel\\Exception\\HttpException", "file": "E:\\laragon\\www\\inventory\\vendor\\laravel\\framework\\src\\Illuminate\\Foundation\\Http\\Middleware\\PreventRequestsDuringMaintenance.php", "line": 101, "trace": [ { "file": "E:\\...
POST /sales-returns/{document}/cancel [sales-returns.cancel] =&gt; POST /sales-returns/{document}/cancel [sales-returns.cancel]: application returned server error HTTP 503.
Failed asserting that 503 is less than 500. | Response: { "message": "Service Unavailable", "exception": "Symfony\\Component\\HttpKernel\\Exception\\HttpException", "file": "E:\\laragon\\www\\inventory\\vendor\\laravel\\framework\\src\\Illuminate\\Foundation\\Http\\Middleware\\PreventRequestsDuringMaintenance.php", "line": 101, "trace": [ { "file": "E:\\...
GET /sales-returns/{document}/print [sales-returns.print] =&gt; GET /sales-returns/{document}/print [sales-returns.print]: application returned server error HTTP 503.
Failed asserting that 503 is less than 500. | Response: { "message": "Service Unavailable", "exception": "Symfony\\Component\\HttpKernel\\Exception\\HttpException", "file": "E:\\laragon\\www\\inventory\\vendor\\laravel\\framework\\src\\Illuminate\\Foundation\\Http\\Middleware\\PreventRequestsDuringMaintenance.php", "line": 101, "trace": [ { "file": "E:\\...
GET /sales-returns/{document}/pdf [sales-returns.pdf] =&gt; GET /sales-returns/{document}/pdf [sales-returns.pdf]: application returned server error HTTP 503.
Failed asserting that 503 is less than 500. | Response: { "message": "Service Unavailable", "exception": "Symfony\\Component\\HttpKernel\\Exception\\HttpException", "file": "E:\\laragon\\www\\inventory\\vendor\\laravel\\framework\\src\\Illuminate\\Foundation\\Http\\Middleware\\PreventRequestsDuringMaintenance.php", "line": 101, "trace": [ { "file": "E:\\...
GET /vouchers [vouchers.index] =&gt; GET /vouchers [vouchers.index]: application returned server error HTTP 503.
Failed asserting that 503 is less than 500. | Response: { "message": "Service Unavailable", "exception": "Symfony\\Component\\HttpKernel\\Exception\\HttpException", "file": "E:\\laragon\\www\\inventory\\vendor\\laravel\\framework\\src\\Illuminate\\Foundation\\Http\\Middleware\\PreventRequestsDuringMaintenance.php", "line": 101, "trace": [ { "file": "E:\\...
GET /vouchers/sales [vouchers.sales.index] =&gt; GET /vouchers/sales [vouchers.sales.index]: application returned server error HTTP 503.
Failed asserting that 503 is less than 500. | Response: { "message": "Service Unavailable", "exception": "Symfony\\Component\\HttpKernel\\Exception\\HttpException", "file": "E:\\laragon\\www\\inventory\\vendor\\laravel\\framework\\src\\Illuminate\\Foundation\\Http\\Middleware\\PreventRequestsDuringMaintenance.php", "line": 101, "trace": [ { "file": "E:\\...
GET /vouchers/sales/queue [vouchers.sales.queue] =&gt; GET /vouchers/sales/queue [vouchers.sales.queue]: application returned server error HTTP 503.
Failed asserting that 503 is less than 500. | Response: { "message": "Service Unavailable", "exception": "Symfony\\Component\\HttpKernel\\Exception\\HttpException", "file": "E:\\laragon\\www\\inventory\\vendor\\laravel\\framework\\src\\Illuminate\\Foundation\\Http\\Middleware\\PreventRequestsDuringMaintenance.php", "line": 101, "trace": [ { "file": "E:\\...
GET /vouchers/sales/queue/data [vouchers.sales.queue.data] =&gt; GET /vouchers/sales/queue/data [vouchers.sales.queue.data]: application returned server error HTTP 503.
Failed asserting that 503 is less than 500. | Response: { "message": "Service Unavailable", "exception": "Symfony\\Component\\HttpKernel\\Exception\\HttpException", "file": "E:\\laragon\\www\\inventory\\vendor\\laravel\\framework\\src\\Illuminate\\Foundation\\Http\\Middleware\\PreventRequestsDuringMaintenance.php", "line": 101, "trace": [ { "file": "E:\\...
GET /vouchers/sales/shipped [vouchers.sales.shipped] =&gt; GET /vouchers/sales/shipped [vouchers.sales.shipped]: application returned server error HTTP 503.
Failed asserting that 503 is less than 500. | Response: { "message": "Service Unavailable", "exception": "Symfony\\Component\\HttpKernel\\Exception\\HttpException", "file": "E:\\laragon\\www\\inventory\\vendor\\laravel\\framework\\src\\Illuminate\\Foundation\\Http\\Middleware\\PreventRequestsDuringMaintenance.php", "line": 101, "trace": [ { "file": "E:\\...
GET /warehouse/shipping [warehouse.shipping.index] =&gt; GET /warehouse/shipping [warehouse.shipping.index]: application returned server error HTTP 503.
Failed asserting that 503 is less than 500. | Response: { "message": "Service Unavailable", "exception": "Symfony\\Component\\HttpKernel\\Exception\\HttpException", "file": "E:\\laragon\\www\\inventory\\vendor\\laravel\\framework\\src\\Illuminate\\Foundation\\Http\\Middleware\\PreventRequestsDuringMaintenance.php", "line": 101, "trace": [ { "file": "E:\\...
POST /warehouse/shipping/{invoice}/ship [warehouse.shipping.ship] =&gt; POST /warehouse/shipping/{invoice}/ship [warehouse.shipping.ship]: application returned server error HTTP 503.
Failed asserting that 503 is less than 500. | Response: { "message": "Service Unavailable", "exception": "Symfony\\Component\\HttpKernel\\Exception\\HttpException", "file": "E:\\laragon\\www\\inventory\\vendor\\laravel\\framework\\src\\Illuminate\\Foundation\\Http\\Middleware\\PreventRequestsDuringMaintenance.php", "line": 101, "trace": [ { "file": "E:\\...
GET /warehouse/inbound-queue [warehouse.inbound.index] =&gt; GET /warehouse/inbound-queue [warehouse.inbound.index]: application returned server error HTTP 503.
Failed asserting that 503 is less than 500. | Response: { "message": "Service Unavailable", "exception": "Symfony\\Component\\HttpKernel\\Exception\\HttpException", "file": "E:\\laragon\\www\\inventory\\vendor\\laravel\\framework\\src\\Illuminate\\Foundation\\Http\\Middleware\\PreventRequestsDuringMaintenance.php", "line": 101, "trace": [ { "file": "E:\\...
GET /warehouse/inbound-queue/{receipt} [warehouse.inbound.show] =&gt; GET /warehouse/inbound-queue/{receipt} [warehouse.inbound.show]: application returned server error HTTP 503.
Failed asserting that 503 is less than 500. | Response: { "message": "Service Unavailable", "exception": "Symfony\\Component\\HttpKernel\\Exception\\HttpException", "file": "E:\\laragon\\www\\inventory\\vendor\\laravel\\framework\\src\\Illuminate\\Foundation\\Http\\Middleware\\PreventRequestsDuringMaintenance.php", "line": 101, "trace": [ { "file": "E:\\...
POST /warehouse/inbound-queue/{receipt}/receive [warehouse.inbound.receive] =&gt; POST /warehouse/inbound-queue/{receipt}/receive [warehouse.inbound.receive]: application returned server error HTTP 503.
Failed asserting that 503 is less than 500. | Response: { "message": "Service Unavailable", "exception": "Symfony\\Component\\HttpKernel\\Exception\\HttpException", "file": "E:\\laragon\\www\\inventory\\vendor\\laravel\\framework\\src\\Illuminate\\Foundation\\Http\\Middleware\\PreventRequestsDuringMaintenance.php", "line": 101, "trace": [ { "file": "E:\\...
POST /vouchers/sales/queue/{uuid}/receive [vouchers.sales.queue.receive] =&gt; POST /vouchers/sales/queue/{uuid}/receive [vouchers.sales.queue.receive]: application returned server error HTTP 503.
Failed asserting that 503 is less than 500. | Response: { "message": "Service Unavailable", "exception": "Symfony\\Component\\HttpKernel\\Exception\\HttpException", "file": "E:\\laragon\\www\\inventory\\vendor\\laravel\\framework\\src\\Illuminate\\Foundation\\Http\\Middleware\\PreventRequestsDuringMaintenance.php", "line": 101, "trace": [ { "file": "E:\\...
POST /vouchers/sales/queue/{uuid}/start-collection [vouchers.sales.queue.start-collection] =&gt; POST /vouchers/sales/queue/{uuid}/start-collection [vouchers.sales.queue.start-collection]: application returned server error HTTP 503.
Failed asserting that 503 is less than 500. | Response: { "message": "Service Unavailable", "exception": "Symfony\\Component\\HttpKernel\\Exception\\HttpException", "file": "E:\\laragon\\www\\inventory\\vendor\\laravel\\framework\\src\\Illuminate\\Foundation\\Http\\Middleware\\PreventRequestsDuringMaintenance.php", "line": 101, "trace": [ { "file": "E:\\...
POST /vouchers/sales/queue/{uuid}/complete-collection [vouchers.sales.queue.complete-collection] =&gt; POST /vouchers/sales/queue/{uuid}/complete-collection [vouchers.sales.queue.complete-collection]: application returned server error HTTP 503.
Failed asserting that 503 is less than 500. | Response: { "message": "Service Unavailable", "exception": "Symfony\\Component\\HttpKernel\\Exception\\HttpException", "file": "E:\\laragon\\www\\inventory\\vendor\\laravel\\framework\\src\\Illuminate\\Foundation\\Http\\Middleware\\PreventRequestsDuringMaintenance.php", "line": 101, "trace": [ { "file": "E:\\...
PUT /vouchers/sales/queue/{uuid}/items [vouchers.sales.queue.items] =&gt; PUT /vouchers/sales/queue/{uuid}/items [vouchers.sales.queue.items]: application returned server error HTTP 503.
Failed asserting that 503 is less than 500. | Response: { "message": "Service Unavailable", "exception": "Symfony\\Component\\HttpKernel\\Exception\\HttpException", "file": "E:\\laragon\\www\\inventory\\vendor\\laravel\\framework\\src\\Illuminate\\Foundation\\Http\\Middleware\\PreventRequestsDuringMaintenance.php", "line": 101, "trace": [ { "file": "E:\\...
GET /vouchers/sales/products/categories [vouchers.sales.products.categories] =&gt; GET /vouchers/sales/products/categories [vouchers.sales.products.categories]: application returned server error HTTP 503.
Failed asserting that 503 is less than 500. | Response: { "message": "Service Unavailable", "exception": "Symfony\\Component\\HttpKernel\\Exception\\HttpException", "file": "E:\\laragon\\www\\inventory\\vendor\\laravel\\framework\\src\\Illuminate\\Foundation\\Http\\Middleware\\PreventRequestsDuringMaintenance.php", "line": 101, "trace": [ { "file": "E:\\...
GET /vouchers/sales/products/by-category [vouchers.sales.products.by-category] =&gt; GET /vouchers/sales/products/by-category [vouchers.sales.products.by-category]: application returned server error HTTP 503.
Failed asserting that 503 is less than 500. | Response: { "message": "Service Unavailable", "exception": "Symfony\\Component\\HttpKernel\\Exception\\HttpException", "file": "E:\\laragon\\www\\inventory\\vendor\\laravel\\framework\\src\\Illuminate\\Foundation\\Http\\Middleware\\PreventRequestsDuringMaintenance.php", "line": 101, "trace": [ { "file": "E:\\...
GET /vouchers/sales/products/{product}/variants [vouchers.sales.products.variants] =&gt; GET /vouchers/sales/products/{product}/variants [vouchers.sales.products.variants]: application returned server error HTTP 503.
Failed asserting that 503 is less than 500. | Response: { "message": "Service Unavailable", "exception": "Symfony\\Component\\HttpKernel\\Exception\\HttpException", "file": "E:\\laragon\\www\\inventory\\vendor\\laravel\\framework\\src\\Illuminate\\Foundation\\Http\\Middleware\\PreventRequestsDuringMaintenance.php", "line": 101, "trace": [ { "file": "E:\\...
GET /vouchers/sales/{uuid}/collection-edit [vouchers.sales.collection.edit] =&gt; GET /vouchers/sales/{uuid}/collection-edit [vouchers.sales.collection.edit]: application returned server error HTTP 503.
Failed asserting that 503 is less than 500. | Response: { "message": "Service Unavailable", "exception": "Symfony\\Component\\HttpKernel\\Exception\\HttpException", "file": "E:\\laragon\\www\\inventory\\vendor\\laravel\\framework\\src\\Illuminate\\Foundation\\Http\\Middleware\\PreventRequestsDuringMaintenance.php", "line": 101, "trace": [ { "file": "E:\\...
PATCH /vouchers/sales/{uuid}/collection-update [vouchers.sales.collection.update] =&gt; PATCH /vouchers/sales/{uuid}/collection-update [vouchers.sales.collection.update]: application returned server error HTTP 503.
Failed asserting that 503 is less than 500. | Response: { "message": "Service Unavailable", "exception": "Symfony\\Component\\HttpKernel\\Exception\\HttpException", "file": "E:\\laragon\\www\\inventory\\vendor\\laravel\\framework\\src\\Illuminate\\Foundation\\Http\\Middleware\\PreventRequestsDuringMaintenance.php", "line": 101, "trace": [ { "file": "E:\\...
GET /vouchers/sales/{uuid} [vouchers.sales.edit] =&gt; GET /vouchers/sales/{uuid} [vouchers.sales.edit]: application returned server error HTTP 503.
Failed asserting that 503 is less than 500. | Response: { "message": "Service Unavailable", "exception": "Symfony\\Component\\HttpKernel\\Exception\\HttpException", "file": "E:\\laragon\\www\\inventory\\vendor\\laravel\\framework\\src\\Illuminate\\Foundation\\Http\\Middleware\\PreventRequestsDuringMaintenance.php", "line": 101, "trace": [ { "file": "E:\\...
GET /vouchers/sales/{uuid}/view [vouchers.sales.show] =&gt; GET /vouchers/sales/{uuid}/view [vouchers.sales.show]: application returned server error HTTP 503.
Failed asserting that 503 is less than 500. | Response: { "message": "Service Unavailable", "exception": "Symfony\\Component\\HttpKernel\\Exception\\HttpException", "file": "E:\\laragon\\www\\inventory\\vendor\\laravel\\framework\\src\\Illuminate\\Foundation\\Http\\Middleware\\PreventRequestsDuringMaintenance.php", "line": 101, "trace": [ { "file": "E:\\...
GET /vouchers/sales/{uuid}/history [vouchers.sales.history] =&gt; GET /vouchers/sales/{uuid}/history [vouchers.sales.history]: application returned server error HTTP 503.
Failed asserting that 503 is less than 500. | Response: { "message": "Service Unavailable", "exception": "Symfony\\Component\\HttpKernel\\Exception\\HttpException", "file": "E:\\laragon\\www\\inventory\\vendor\\laravel\\framework\\src\\Illuminate\\Foundation\\Http\\Middleware\\PreventRequestsDuringMaintenance.php", "line": 101, "trace": [ { "file": "E:\\...
PUT /vouchers/sales/{uuid} [vouchers.sales.update] =&gt; PUT /vouchers/sales/{uuid} [vouchers.sales.update]: application returned server error HTTP 503.
Failed asserting that 503 is less than 500. | Response: { "message": "Service Unavailable", "exception": "Symfony\\Component\\HttpKernel\\Exception\\HttpException", "file": "E:\\laragon\\www\\inventory\\vendor\\laravel\\framework\\src\\Illuminate\\Foundation\\Http\\Middleware\\PreventRequestsDuringMaintenance.php", "line": 101, "trace": [ { "file": "E:\\...
POST /vouchers/sales/{uuid}/status [vouchers.sales.status] =&gt; POST /vouchers/sales/{uuid}/status [vouchers.sales.status]: application returned server error HTTP 503.
Failed asserting that 503 is less than 500. | Response: { "message": "Service Unavailable", "exception": "Symfony\\Component\\HttpKernel\\Exception\\HttpException", "file": "E:\\laragon\\www\\inventory\\vendor\\laravel\\framework\\src\\Illuminate\\Foundation\\Http\\Middleware\\PreventRequestsDuringMaintenance.php", "line": 101, "trace": [ { "file": "E:\\...
GET /vouchers/sales/{uuid}/print [vouchers.sales.print] =&gt; GET /vouchers/sales/{uuid}/print [vouchers.sales.print]: application returned server error HTTP 503.
Failed asserting that 503 is less than 500. | Response: { "message": "Service Unavailable", "exception": "Symfony\\Component\\HttpKernel\\Exception\\HttpException", "file": "E:\\laragon\\www\\inventory\\vendor\\laravel\\framework\\src\\Illuminate\\Foundation\\Http\\Middleware\\PreventRequestsDuringMaintenance.php", "line": 101, "trace": [ { "file": "E:\\...
POST /finance/invoices/{uuid}/reapprove [finance.invoices.reapprove] =&gt; POST /finance/invoices/{uuid}/reapprove [finance.invoices.reapprove]: application returned server error HTTP 503.
Failed asserting that 503 is less than 500. | Response: { "message": "Service Unavailable", "exception": "Symfony\\Component\\HttpKernel\\Exception\\HttpException", "file": "E:\\laragon\\www\\inventory\\vendor\\laravel\\framework\\src\\Illuminate\\Foundation\\Http\\Middleware\\PreventRequestsDuringMaintenance.php", "line": 101, "trace": [ { "file": "E:\\...
POST /finance/invoices/{uuid}/return-to-sales [finance.invoices.return-to-sales] =&gt; POST /finance/invoices/{uuid}/return-to-sales [finance.invoices.return-to-sales]: application returned server error HTTP 503.
Failed asserting that 503 is less than 500. | Response: { "message": "Service Unavailable", "exception": "Symfony\\Component\\HttpKernel\\Exception\\HttpException", "file": "E:\\laragon\\www\\inventory\\vendor\\laravel\\framework\\src\\Illuminate\\Foundation\\Http\\Middleware\\PreventRequestsDuringMaintenance.php", "line": 101, "trace": [ { "file": "E:\\...
GET /finance/registered-cheques [finance.cheques.registered] =&gt; GET /finance/registered-cheques [finance.cheques.registered]: application returned server error HTTP 503.
Failed asserting that 503 is less than 500. | Response: { "message": "Service Unavailable", "exception": "Symfony\\Component\\HttpKernel\\Exception\\HttpException", "file": "E:\\laragon\\www\\inventory\\vendor\\laravel\\framework\\src\\Illuminate\\Foundation\\Http\\Middleware\\PreventRequestsDuringMaintenance.php", "line": 101, "trace": [ { "file": "E:\\...
GET /finance/reports [finance.reports.index] =&gt; GET /finance/reports [finance.reports.index]: application returned server error HTTP 503.
Failed asserting that 503 is less than 500. | Response: { "message": "Service Unavailable", "exception": "Symfony\\Component\\HttpKernel\\Exception\\HttpException", "file": "E:\\laragon\\www\\inventory\\vendor\\laravel\\framework\\src\\Illuminate\\Foundation\\Http\\Middleware\\PreventRequestsDuringMaintenance.php", "line": 101, "trace": [ { "file": "E:\\...
GET /finance/reports/sales-visitors [finance.reports.sales-visitors] =&gt; GET /finance/reports/sales-visitors [finance.reports.sales-visitors]: application returned server error HTTP 503.
Failed asserting that 503 is less than 500. | Response: { "message": "Service Unavailable", "exception": "Symfony\\Component\\HttpKernel\\Exception\\HttpException", "file": "E:\\laragon\\www\\inventory\\vendor\\laravel\\framework\\src\\Illuminate\\Foundation\\Http\\Middleware\\PreventRequestsDuringMaintenance.php", "line": 101, "trace": [ { "file": "E:\\...
POST /finance/reports/sales-visitors/commission-batches [finance.reports.sales-visitors.commission-batches.store] =&gt; POST /finance/reports/sales-visitors/commission-batches [finance.reports.sales-visitors.commission-batches.store]: application returned server error HTTP 503.
Failed asserting that 503 is less than 500. | Response: { "message": "Service Unavailable", "exception": "Symfony\\Component\\HttpKernel\\Exception\\HttpException", "file": "E:\\laragon\\www\\inventory\\vendor\\laravel\\framework\\src\\Illuminate\\Foundation\\Http\\Middleware\\PreventRequestsDuringMaintenance.php", "line": 101, "trace": [ { "file": "E:\\...
GET /finance/reports/sales-visitors/commission-batches/{batch} [finance.reports.sales-visitors.commission-batches.show] =&gt; GET /finance/reports/sales-visitors/commission-batches/{batch} [finance.reports.sales-visitors.commission-batches.show]: application returned server error HTTP 503.
Failed asserting that 503 is less than 500. | Response: { "message": "Service Unavailable", "exception": "Symfony\\Component\\HttpKernel\\Exception\\HttpException", "file": "E:\\laragon\\www\\inventory\\vendor\\laravel\\framework\\src\\Illuminate\\Foundation\\Http\\Middleware\\PreventRequestsDuringMaintenance.php", "line": 101, "trace": [ { "file": "E:\\...
GET /finance/reports/sales-visitors/commission-batches/{batch}/export [finance.reports.sales-visitors.commission-batches.export] =&gt; GET /finance/reports/sales-visitors/commission-batches/{batch}/export [finance.reports.sales-visitors.commission-batches.export]: application returned server error HTTP 503.
Failed asserting that 503 is less than 500. | Response: { "message": "Service Unavailable", "exception": "Symfony\\Component\\HttpKernel\\Exception\\HttpException", "file": "E:\\laragon\\www\\inventory\\vendor\\laravel\\framework\\src\\Illuminate\\Foundation\\Http\\Middleware\\PreventRequestsDuringMaintenance.php", "line": 101, "trace": [ { "file": "E:\\...
GET /finance/reports/sales-visitors/commission-batches/{batch}/print [finance.reports.sales-visitors.commission-batches.print] =&gt; GET /finance/reports/sales-visitors/commission-batches/{batch}/print [finance.reports.sales-visitors.commission-batches.print]: application returned server error HTTP 503.
Failed asserting that 503 is less than 500. | Response: { "message": "Service Unavailable", "exception": "Symfony\\Component\\HttpKernel\\Exception\\HttpException", "file": "E:\\laragon\\www\\inventory\\vendor\\laravel\\framework\\src\\Illuminate\\Foundation\\Http\\Middleware\\PreventRequestsDuringMaintenance.php", "line": 101, "trace": [ { "file": "E:\\...
GET /finance/reports/seller-commission-documents [finance.seller-sales.index] =&gt; GET /finance/reports/seller-commission-documents [finance.seller-sales.index]: application returned server error HTTP 503.
Failed asserting that 503 is less than 500. | Response: { "message": "Service Unavailable", "exception": "Symfony\\Component\\HttpKernel\\Exception\\HttpException", "file": "E:\\laragon\\www\\inventory\\vendor\\laravel\\framework\\src\\Illuminate\\Foundation\\Http\\Middleware\\PreventRequestsDuringMaintenance.php", "line": 101, "trace": [ { "file": "E:\\...
GET /finance/reports/seller-commission-documents/create [finance.seller-sales.create] =&gt; GET /finance/reports/seller-commission-documents/create [finance.seller-sales.create]: application returned server error HTTP 503.
Failed asserting that 503 is less than 500. | Response: { "message": "Service Unavailable", "exception": "Symfony\\Component\\HttpKernel\\Exception\\HttpException", "file": "E:\\laragon\\www\\inventory\\vendor\\laravel\\framework\\src\\Illuminate\\Foundation\\Http\\Middleware\\PreventRequestsDuringMaintenance.php", "line": 101, "trace": [ { "file": "E:\\...
GET /finance/reports/seller-commission-documents/available-invoices [finance.seller-sales.available-invoices] =&gt; GET /finance/reports/seller-commission-documents/available-invoices [finance.seller-sales.available-invoices]: application returned server error HTTP 503.
Failed asserting that 503 is less than 500. | Response: { "message": "Service Unavailable", "exception": "Symfony\\Component\\HttpKernel\\Exception\\HttpException", "file": "E:\\laragon\\www\\inventory\\vendor\\laravel\\framework\\src\\Illuminate\\Foundation\\Http\\Middleware\\PreventRequestsDuringMaintenance.php", "line": 101, "trace": [ { "file": "E:\\...
POST /finance/reports/seller-commission-documents [finance.seller-sales.store] =&gt; POST /finance/reports/seller-commission-documents [finance.seller-sales.store]: application returned server error HTTP 503.
Failed asserting that 503 is less than 500. | Response: { "message": "Service Unavailable", "exception": "Symfony\\Component\\HttpKernel\\Exception\\HttpException", "file": "E:\\laragon\\www\\inventory\\vendor\\laravel\\framework\\src\\Illuminate\\Foundation\\Http\\Middleware\\PreventRequestsDuringMaintenance.php", "line": 101, "trace": [ { "file": "E:\\...
GET /finance/reports/seller-commission-documents/{document} [finance.seller-sales.show] =&gt; GET /finance/reports/seller-commission-documents/{document} [finance.seller-sales.show]: application returned server error HTTP 503.
Failed asserting that 503 is less than 500. | Response: { "message": "Service Unavailable", "exception": "Symfony\\Component\\HttpKernel\\Exception\\HttpException", "file": "E:\\laragon\\www\\inventory\\vendor\\laravel\\framework\\src\\Illuminate\\Foundation\\Http\\Middleware\\PreventRequestsDuringMaintenance.php", "line": 101, "trace": [ { "file": "E:\\...
GET /finance/reports/seller-commission-documents/{document}/edit [finance.seller-sales.edit] =&gt; GET /finance/reports/seller-commission-documents/{document}/edit [finance.seller-sales.edit]: application returned server error HTTP 503.
Failed asserting that 503 is less than 500. | Response: { "message": "Service Unavailable", "exception": "Symfony\\Component\\HttpKernel\\Exception\\HttpException", "file": "E:\\laragon\\www\\inventory\\vendor\\laravel\\framework\\src\\Illuminate\\Foundation\\Http\\Middleware\\PreventRequestsDuringMaintenance.php", "line": 101, "trace": [ { "file": "E:\\...
PUT /finance/reports/seller-commission-documents/{document} [finance.seller-sales.update] =&gt; PUT /finance/reports/seller-commission-documents/{document} [finance.seller-sales.update]: application returned server error HTTP 503.
Failed asserting that 503 is less than 500. | Response: { "message": "Service Unavailable", "exception": "Symfony\\Component\\HttpKernel\\Exception\\HttpException", "file": "E:\\laragon\\www\\inventory\\vendor\\laravel\\framework\\src\\Illuminate\\Foundation\\Http\\Middleware\\PreventRequestsDuringMaintenance.php", "line": 101, "trace": [ { "file": "E:\\...
GET /finance/reports/seller-commission-documents/{document}/print [finance.seller-sales.print] =&gt; GET /finance/reports/seller-commission-documents/{document}/print [finance.seller-sales.print]: application returned server error HTTP 503.
Failed asserting that 503 is less than 500. | Response: { "message": "Service Unavailable", "exception": "Symfony\\Component\\HttpKernel\\Exception\\HttpException", "file": "E:\\laragon\\www\\inventory\\vendor\\laravel\\framework\\src\\Illuminate\\Foundation\\Http\\Middleware\\PreventRequestsDuringMaintenance.php", "line": 101, "trace": [ { "file": "E:\\...
GET /vouchers/section/return-from-sale [vouchers.return-from-sale.index] =&gt; GET /vouchers/section/return-from-sale [vouchers.return-from-sale.index]: application returned server error HTTP 503.
Failed asserting that 503 is less than 500. | Response: { "message": "Service Unavailable", "exception": "Symfony\\Component\\HttpKernel\\Exception\\HttpException", "file": "E:\\laragon\\www\\inventory\\vendor\\laravel\\framework\\src\\Illuminate\\Foundation\\Http\\Middleware\\PreventRequestsDuringMaintenance.php", "line": 101, "trace": [ { "file": "E:\\...
GET /vouchers/section/return-from-sale/data [vouchers.return-from-sale.data] =&gt; GET /vouchers/section/return-from-sale/data [vouchers.return-from-sale.data]: application returned server error HTTP 503.
Failed asserting that 503 is less than 500. | Response: { "message": "Service Unavailable", "exception": "Symfony\\Component\\HttpKernel\\Exception\\HttpException", "file": "E:\\laragon\\www\\inventory\\vendor\\laravel\\framework\\src\\Illuminate\\Foundation\\Http\\Middleware\\PreventRequestsDuringMaintenance.php", "line": 101, "trace": [ { "file": "E:\\...
GET /vouchers/section/return-from-sale/create [vouchers.return-from-sale.create] =&gt; GET /vouchers/section/return-from-sale/create [vouchers.return-from-sale.create]: application returned server error HTTP 503.
Failed asserting that 503 is less than 500. | Response: { "message": "Service Unavailable", "exception": "Symfony\\Component\\HttpKernel\\Exception\\HttpException", "file": "E:\\laragon\\www\\inventory\\vendor\\laravel\\framework\\src\\Illuminate\\Foundation\\Http\\Middleware\\PreventRequestsDuringMaintenance.php", "line": 101, "trace": [ { "file": "E:\\...
POST /vouchers/section/return-from-sale [vouchers.return-from-sale.store] =&gt; POST /vouchers/section/return-from-sale [vouchers.return-from-sale.store]: application returned server error HTTP 503.
Failed asserting that 503 is less than 500. | Response: { "message": "Service Unavailable", "exception": "Symfony\\Component\\HttpKernel\\Exception\\HttpException", "file": "E:\\laragon\\www\\inventory\\vendor\\laravel\\framework\\src\\Illuminate\\Foundation\\Http\\Middleware\\PreventRequestsDuringMaintenance.php", "line": 101, "trace": [ { "file": "E:\\...
GET /vouchers/section/return-from-sale/customers/search [vouchers.return-from-sale.customers.search] =&gt; GET /vouchers/section/return-from-sale/customers/search [vouchers.return-from-sale.customers.search]: application returned server error HTTP 503.
Failed asserting that 503 is less than 500. | Response: { "message": "Service Unavailable", "exception": "Symfony\\Component\\HttpKernel\\Exception\\HttpException", "file": "E:\\laragon\\www\\inventory\\vendor\\laravel\\framework\\src\\Illuminate\\Foundation\\Http\\Middleware\\PreventRequestsDuringMaintenance.php", "line": 101, "trace": [ { "file": "E:\\...
GET /vouchers/section/return-from-sale/customers/{customer}/invoices [vouchers.return-from-sale.customers.invoices] =&gt; GET /vouchers/section/return-from-sale/customers/{customer}/invoices [vouchers.return-from-sale.customers.invoices]: application returned server error HTTP 503.
Failed asserting that 503 is less than 500. | Response: { "message": "Service Unavailable", "exception": "Symfony\\Component\\HttpKernel\\Exception\\HttpException", "file": "E:\\laragon\\www\\inventory\\vendor\\laravel\\framework\\src\\Illuminate\\Foundation\\Http\\Middleware\\PreventRequestsDuringMaintenance.php", "line": 101, "trace": [ { "file": "E:\\...
GET /vouchers/section/return-from-sale/invoices/{invoice}/items [vouchers.return-from-sale.invoices.items] =&gt; GET /vouchers/section/return-from-sale/invoices/{invoice}/items [vouchers.return-from-sale.invoices.items]: application returned server error HTTP 503.
Failed asserting that 503 is less than 500. | Response: { "message": "Service Unavailable", "exception": "Symfony\\Component\\HttpKernel\\Exception\\HttpException", "file": "E:\\laragon\\www\\inventory\\vendor\\laravel\\framework\\src\\Illuminate\\Foundation\\Http\\Middleware\\PreventRequestsDuringMaintenance.php", "line": 101, "trace": [ { "file": "E:\\...
GET /vouchers/section/return-from-sale/categories [vouchers.return-from-sale.categories.index] =&gt; GET /vouchers/section/return-from-sale/categories [vouchers.return-from-sale.categories.index]: application returned server error HTTP 503.
Failed asserting that 503 is less than 500. | Response: { "message": "Service Unavailable", "exception": "Symfony\\Component\\HttpKernel\\Exception\\HttpException", "file": "E:\\laragon\\www\\inventory\\vendor\\laravel\\framework\\src\\Illuminate\\Foundation\\Http\\Middleware\\PreventRequestsDuringMaintenance.php", "line": 101, "trace": [ { "file": "E:\\...
GET /vouchers/section/return-from-sale/categories/{category}/products [vouchers.return-from-sale.categories.products] =&gt; GET /vouchers/section/return-from-sale/categories/{category}/products [vouchers.return-from-sale.categories.products]: application returned server error HTTP 503.
Failed asserting that 503 is less than 500. | Response: { "message": "Service Unavailable", "exception": "Symfony\\Component\\HttpKernel\\Exception\\HttpException", "file": "E:\\laragon\\www\\inventory\\vendor\\laravel\\framework\\src\\Illuminate\\Foundation\\Http\\Middleware\\PreventRequestsDuringMaintenance.php", "line": 101, "trace": [ { "file": "E:\\...
GET /vouchers/section/return-from-sale/products/search [vouchers.return-from-sale.products.search] =&gt; GET /vouchers/section/return-from-sale/products/search [vouchers.return-from-sale.products.search]: application returned server error HTTP 503.
Failed asserting that 503 is less than 500. | Response: { "message": "Service Unavailable", "exception": "Symfony\\Component\\HttpKernel\\Exception\\HttpException", "file": "E:\\laragon\\www\\inventory\\vendor\\laravel\\framework\\src\\Illuminate\\Foundation\\Http\\Middleware\\PreventRequestsDuringMaintenance.php", "line": 101, "trace": [ { "file": "E:\\...
GET /vouchers/section/return-from-sale/products/{product}/variants [vouchers.return-from-sale.products.variants] =&gt; GET /vouchers/section/return-from-sale/products/{product}/variants [vouchers.return-from-sale.products.variants]: application returned server error HTTP 503.
Failed asserting that 503 is less than 500. | Response: { "message": "Service Unavailable", "exception": "Symfony\\Component\\HttpKernel\\Exception\\HttpException", "file": "E:\\laragon\\www\\inventory\\vendor\\laravel\\framework\\src\\Illuminate\\Foundation\\Http\\Middleware\\PreventRequestsDuringMaintenance.php", "line": 101, "trace": [ { "file": "E:\\...
POST /vouchers/section/return-from-sale/preview [vouchers.return-from-sale.preview] =&gt; POST /vouchers/section/return-from-sale/preview [vouchers.return-from-sale.preview]: application returned server error HTTP 503.
Failed asserting that 503 is less than 500. | Response: { "message": "Service Unavailable", "exception": "Symfony\\Component\\HttpKernel\\Exception\\HttpException", "file": "E:\\laragon\\www\\inventory\\vendor\\laravel\\framework\\src\\Illuminate\\Foundation\\Http\\Middleware\\PreventRequestsDuringMaintenance.php", "line": 101, "trace": [ { "file": "E:\\...
GET /vouchers/section/return-from-sale/export/excel [vouchers.return-from-sale.export.excel] =&gt; GET /vouchers/section/return-from-sale/export/excel [vouchers.return-from-sale.export.excel]: application returned server error HTTP 503.
Failed asserting that 503 is less than 500. | Response: { "message": "Service Unavailable", "exception": "Symfony\\Component\\HttpKernel\\Exception\\HttpException", "file": "E:\\laragon\\www\\inventory\\vendor\\laravel\\framework\\src\\Illuminate\\Foundation\\Http\\Middleware\\PreventRequestsDuringMaintenance.php", "line": 101, "trace": [ { "file": "E:\\...
GET /vouchers/section/return-from-sale/export/pdf [vouchers.return-from-sale.export.pdf] =&gt; GET /vouchers/section/return-from-sale/export/pdf [vouchers.return-from-sale.export.pdf]: application returned server error HTTP 503.
Failed asserting that 503 is less than 500. | Response: { "message": "Service Unavailable", "exception": "Symfony\\Component\\HttpKernel\\Exception\\HttpException", "file": "E:\\laragon\\www\\inventory\\vendor\\laravel\\framework\\src\\Illuminate\\Foundation\\Http\\Middleware\\PreventRequestsDuringMaintenance.php", "line": 101, "trace": [ { "file": "E:\\...
GET /vouchers/section/return-from-sale/print [vouchers.return-from-sale.print-report] =&gt; GET /vouchers/section/return-from-sale/print [vouchers.return-from-sale.print-report]: application returned server error HTTP 503.
Failed asserting that 503 is less than 500. | Response: { "message": "Service Unavailable", "exception": "Symfony\\Component\\HttpKernel\\Exception\\HttpException", "file": "E:\\laragon\\www\\inventory\\vendor\\laravel\\framework\\src\\Illuminate\\Foundation\\Http\\Middleware\\PreventRequestsDuringMaintenance.php", "line": 101, "trace": [ { "file": "E:\\...
GET /vouchers/section/return-from-sale/print/customers [vouchers.return-from-sale.print.customers] =&gt; GET /vouchers/section/return-from-sale/print/customers [vouchers.return-from-sale.print.customers]: application returned server error HTTP 503.
Failed asserting that 503 is less than 500. | Response: { "message": "Service Unavailable", "exception": "Symfony\\Component\\HttpKernel\\Exception\\HttpException", "file": "E:\\laragon\\www\\inventory\\vendor\\laravel\\framework\\src\\Illuminate\\Foundation\\Http\\Middleware\\PreventRequestsDuringMaintenance.php", "line": 101, "trace": [ { "file": "E:\\...
GET /vouchers/section/return-from-sale/print/products [vouchers.return-from-sale.print.products] =&gt; GET /vouchers/section/return-from-sale/print/products [vouchers.return-from-sale.print.products]: application returned server error HTTP 503.
Failed asserting that 503 is less than 500. | Response: { "message": "Service Unavailable", "exception": "Symfony\\Component\\HttpKernel\\Exception\\HttpException", "file": "E:\\laragon\\www\\inventory\\vendor\\laravel\\framework\\src\\Illuminate\\Foundation\\Http\\Middleware\\PreventRequestsDuringMaintenance.php", "line": 101, "trace": [ { "file": "E:\\...
GET /vouchers/section/return-from-sale/legacy/{transfer}/print [vouchers.return-from-sale.legacy.print] =&gt; GET /vouchers/section/return-from-sale/legacy/{transfer}/print [vouchers.return-from-sale.legacy.print]: application returned server error HTTP 503.
Failed asserting that 503 is less than 500. | Response: { "message": "Service Unavailable", "exception": "Symfony\\Component\\HttpKernel\\Exception\\HttpException", "file": "E:\\laragon\\www\\inventory\\vendor\\laravel\\framework\\src\\Illuminate\\Foundation\\Http\\Middleware\\PreventRequestsDuringMaintenance.php", "line": 101, "trace": [ { "file": "E:\\...
GET /vouchers/section/return-from-sale/{document} [vouchers.return-from-sale.show] =&gt; GET /vouchers/section/return-from-sale/{document} [vouchers.return-from-sale.show]: application returned server error HTTP 503.
Failed asserting that 503 is less than 500. | Response: { "message": "Service Unavailable", "exception": "Symfony\\Component\\HttpKernel\\Exception\\HttpException", "file": "E:\\laragon\\www\\inventory\\vendor\\laravel\\framework\\src\\Illuminate\\Foundation\\Http\\Middleware\\PreventRequestsDuringMaintenance.php", "line": 101, "trace": [ { "file": "E:\\...
GET /vouchers/section/return-from-sale/{document}/edit [vouchers.return-from-sale.edit] =&gt; GET /vouchers/section/return-from-sale/{document}/edit [vouchers.return-from-sale.edit]: application returned server error HTTP 503.
Failed asserting that 503 is less than 500. | Response: { "message": "Service Unavailable", "exception": "Symfony\\Component\\HttpKernel\\Exception\\HttpException", "file": "E:\\laragon\\www\\inventory\\vendor\\laravel\\framework\\src\\Illuminate\\Foundation\\Http\\Middleware\\PreventRequestsDuringMaintenance.php", "line": 101, "trace": [ { "file": "E:\\...
GET /vouchers/section/return-from-sale/{document}/applied-edit [vouchers.return-from-sale.applied.edit] =&gt; GET /vouchers/section/return-from-sale/{document}/applied-edit [vouchers.return-from-sale.applied.edit]: application returned server error HTTP 503.
Failed asserting that 503 is less than 500. | Response: { "message": "Service Unavailable", "exception": "Symfony\\Component\\HttpKernel\\Exception\\HttpException", "file": "E:\\laragon\\www\\inventory\\vendor\\laravel\\framework\\src\\Illuminate\\Foundation\\Http\\Middleware\\PreventRequestsDuringMaintenance.php", "line": 101, "trace": [ { "file": "E:\\...
PATCH /vouchers/section/return-from-sale/{document}/applied-update [vouchers.return-from-sale.applied.update] =&gt; PATCH /vouchers/section/return-from-sale/{document}/applied-update [vouchers.return-from-sale.applied.update]: application returned server error HTTP 503.
Failed asserting that 503 is less than 500. | Response: { "message": "Service Unavailable", "exception": "Symfony\\Component\\HttpKernel\\Exception\\HttpException", "file": "E:\\laragon\\www\\inventory\\vendor\\laravel\\framework\\src\\Illuminate\\Foundation\\Http\\Middleware\\PreventRequestsDuringMaintenance.php", "line": 101, "trace": [ { "file": "E:\\...
POST /vouchers/section/return-from-sale/{document}/void [vouchers.return-from-sale.applied.void] =&gt; POST /vouchers/section/return-from-sale/{document}/void [vouchers.return-from-sale.applied.void]: application returned server error HTTP 503.
Failed asserting that 503 is less than 500. | Response: { "message": "Service Unavailable", "exception": "Symfony\\Component\\HttpKernel\\Exception\\HttpException", "file": "E:\\laragon\\www\\inventory\\vendor\\laravel\\framework\\src\\Illuminate\\Foundation\\Http\\Middleware\\PreventRequestsDuringMaintenance.php", "line": 101, "trace": [ { "file": "E:\\...
PATCH /vouchers/section/return-from-sale/{document} [vouchers.return-from-sale.update] =&gt; PATCH /vouchers/section/return-from-sale/{document} [vouchers.return-from-sale.update]: application returned server error HTTP 503.
Failed asserting that 503 is less than 500. | Response: { "message": "Service Unavailable", "exception": "Symfony\\Component\\HttpKernel\\Exception\\HttpException", "file": "E:\\laragon\\www\\inventory\\vendor\\laravel\\framework\\src\\Illuminate\\Foundation\\Http\\Middleware\\PreventRequestsDuringMaintenance.php", "line": 101, "trace": [ { "file": "E:\\...
POST /vouchers/section/return-from-sale/{document}/apply [vouchers.return-from-sale.apply] =&gt; POST /vouchers/section/return-from-sale/{document}/apply [vouchers.return-from-sale.apply]: application returned server error HTTP 503.
Failed asserting that 503 is less than 500. | Response: { "message": "Service Unavailable", "exception": "Symfony\\Component\\HttpKernel\\Exception\\HttpException", "file": "E:\\laragon\\www\\inventory\\vendor\\laravel\\framework\\src\\Illuminate\\Foundation\\Http\\Middleware\\PreventRequestsDuringMaintenance.php", "line": 101, "trace": [ { "file": "E:\\...
POST /vouchers/section/return-from-sale/{document}/cancel [vouchers.return-from-sale.cancel] =&gt; POST /vouchers/section/return-from-sale/{document}/cancel [vouchers.return-from-sale.cancel]: application returned server error HTTP 503.
Failed asserting that 503 is less than 500. | Response: { "message": "Service Unavailable", "exception": "Symfony\\Component\\HttpKernel\\Exception\\HttpException", "file": "E:\\laragon\\www\\inventory\\vendor\\laravel\\framework\\src\\Illuminate\\Foundation\\Http\\Middleware\\PreventRequestsDuringMaintenance.php", "line": 101, "trace": [ { "file": "E:\\...
GET /vouchers/section/return-from-sale/{document}/print [vouchers.return-from-sale.print] =&gt; GET /vouchers/section/return-from-sale/{document}/print [vouchers.return-from-sale.print]: application returned server error HTTP 503.
Failed asserting that 503 is less than 500. | Response: { "message": "Service Unavailable", "exception": "Symfony\\Component\\HttpKernel\\Exception\\HttpException", "file": "E:\\laragon\\www\\inventory\\vendor\\laravel\\framework\\src\\Illuminate\\Foundation\\Http\\Middleware\\PreventRequestsDuringMaintenance.php", "line": 101, "trace": [ { "file": "E:\\...
GET /vouchers/section/return-from-sale/{document}/pdf [vouchers.return-from-sale.pdf] =&gt; GET /vouchers/section/return-from-sale/{document}/pdf [vouchers.return-from-sale.pdf]: application returned server error HTTP 503.
Failed asserting that 503 is less than 500. | Response: { "message": "Service Unavailable", "exception": "Symfony\\Component\\HttpKernel\\Exception\\HttpException", "file": "E:\\laragon\\www\\inventory\\vendor\\laravel\\framework\\src\\Illuminate\\Foundation\\Http\\Middleware\\PreventRequestsDuringMaintenance.php", "line": 101, "trace": [ { "file": "E:\\...
GET /vouchers/section/personnel/categories/{category}/children [vouchers.personnel.categories.children] =&gt; GET /vouchers/section/personnel/categories/{category}/children [vouchers.personnel.categories.children]: application returned server error HTTP 503.
Failed asserting that 503 is less than 500. | Response: { "message": "Service Unavailable", "exception": "Symfony\\Component\\HttpKernel\\Exception\\HttpException", "file": "E:\\laragon\\www\\inventory\\vendor\\laravel\\framework\\src\\Illuminate\\Foundation\\Http\\Middleware\\PreventRequestsDuringMaintenance.php", "line": 101, "trace": [ { "file": "E:\\...
GET /vouchers/section/personnel/products/search [vouchers.personnel.products.search] =&gt; GET /vouchers/section/personnel/products/search [vouchers.personnel.products.search]: application returned server error HTTP 503.
Failed asserting that 503 is less than 500. | Response: { "message": "Service Unavailable", "exception": "Symfony\\Component\\HttpKernel\\Exception\\HttpException", "file": "E:\\laragon\\www\\inventory\\vendor\\laravel\\framework\\src\\Illuminate\\Foundation\\Http\\Middleware\\PreventRequestsDuringMaintenance.php", "line": 101, "trace": [ { "file": "E:\\...
GET /vouchers/section/personnel/products/{product}/variants [vouchers.personnel.products.variants] =&gt; GET /vouchers/section/personnel/products/{product}/variants [vouchers.personnel.products.variants]: application returned server error HTTP 503.
Failed asserting that 503 is less than 500. | Response: { "message": "Service Unavailable", "exception": "Symfony\\Component\\HttpKernel\\Exception\\HttpException", "file": "E:\\laragon\\www\\inventory\\vendor\\laravel\\framework\\src\\Illuminate\\Foundation\\Http\\Middleware\\PreventRequestsDuringMaintenance.php", "line": 101, "trace": [ { "file": "E:\\...
GET /vouchers/section/{type} [vouchers.section.index] =&gt; GET /vouchers/section/{type} [vouchers.section.index]: application returned server error HTTP 503.
Failed asserting that 503 is less than 500. | Response: { "message": "Service Unavailable", "exception": "Symfony\\Component\\HttpKernel\\Exception\\HttpException", "file": "E:\\laragon\\www\\inventory\\vendor\\laravel\\framework\\src\\Illuminate\\Foundation\\Http\\Middleware\\PreventRequestsDuringMaintenance.php", "line": 101, "trace": [ { "file": "E:\\...
GET /vouchers/section/{type}/create [vouchers.section.create] =&gt; GET /vouchers/section/{type}/create [vouchers.section.create]: application returned server error HTTP 503.
Failed asserting that 503 is less than 500. | Response: { "message": "Service Unavailable", "exception": "Symfony\\Component\\HttpKernel\\Exception\\HttpException", "file": "E:\\laragon\\www\\inventory\\vendor\\laravel\\framework\\src\\Illuminate\\Foundation\\Http\\Middleware\\PreventRequestsDuringMaintenance.php", "line": 101, "trace": [ { "file": "E:\\...
POST /vouchers/section/{type} [vouchers.section.store] =&gt; POST /vouchers/section/{type} [vouchers.section.store]: application returned server error HTTP 503.
Failed asserting that 503 is less than 500. | Response: { "message": "Service Unavailable", "exception": "Symfony\\Component\\HttpKernel\\Exception\\HttpException", "file": "E:\\laragon\\www\\inventory\\vendor\\laravel\\framework\\src\\Illuminate\\Foundation\\Http\\Middleware\\PreventRequestsDuringMaintenance.php", "line": 101, "trace": [ { "file": "E:\\...
GET /vouchers/create [vouchers.create] =&gt; GET /vouchers/create [vouchers.create]: application returned server error HTTP 503.
Failed asserting that 503 is less than 500. | Response: { "message": "Service Unavailable", "exception": "Symfony\\Component\\HttpKernel\\Exception\\HttpException", "file": "E:\\laragon\\www\\inventory\\vendor\\laravel\\framework\\src\\Illuminate\\Foundation\\Http\\Middleware\\PreventRequestsDuringMaintenance.php", "line": 101, "trace": [ { "file": "E:\\...
POST /vouchers [vouchers.store] =&gt; POST /vouchers [vouchers.store]: application returned server error HTTP 503.
Failed asserting that 503 is less than 500. | Response: { "message": "Service Unavailable", "exception": "Symfony\\Component\\HttpKernel\\Exception\\HttpException", "file": "E:\\laragon\\www\\inventory\\vendor\\laravel\\framework\\src\\Illuminate\\Foundation\\Http\\Middleware\\PreventRequestsDuringMaintenance.php", "line": 101, "trace": [ { "file": "E:\\...
GET /vouchers/invoice/{uuid}/products [vouchers.invoice.products] =&gt; GET /vouchers/invoice/{uuid}/products [vouchers.invoice.products]: application returned server error HTTP 503.
Failed asserting that 503 is less than 500. | Response: { "message": "Service Unavailable", "exception": "Symfony\\Component\\HttpKernel\\Exception\\HttpException", "file": "E:\\laragon\\www\\inventory\\vendor\\laravel\\framework\\src\\Illuminate\\Foundation\\Http\\Middleware\\PreventRequestsDuringMaintenance.php", "line": 101, "trace": [ { "file": "E:\\...
GET /vouchers/sale-delivery [vouchers.sale-delivery.index] =&gt; GET /vouchers/sale-delivery [vouchers.sale-delivery.index]: application returned server error HTTP 503.
Failed asserting that 503 is less than 500. | Response: { "message": "Service Unavailable", "exception": "Symfony\\Component\\HttpKernel\\Exception\\HttpException", "file": "E:\\laragon\\www\\inventory\\vendor\\laravel\\framework\\src\\Illuminate\\Foundation\\Http\\Middleware\\PreventRequestsDuringMaintenance.php", "line": 101, "trace": [ { "file": "E:\\...
GET /vouchers/sale-delivery/{uuid}/edit [vouchers.sale-delivery.edit] =&gt; GET /vouchers/sale-delivery/{uuid}/edit [vouchers.sale-delivery.edit]: application returned server error HTTP 503.
Failed asserting that 503 is less than 500. | Response: { "message": "Service Unavailable", "exception": "Symfony\\Component\\HttpKernel\\Exception\\HttpException", "file": "E:\\laragon\\www\\inventory\\vendor\\laravel\\framework\\src\\Illuminate\\Foundation\\Http\\Middleware\\PreventRequestsDuringMaintenance.php", "line": 101, "trace": [ { "file": "E:\\...
PUT /vouchers/sale-delivery/{uuid} [vouchers.sale-delivery.update] =&gt; PUT /vouchers/sale-delivery/{uuid} [vouchers.sale-delivery.update]: application returned server error HTTP 503.
Failed asserting that 503 is less than 500. | Response: { "message": "Service Unavailable", "exception": "Symfony\\Component\\HttpKernel\\Exception\\HttpException", "file": "E:\\laragon\\www\\inventory\\vendor\\laravel\\framework\\src\\Illuminate\\Foundation\\Http\\Middleware\\PreventRequestsDuringMaintenance.php", "line": 101, "trace": [ { "file": "E:\\...
GET /vouchers/return/customers/{customer}/invoices [vouchers.return.customer-invoices] =&gt; GET /vouchers/return/customers/{customer}/invoices [vouchers.return.customer-invoices]: application returned server error HTTP 503.
Failed asserting that 503 is less than 500. | Response: { "message": "Service Unavailable", "exception": "Symfony\\Component\\HttpKernel\\Exception\\HttpException", "file": "E:\\laragon\\www\\inventory\\vendor\\laravel\\framework\\src\\Illuminate\\Foundation\\Http\\Middleware\\PreventRequestsDuringMaintenance.php", "line": 101, "trace": [ { "file": "E:\\...
GET /notifications [notifications.index] =&gt; GET /notifications [notifications.index]: application returned server error HTTP 503.
Failed asserting that 503 is less than 500. | Response: { "message": "Service Unavailable", "exception": "Symfony\\Component\\HttpKernel\\Exception\\HttpException", "file": "E:\\laragon\\www\\inventory\\vendor\\laravel\\framework\\src\\Illuminate\\Foundation\\Http\\Middleware\\PreventRequestsDuringMaintenance.php", "line": 101, "trace": [ { "file": "E:\\...
GET /notifications/latest [notifications.latest] =&gt; GET /notifications/latest [notifications.latest]: application returned server error HTTP 503.
Failed asserting that 503 is less than 500. | Response: { "message": "Service Unavailable", "exception": "Symfony\\Component\\HttpKernel\\Exception\\HttpException", "file": "E:\\laragon\\www\\inventory\\vendor\\laravel\\framework\\src\\Illuminate\\Foundation\\Http\\Middleware\\PreventRequestsDuringMaintenance.php", "line": 101, "trace": [ { "file": "E:\\...
GET /notifications/unread-count [notifications.unread-count] =&gt; GET /notifications/unread-count [notifications.unread-count]: application returned server error HTTP 503.
Failed asserting that 503 is less than 500. | Response: { "message": "Service Unavailable", "exception": "Symfony\\Component\\HttpKernel\\Exception\\HttpException", "file": "E:\\laragon\\www\\inventory\\vendor\\laravel\\framework\\src\\Illuminate\\Foundation\\Http\\Middleware\\PreventRequestsDuringMaintenance.php", "line": 101, "trace": [ { "file": "E:\\...
POST /notifications/{notification}/read [notifications.read] =&gt; POST /notifications/{notification}/read [notifications.read]: application returned server error HTTP 503.
Failed asserting that 503 is less than 500. | Response: { "message": "Service Unavailable", "exception": "Symfony\\Component\\HttpKernel\\Exception\\HttpException", "file": "E:\\laragon\\www\\inventory\\vendor\\laravel\\framework\\src\\Illuminate\\Foundation\\Http\\Middleware\\PreventRequestsDuringMaintenance.php", "line": 101, "trace": [ { "file": "E:\\...
POST /notifications/read-all [notifications.read-all] =&gt; POST /notifications/read-all [notifications.read-all]: application returned server error HTTP 503.
Failed asserting that 503 is less than 500. | Response: { "message": "Service Unavailable", "exception": "Symfony\\Component\\HttpKernel\\Exception\\HttpException", "file": "E:\\laragon\\www\\inventory\\vendor\\laravel\\framework\\src\\Illuminate\\Foundation\\Http\\Middleware\\PreventRequestsDuringMaintenance.php", "line": 101, "trace": [ { "file": "E:\\...
GET /notifications/{notification}/open [notifications.open] =&gt; GET /notifications/{notification}/open [notifications.open]: application returned server error HTTP 503.
Failed asserting that 503 is less than 500. | Response: { "message": "Service Unavailable", "exception": "Symfony\\Component\\HttpKernel\\Exception\\HttpException", "file": "E:\\laragon\\www\\inventory\\vendor\\laravel\\framework\\src\\Illuminate\\Foundation\\Http\\Middleware\\PreventRequestsDuringMaintenance.php", "line": 101, "trace": [ { "file": "E:\\...
GET /vouchers/{voucher} [vouchers.show] =&gt; GET /vouchers/{voucher} [vouchers.show]: application returned server error HTTP 503.
Failed asserting that 503 is less than 500. | Response: { "message": "Service Unavailable", "exception": "Symfony\\Component\\HttpKernel\\Exception\\HttpException", "file": "E:\\laragon\\www\\inventory\\vendor\\laravel\\framework\\src\\Illuminate\\Foundation\\Http\\Middleware\\PreventRequestsDuringMaintenance.php", "line": 101, "trace": [ { "file": "E:\\...
GET /vouchers/{voucher}/edit [vouchers.edit] =&gt; GET /vouchers/{voucher}/edit [vouchers.edit]: application returned server error HTTP 503.
Failed asserting that 503 is less than 500. | Response: { "message": "Service Unavailable", "exception": "Symfony\\Component\\HttpKernel\\Exception\\HttpException", "file": "E:\\laragon\\www\\inventory\\vendor\\laravel\\framework\\src\\Illuminate\\Foundation\\Http\\Middleware\\PreventRequestsDuringMaintenance.php", "line": 101, "trace": [ { "file": "E:\\...
PUT /vouchers/{voucher} [vouchers.update] =&gt; PUT /vouchers/{voucher} [vouchers.update]: application returned server error HTTP 503.
Failed asserting that 503 is less than 500. | Response: { "message": "Service Unavailable", "exception": "Symfony\\Component\\HttpKernel\\Exception\\HttpException", "file": "E:\\laragon\\www\\inventory\\vendor\\laravel\\framework\\src\\Illuminate\\Foundation\\Http\\Middleware\\PreventRequestsDuringMaintenance.php", "line": 101, "trace": [ { "file": "E:\\...
DELETE /vouchers/{voucher} [vouchers.destroy] =&gt; DELETE /vouchers/{voucher} [vouchers.destroy]: application returned server error HTTP 503.
Failed asserting that 503 is less than 500. | Response: { "message": "Service Unavailable", "exception": "Symfony\\Component\\HttpKernel\\Exception\\HttpException", "file": "E:\\laragon\\www\\inventory\\vendor\\laravel\\framework\\src\\Illuminate\\Foundation\\Http\\Middleware\\PreventRequestsDuringMaintenance.php", "line": 101, "trace": [ { "file": "E:\\...
GET /warehouse-outputs [warehouse.outputs] =&gt; GET /warehouse-outputs [warehouse.outputs]: application returned server error HTTP 503.
Failed asserting that 503 is less than 500. | Response: { "message": "Service Unavailable", "exception": "Symfony\\Component\\HttpKernel\\Exception\\HttpException", "file": "E:\\laragon\\www\\inventory\\vendor\\laravel\\framework\\src\\Illuminate\\Foundation\\Http\\Middleware\\PreventRequestsDuringMaintenance.php", "line": 101, "trace": [ { "file": "E:\\...
GET /warehouse/asset-trustee [asset.hub] =&gt; GET /warehouse/asset-trustee [asset.hub]: application returned server error HTTP 503.
Failed asserting that 503 is less than 500. | Response: { "message": "Service Unavailable", "exception": "Symfony\\Component\\HttpKernel\\Exception\\HttpException", "file": "E:\\laragon\\www\\inventory\\vendor\\laravel\\framework\\src\\Illuminate\\Foundation\\Http\\Middleware\\PreventRequestsDuringMaintenance.php", "line": 101, "trace": [ { "file": "E:\\...
GET /warehouse/asset-trustee/personnel [asset.personnel.index] =&gt; GET /warehouse/asset-trustee/personnel [asset.personnel.index]: application returned server error HTTP 503.
Failed asserting that 503 is less than 500. | Response: { "message": "Service Unavailable", "exception": "Symfony\\Component\\HttpKernel\\Exception\\HttpException", "file": "E:\\laragon\\www\\inventory\\vendor\\laravel\\framework\\src\\Illuminate\\Foundation\\Http\\Middleware\\PreventRequestsDuringMaintenance.php", "line": 101, "trace": [ { "file": "E:\\...
GET /warehouse/asset-trustee/personnel/create [asset.personnel.create] =&gt; GET /warehouse/asset-trustee/personnel/create [asset.personnel.create]: application returned server error HTTP 503.
Failed asserting that 503 is less than 500. | Response: { "message": "Service Unavailable", "exception": "Symfony\\Component\\HttpKernel\\Exception\\HttpException", "file": "E:\\laragon\\www\\inventory\\vendor\\laravel\\framework\\src\\Illuminate\\Foundation\\Http\\Middleware\\PreventRequestsDuringMaintenance.php", "line": 101, "trace": [ { "file": "E:\\...
POST /warehouse/asset-trustee/personnel [asset.personnel.store] =&gt; POST /warehouse/asset-trustee/personnel [asset.personnel.store]: application returned server error HTTP 503.
Failed asserting that 503 is less than 500. | Response: { "message": "Service Unavailable", "exception": "Symfony\\Component\\HttpKernel\\Exception\\HttpException", "file": "E:\\laragon\\www\\inventory\\vendor\\laravel\\framework\\src\\Illuminate\\Foundation\\Http\\Middleware\\PreventRequestsDuringMaintenance.php", "line": 101, "trace": [ { "file": "E:\\...
GET /warehouse/asset-trustee/personnel/{personnel} [asset.personnel.show] =&gt; GET /warehouse/asset-trustee/personnel/{personnel} [asset.personnel.show]: application returned server error HTTP 503.
Failed asserting that 503 is less than 500. | Response: { "message": "Service Unavailable", "exception": "Symfony\\Component\\HttpKernel\\Exception\\HttpException", "file": "E:\\laragon\\www\\inventory\\vendor\\laravel\\framework\\src\\Illuminate\\Foundation\\Http\\Middleware\\PreventRequestsDuringMaintenance.php", "line": 101, "trace": [ { "file": "E:\\...
GET /warehouse/asset-trustee/personnel/{personnel}/edit [asset.personnel.edit] =&gt; GET /warehouse/asset-trustee/personnel/{personnel}/edit [asset.personnel.edit]: application returned server error HTTP 503.
Failed asserting that 503 is less than 500. | Response: { "message": "Service Unavailable", "exception": "Symfony\\Component\\HttpKernel\\Exception\\HttpException", "file": "E:\\laragon\\www\\inventory\\vendor\\laravel\\framework\\src\\Illuminate\\Foundation\\Http\\Middleware\\PreventRequestsDuringMaintenance.php", "line": 101, "trace": [ { "file": "E:\\...
PUT /warehouse/asset-trustee/personnel/{personnel} [asset.personnel.update] =&gt; PUT /warehouse/asset-trustee/personnel/{personnel} [asset.personnel.update]: application returned server error HTTP 503.
Failed asserting that 503 is less than 500. | Response: { "message": "Service Unavailable", "exception": "Symfony\\Component\\HttpKernel\\Exception\\HttpException", "file": "E:\\laragon\\www\\inventory\\vendor\\laravel\\framework\\src\\Illuminate\\Foundation\\Http\\Middleware\\PreventRequestsDuringMaintenance.php", "line": 101, "trace": [ { "file": "E:\\...
PATCH /warehouse/asset-trustee/personnel/{personnel}/toggle-status [asset.personnel.toggle-status] =&gt; PATCH /warehouse/asset-trustee/personnel/{personnel}/toggle-status [asset.personnel.toggle-status]: application returned server error HTTP 503.
Failed asserting that 503 is less than 500. | Response: { "message": "Service Unavailable", "exception": "Symfony\\Component\\HttpKernel\\Exception\\HttpException", "file": "E:\\laragon\\www\\inventory\\vendor\\laravel\\framework\\src\\Illuminate\\Foundation\\Http\\Middleware\\PreventRequestsDuringMaintenance.php", "line": 101, "trace": [ { "file": "E:\\...
GET /warehouse/asset-trustee/documents [asset.documents.index] =&gt; GET /warehouse/asset-trustee/documents [asset.documents.index]: application returned server error HTTP 503.
Failed asserting that 503 is less than 500. | Response: { "message": "Service Unavailable", "exception": "Symfony\\Component\\HttpKernel\\Exception\\HttpException", "file": "E:\\laragon\\www\\inventory\\vendor\\laravel\\framework\\src\\Illuminate\\Foundation\\Http\\Middleware\\PreventRequestsDuringMaintenance.php", "line": 101, "trace": [ { "file": "E:\\...
GET /warehouse/asset-trustee/documents/create [asset.documents.create] =&gt; GET /warehouse/asset-trustee/documents/create [asset.documents.create]: application returned server error HTTP 503.
Failed asserting that 503 is less than 500. | Response: { "message": "Service Unavailable", "exception": "Symfony\\Component\\HttpKernel\\Exception\\HttpException", "file": "E:\\laragon\\www\\inventory\\vendor\\laravel\\framework\\src\\Illuminate\\Foundation\\Http\\Middleware\\PreventRequestsDuringMaintenance.php", "line": 101, "trace": [ { "file": "E:\\...
POST /warehouse/asset-trustee/documents [asset.documents.store] =&gt; POST /warehouse/asset-trustee/documents [asset.documents.store]: application returned server error HTTP 503.
Failed asserting that 503 is less than 500. | Response: { "message": "Service Unavailable", "exception": "Symfony\\Component\\HttpKernel\\Exception\\HttpException", "file": "E:\\laragon\\www\\inventory\\vendor\\laravel\\framework\\src\\Illuminate\\Foundation\\Http\\Middleware\\PreventRequestsDuringMaintenance.php", "line": 101, "trace": [ { "file": "E:\\...
GET /warehouse/asset-trustee/documents/{document} [asset.documents.show] =&gt; GET /warehouse/asset-trustee/documents/{document} [asset.documents.show]: application returned server error HTTP 503.
Failed asserting that 503 is less than 500. | Response: { "message": "Service Unavailable", "exception": "Symfony\\Component\\HttpKernel\\Exception\\HttpException", "file": "E:\\laragon\\www\\inventory\\vendor\\laravel\\framework\\src\\Illuminate\\Foundation\\Http\\Middleware\\PreventRequestsDuringMaintenance.php", "line": 101, "trace": [ { "file": "E:\\...
GET /warehouse/asset-trustee/documents/{document}/view [asset.documents.view] =&gt; GET /warehouse/asset-trustee/documents/{document}/view [asset.documents.view]: application returned server error HTTP 503.
Failed asserting that 503 is less than 500. | Response: { "message": "Service Unavailable", "exception": "Symfony\\Component\\HttpKernel\\Exception\\HttpException", "file": "E:\\laragon\\www\\inventory\\vendor\\laravel\\framework\\src\\Illuminate\\Foundation\\Http\\Middleware\\PreventRequestsDuringMaintenance.php", "line": 101, "trace": [ { "file": "E:\\...
GET /warehouse/asset-trustee/documents/{document}/print [asset.documents.print] =&gt; GET /warehouse/asset-trustee/documents/{document}/print [asset.documents.print]: application returned server error HTTP 503.
Failed asserting that 503 is less than 500. | Response: { "message": "Service Unavailable", "exception": "Symfony\\Component\\HttpKernel\\Exception\\HttpException", "file": "E:\\laragon\\www\\inventory\\vendor\\laravel\\framework\\src\\Illuminate\\Foundation\\Http\\Middleware\\PreventRequestsDuringMaintenance.php", "line": 101, "trace": [ { "file": "E:\\...
GET /warehouse/asset-trustee/documents/{document}/signed-form [asset.documents.signed-form.view] =&gt; GET /warehouse/asset-trustee/documents/{document}/signed-form [asset.documents.signed-form.view]: application returned server error HTTP 503.
Failed asserting that 503 is less than 500. | Response: { "message": "Service Unavailable", "exception": "Symfony\\Component\\HttpKernel\\Exception\\HttpException", "file": "E:\\laragon\\www\\inventory\\vendor\\laravel\\framework\\src\\Illuminate\\Foundation\\Http\\Middleware\\PreventRequestsDuringMaintenance.php", "line": 101, "trace": [ { "file": "E:\\...
GET /warehouse/asset-trustee/documents/{document}/signed-form/download [asset.documents.signed-form.download] =&gt; GET /warehouse/asset-trustee/documents/{document}/signed-form/download [asset.documents.signed-form.download]: application returned server error HTTP 503.
Failed asserting that 503 is less than 500. | Response: { "message": "Service Unavailable", "exception": "Symfony\\Component\\HttpKernel\\Exception\\HttpException", "file": "E:\\laragon\\www\\inventory\\vendor\\laravel\\framework\\src\\Illuminate\\Foundation\\Http\\Middleware\\PreventRequestsDuringMaintenance.php", "line": 101, "trace": [ { "file": "E:\\...
GET /warehouse/asset-trustee/documents/{document}/edit [asset.documents.edit] =&gt; GET /warehouse/asset-trustee/documents/{document}/edit [asset.documents.edit]: application returned server error HTTP 503.
Failed asserting that 503 is less than 500. | Response: { "message": "Service Unavailable", "exception": "Symfony\\Component\\HttpKernel\\Exception\\HttpException", "file": "E:\\laragon\\www\\inventory\\vendor\\laravel\\framework\\src\\Illuminate\\Foundation\\Http\\Middleware\\PreventRequestsDuringMaintenance.php", "line": 101, "trace": [ { "file": "E:\\...
PUT /warehouse/asset-trustee/documents/{document} [asset.documents.update] =&gt; PUT /warehouse/asset-trustee/documents/{document} [asset.documents.update]: application returned server error HTTP 503.
Failed asserting that 503 is less than 500. | Response: { "message": "Service Unavailable", "exception": "Symfony\\Component\\HttpKernel\\Exception\\HttpException", "file": "E:\\laragon\\www\\inventory\\vendor\\laravel\\framework\\src\\Illuminate\\Foundation\\Http\\Middleware\\PreventRequestsDuringMaintenance.php", "line": 101, "trace": [ { "file": "E:\\...
PATCH /warehouse/asset-trustee/documents/{document}/finalize [asset.documents.finalize] =&gt; PATCH /warehouse/asset-trustee/documents/{document}/finalize [asset.documents.finalize]: application returned server error HTTP 503.
Failed asserting that 503 is less than 500. | Response: { "message": "Service Unavailable", "exception": "Symfony\\Component\\HttpKernel\\Exception\\HttpException", "file": "E:\\laragon\\www\\inventory\\vendor\\laravel\\framework\\src\\Illuminate\\Foundation\\Http\\Middleware\\PreventRequestsDuringMaintenance.php", "line": 101, "trace": [ { "file": "E:\\...
PATCH /warehouse/asset-trustee/documents/{document}/cancel [asset.documents.cancel] =&gt; PATCH /warehouse/asset-trustee/documents/{document}/cancel [asset.documents.cancel]: application returned server error HTTP 503.
Failed asserting that 503 is less than 500. | Response: { "message": "Service Unavailable", "exception": "Symfony\\Component\\HttpKernel\\Exception\\HttpException", "file": "E:\\laragon\\www\\inventory\\vendor\\laravel\\framework\\src\\Illuminate\\Foundation\\Http\\Middleware\\PreventRequestsDuringMaintenance.php", "line": 101, "trace": [ { "file": "E:\\...
GET /warehouse/asset-trustee/search [asset.codes.search] =&gt; GET /warehouse/asset-trustee/search [asset.codes.search]: application returned server error HTTP 503.
Failed asserting that 503 is less than 500. | Response: { "message": "Service Unavailable", "exception": "Symfony\\Component\\HttpKernel\\Exception\\HttpException", "file": "E:\\laragon\\www\\inventory\\vendor\\laravel\\framework\\src\\Illuminate\\Foundation\\Http\\Middleware\\PreventRequestsDuringMaintenance.php", "line": 101, "trace": [ { "file": "E:\\...
GET /warehouse/asset-trustee/codes/{code} [asset.codes.find] =&gt; GET /warehouse/asset-trustee/codes/{code} [asset.codes.find]: application returned server error HTTP 503.
Failed asserting that 503 is less than 500. | Response: { "message": "Service Unavailable", "exception": "Symfony\\Component\\HttpKernel\\Exception\\HttpException", "file": "E:\\laragon\\www\\inventory\\vendor\\laravel\\framework\\src\\Illuminate\\Foundation\\Http\\Middleware\\PreventRequestsDuringMaintenance.php", "line": 101, "trace": [ { "file": "E:\\...
POST /sales-havaleh/create-from-financial/{financialId} [sales-havaleh.create-from-financial] =&gt; POST /sales-havaleh/create-from-financial/{financialId} [sales-havaleh.create-from-financial]: application returned server error HTTP 503.
Failed asserting that 503 is less than 500. | Response: { "message": "Service Unavailable", "exception": "Symfony\\Component\\HttpKernel\\Exception\\HttpException", "file": "E:\\laragon\\www\\inventory\\vendor\\laravel\\framework\\src\\Illuminate\\Foundation\\Http\\Middleware\\PreventRequestsDuringMaintenance.php", "line": 101, "trace": [ { "file": "E:\\...
GET /sales-havaleh/{invoice} [sales-havaleh.show] =&gt; GET /sales-havaleh/{invoice} [sales-havaleh.show]: application returned server error HTTP 503.
Failed asserting that 503 is less than 500. | Response: { "message": "Service Unavailable", "exception": "Symfony\\Component\\HttpKernel\\Exception\\HttpException", "file": "E:\\laragon\\www\\inventory\\vendor\\laravel\\framework\\src\\Illuminate\\Foundation\\Http\\Middleware\\PreventRequestsDuringMaintenance.php", "line": 101, "trace": [ { "file": "E:\\...
GET /sales-havaleh/{invoice}/view [sales-havaleh.view] =&gt; GET /sales-havaleh/{invoice}/view [sales-havaleh.view]: application returned server error HTTP 503.
Failed asserting that 503 is less than 500. | Response: { "message": "Service Unavailable", "exception": "Symfony\\Component\\HttpKernel\\Exception\\HttpException", "file": "E:\\laragon\\www\\inventory\\vendor\\laravel\\framework\\src\\Illuminate\\Foundation\\Http\\Middleware\\PreventRequestsDuringMaintenance.php", "line": 101, "trace": [ { "file": "E:\\...
PUT /sales-havaleh/{invoice} [sales-havaleh.update] =&gt; PUT /sales-havaleh/{invoice} [sales-havaleh.update]: application returned server error HTTP 503.
Failed asserting that 503 is less than 500. | Response: { "message": "Service Unavailable", "exception": "Symfony\\Component\\HttpKernel\\Exception\\HttpException", "file": "E:\\laragon\\www\\inventory\\vendor\\laravel\\framework\\src\\Illuminate\\Foundation\\Http\\Middleware\\PreventRequestsDuringMaintenance.php", "line": 101, "trace": [ { "file": "E:\\...
PATCH /sales-havaleh/{invoice}/status [sales-havaleh.status] =&gt; PATCH /sales-havaleh/{invoice}/status [sales-havaleh.status]: application returned server error HTTP 503.
Failed asserting that 503 is less than 500. | Response: { "message": "Service Unavailable", "exception": "Symfony\\Component\\HttpKernel\\Exception\\HttpException", "file": "E:\\laragon\\www\\inventory\\vendor\\laravel\\framework\\src\\Illuminate\\Foundation\\Http\\Middleware\\PreventRequestsDuringMaintenance.php", "line": 101, "trace": [ { "file": "E:\\...
GET /sales-havaleh/{invoice}/history [sales-havaleh.history] =&gt; GET /sales-havaleh/{invoice}/history [sales-havaleh.history]: application returned server error HTTP 503.
Failed asserting that 503 is less than 500. | Response: { "message": "Service Unavailable", "exception": "Symfony\\Component\\HttpKernel\\Exception\\HttpException", "file": "E:\\laragon\\www\\inventory\\vendor\\laravel\\framework\\src\\Illuminate\\Foundation\\Http\\Middleware\\PreventRequestsDuringMaintenance.php", "line": 101, "trace": [ { "file": "E:\\...
GET /payments/{payment}/view [payments.view] =&gt; GET /payments/{payment}/view [payments.view]: application returned server error HTTP 503.
Failed asserting that 503 is less than 500. | Response: { "message": "Service Unavailable", "exception": "Symfony\\Component\\HttpKernel\\Exception\\HttpException", "file": "E:\\laragon\\www\\inventory\\vendor\\laravel\\framework\\src\\Illuminate\\Foundation\\Http\\Middleware\\PreventRequestsDuringMaintenance.php", "line": 101, "trace": [ { "file": "E:\\...
GET /warehouse-map [warehouse-map.index] =&gt; GET /warehouse-map [warehouse-map.index]: application returned server error HTTP 503.
Failed asserting that 503 is less than 500. | Response: { "message": "Service Unavailable", "exception": "Symfony\\Component\\HttpKernel\\Exception\\HttpException", "file": "E:\\laragon\\www\\inventory\\vendor\\laravel\\framework\\src\\Illuminate\\Foundation\\Http\\Middleware\\PreventRequestsDuringMaintenance.php", "line": 101, "trace": [ { "file": "E:\\...
GET /warehouse-map/locations/{location} [warehouse-map.locations.show] =&gt; GET /warehouse-map/locations/{location} [warehouse-map.locations.show]: application returned server error HTTP 503.
Failed asserting that 503 is less than 500. | Response: { "message": "Service Unavailable", "exception": "Symfony\\Component\\HttpKernel\\Exception\\HttpException", "file": "E:\\laragon\\www\\inventory\\vendor\\laravel\\framework\\src\\Illuminate\\Foundation\\Http\\Middleware\\PreventRequestsDuringMaintenance.php", "line": 101, "trace": [ { "file": "E:\\...
GET /warehouse-map/categories/{category}/children [warehouse-map.categories.children] =&gt; GET /warehouse-map/categories/{category}/children [warehouse-map.categories.children]: application returned server error HTTP 503.
Failed asserting that 503 is less than 500. | Response: { "message": "Service Unavailable", "exception": "Symfony\\Component\\HttpKernel\\Exception\\HttpException", "file": "E:\\laragon\\www\\inventory\\vendor\\laravel\\framework\\src\\Illuminate\\Foundation\\Http\\Middleware\\PreventRequestsDuringMaintenance.php", "line": 101, "trace": [ { "file": "E:\\...
GET /warehouse-map/categories/{category}/products [warehouse-map.categories.products] =&gt; GET /warehouse-map/categories/{category}/products [warehouse-map.categories.products]: application returned server error HTTP 503.
Failed asserting that 503 is less than 500. | Response: { "message": "Service Unavailable", "exception": "Symfony\\Component\\HttpKernel\\Exception\\HttpException", "file": "E:\\laragon\\www\\inventory\\vendor\\laravel\\framework\\src\\Illuminate\\Foundation\\Http\\Middleware\\PreventRequestsDuringMaintenance.php", "line": 101, "trace": [ { "file": "E:\\...
GET /warehouse-map/products/{product}/variants [warehouse-map.products.variants] =&gt; GET /warehouse-map/products/{product}/variants [warehouse-map.products.variants]: application returned server error HTTP 503.
Failed asserting that 503 is less than 500. | Response: { "message": "Service Unavailable", "exception": "Symfony\\Component\\HttpKernel\\Exception\\HttpException", "file": "E:\\laragon\\www\\inventory\\vendor\\laravel\\framework\\src\\Illuminate\\Foundation\\Http\\Middleware\\PreventRequestsDuringMaintenance.php", "line": 101, "trace": [ { "file": "E:\\...
GET /warehouse-map/history [warehouse-map.history] =&gt; GET /warehouse-map/history [warehouse-map.history]: application returned server error HTTP 503.
Failed asserting that 503 is less than 500. | Response: { "message": "Service Unavailable", "exception": "Symfony\\Component\\HttpKernel\\Exception\\HttpException", "file": "E:\\laragon\\www\\inventory\\vendor\\laravel\\framework\\src\\Illuminate\\Foundation\\Http\\Middleware\\PreventRequestsDuringMaintenance.php", "line": 101, "trace": [ { "file": "E:\\...
POST /warehouse-map/locations [warehouse-map.locations.store] =&gt; POST /warehouse-map/locations [warehouse-map.locations.store]: application returned server error HTTP 503.
Failed asserting that 503 is less than 500. | Response: { "message": "Service Unavailable", "exception": "Symfony\\Component\\HttpKernel\\Exception\\HttpException", "file": "E:\\laragon\\www\\inventory\\vendor\\laravel\\framework\\src\\Illuminate\\Foundation\\Http\\Middleware\\PreventRequestsDuringMaintenance.php", "line": 101, "trace": [ { "file": "E:\\...
PUT /warehouse-map/locations/{location} [warehouse-map.locations.update] =&gt; PUT /warehouse-map/locations/{location} [warehouse-map.locations.update]: application returned server error HTTP 503.
Failed asserting that 503 is less than 500. | Response: { "message": "Service Unavailable", "exception": "Symfony\\Component\\HttpKernel\\Exception\\HttpException", "file": "E:\\laragon\\www\\inventory\\vendor\\laravel\\framework\\src\\Illuminate\\Foundation\\Http\\Middleware\\PreventRequestsDuringMaintenance.php", "line": 101, "trace": [ { "file": "E:\\...
POST /warehouse-map/assign [warehouse-map.assign] =&gt; POST /warehouse-map/assign [warehouse-map.assign]: application returned server error HTTP 503.
Failed asserting that 503 is less than 500. | Response: { "message": "Service Unavailable", "exception": "Symfony\\Component\\HttpKernel\\Exception\\HttpException", "file": "E:\\laragon\\www\\inventory\\vendor\\laravel\\framework\\src\\Illuminate\\Foundation\\Http\\Middleware\\PreventRequestsDuringMaintenance.php", "line": 101, "trace": [ { "file": "E:\\...
POST /warehouse-map/transfer [warehouse-map.transfer] =&gt; POST /warehouse-map/transfer [warehouse-map.transfer]: application returned server error HTTP 503.
Failed asserting that 503 is less than 500. | Response: { "message": "Service Unavailable", "exception": "Symfony\\Component\\HttpKernel\\Exception\\HttpException", "file": "E:\\laragon\\www\\inventory\\vendor\\laravel\\framework\\src\\Illuminate\\Foundation\\Http\\Middleware\\PreventRequestsDuringMaintenance.php", "line": 101, "trace": [ { "file": "E:\\...
GET /warehouses [warehouses.index] =&gt; GET /warehouses [warehouses.index]: application returned server error HTTP 503.
Failed asserting that 503 is less than 500. | Response: { "message": "Service Unavailable", "exception": "Symfony\\Component\\HttpKernel\\Exception\\HttpException", "file": "E:\\laragon\\www\\inventory\\vendor\\laravel\\framework\\src\\Illuminate\\Foundation\\Http\\Middleware\\PreventRequestsDuringMaintenance.php", "line": 101, "trace": [ { "file": "E:\\...
GET /warehouses/{warehouse}/edit [warehouses.edit] =&gt; GET /warehouses/{warehouse}/edit [warehouses.edit]: application returned server error HTTP 503.
Failed asserting that 503 is less than 500. | Response: { "message": "Service Unavailable", "exception": "Symfony\\Component\\HttpKernel\\Exception\\HttpException", "file": "E:\\laragon\\www\\inventory\\vendor\\laravel\\framework\\src\\Illuminate\\Foundation\\Http\\Middleware\\PreventRequestsDuringMaintenance.php", "line": 101, "trace": [ { "file": "E:\\...
PUT /warehouses/{warehouse} [warehouses.update] =&gt; PUT /warehouses/{warehouse} [warehouses.update]: application returned server error HTTP 503.
Failed asserting that 503 is less than 500. | Response: { "message": "Service Unavailable", "exception": "Symfony\\Component\\HttpKernel\\Exception\\HttpException", "file": "E:\\laragon\\www\\inventory\\vendor\\laravel\\framework\\src\\Illuminate\\Foundation\\Http\\Middleware\\PreventRequestsDuringMaintenance.php", "line": 101, "trace": [ { "file": "E:\\...
DELETE /warehouses/{warehouse} [warehouses.destroy] =&gt; DELETE /warehouses/{warehouse} [warehouses.destroy]: application returned server error HTTP 503.
Failed asserting that 503 is less than 500. | Response: { "message": "Service Unavailable", "exception": "Symfony\\Component\\HttpKernel\\Exception\\HttpException", "file": "E:\\laragon\\www\\inventory\\vendor\\laravel\\framework\\src\\Illuminate\\Foundation\\Http\\Middleware\\PreventRequestsDuringMaintenance.php", "line": 101, "trace": [ { "file": "E:\\...
GET /warehouses/{warehouse}/personnel [warehouses.personnel.index] =&gt; GET /warehouses/{warehouse}/personnel [warehouses.personnel.index]: application returned server error HTTP 503.
Failed asserting that 503 is less than 500. | Response: { "message": "Service Unavailable", "exception": "Symfony\\Component\\HttpKernel\\Exception\\HttpException", "file": "E:\\laragon\\www\\inventory\\vendor\\laravel\\framework\\src\\Illuminate\\Foundation\\Http\\Middleware\\PreventRequestsDuringMaintenance.php", "line": 101, "trace": [ { "file": "E:\\...
POST /warehouses/{warehouse}/personnel [warehouses.personnel.store] =&gt; POST /warehouses/{warehouse}/personnel [warehouses.personnel.store]: application returned server error HTTP 503.
Failed asserting that 503 is less than 500. | Response: { "message": "Service Unavailable", "exception": "Symfony\\Component\\HttpKernel\\Exception\\HttpException", "file": "E:\\laragon\\www\\inventory\\vendor\\laravel\\framework\\src\\Illuminate\\Foundation\\Http\\Middleware\\PreventRequestsDuringMaintenance.php", "line": 101, "trace": [ { "file": "E:\\...
GET /warehouses/{warehouse}/personnel/{personnel} [warehouses.personnel.show] =&gt; GET /warehouses/{warehouse}/personnel/{personnel} [warehouses.personnel.show]: application returned server error HTTP 503.
Failed asserting that 503 is less than 500. | Response: { "message": "Service Unavailable", "exception": "Symfony\\Component\\HttpKernel\\Exception\\HttpException", "file": "E:\\laragon\\www\\inventory\\vendor\\laravel\\framework\\src\\Illuminate\\Foundation\\Http\\Middleware\\PreventRequestsDuringMaintenance.php", "line": 101, "trace": [ { "file": "E:\\...
GET /purchases [purchases.index] =&gt; GET /purchases [purchases.index]: application returned server error HTTP 503.
Failed asserting that 503 is less than 500. | Response: { "message": "Service Unavailable", "exception": "Symfony\\Component\\HttpKernel\\Exception\\HttpException", "file": "E:\\laragon\\www\\inventory\\vendor\\laravel\\framework\\src\\Illuminate\\Foundation\\Http\\Middleware\\PreventRequestsDuringMaintenance.php", "line": 101, "trace": [ { "file": "E:\\...
GET /purchases/export [purchases.export] =&gt; GET /purchases/export [purchases.export]: application returned server error HTTP 503.
Failed asserting that 503 is less than 500. | Response: { "message": "Service Unavailable", "exception": "Symfony\\Component\\HttpKernel\\Exception\\HttpException", "file": "E:\\laragon\\www\\inventory\\vendor\\laravel\\framework\\src\\Illuminate\\Foundation\\Http\\Middleware\\PreventRequestsDuringMaintenance.php", "line": 101, "trace": [ { "file": "E:\\...
GET /purchases/create [purchases.create] =&gt; GET /purchases/create [purchases.create]: application returned server error HTTP 503.
Failed asserting that 503 is less than 500. | Response: { "message": "Service Unavailable", "exception": "Symfony\\Component\\HttpKernel\\Exception\\HttpException", "file": "E:\\laragon\\www\\inventory\\vendor\\laravel\\framework\\src\\Illuminate\\Foundation\\Http\\Middleware\\PreventRequestsDuringMaintenance.php", "line": 101, "trace": [ { "file": "E:\\...
GET /purchases/products/{product}/variants [purchases.products.variants] =&gt; GET /purchases/products/{product}/variants [purchases.products.variants]: application returned server error HTTP 503.
Failed asserting that 503 is less than 500. | Response: { "message": "Service Unavailable", "exception": "Symfony\\Component\\HttpKernel\\Exception\\HttpException", "file": "E:\\laragon\\www\\inventory\\vendor\\laravel\\framework\\src\\Illuminate\\Foundation\\Http\\Middleware\\PreventRequestsDuringMaintenance.php", "line": 101, "trace": [ { "file": "E:\\...
POST /purchases [purchases.store] =&gt; POST /purchases [purchases.store]: application returned server error HTTP 503.
Failed asserting that 503 is less than 500. | Response: { "message": "Service Unavailable", "exception": "Symfony\\Component\\HttpKernel\\Exception\\HttpException", "file": "E:\\laragon\\www\\inventory\\vendor\\laravel\\framework\\src\\Illuminate\\Foundation\\Http\\Middleware\\PreventRequestsDuringMaintenance.php", "line": 101, "trace": [ { "file": "E:\\...
GET /purchases/{purchase} [purchases.show] =&gt; GET /purchases/{purchase} [purchases.show]: application returned server error HTTP 503.
Failed asserting that 503 is less than 500. | Response: { "message": "Service Unavailable", "exception": "Symfony\\Component\\HttpKernel\\Exception\\HttpException", "file": "E:\\laragon\\www\\inventory\\vendor\\laravel\\framework\\src\\Illuminate\\Foundation\\Http\\Middleware\\PreventRequestsDuringMaintenance.php", "line": 101, "trace": [ { "file": "E:\\...
GET /purchases/{purchase}/edit [purchases.edit] =&gt; GET /purchases/{purchase}/edit [purchases.edit]: application returned server error HTTP 503.
Failed asserting that 503 is less than 500. | Response: { "message": "Service Unavailable", "exception": "Symfony\\Component\\HttpKernel\\Exception\\HttpException", "file": "E:\\laragon\\www\\inventory\\vendor\\laravel\\framework\\src\\Illuminate\\Foundation\\Http\\Middleware\\PreventRequestsDuringMaintenance.php", "line": 101, "trace": [ { "file": "E:\\...
PUT /purchases/{purchase} [purchases.update] =&gt; PUT /purchases/{purchase} [purchases.update]: application returned server error HTTP 503.
Failed asserting that 503 is less than 500. | Response: { "message": "Service Unavailable", "exception": "Symfony\\Component\\HttpKernel\\Exception\\HttpException", "file": "E:\\laragon\\www\\inventory\\vendor\\laravel\\framework\\src\\Illuminate\\Foundation\\Http\\Middleware\\PreventRequestsDuringMaintenance.php", "line": 101, "trace": [ { "file": "E:\\...
DELETE /purchases/{purchase} [purchases.destroy] =&gt; DELETE /purchases/{purchase} [purchases.destroy]: application returned server error HTTP 503.
Failed asserting that 503 is less than 500. | Response: { "message": "Service Unavailable", "exception": "Symfony\\Component\\HttpKernel\\Exception\\HttpException", "file": "E:\\laragon\\www\\inventory\\vendor\\laravel\\framework\\src\\Illuminate\\Foundation\\Http\\Middleware\\PreventRequestsDuringMaintenance.php", "line": 101, "trace": [ { "file": "E:\\...
GET /persons [persons.index] =&gt; GET /persons [persons.index]: application returned server error HTTP 503.
Failed asserting that 503 is less than 500. | Response: { "message": "Service Unavailable", "exception": "Symfony\\Component\\HttpKernel\\Exception\\HttpException", "file": "E:\\laragon\\www\\inventory\\vendor\\laravel\\framework\\src\\Illuminate\\Foundation\\Http\\Middleware\\PreventRequestsDuringMaintenance.php", "line": 101, "trace": [ { "file": "E:\\...
POST /persons [persons.store] =&gt; POST /persons [persons.store]: application returned server error HTTP 503.
Failed asserting that 503 is less than 500. | Response: { "message": "Service Unavailable", "exception": "Symfony\\Component\\HttpKernel\\Exception\\HttpException", "file": "E:\\laragon\\www\\inventory\\vendor\\laravel\\framework\\src\\Illuminate\\Foundation\\Http\\Middleware\\PreventRequestsDuringMaintenance.php", "line": 101, "trace": [ { "file": "E:\\...
PUT /persons/{personKey} [persons.update] =&gt; PUT /persons/{personKey} [persons.update]: application returned server error HTTP 503.
Failed asserting that 503 is less than 500. | Response: { "message": "Service Unavailable", "exception": "Symfony\\Component\\HttpKernel\\Exception\\HttpException", "file": "E:\\laragon\\www\\inventory\\vendor\\laravel\\framework\\src\\Illuminate\\Foundation\\Http\\Middleware\\PreventRequestsDuringMaintenance.php", "line": 101, "trace": [ { "file": "E:\\...
GET /suppliers [suppliers.index] =&gt; GET /suppliers [suppliers.index]: application returned server error HTTP 503.
Failed asserting that 503 is less than 500. | Response: { "message": "Service Unavailable", "exception": "Symfony\\Component\\HttpKernel\\Exception\\HttpException", "file": "E:\\laragon\\www\\inventory\\vendor\\laravel\\framework\\src\\Illuminate\\Foundation\\Http\\Middleware\\PreventRequestsDuringMaintenance.php", "line": 101, "trace": [ { "file": "E:\\...
POST /suppliers [suppliers.store] =&gt; POST /suppliers [suppliers.store]: application returned server error HTTP 503.
Failed asserting that 503 is less than 500. | Response: { "message": "Service Unavailable", "exception": "Symfony\\Component\\HttpKernel\\Exception\\HttpException", "file": "E:\\laragon\\www\\inventory\\vendor\\laravel\\framework\\src\\Illuminate\\Foundation\\Http\\Middleware\\PreventRequestsDuringMaintenance.php", "line": 101, "trace": [ { "file": "E:\\...
GET /stocktake [stocktake.index] =&gt; GET /stocktake [stocktake.index]: application returned server error HTTP 503.
Failed asserting that 503 is less than 500. | Response: { "message": "Service Unavailable", "exception": "Symfony\\Component\\HttpKernel\\Exception\\HttpException", "file": "E:\\laragon\\www\\inventory\\vendor\\laravel\\framework\\src\\Illuminate\\Foundation\\Http\\Middleware\\PreventRequestsDuringMaintenance.php", "line": 101, "trace": [ { "file": "E:\\...
GET /stock-count-documents [stock-count-documents.index] =&gt; GET /stock-count-documents [stock-count-documents.index]: application returned server error HTTP 503.
Failed asserting that 503 is less than 500. | Response: { "message": "Service Unavailable", "exception": "Symfony\\Component\\HttpKernel\\Exception\\HttpException", "file": "E:\\laragon\\www\\inventory\\vendor\\laravel\\framework\\src\\Illuminate\\Foundation\\Http\\Middleware\\PreventRequestsDuringMaintenance.php", "line": 101, "trace": [ { "file": "E:\\...
GET /stock-count-documents/create [stock-count-documents.create] =&gt; GET /stock-count-documents/create [stock-count-documents.create]: application returned server error HTTP 503.
Failed asserting that 503 is less than 500. | Response: { "message": "Service Unavailable", "exception": "Symfony\\Component\\HttpKernel\\Exception\\HttpException", "file": "E:\\laragon\\www\\inventory\\vendor\\laravel\\framework\\src\\Illuminate\\Foundation\\Http\\Middleware\\PreventRequestsDuringMaintenance.php", "line": 101, "trace": [ { "file": "E:\\...
POST /stock-count-documents [stock-count-documents.store] =&gt; POST /stock-count-documents [stock-count-documents.store]: application returned server error HTTP 503.
Failed asserting that 503 is less than 500. | Response: { "message": "Service Unavailable", "exception": "Symfony\\Component\\HttpKernel\\Exception\\HttpException", "file": "E:\\laragon\\www\\inventory\\vendor\\laravel\\framework\\src\\Illuminate\\Foundation\\Http\\Middleware\\PreventRequestsDuringMaintenance.php", "line": 101, "trace": [ { "file": "E:\\...
GET /stock-count-documents/subcategories [stock-count-documents.subcategories] =&gt; GET /stock-count-documents/subcategories [stock-count-documents.subcategories]: application returned server error HTTP 503.
Failed asserting that 503 is less than 500. | Response: { "message": "Service Unavailable", "exception": "Symfony\\Component\\HttpKernel\\Exception\\HttpException", "file": "E:\\laragon\\www\\inventory\\vendor\\laravel\\framework\\src\\Illuminate\\Foundation\\Http\\Middleware\\PreventRequestsDuringMaintenance.php", "line": 101, "trace": [ { "file": "E:\\...
GET /stock-count-documents/products/search [stock-count-documents.products] =&gt; GET /stock-count-documents/products/search [stock-count-documents.products]: application returned server error HTTP 503.
Failed asserting that 503 is less than 500. | Response: { "message": "Service Unavailable", "exception": "Symfony\\Component\\HttpKernel\\Exception\\HttpException", "file": "E:\\laragon\\www\\inventory\\vendor\\laravel\\framework\\src\\Illuminate\\Foundation\\Http\\Middleware\\PreventRequestsDuringMaintenance.php", "line": 101, "trace": [ { "file": "E:\\...
GET /stock-count-documents/products/{product}/variants [stock-count-documents.variants] =&gt; GET /stock-count-documents/products/{product}/variants [stock-count-documents.variants]: application returned server error HTTP 503.
Failed asserting that 503 is less than 500. | Response: { "message": "Service Unavailable", "exception": "Symfony\\Component\\HttpKernel\\Exception\\HttpException", "file": "E:\\laragon\\www\\inventory\\vendor\\laravel\\framework\\src\\Illuminate\\Foundation\\Http\\Middleware\\PreventRequestsDuringMaintenance.php", "line": 101, "trace": [ { "file": "E:\\...
GET /stock-count-documents/{stockCountDocument} [stock-count-documents.show] =&gt; GET /stock-count-documents/{stockCountDocument} [stock-count-documents.show]: application returned server error HTTP 503.
Failed asserting that 503 is less than 500. | Response: { "message": "Service Unavailable", "exception": "Symfony\\Component\\HttpKernel\\Exception\\HttpException", "file": "E:\\laragon\\www\\inventory\\vendor\\laravel\\framework\\src\\Illuminate\\Foundation\\Http\\Middleware\\PreventRequestsDuringMaintenance.php", "line": 101, "trace": [ { "file": "E:\\...
GET /stock-count-documents/{stockCountDocument}/view [stock-count-documents.view] =&gt; GET /stock-count-documents/{stockCountDocument}/view [stock-count-documents.view]: application returned server error HTTP 503.
Failed asserting that 503 is less than 500. | Response: { "message": "Service Unavailable", "exception": "Symfony\\Component\\HttpKernel\\Exception\\HttpException", "file": "E:\\laragon\\www\\inventory\\vendor\\laravel\\framework\\src\\Illuminate\\Foundation\\Http\\Middleware\\PreventRequestsDuringMaintenance.php", "line": 101, "trace": [ { "file": "E:\\...
GET /stock-count-documents/{stockCountDocument}/edit [stock-count-documents.edit] =&gt; GET /stock-count-documents/{stockCountDocument}/edit [stock-count-documents.edit]: application returned server error HTTP 503.
Failed asserting that 503 is less than 500. | Response: { "message": "Service Unavailable", "exception": "Symfony\\Component\\HttpKernel\\Exception\\HttpException", "file": "E:\\laragon\\www\\inventory\\vendor\\laravel\\framework\\src\\Illuminate\\Foundation\\Http\\Middleware\\PreventRequestsDuringMaintenance.php", "line": 101, "trace": [ { "file": "E:\\...
PUT /stock-count-documents/{stockCountDocument} [stock-count-documents.update] =&gt; PUT /stock-count-documents/{stockCountDocument} [stock-count-documents.update]: application returned server error HTTP 503.
Failed asserting that 503 is less than 500. | Response: { "message": "Service Unavailable", "exception": "Symfony\\Component\\HttpKernel\\Exception\\HttpException", "file": "E:\\laragon\\www\\inventory\\vendor\\laravel\\framework\\src\\Illuminate\\Foundation\\Http\\Middleware\\PreventRequestsDuringMaintenance.php", "line": 101, "trace": [ { "file": "E:\\...
PATCH /stock-count-documents/{stockCountDocument}/finalize [stock-count-documents.finalize] =&gt; PATCH /stock-count-documents/{stockCountDocument}/finalize [stock-count-documents.finalize]: application returned server error HTTP 503.
Failed asserting that 503 is less than 500. | Response: { "message": "Service Unavailable", "exception": "Symfony\\Component\\HttpKernel\\Exception\\HttpException", "file": "E:\\laragon\\www\\inventory\\vendor\\laravel\\framework\\src\\Illuminate\\Foundation\\Http\\Middleware\\PreventRequestsDuringMaintenance.php", "line": 101, "trace": [ { "file": "E:\\...
PATCH /stock-count-documents/{stockCountDocument}/cancel [stock-count-documents.cancel] =&gt; PATCH /stock-count-documents/{stockCountDocument}/cancel [stock-count-documents.cancel]: application returned server error HTTP 503.
Failed asserting that 503 is less than 500. | Response: { "message": "Service Unavailable", "exception": "Symfony\\Component\\HttpKernel\\Exception\\HttpException", "file": "E:\\laragon\\www\\inventory\\vendor\\laravel\\framework\\src\\Illuminate\\Foundation\\Http\\Middleware\\PreventRequestsDuringMaintenance.php", "line": 101, "trace": [ { "file": "E:\\...
GET /stock-count-documents-system-quantity [stock-count-documents.system-quantity] =&gt; GET /stock-count-documents-system-quantity [stock-count-documents.system-quantity]: application returned server error HTTP 503.
Failed asserting that 503 is less than 500. | Response: { "message": "Service Unavailable", "exception": "Symfony\\Component\\HttpKernel\\Exception\\HttpException", "file": "E:\\laragon\\www\\inventory\\vendor\\laravel\\framework\\src\\Illuminate\\Foundation\\Http\\Middleware\\PreventRequestsDuringMaintenance.php", "line": 101, "trace": [ { "file": "E:\\...
GET /preinvoice/create [preinvoice.create] =&gt; GET /preinvoice/create [preinvoice.create]: application returned server error HTTP 503.
Failed asserting that 503 is less than 500. | Response: { "message": "Service Unavailable", "exception": "Symfony\\Component\\HttpKernel\\Exception\\HttpException", "file": "E:\\laragon\\www\\inventory\\vendor\\laravel\\framework\\src\\Illuminate\\Foundation\\Http\\Middleware\\PreventRequestsDuringMaintenance.php", "line": 101, "trace": [ { "file": "E:\\...
POST /preinvoice/draft [preinvoice.draft.save] =&gt; POST /preinvoice/draft [preinvoice.draft.save]: application returned server error HTTP 503.
Failed asserting that 503 is less than 500. | Response: { "message": "Service Unavailable", "exception": "Symfony\\Component\\HttpKernel\\Exception\\HttpException", "file": "E:\\laragon\\www\\inventory\\vendor\\laravel\\framework\\src\\Illuminate\\Foundation\\Http\\Middleware\\PreventRequestsDuringMaintenance.php", "line": 101, "trace": [ { "file": "E:\\...
POST /preinvoice/autosave [preinvoice.autosave] =&gt; POST /preinvoice/autosave [preinvoice.autosave]: application returned server error HTTP 503.
Failed asserting that 503 is less than 500. | Response: { "message": "Service Unavailable", "exception": "Symfony\\Component\\HttpKernel\\Exception\\HttpException", "file": "E:\\laragon\\www\\inventory\\vendor\\laravel\\framework\\src\\Illuminate\\Foundation\\Http\\Middleware\\PreventRequestsDuringMaintenance.php", "line": 101, "trace": [ { "file": "E:\\...
GET /preinvoice/autosave/latest [preinvoice.autosave.latest] =&gt; GET /preinvoice/autosave/latest [preinvoice.autosave.latest]: application returned server error HTTP 503.
Failed asserting that 503 is less than 500. | Response: { "message": "Service Unavailable", "exception": "Symfony\\Component\\HttpKernel\\Exception\\HttpException", "file": "E:\\laragon\\www\\inventory\\vendor\\laravel\\framework\\src\\Illuminate\\Foundation\\Http\\Middleware\\PreventRequestsDuringMaintenance.php", "line": 101, "trace": [ { "file": "E:\\...
POST /preinvoice/autosave/{uuid}/discard [preinvoice.autosave.discard] =&gt; POST /preinvoice/autosave/{uuid}/discard [preinvoice.autosave.discard]: application returned server error HTTP 503.
Failed asserting that 503 is less than 500. | Response: { "message": "Service Unavailable", "exception": "Symfony\\Component\\HttpKernel\\Exception\\HttpException", "file": "E:\\laragon\\www\\inventory\\vendor\\laravel\\framework\\src\\Illuminate\\Foundation\\Http\\Middleware\\PreventRequestsDuringMaintenance.php", "line": 101, "trace": [ { "file": "E:\\...
POST /preinvoice/reservations/heartbeat [preinvoice.reservations.heartbeat] =&gt; POST /preinvoice/reservations/heartbeat [preinvoice.reservations.heartbeat]: application returned server error HTTP 503.
Failed asserting that 503 is less than 500. | Response: { "message": "Service Unavailable", "exception": "Symfony\\Component\\HttpKernel\\Exception\\HttpException", "file": "E:\\laragon\\www\\inventory\\vendor\\laravel\\framework\\src\\Illuminate\\Foundation\\Http\\Middleware\\PreventRequestsDuringMaintenance.php", "line": 101, "trace": [ { "file": "E:\\...
POST /preinvoice/reservations/release-token [preinvoice.reservations.release-token] =&gt; POST /preinvoice/reservations/release-token [preinvoice.reservations.release-token]: application returned server error HTTP 503.
Failed asserting that 503 is less than 500. | Response: { "message": "Service Unavailable", "exception": "Symfony\\Component\\HttpKernel\\Exception\\HttpException", "file": "E:\\laragon\\www\\inventory\\vendor\\laravel\\framework\\src\\Illuminate\\Foundation\\Http\\Middleware\\PreventRequestsDuringMaintenance.php", "line": 101, "trace": [ { "file": "E:\\...
GET /warehouse/reviews [warehouse.reviews.index] =&gt; GET /warehouse/reviews [warehouse.reviews.index]: application returned server error HTTP 503.
Failed asserting that 503 is less than 500. | Response: { "message": "Service Unavailable", "exception": "Symfony\\Component\\HttpKernel\\Exception\\HttpException", "file": "E:\\laragon\\www\\inventory\\vendor\\laravel\\framework\\src\\Illuminate\\Foundation\\Http\\Middleware\\PreventRequestsDuringMaintenance.php", "line": 101, "trace": [ { "file": "E:\\...
GET /warehouse/reviews/{preinvoiceOrder} [warehouse.reviews.show] =&gt; GET /warehouse/reviews/{preinvoiceOrder} [warehouse.reviews.show]: application returned server error HTTP 503.
Failed asserting that 503 is less than 500. | Response: { "message": "Service Unavailable", "exception": "Symfony\\Component\\HttpKernel\\Exception\\HttpException", "file": "E:\\laragon\\www\\inventory\\vendor\\laravel\\framework\\src\\Illuminate\\Foundation\\Http\\Middleware\\PreventRequestsDuringMaintenance.php", "line": 101, "trace": [ { "file": "E:\\...
GET /warehouse/reviews/{preinvoiceOrder}/print [warehouse.reviews.print] =&gt; GET /warehouse/reviews/{preinvoiceOrder}/print [warehouse.reviews.print]: application returned server error HTTP 503.
Failed asserting that 503 is less than 500. | Response: { "message": "Service Unavailable", "exception": "Symfony\\Component\\HttpKernel\\Exception\\HttpException", "file": "E:\\laragon\\www\\inventory\\vendor\\laravel\\framework\\src\\Illuminate\\Foundation\\Http\\Middleware\\PreventRequestsDuringMaintenance.php", "line": 101, "trace": [ { "file": "E:\\...
GET /preinvoice/warehouse [preinvoice.warehouse.index] =&gt; GET /preinvoice/warehouse [preinvoice.warehouse.index]: application returned server error HTTP 503.
Failed asserting that 503 is less than 500. | Response: { "message": "Service Unavailable", "exception": "Symfony\\Component\\HttpKernel\\Exception\\HttpException", "file": "E:\\laragon\\www\\inventory\\vendor\\laravel\\framework\\src\\Illuminate\\Foundation\\Http\\Middleware\\PreventRequestsDuringMaintenance.php", "line": 101, "trace": [ { "file": "E:\\...
GET /preinvoice/warehouse/{uuid} [preinvoice.warehouse.review] =&gt; GET /preinvoice/warehouse/{uuid} [preinvoice.warehouse.review]: application returned server error HTTP 503.
Failed asserting that 503 is less than 500. | Response: { "message": "Service Unavailable", "exception": "Symfony\\Component\\HttpKernel\\Exception\\HttpException", "file": "E:\\laragon\\www\\inventory\\vendor\\laravel\\framework\\src\\Illuminate\\Foundation\\Http\\Middleware\\PreventRequestsDuringMaintenance.php", "line": 101, "trace": [ { "file": "E:\\...
PUT /preinvoice/warehouse/{uuid} [preinvoice.warehouse.save] =&gt; PUT /preinvoice/warehouse/{uuid} [preinvoice.warehouse.save]: application returned server error HTTP 503.
Failed asserting that 503 is less than 500. | Response: { "message": "Service Unavailable", "exception": "Symfony\\Component\\HttpKernel\\Exception\\HttpException", "file": "E:\\laragon\\www\\inventory\\vendor\\laravel\\framework\\src\\Illuminate\\Foundation\\Http\\Middleware\\PreventRequestsDuringMaintenance.php", "line": 101, "trace": [ { "file": "E:\\...
POST /preinvoice/warehouse/{uuid}/approve [preinvoice.warehouse.approve] =&gt; POST /preinvoice/warehouse/{uuid}/approve [preinvoice.warehouse.approve]: application returned server error HTTP 503.
Failed asserting that 503 is less than 500. | Response: { "message": "Service Unavailable", "exception": "Symfony\\Component\\HttpKernel\\Exception\\HttpException", "file": "E:\\laragon\\www\\inventory\\vendor\\laravel\\framework\\src\\Illuminate\\Foundation\\Http\\Middleware\\PreventRequestsDuringMaintenance.php", "line": 101, "trace": [ { "file": "E:\\...
POST /preinvoice/warehouse/{uuid}/reject [preinvoice.warehouse.reject] =&gt; POST /preinvoice/warehouse/{uuid}/reject [preinvoice.warehouse.reject]: application returned server error HTTP 503.
Failed asserting that 503 is less than 500. | Response: { "message": "Service Unavailable", "exception": "Symfony\\Component\\HttpKernel\\Exception\\HttpException", "file": "E:\\laragon\\www\\inventory\\vendor\\laravel\\framework\\src\\Illuminate\\Foundation\\Http\\Middleware\\PreventRequestsDuringMaintenance.php", "line": 101, "trace": [ { "file": "E:\\...
GET /preinvoice/drafts [preinvoice.draft.index] =&gt; GET /preinvoice/drafts [preinvoice.draft.index]: application returned server error HTTP 503.
Failed asserting that 503 is less than 500. | Response: { "message": "Service Unavailable", "exception": "Symfony\\Component\\HttpKernel\\Exception\\HttpException", "file": "E:\\laragon\\www\\inventory\\vendor\\laravel\\framework\\src\\Illuminate\\Foundation\\Http\\Middleware\\PreventRequestsDuringMaintenance.php", "line": 101, "trace": [ { "file": "E:\\...
GET /preinvoice/drafts/{uuid}/edit [preinvoice.draft.edit] =&gt; GET /preinvoice/drafts/{uuid}/edit [preinvoice.draft.edit]: application returned server error HTTP 503.
Failed asserting that 503 is less than 500. | Response: { "message": "Service Unavailable", "exception": "Symfony\\Component\\HttpKernel\\Exception\\HttpException", "file": "E:\\laragon\\www\\inventory\\vendor\\laravel\\framework\\src\\Illuminate\\Foundation\\Http\\Middleware\\PreventRequestsDuringMaintenance.php", "line": 101, "trace": [ { "file": "E:\\...
PUT /preinvoice/drafts/{uuid} [preinvoice.draft.update] =&gt; PUT /preinvoice/drafts/{uuid} [preinvoice.draft.update]: application returned server error HTTP 503.
Failed asserting that 503 is less than 500. | Response: { "message": "Service Unavailable", "exception": "Symfony\\Component\\HttpKernel\\Exception\\HttpException", "file": "E:\\laragon\\www\\inventory\\vendor\\laravel\\framework\\src\\Illuminate\\Foundation\\Http\\Middleware\\PreventRequestsDuringMaintenance.php", "line": 101, "trace": [ { "file": "E:\\...
GET /preinvoice/drafts/{uuid}/finance [preinvoice.draft.finance] =&gt; GET /preinvoice/drafts/{uuid}/finance [preinvoice.draft.finance]: application returned server error HTTP 503.
Failed asserting that 503 is less than 500. | Response: { "message": "Service Unavailable", "exception": "Symfony\\Component\\HttpKernel\\Exception\\HttpException", "file": "E:\\laragon\\www\\inventory\\vendor\\laravel\\framework\\src\\Illuminate\\Foundation\\Http\\Middleware\\PreventRequestsDuringMaintenance.php", "line": 101, "trace": [ { "file": "E:\\...
GET /preinvoice/drafts/{uuid}/finance/edit [preinvoice.draft.finance.edit] =&gt; GET /preinvoice/drafts/{uuid}/finance/edit [preinvoice.draft.finance.edit]: application returned server error HTTP 503.
Failed asserting that 503 is less than 500. | Response: { "message": "Service Unavailable", "exception": "Symfony\\Component\\HttpKernel\\Exception\\HttpException", "file": "E:\\laragon\\www\\inventory\\vendor\\laravel\\framework\\src\\Illuminate\\Foundation\\Http\\Middleware\\PreventRequestsDuringMaintenance.php", "line": 101, "trace": [ { "file": "E:\\...
PUT /preinvoice/drafts/{uuid}/finance [preinvoice.draft.finance.update] =&gt; PUT /preinvoice/drafts/{uuid}/finance [preinvoice.draft.finance.update]: application returned server error HTTP 503.
Failed asserting that 503 is less than 500. | Response: { "message": "Service Unavailable", "exception": "Symfony\\Component\\HttpKernel\\Exception\\HttpException", "file": "E:\\laragon\\www\\inventory\\vendor\\laravel\\framework\\src\\Illuminate\\Foundation\\Http\\Middleware\\PreventRequestsDuringMaintenance.php", "line": 101, "trace": [ { "file": "E:\\...
POST /preinvoice/drafts/{uuid}/finance/save-and-finalize [preinvoice.draft.finance.save-and-finalize] =&gt; POST /preinvoice/drafts/{uuid}/finance/save-and-finalize [preinvoice.draft.finance.save-and-finalize]: application returned server error HTTP 503.
Failed asserting that 503 is less than 500. | Response: { "message": "Service Unavailable", "exception": "Symfony\\Component\\HttpKernel\\Exception\\HttpException", "file": "E:\\laragon\\www\\inventory\\vendor\\laravel\\framework\\src\\Illuminate\\Foundation\\Http\\Middleware\\PreventRequestsDuringMaintenance.php", "line": 101, "trace": [ { "file": "E:\\...
POST /preinvoice/drafts/{uuid}/finalize [preinvoice.draft.finalize] =&gt; POST /preinvoice/drafts/{uuid}/finalize [preinvoice.draft.finalize]: application returned server error HTTP 503.
Failed asserting that 503 is less than 500. | Response: { "message": "Service Unavailable", "exception": "Symfony\\Component\\HttpKernel\\Exception\\HttpException", "file": "E:\\laragon\\www\\inventory\\vendor\\laravel\\framework\\src\\Illuminate\\Foundation\\Http\\Middleware\\PreventRequestsDuringMaintenance.php", "line": 101, "trace": [ { "file": "E:\\...
POST /preinvoice/drafts/{uuid}/return [preinvoice.draft.return] =&gt; POST /preinvoice/drafts/{uuid}/return [preinvoice.draft.return]: application returned server error HTTP 503.
Failed asserting that 503 is less than 500. | Response: { "message": "Service Unavailable", "exception": "Symfony\\Component\\HttpKernel\\Exception\\HttpException", "file": "E:\\laragon\\www\\inventory\\vendor\\laravel\\framework\\src\\Illuminate\\Foundation\\Http\\Middleware\\PreventRequestsDuringMaintenance.php", "line": 101, "trace": [ { "file": "E:\\...
POST /preinvoice/drafts/{uuid}/cancel [preinvoice.draft.cancel] =&gt; POST /preinvoice/drafts/{uuid}/cancel [preinvoice.draft.cancel]: application returned server error HTTP 503.
Failed asserting that 503 is less than 500. | Response: { "message": "Service Unavailable", "exception": "Symfony\\Component\\HttpKernel\\Exception\\HttpException", "file": "E:\\laragon\\www\\inventory\\vendor\\laravel\\framework\\src\\Illuminate\\Foundation\\Http\\Middleware\\PreventRequestsDuringMaintenance.php", "line": 101, "trace": [ { "file": "E:\\...
GET /preinvoice/all [preinvoice.all.index] =&gt; GET /preinvoice/all [preinvoice.all.index]: application returned server error HTTP 503.
Failed asserting that 503 is less than 500. | Response: { "message": "Service Unavailable", "exception": "Symfony\\Component\\HttpKernel\\Exception\\HttpException", "file": "E:\\laragon\\www\\inventory\\vendor\\laravel\\framework\\src\\Illuminate\\Foundation\\Http\\Middleware\\PreventRequestsDuringMaintenance.php", "line": 101, "trace": [ { "file": "E:\\...
GET /preinvoice/my [preinvoice.my.index] =&gt; GET /preinvoice/my [preinvoice.my.index]: application returned server error HTTP 503.
Failed asserting that 503 is less than 500. | Response: { "message": "Service Unavailable", "exception": "Symfony\\Component\\HttpKernel\\Exception\\HttpException", "file": "E:\\laragon\\www\\inventory\\vendor\\laravel\\framework\\src\\Illuminate\\Foundation\\Http\\Middleware\\PreventRequestsDuringMaintenance.php", "line": 101, "trace": [ { "file": "E:\\...
GET /preinvoice/my/{uuid} [preinvoice.my.show] =&gt; GET /preinvoice/my/{uuid} [preinvoice.my.show]: application returned server error HTTP 503.
Failed asserting that 503 is less than 500. | Response: { "message": "Service Unavailable", "exception": "Symfony\\Component\\HttpKernel\\Exception\\HttpException", "file": "E:\\laragon\\www\\inventory\\vendor\\laravel\\framework\\src\\Illuminate\\Foundation\\Http\\Middleware\\PreventRequestsDuringMaintenance.php", "line": 101, "trace": [ { "file": "E:\\...
GET /preinvoice/{uuid}/print [preinvoice.print] =&gt; GET /preinvoice/{uuid}/print [preinvoice.print]: application returned server error HTTP 503.
Failed asserting that 503 is less than 500. | Response: { "message": "Service Unavailable", "exception": "Symfony\\Component\\HttpKernel\\Exception\\HttpException", "file": "E:\\laragon\\www\\inventory\\vendor\\laravel\\framework\\src\\Illuminate\\Foundation\\Http\\Middleware\\PreventRequestsDuringMaintenance.php", "line": 101, "trace": [ { "file": "E:\\...
GET /preinvoice/api/product-finder [preinvoice.api.product-finder] =&gt; GET /preinvoice/api/product-finder [preinvoice.api.product-finder]: application returned server error HTTP 503.
Failed asserting that 503 is less than 500. | Response: { "message": "Service Unavailable", "exception": "Symfony\\Component\\HttpKernel\\Exception\\HttpException", "file": "E:\\laragon\\www\\inventory\\vendor\\laravel\\framework\\src\\Illuminate\\Foundation\\Http\\Middleware\\PreventRequestsDuringMaintenance.php", "line": 101, "trace": [ { "file": "E:\\...
GET /preinvoice/api/product-finder/categories [preinvoice.api.product-finder.categories] =&gt; GET /preinvoice/api/product-finder/categories [preinvoice.api.product-finder.categories]: application returned server error HTTP 503.
Failed asserting that 503 is less than 500. | Response: { "message": "Service Unavailable", "exception": "Symfony\\Component\\HttpKernel\\Exception\\HttpException", "file": "E:\\laragon\\www\\inventory\\vendor\\laravel\\framework\\src\\Illuminate\\Foundation\\Http\\Middleware\\PreventRequestsDuringMaintenance.php", "line": 101, "trace": [ { "file": "E:\\...
GET /preinvoice/api/products [preinvoice.api.products] =&gt; GET /preinvoice/api/products [preinvoice.api.products]: application returned server error HTTP 503.
Failed asserting that 503 is less than 500. | Response: { "message": "Service Unavailable", "exception": "Symfony\\Component\\HttpKernel\\Exception\\HttpException", "file": "E:\\laragon\\www\\inventory\\vendor\\laravel\\framework\\src\\Illuminate\\Foundation\\Http\\Middleware\\PreventRequestsDuringMaintenance.php", "line": 101, "trace": [ { "file": "E:\\...
GET /preinvoice/api/products/{product} [preinvoice.api.product] =&gt; GET /preinvoice/api/products/{product} [preinvoice.api.product]: application returned server error HTTP 503.
Failed asserting that 503 is less than 500. | Response: { "message": "Service Unavailable", "exception": "Symfony\\Component\\HttpKernel\\Exception\\HttpException", "file": "E:\\laragon\\www\\inventory\\vendor\\laravel\\framework\\src\\Illuminate\\Foundation\\Http\\Middleware\\PreventRequestsDuringMaintenance.php", "line": 101, "trace": [ { "file": "E:\\...
POST /preinvoice/api/reservations/sync [preinvoice.api.reservations.sync] =&gt; POST /preinvoice/api/reservations/sync [preinvoice.api.reservations.sync]: application returned server error HTTP 503.
Failed asserting that 503 is less than 500. | Response: { "message": "Service Unavailable", "exception": "Symfony\\Component\\HttpKernel\\Exception\\HttpException", "file": "E:\\laragon\\www\\inventory\\vendor\\laravel\\framework\\src\\Illuminate\\Foundation\\Http\\Middleware\\PreventRequestsDuringMaintenance.php", "line": 101, "trace": [ { "file": "E:\\...
POST /preinvoice/api/reservations/release [preinvoice.api.reservations.release] =&gt; POST /preinvoice/api/reservations/release [preinvoice.api.reservations.release]: application returned server error HTTP 503.
Failed asserting that 503 is less than 500. | Response: { "message": "Service Unavailable", "exception": "Symfony\\Component\\HttpKernel\\Exception\\HttpException", "file": "E:\\laragon\\www\\inventory\\vendor\\laravel\\framework\\src\\Illuminate\\Foundation\\Http\\Middleware\\PreventRequestsDuringMaintenance.php", "line": 101, "trace": [ { "file": "E:\\...
GET /preinvoice/api/area [preinvoice.api.area] =&gt; GET /preinvoice/api/area [preinvoice.api.area]: application returned server error HTTP 503.
Failed asserting that 503 is less than 500. | Response: { "message": "Service Unavailable", "exception": "Symfony\\Component\\HttpKernel\\Exception\\HttpException", "file": "E:\\laragon\\www\\inventory\\vendor\\laravel\\framework\\src\\Illuminate\\Foundation\\Http\\Middleware\\PreventRequestsDuringMaintenance.php", "line": 101, "trace": [ { "file": "E:\\...
GET /preinvoice/api/customers [api.customers.search] =&gt; GET /preinvoice/api/customers [api.customers.search]: application returned server error HTTP 503.
Failed asserting that 503 is less than 500. | Response: { "message": "Service Unavailable", "exception": "Symfony\\Component\\HttpKernel\\Exception\\HttpException", "file": "E:\\laragon\\www\\inventory\\vendor\\laravel\\framework\\src\\Illuminate\\Foundation\\Http\\Middleware\\PreventRequestsDuringMaintenance.php", "line": 101, "trace": [ { "file": "E:\\...
POST /preinvoice/api/customers [api.customers.store] =&gt; POST /preinvoice/api/customers [api.customers.store]: application returned server error HTTP 503.
Failed asserting that 503 is less than 500. | Response: { "message": "Service Unavailable", "exception": "Symfony\\Component\\HttpKernel\\Exception\\HttpException", "file": "E:\\laragon\\www\\inventory\\vendor\\laravel\\framework\\src\\Illuminate\\Foundation\\Http\\Middleware\\PreventRequestsDuringMaintenance.php", "line": 101, "trace": [ { "file": "E:\\...
GET /preinvoice/api/customers/{customer} [api.customers.show] =&gt; GET /preinvoice/api/customers/{customer} [api.customers.show]: application returned server error HTTP 503.
Failed asserting that 503 is less than 500. | Response: { "message": "Service Unavailable", "exception": "Symfony\\Component\\HttpKernel\\Exception\\HttpException", "file": "E:\\laragon\\www\\inventory\\vendor\\laravel\\framework\\src\\Illuminate\\Foundation\\Http\\Middleware\\PreventRequestsDuringMaintenance.php", "line": 101, "trace": [ { "file": "E:\\...
GET /customers [customers.index] =&gt; GET /customers [customers.index]: application returned server error HTTP 503.
Failed asserting that 503 is less than 500. | Response: { "message": "Service Unavailable", "exception": "Symfony\\Component\\HttpKernel\\Exception\\HttpException", "file": "E:\\laragon\\www\\inventory\\vendor\\laravel\\framework\\src\\Illuminate\\Foundation\\Http\\Middleware\\PreventRequestsDuringMaintenance.php", "line": 101, "trace": [ { "file": "E:\\...
GET /customers/create [customers.create] =&gt; GET /customers/create [customers.create]: application returned server error HTTP 503.
Failed asserting that 503 is less than 500. | Response: { "message": "Service Unavailable", "exception": "Symfony\\Component\\HttpKernel\\Exception\\HttpException", "file": "E:\\laragon\\www\\inventory\\vendor\\laravel\\framework\\src\\Illuminate\\Foundation\\Http\\Middleware\\PreventRequestsDuringMaintenance.php", "line": 101, "trace": [ { "file": "E:\\...
POST /customers [customers.store] =&gt; POST /customers [customers.store]: application returned server error HTTP 503.
Failed asserting that 503 is less than 500. | Response: { "message": "Service Unavailable", "exception": "Symfony\\Component\\HttpKernel\\Exception\\HttpException", "file": "E:\\laragon\\www\\inventory\\vendor\\laravel\\framework\\src\\Illuminate\\Foundation\\Http\\Middleware\\PreventRequestsDuringMaintenance.php", "line": 101, "trace": [ { "file": "E:\\...
GET /customers/{customer} [customers.show] =&gt; GET /customers/{customer} [customers.show]: application returned server error HTTP 503.
Failed asserting that 503 is less than 500. | Response: { "message": "Service Unavailable", "exception": "Symfony\\Component\\HttpKernel\\Exception\\HttpException", "file": "E:\\laragon\\www\\inventory\\vendor\\laravel\\framework\\src\\Illuminate\\Foundation\\Http\\Middleware\\PreventRequestsDuringMaintenance.php", "line": 101, "trace": [ { "file": "E:\\...
GET /customers/{customer}/edit [customers.edit] =&gt; GET /customers/{customer}/edit [customers.edit]: application returned server error HTTP 503.
Failed asserting that 503 is less than 500. | Response: { "message": "Service Unavailable", "exception": "Symfony\\Component\\HttpKernel\\Exception\\HttpException", "file": "E:\\laragon\\www\\inventory\\vendor\\laravel\\framework\\src\\Illuminate\\Foundation\\Http\\Middleware\\PreventRequestsDuringMaintenance.php", "line": 101, "trace": [ { "file": "E:\\...
PUT /customers/{customer} [customers.update] =&gt; PUT /customers/{customer} [customers.update]: application returned server error HTTP 503.
Failed asserting that 503 is less than 500. | Response: { "message": "Service Unavailable", "exception": "Symfony\\Component\\HttpKernel\\Exception\\HttpException", "file": "E:\\laragon\\www\\inventory\\vendor\\laravel\\framework\\src\\Illuminate\\Foundation\\Http\\Middleware\\PreventRequestsDuringMaintenance.php", "line": 101, "trace": [ { "file": "E:\\...
DELETE /customers/{customer} [customers.destroy] =&gt; DELETE /customers/{customer} [customers.destroy]: application returned server error HTTP 503.
Failed asserting that 503 is less than 500. | Response: { "message": "Service Unavailable", "exception": "Symfony\\Component\\HttpKernel\\Exception\\HttpException", "file": "E:\\laragon\\www\\inventory\\vendor\\laravel\\framework\\src\\Illuminate\\Foundation\\Http\\Middleware\\PreventRequestsDuringMaintenance.php", "line": 101, "trace": [ { "file": "E:\\...
POST /customers/import [customers.import] =&gt; POST /customers/import [customers.import]: application returned server error HTTP 503.
Failed asserting that 503 is less than 500. | Response: { "message": "Service Unavailable", "exception": "Symfony\\Component\\HttpKernel\\Exception\\HttpException", "file": "E:\\laragon\\www\\inventory\\vendor\\laravel\\framework\\src\\Illuminate\\Foundation\\Http\\Middleware\\PreventRequestsDuringMaintenance.php", "line": 101, "trace": [ { "file": "E:\\...
GET /archive [archive.index] =&gt; GET /archive [archive.index]: application returned server error HTTP 503.
Failed asserting that 503 is less than 500. | Response: { "message": "Service Unavailable", "exception": "Symfony\\Component\\HttpKernel\\Exception\\HttpException", "file": "E:\\laragon\\www\\inventory\\vendor\\laravel\\framework\\src\\Illuminate\\Foundation\\Http\\Middleware\\PreventRequestsDuringMaintenance.php", "line": 101, "trace": [ { "file": "E:\\...
POST /archive [archive.index] =&gt; POST /archive [archive.index]: application returned server error HTTP 503.
Failed asserting that 503 is less than 500. | Response: { "message": "Service Unavailable", "exception": "Symfony\\Component\\HttpKernel\\Exception\\HttpException", "file": "E:\\laragon\\www\\inventory\\vendor\\laravel\\framework\\src\\Illuminate\\Foundation\\Http\\Middleware\\PreventRequestsDuringMaintenance.php", "line": 101, "trace": [ { "file": "E:\\...
PUT /archive [archive.index] =&gt; PUT /archive [archive.index]: application returned server error HTTP 503.
Failed asserting that 503 is less than 500. | Response: { "message": "Service Unavailable", "exception": "Symfony\\Component\\HttpKernel\\Exception\\HttpException", "file": "E:\\laragon\\www\\inventory\\vendor\\laravel\\framework\\src\\Illuminate\\Foundation\\Http\\Middleware\\PreventRequestsDuringMaintenance.php", "line": 101, "trace": [ { "file": "E:\\...
PATCH /archive [archive.index] =&gt; PATCH /archive [archive.index]: application returned server error HTTP 503.
Failed asserting that 503 is less than 500. | Response: { "message": "Service Unavailable", "exception": "Symfony\\Component\\HttpKernel\\Exception\\HttpException", "file": "E:\\laragon\\www\\inventory\\vendor\\laravel\\framework\\src\\Illuminate\\Foundation\\Http\\Middleware\\PreventRequestsDuringMaintenance.php", "line": 101, "trace": [ { "file": "E:\\...
DELETE /archive [archive.index] =&gt; DELETE /archive [archive.index]: application returned server error HTTP 503.
Failed asserting that 503 is less than 500. | Response: { "message": "Service Unavailable", "exception": "Symfony\\Component\\HttpKernel\\Exception\\HttpException", "file": "E:\\laragon\\www\\inventory\\vendor\\laravel\\framework\\src\\Illuminate\\Foundation\\Http\\Middleware\\PreventRequestsDuringMaintenance.php", "line": 101, "trace": [ { "file": "E:\\...
GET /archive/preinvoices/{uuid} [archive.preinvoices.show] =&gt; GET /archive/preinvoices/{uuid} [archive.preinvoices.show]: application returned server error HTTP 503.
Failed asserting that 503 is less than 500. | Response: { "message": "Service Unavailable", "exception": "Symfony\\Component\\HttpKernel\\Exception\\HttpException", "file": "E:\\laragon\\www\\inventory\\vendor\\laravel\\framework\\src\\Illuminate\\Foundation\\Http\\Middleware\\PreventRequestsDuringMaintenance.php", "line": 101, "trace": [ { "file": "E:\\...
GET /archive/invoices/{uuid} [archive.invoices.show] =&gt; GET /archive/invoices/{uuid} [archive.invoices.show]: application returned server error HTTP 503.
Failed asserting that 503 is less than 500. | Response: { "message": "Service Unavailable", "exception": "Symfony\\Component\\HttpKernel\\Exception\\HttpException", "file": "E:\\laragon\\www\\inventory\\vendor\\laravel\\framework\\src\\Illuminate\\Foundation\\Http\\Middleware\\PreventRequestsDuringMaintenance.php", "line": 101, "trace": [ { "file": "E:\\...
GET /invoices [invoices.index] =&gt; GET /invoices [invoices.index]: application returned server error HTTP 503.
Failed asserting that 503 is less than 500. | Response: { "message": "Service Unavailable", "exception": "Symfony\\Component\\HttpKernel\\Exception\\HttpException", "file": "E:\\laragon\\www\\inventory\\vendor\\laravel\\framework\\src\\Illuminate\\Foundation\\Http\\Middleware\\PreventRequestsDuringMaintenance.php", "line": 101, "trace": [ { "file": "E:\\...
GET /invoices/data [invoices.data] =&gt; GET /invoices/data [invoices.data]: application returned server error HTTP 503.
Failed asserting that 503 is less than 500. | Response: { "message": "Service Unavailable", "exception": "Symfony\\Component\\HttpKernel\\Exception\\HttpException", "file": "E:\\laragon\\www\\inventory\\vendor\\laravel\\framework\\src\\Illuminate\\Foundation\\Http\\Middleware\\PreventRequestsDuringMaintenance.php", "line": 101, "trace": [ { "file": "E:\\...
GET /invoices/customers/search [invoices.customers.search] =&gt; GET /invoices/customers/search [invoices.customers.search]: application returned server error HTTP 503.
Failed asserting that 503 is less than 500. | Response: { "message": "Service Unavailable", "exception": "Symfony\\Component\\HttpKernel\\Exception\\HttpException", "file": "E:\\laragon\\www\\inventory\\vendor\\laravel\\framework\\src\\Illuminate\\Foundation\\Http\\Middleware\\PreventRequestsDuringMaintenance.php", "line": 101, "trace": [ { "file": "E:\\...
GET /invoices/cancelled [invoices.cancelled] =&gt; GET /invoices/cancelled [invoices.cancelled]: application returned server error HTTP 503.
Failed asserting that 503 is less than 500. | Response: { "message": "Service Unavailable", "exception": "Symfony\\Component\\HttpKernel\\Exception\\HttpException", "file": "E:\\laragon\\www\\inventory\\vendor\\laravel\\framework\\src\\Illuminate\\Foundation\\Http\\Middleware\\PreventRequestsDuringMaintenance.php", "line": 101, "trace": [ { "file": "E:\\...
POST /invoices/bulk/reassign-seller [invoices.bulk.reassign-seller] =&gt; POST /invoices/bulk/reassign-seller [invoices.bulk.reassign-seller]: application returned server error HTTP 503.
Failed asserting that 503 is less than 500. | Response: { "message": "Service Unavailable", "exception": "Symfony\\Component\\HttpKernel\\Exception\\HttpException", "file": "E:\\laragon\\www\\inventory\\vendor\\laravel\\framework\\src\\Illuminate\\Foundation\\Http\\Middleware\\PreventRequestsDuringMaintenance.php", "line": 101, "trace": [ { "file": "E:\\...
GET /invoices/{uuid}/print [invoices.print] =&gt; GET /invoices/{uuid}/print [invoices.print]: application returned server error HTTP 503.
Failed asserting that 503 is less than 500. | Response: { "message": "Service Unavailable", "exception": "Symfony\\Component\\HttpKernel\\Exception\\HttpException", "file": "E:\\laragon\\www\\inventory\\vendor\\laravel\\framework\\src\\Illuminate\\Foundation\\Http\\Middleware\\PreventRequestsDuringMaintenance.php", "line": 101, "trace": [ { "file": "E:\\...
GET /invoices/{uuid}/edit [invoices.edit] =&gt; GET /invoices/{uuid}/edit [invoices.edit]: application returned server error HTTP 503.
Failed asserting that 503 is less than 500. | Response: { "message": "Service Unavailable", "exception": "Symfony\\Component\\HttpKernel\\Exception\\HttpException", "file": "E:\\laragon\\www\\inventory\\vendor\\laravel\\framework\\src\\Illuminate\\Foundation\\Http\\Middleware\\PreventRequestsDuringMaintenance.php", "line": 101, "trace": [ { "file": "E:\\...
PUT /invoices/{uuid} [invoices.update] =&gt; PUT /invoices/{uuid} [invoices.update]: application returned server error HTTP 503.
Failed asserting that 503 is less than 500. | Response: { "message": "Service Unavailable", "exception": "Symfony\\Component\\HttpKernel\\Exception\\HttpException", "file": "E:\\laragon\\www\\inventory\\vendor\\laravel\\framework\\src\\Illuminate\\Foundation\\Http\\Middleware\\PreventRequestsDuringMaintenance.php", "line": 101, "trace": [ { "file": "E:\\...
GET /invoices/{uuid}/history [invoices.history] =&gt; GET /invoices/{uuid}/history [invoices.history]: application returned server error HTTP 503.
Failed asserting that 503 is less than 500. | Response: { "message": "Service Unavailable", "exception": "Symfony\\Component\\HttpKernel\\Exception\\HttpException", "file": "E:\\laragon\\www\\inventory\\vendor\\laravel\\framework\\src\\Illuminate\\Foundation\\Http\\Middleware\\PreventRequestsDuringMaintenance.php", "line": 101, "trace": [ { "file": "E:\\...
GET /invoices/{uuid} [invoices.show] =&gt; GET /invoices/{uuid} [invoices.show]: application returned server error HTTP 503.
Failed asserting that 503 is less than 500. | Response: { "message": "Service Unavailable", "exception": "Symfony\\Component\\HttpKernel\\Exception\\HttpException", "file": "E:\\laragon\\www\\inventory\\vendor\\laravel\\framework\\src\\Illuminate\\Foundation\\Http\\Middleware\\PreventRequestsDuringMaintenance.php", "line": 101, "trace": [ { "file": "E:\\...
POST /invoices/{uuid}/status [invoices.status] =&gt; POST /invoices/{uuid}/status [invoices.status]: application returned server error HTTP 503.
Failed asserting that 503 is less than 500. | Response: { "message": "Service Unavailable", "exception": "Symfony\\Component\\HttpKernel\\Exception\\HttpException", "file": "E:\\laragon\\www\\inventory\\vendor\\laravel\\framework\\src\\Illuminate\\Foundation\\Http\\Middleware\\PreventRequestsDuringMaintenance.php", "line": 101, "trace": [ { "file": "E:\\...
POST /invoices/{uuid}/reassign-seller [invoices.reassign-seller] =&gt; POST /invoices/{uuid}/reassign-seller [invoices.reassign-seller]: application returned server error HTTP 503.
Failed asserting that 503 is less than 500. | Response: { "message": "Service Unavailable", "exception": "Symfony\\Component\\HttpKernel\\Exception\\HttpException", "file": "E:\\laragon\\www\\inventory\\vendor\\laravel\\framework\\src\\Illuminate\\Foundation\\Http\\Middleware\\PreventRequestsDuringMaintenance.php", "line": 101, "trace": [ { "file": "E:\\...
POST /invoices/{uuid}/cancel [invoices.cancel] =&gt; POST /invoices/{uuid}/cancel [invoices.cancel]: application returned server error HTTP 503.
Failed asserting that 503 is less than 500. | Response: { "message": "Service Unavailable", "exception": "Symfony\\Component\\HttpKernel\\Exception\\HttpException", "file": "E:\\laragon\\www\\inventory\\vendor\\laravel\\framework\\src\\Illuminate\\Foundation\\Http\\Middleware\\PreventRequestsDuringMaintenance.php", "line": 101, "trace": [ { "file": "E:\\...
POST /invoices/{uuid}/cancel/undo [invoices.cancel.undo] =&gt; POST /invoices/{uuid}/cancel/undo [invoices.cancel.undo]: application returned server error HTTP 503.
Failed asserting that 503 is less than 500. | Response: { "message": "Service Unavailable", "exception": "Symfony\\Component\\HttpKernel\\Exception\\HttpException", "file": "E:\\laragon\\www\\inventory\\vendor\\laravel\\framework\\src\\Illuminate\\Foundation\\Http\\Middleware\\PreventRequestsDuringMaintenance.php", "line": 101, "trace": [ { "file": "E:\\...
POST /invoices/{uuid}/payments [invoices.payments.store] =&gt; POST /invoices/{uuid}/payments [invoices.payments.store]: application returned server error HTTP 503.
Failed asserting that 503 is less than 500. | Response: { "message": "Service Unavailable", "exception": "Symfony\\Component\\HttpKernel\\Exception\\HttpException", "file": "E:\\laragon\\www\\inventory\\vendor\\laravel\\framework\\src\\Illuminate\\Foundation\\Http\\Middleware\\PreventRequestsDuringMaintenance.php", "line": 101, "trace": [ { "file": "E:\\...
POST /invoices/{uuid}/notes [invoices.notes.store] =&gt; POST /invoices/{uuid}/notes [invoices.notes.store]: application returned server error HTTP 503.
Failed asserting that 503 is less than 500. | Response: { "message": "Service Unavailable", "exception": "Symfony\\Component\\HttpKernel\\Exception\\HttpException", "file": "E:\\laragon\\www\\inventory\\vendor\\laravel\\framework\\src\\Illuminate\\Foundation\\Http\\Middleware\\PreventRequestsDuringMaintenance.php", "line": 101, "trace": [ { "file": "E:\\...
POST /invoices/payments/{payment}/cheque [cheques.store] =&gt; POST /invoices/payments/{payment}/cheque [cheques.store]: application returned server error HTTP 503.
Failed asserting that 503 is less than 500. | Response: { "message": "Service Unavailable", "exception": "Symfony\\Component\\HttpKernel\\Exception\\HttpException", "file": "E:\\laragon\\www\\inventory\\vendor\\laravel\\framework\\src\\Illuminate\\Foundation\\Http\\Middleware\\PreventRequestsDuringMaintenance.php", "line": 101, "trace": [ { "file": "E:\\...
GET /account-statements [account-statements.index] =&gt; GET /account-statements [account-statements.index]: application returned server error HTTP 503.
Failed asserting that 503 is less than 500. | Response: { "message": "Service Unavailable", "exception": "Symfony\\Component\\HttpKernel\\Exception\\HttpException", "file": "E:\\laragon\\www\\inventory\\vendor\\laravel\\framework\\src\\Illuminate\\Foundation\\Http\\Middleware\\PreventRequestsDuringMaintenance.php", "line": 101, "trace": [ { "file": "E:\\...
POST /account-statements/{customer}/payments [account-statements.payments.store] =&gt; POST /account-statements/{customer}/payments [account-statements.payments.store]: application returned server error HTTP 503.
Failed asserting that 503 is less than 500. | Response: { "message": "Service Unavailable", "exception": "Symfony\\Component\\HttpKernel\\Exception\\HttpException", "file": "E:\\laragon\\www\\inventory\\vendor\\laravel\\framework\\src\\Illuminate\\Foundation\\Http\\Middleware\\PreventRequestsDuringMaintenance.php", "line": 101, "trace": [ { "file": "E:\\...
GET /account-statements/documents/invoices/{uuid} [account-statements.documents.invoices.show] =&gt; GET /account-statements/documents/invoices/{uuid} [account-statements.documents.invoices.show]: application returned server error HTTP 503.
Failed asserting that 503 is less than 500. | Response: { "message": "Service Unavailable", "exception": "Symfony\\Component\\HttpKernel\\Exception\\HttpException", "file": "E:\\laragon\\www\\inventory\\vendor\\laravel\\framework\\src\\Illuminate\\Foundation\\Http\\Middleware\\PreventRequestsDuringMaintenance.php", "line": 101, "trace": [ { "file": "E:\\...
GET /account-statements/documents/returns/{voucher} [account-statements.documents.returns.show] =&gt; GET /account-statements/documents/returns/{voucher} [account-statements.documents.returns.show]: application returned server error HTTP 503.
Failed asserting that 503 is less than 500. | Response: { "message": "Service Unavailable", "exception": "Symfony\\Component\\HttpKernel\\Exception\\HttpException", "file": "E:\\laragon\\www\\inventory\\vendor\\laravel\\framework\\src\\Illuminate\\Foundation\\Http\\Middleware\\PreventRequestsDuringMaintenance.php", "line": 101, "trace": [ { "file": "E:\\...
GET /account-statements/documents/payments/{payment} [account-statements.documents.payments.show] =&gt; GET /account-statements/documents/payments/{payment} [account-statements.documents.payments.show]: application returned server error HTTP 503.
Failed asserting that 503 is less than 500. | Response: { "message": "Service Unavailable", "exception": "Symfony\\Component\\HttpKernel\\Exception\\HttpException", "file": "E:\\laragon\\www\\inventory\\vendor\\laravel\\framework\\src\\Illuminate\\Foundation\\Http\\Middleware\\PreventRequestsDuringMaintenance.php", "line": 101, "trace": [ { "file": "E:\\...
GET /account-statements/{customer} [account-statements.show] =&gt; GET /account-statements/{customer} [account-statements.show]: application returned server error HTTP 503.
Failed asserting that 503 is less than 500. | Response: { "message": "Service Unavailable", "exception": "Symfony\\Component\\HttpKernel\\Exception\\HttpException", "file": "E:\\laragon\\www\\inventory\\vendor\\laravel\\framework\\src\\Illuminate\\Foundation\\Http\\Middleware\\PreventRequestsDuringMaintenance.php", "line": 101, "trace": [ { "file": "E:\\...
GET /activity-logs [activity-logs.index] =&gt; GET /activity-logs [activity-logs.index]: application returned server error HTTP 503.
Failed asserting that 503 is less than 500. | Response: { "message": "Service Unavailable", "exception": "Symfony\\Component\\HttpKernel\\Exception\\HttpException", "file": "E:\\laragon\\www\\inventory\\vendor\\laravel\\framework\\src\\Illuminate\\Foundation\\Http\\Middleware\\PreventRequestsDuringMaintenance.php", "line": 101, "trace": [ { "file": "E:\\...
GET /users [users.index] =&gt; GET /users [users.index]: application returned server error HTTP 503.
Failed asserting that 503 is less than 500. | Response: { "message": "Service Unavailable", "exception": "Symfony\\Component\\HttpKernel\\Exception\\HttpException", "file": "E:\\laragon\\www\\inventory\\vendor\\laravel\\framework\\src\\Illuminate\\Foundation\\Http\\Middleware\\PreventRequestsDuringMaintenance.php", "line": 101, "trace": [ { "file": "E:\\...
POST /users/sync [users.sync] =&gt; POST /users/sync [users.sync]: application returned server error HTTP 503.
Failed asserting that 503 is less than 500. | Response: { "message": "Service Unavailable", "exception": "Symfony\\Component\\HttpKernel\\Exception\\HttpException", "file": "E:\\laragon\\www\\inventory\\vendor\\laravel\\framework\\src\\Illuminate\\Foundation\\Http\\Middleware\\PreventRequestsDuringMaintenance.php", "line": 101, "trace": [ { "file": "E:\\...
GET /admin/bug-investigator [admin.bug-investigator.index] =&gt; GET /admin/bug-investigator [admin.bug-investigator.index]: application returned server error HTTP 503.
Failed asserting that 503 is less than 500. | Response: { "message": "Service Unavailable", "exception": "Symfony\\Component\\HttpKernel\\Exception\\HttpException", "file": "E:\\laragon\\www\\inventory\\vendor\\laravel\\framework\\src\\Illuminate\\Foundation\\Http\\Middleware\\PreventRequestsDuringMaintenance.php", "line": 101, "trace": [ { "file": "E:\\...
GET /admin/bug-investigator/create [admin.bug-investigator.create] =&gt; GET /admin/bug-investigator/create [admin.bug-investigator.create]: application returned server error HTTP 503.
Failed asserting that 503 is less than 500. | Response: { "message": "Service Unavailable", "exception": "Symfony\\Component\\HttpKernel\\Exception\\HttpException", "file": "E:\\laragon\\www\\inventory\\vendor\\laravel\\framework\\src\\Illuminate\\Foundation\\Http\\Middleware\\PreventRequestsDuringMaintenance.php", "line": 101, "trace": [ { "file": "E:\\...
POST /admin/bug-investigator [admin.bug-investigator.store] =&gt; POST /admin/bug-investigator [admin.bug-investigator.store]: application returned server error HTTP 503.
Failed asserting that 503 is less than 500. | Response: { "message": "Service Unavailable", "exception": "Symfony\\Component\\HttpKernel\\Exception\\HttpException", "file": "E:\\laragon\\www\\inventory\\vendor\\laravel\\framework\\src\\Illuminate\\Foundation\\Http\\Middleware\\PreventRequestsDuringMaintenance.php", "line": 101, "trace": [ { "file": "E:\\...
POST /admin/bug-investigator/{bugCase}/rerun [admin.bug-investigator.rerun] =&gt; POST /admin/bug-investigator/{bugCase}/rerun [admin.bug-investigator.rerun]: application returned server error HTTP 503.
Failed asserting that 503 is less than 500. | Response: { "message": "Service Unavailable", "exception": "Symfony\\Component\\HttpKernel\\Exception\\HttpException", "file": "E:\\laragon\\www\\inventory\\vendor\\laravel\\framework\\src\\Illuminate\\Foundation\\Http\\Middleware\\PreventRequestsDuringMaintenance.php", "line": 101, "trace": [ { "file": "E:\\...
GET /admin/bug-investigator/{bugCase} [admin.bug-investigator.show] =&gt; GET /admin/bug-investigator/{bugCase} [admin.bug-investigator.show]: application returned server error HTTP 503.
Failed asserting that 503 is less than 500. | Response: { "message": "Service Unavailable", "exception": "Symfony\\Component\\HttpKernel\\Exception\\HttpException", "file": "E:\\laragon\\www\\inventory\\vendor\\laravel\\framework\\src\\Illuminate\\Foundation\\Http\\Middleware\\PreventRequestsDuringMaintenance.php", "line": 101, "trace": [ { "file": "E:\\...
GET /admin/permissions [admin.permissions.index] =&gt; GET /admin/permissions [admin.permissions.index]: application returned server error HTTP 503.
Failed asserting that 503 is less than 500. | Response: { "message": "Service Unavailable", "exception": "Symfony\\Component\\HttpKernel\\Exception\\HttpException", "file": "E:\\laragon\\www\\inventory\\vendor\\laravel\\framework\\src\\Illuminate\\Foundation\\Http\\Middleware\\PreventRequestsDuringMaintenance.php", "line": 101, "trace": [ { "file": "E:\\...
PUT /admin/permissions/{user} [admin.permissions.update] =&gt; PUT /admin/permissions/{user} [admin.permissions.update]: application returned server error HTTP 503.
Failed asserting that 503 is less than 500. | Response: { "message": "Service Unavailable", "exception": "Symfony\\Component\\HttpKernel\\Exception\\HttpException", "file": "E:\\laragon\\www\\inventory\\vendor\\laravel\\framework\\src\\Illuminate\\Foundation\\Http\\Middleware\\PreventRequestsDuringMaintenance.php", "line": 101, "trace": [ { "file": "E:\\...
GET /admin/roles [admin.roles.index] =&gt; GET /admin/roles [admin.roles.index]: application returned server error HTTP 503.
Failed asserting that 503 is less than 500. | Response: { "message": "Service Unavailable", "exception": "Symfony\\Component\\HttpKernel\\Exception\\HttpException", "file": "E:\\laragon\\www\\inventory\\vendor\\laravel\\framework\\src\\Illuminate\\Foundation\\Http\\Middleware\\PreventRequestsDuringMaintenance.php", "line": 101, "trace": [ { "file": "E:\\...
GET /admin/roles/create [admin.roles.create] =&gt; GET /admin/roles/create [admin.roles.create]: application returned server error HTTP 503.
Failed asserting that 503 is less than 500. | Response: { "message": "Service Unavailable", "exception": "Symfony\\Component\\HttpKernel\\Exception\\HttpException", "file": "E:\\laragon\\www\\inventory\\vendor\\laravel\\framework\\src\\Illuminate\\Foundation\\Http\\Middleware\\PreventRequestsDuringMaintenance.php", "line": 101, "trace": [ { "file": "E:\\...
POST /admin/roles [admin.roles.store] =&gt; POST /admin/roles [admin.roles.store]: application returned server error HTTP 503.
Failed asserting that 503 is less than 500. | Response: { "message": "Service Unavailable", "exception": "Symfony\\Component\\HttpKernel\\Exception\\HttpException", "file": "E:\\laragon\\www\\inventory\\vendor\\laravel\\framework\\src\\Illuminate\\Foundation\\Http\\Middleware\\PreventRequestsDuringMaintenance.php", "line": 101, "trace": [ { "file": "E:\\...
GET /admin/roles/{role}/edit [admin.roles.edit] =&gt; GET /admin/roles/{role}/edit [admin.roles.edit]: application returned server error HTTP 503.
Failed asserting that 503 is less than 500. | Response: { "message": "Service Unavailable", "exception": "Symfony\\Component\\HttpKernel\\Exception\\HttpException", "file": "E:\\laragon\\www\\inventory\\vendor\\laravel\\framework\\src\\Illuminate\\Foundation\\Http\\Middleware\\PreventRequestsDuringMaintenance.php", "line": 101, "trace": [ { "file": "E:\\...
PUT /admin/roles/{role} [admin.roles.update] =&gt; PUT /admin/roles/{role} [admin.roles.update]: application returned server error HTTP 503.
Failed asserting that 503 is less than 500. | Response: { "message": "Service Unavailable", "exception": "Symfony\\Component\\HttpKernel\\Exception\\HttpException", "file": "E:\\laragon\\www\\inventory\\vendor\\laravel\\framework\\src\\Illuminate\\Foundation\\Http\\Middleware\\PreventRequestsDuringMaintenance.php", "line": 101, "trace": [ { "file": "E:\\...
PATCH /admin/roles/{role} [admin.roles.update] =&gt; PATCH /admin/roles/{role} [admin.roles.update]: application returned server error HTTP 503.
Failed asserting that 503 is less than 500. | Response: { "message": "Service Unavailable", "exception": "Symfony\\Component\\HttpKernel\\Exception\\HttpException", "file": "E:\\laragon\\www\\inventory\\vendor\\laravel\\framework\\src\\Illuminate\\Foundation\\Http\\Middleware\\PreventRequestsDuringMaintenance.php", "line": 101, "trace": [ { "file": "E:\\...
DELETE /admin/roles/{role} [admin.roles.destroy] =&gt; DELETE /admin/roles/{role} [admin.roles.destroy]: application returned server error HTTP 503.
Failed asserting that 503 is less than 500. | Response: { "message": "Service Unavailable", "exception": "Symfony\\Component\\HttpKernel\\Exception\\HttpException", "file": "E:\\laragon\\www\\inventory\\vendor\\laravel\\framework\\src\\Illuminate\\Foundation\\Http\\Middleware\\PreventRequestsDuringMaintenance.php", "line": 101, "trace": [ { "file": "E:\\...
GET /finance/cheques [finance.cheques.index] =&gt; GET /finance/cheques [finance.cheques.index]: application returned server error HTTP 503.
Failed asserting that 503 is less than 500. | Response: { "message": "Service Unavailable", "exception": "Symfony\\Component\\HttpKernel\\Exception\\HttpException", "file": "E:\\laragon\\www\\inventory\\vendor\\laravel\\framework\\src\\Illuminate\\Foundation\\Http\\Middleware\\PreventRequestsDuringMaintenance.php", "line": 101, "trace": [ { "file": "E:\\...
GET /auth/phone/verify [auth.phone.verify] =&gt; GET /auth/phone/verify [auth.phone.verify]: application returned server error HTTP 503.
Failed asserting that 503 is less than 500. | Response: { "message": "Service Unavailable", "exception": "Symfony\\Component\\HttpKernel\\Exception\\HttpException", "file": "E:\\laragon\\www\\inventory\\vendor\\laravel\\framework\\src\\Illuminate\\Foundation\\Http\\Middleware\\PreventRequestsDuringMaintenance.php", "line": 101, "trace": [ { "file": "E:\\...
GET /login [login] =&gt; GET /login [login]: application returned server error HTTP 503.
Failed asserting that 503 is less than 500. | Response: { "message": "Service Unavailable", "exception": "Symfony\\Component\\HttpKernel\\Exception\\HttpException", "file": "E:\\laragon\\www\\inventory\\vendor\\laravel\\framework\\src\\Illuminate\\Foundation\\Http\\Middleware\\PreventRequestsDuringMaintenance.php", "line": 101, "trace": [ { "file": "E:\\...
POST /login [unnamed] =&gt; POST /login [unnamed]: application returned server error HTTP 503.
Failed asserting that 503 is less than 500. | Response: { "message": "Service Unavailable", "exception": "Symfony\\Component\\HttpKernel\\Exception\\HttpException", "file": "E:\\laragon\\www\\inventory\\vendor\\laravel\\framework\\src\\Illuminate\\Foundation\\Http\\Middleware\\PreventRequestsDuringMaintenance.php", "line": 101, "trace": [ { "file": "E:\\...
GET /forgot-password [password.request] =&gt; GET /forgot-password [password.request]: application returned server error HTTP 503.
Failed asserting that 503 is less than 500. | Response: { "message": "Service Unavailable", "exception": "Symfony\\Component\\HttpKernel\\Exception\\HttpException", "file": "E:\\laragon\\www\\inventory\\vendor\\laravel\\framework\\src\\Illuminate\\Foundation\\Http\\Middleware\\PreventRequestsDuringMaintenance.php", "line": 101, "trace": [ { "file": "E:\\...
POST /forgot-password [password.email] =&gt; POST /forgot-password [password.email]: application returned server error HTTP 503.
Failed asserting that 503 is less than 500. | Response: { "message": "Service Unavailable", "exception": "Symfony\\Component\\HttpKernel\\Exception\\HttpException", "file": "E:\\laragon\\www\\inventory\\vendor\\laravel\\framework\\src\\Illuminate\\Foundation\\Http\\Middleware\\PreventRequestsDuringMaintenance.php", "line": 101, "trace": [ { "file": "E:\\...
GET /reset-password/{token} [password.reset] =&gt; GET /reset-password/{token} [password.reset]: application returned server error HTTP 503.
Failed asserting that 503 is less than 500. | Response: { "message": "Service Unavailable", "exception": "Symfony\\Component\\HttpKernel\\Exception\\HttpException", "file": "E:\\laragon\\www\\inventory\\vendor\\laravel\\framework\\src\\Illuminate\\Foundation\\Http\\Middleware\\PreventRequestsDuringMaintenance.php", "line": 101, "trace": [ { "file": "E:\\...
POST /reset-password [password.store] =&gt; POST /reset-password [password.store]: application returned server error HTTP 503.
Failed asserting that 503 is less than 500. | Response: { "message": "Service Unavailable", "exception": "Symfony\\Component\\HttpKernel\\Exception\\HttpException", "file": "E:\\laragon\\www\\inventory\\vendor\\laravel\\framework\\src\\Illuminate\\Foundation\\Http\\Middleware\\PreventRequestsDuringMaintenance.php", "line": 101, "trace": [ { "file": "E:\\...
GET /verify-email [verification.notice] =&gt; GET /verify-email [verification.notice]: application returned server error HTTP 503.
Failed asserting that 503 is less than 500. | Response: { "message": "Service Unavailable", "exception": "Symfony\\Component\\HttpKernel\\Exception\\HttpException", "file": "E:\\laragon\\www\\inventory\\vendor\\laravel\\framework\\src\\Illuminate\\Foundation\\Http\\Middleware\\PreventRequestsDuringMaintenance.php", "line": 101, "trace": [ { "file": "E:\\...
GET /verify-email/{id}/{hash} [verification.verify] =&gt; GET /verify-email/{id}/{hash} [verification.verify]: application returned server error HTTP 503.
Failed asserting that 503 is less than 500. | Response: { "message": "Service Unavailable", "exception": "Symfony\\Component\\HttpKernel\\Exception\\HttpException", "file": "E:\\laragon\\www\\inventory\\vendor\\laravel\\framework\\src\\Illuminate\\Foundation\\Http\\Middleware\\PreventRequestsDuringMaintenance.php", "line": 101, "trace": [ { "file": "E:\\...
POST /email/verification-notification [verification.send] =&gt; POST /email/verification-notification [verification.send]: application returned server error HTTP 503.
Failed asserting that 503 is less than 500. | Response: { "message": "Service Unavailable", "exception": "Symfony\\Component\\HttpKernel\\Exception\\HttpException", "file": "E:\\laragon\\www\\inventory\\vendor\\laravel\\framework\\src\\Illuminate\\Foundation\\Http\\Middleware\\PreventRequestsDuringMaintenance.php", "line": 101, "trace": [ { "file": "E:\\...
GET /confirm-password [password.confirm] =&gt; GET /confirm-password [password.confirm]: application returned server error HTTP 503.
Failed asserting that 503 is less than 500. | Response: { "message": "Service Unavailable", "exception": "Symfony\\Component\\HttpKernel\\Exception\\HttpException", "file": "E:\\laragon\\www\\inventory\\vendor\\laravel\\framework\\src\\Illuminate\\Foundation\\Http\\Middleware\\PreventRequestsDuringMaintenance.php", "line": 101, "trace": [ { "file": "E:\\...
POST /confirm-password [unnamed] =&gt; POST /confirm-password [unnamed]: application returned server error HTTP 503.
Failed asserting that 503 is less than 500. | Response: { "message": "Service Unavailable", "exception": "Symfony\\Component\\HttpKernel\\Exception\\HttpException", "file": "E:\\laragon\\www\\inventory\\vendor\\laravel\\framework\\src\\Illuminate\\Foundation\\Http\\Middleware\\PreventRequestsDuringMaintenance.php", "line": 101, "trace": [ { "file": "E:\\...
PUT /password [password.update] =&gt; PUT /password [password.update]: application returned server error HTTP 503.
Failed asserting that 503 is less than 500. | Response: { "message": "Service Unavailable", "exception": "Symfony\\Component\\HttpKernel\\Exception\\HttpException", "file": "E:\\laragon\\www\\inventory\\vendor\\laravel\\framework\\src\\Illuminate\\Foundation\\Http\\Middleware\\PreventRequestsDuringMaintenance.php", "line": 101, "trace": [ { "file": "E:\\...
POST /logout [logout] =&gt; POST /logout [logout]: application returned server error HTTP 503.
Failed asserting that 503 is less than 500. | Response: { "message": "Service Unavailable", "exception": "Symfony\\Component\\HttpKernel\\Exception\\HttpException", "file": "E:\\laragon\\www\\inventory\\vendor\\laravel\\framework\\src\\Illuminate\\Foundation\\Http\\Middleware\\PreventRequestsDuringMaintenance.php", "line": 101, "trace": [ { "file": "E:\\...
GET /storage/{path} [storage.local] =&gt; GET /storage/{path} [storage.local]: application returned server error HTTP 503.
Failed asserting that 503 is less than 500. | Response: { "message": "Service Unavailable", "exception": "Symfony\\Component\\HttpKernel\\Exception\\HttpException", "file": "E:\\laragon\\www\\inventory\\vendor\\laravel\\framework\\src\\Illuminate\\Foundation\\Http\\Middleware\\PreventRequestsDuringMaintenance.php", "line": 101, "trace": [ { "file": "E:\\...
PUT /storage/{path} [storage.local.upload] =&gt; PUT /storage/{path} [storage.local.upload]: application returned server error HTTP 503.
Failed asserting that 503 is less than 500. | Response: { "message": "Service Unavailable", "exception": "Symfony\\Component\\HttpKernel\\Exception\\HttpException", "file": "E:\\laragon\\www\\inventory\\vendor\\laravel\\framework\\src\\Illuminate\\Foundation\\Http\\Middleware\\PreventRequestsDuringMaintenance.php", "line": 101, "trace": [ { "file": "E:\\...
Failed asserting that two arrays are identical.&#13;
at tests\Feature\Controllers\RouteCoverageTest.php:825</failure>
        </testcase>
      </testsuite>
      <testsuite name="Tests\Feature\CrmUserSyncTest" file="tests\Feature\CrmUserSyncTest.php" tests="11" assertions="40" errors="0" failures="1" skipped="0" time="0.798162">
        <testcase name="it uses bearer auth canonical endpoint and follows cursor pages from zero" file="tests\Feature\CrmUserSyncTest.php::it uses bearer auth canonical endpoint and follows cursor pages from zero" class="Tests\Feature\CrmUserSyncTest" classname="Tests.Feature.CrmUserSyncTest" assertions="9" time="0.116782"/>
        <testcase name="it is idempotent updates phone by crm id and preserves password and local roles" file="tests\Feature\CrmUserSyncTest.php::it is idempotent updates phone by crm id and preserves password and local roles" class="Tests\Feature\CrmUserSyncTest" classname="Tests.Feature.CrmUserSyncTest" assertions="4" time="0.079705"/>
        <testcase name="it resolves managers after later pages and stores independent access and seller flags" file="tests\Feature\CrmUserSyncTest.php::it resolves managers after later pages and stores independent access and seller flags" class="Tests\Feature\CrmUserSyncTest" classname="Tests.Feature.CrmUserSyncTest" assertions="8" time="0.072829"/>
        <testcase name="it uses a fixed incremental window and resets cursor on each cycle" file="tests\Feature\CrmUserSyncTest.php::it uses a fixed incremental window and resets cursor on each cycle" class="Tests\Feature\CrmUserSyncTest" classname="Tests.Feature.CrmUserSyncTest" assertions="4" time="0.061803"/>
        <testcase name="it does not advance successful state when the response contract is invalid" file="tests\Feature\CrmUserSyncTest.php::it does not advance successful state when the response contract is invalid" class="Tests\Feature\CrmUserSyncTest" classname="Tests.Feature.CrmUserSyncTest" assertions="2" time="0.060682"/>
        <testcase name="it keeps dry run fully read only" file="tests\Feature\CrmUserSyncTest.php::it keeps dry run fully read only" class="Tests\Feature\CrmUserSyncTest" classname="Tests.Feature.CrmUserSyncTest" assertions="3" time="0.075534"/>
        <testcase name="it rejects a non advancing cursor and does not retry unauthorized responses" file="tests\Feature\CrmUserSyncTest.php::it rejects a non advancing cursor and does not retry unauthorized responses" class="Tests\Feature\CrmUserSyncTest" classname="Tests.Feature.CrmUserSyncTest" assertions="3" time="0.073649"/>
        <testcase name="it retries temporary failures but not contract failures" file="tests\Feature\CrmUserSyncTest.php::it retries temporary failures but not contract failures" class="Tests\Feature\CrmUserSyncTest" classname="Tests.Feature.CrmUserSyncTest" assertions="2" time="0.056949"/>
        <testcase name="it rejects html responses without retrying" file="tests\Feature\CrmUserSyncTest.php::it rejects html responses without retrying" class="Tests\Feature\CrmUserSyncTest" classname="Tests.Feature.CrmUserSyncTest" assertions="2" time="0.062921"/>
        <testcase name="it does not link ambiguous phone matches and never consumes password fields" file="tests\Feature\CrmUserSyncTest.php::it does not link ambiguous phone matches and never consumes password fields" class="Tests\Feature\CrmUserSyncTest" classname="Tests.Feature.CrmUserSyncTest" assertions="2" time="0.079556"/>
        <testcase name="it blocks login when crm access is revoked without deleting the user" file="tests\Feature\CrmUserSyncTest.php::it blocks login when crm access is revoked without deleting the user" class="Tests\Feature\CrmUserSyncTest" classname="Tests.Feature.CrmUserSyncTest" assertions="1" time="0.057751">
          <failure type="PHPUnit\Framework\ExpectationFailedException">it blocks login when crm access is revoked without deleting the userSession is missing expected key [errors].
Failed asserting that false is true.&#13;
at vendor\laravel\framework\src\Illuminate\Testing\TestResponseAssert.php:45
at vendor\laravel\framework\src\Illuminate\Testing\TestResponse.php:1547
at vendor\laravel\framework\src\Illuminate\Testing\TestResponse.php:1634
at tests\Feature\CrmUserSyncTest.php:127</failure>
        </testcase>
      </testsuite>
      <testsuite name="Tests\Feature\CustomerBalanceCancelledInvoiceTest" file="Customer Balance Cancelled Invoice (Tests\Feature\CustomerBalanceCancelledInvoice)" tests="3" assertions="5" errors="0" failures="1" skipped="0" time="0.197978">
        <testcase name="Cancelled status helper only returns not shipped" file="Customer Balance Cancelled Invoice (Tests\Feature\CustomerBalanceCancelledInvoice)::Cancelled status helper only returns not shipped" class="Tests\Feature\CustomerBalanceCancelledInvoiceTest" classname="Tests.Feature.CustomerBalanceCancelledInvoiceTest" assertions="1" time="0.063942"/>
        <testcase name="Customer balance ignores not shipped and counts pending collection" file="Customer Balance Cancelled Invoice (Tests\Feature\CustomerBalanceCancelledInvoice)::Customer balance ignores not shipped and counts pending collection" class="Tests\Feature\CustomerBalanceCancelledInvoiceTest" classname="Tests.Feature.CustomerBalanceCancelledInvoiceTest" assertions="3" time="0.076256"/>
        <testcase name="Customers page and preinvoice customer search load without balance exception" file="Customer Balance Cancelled Invoice (Tests\Feature\CustomerBalanceCancelledInvoice)::Customers page and preinvoice customer search load without balance exception" class="Tests\Feature\CustomerBalanceCancelledInvoiceTest" classname="Tests.Feature.CustomerBalanceCancelledInvoiceTest" assertions="1" time="0.057780">
          <failure type="PHPUnit\Framework\ExpectationFailedException">Customers page and preinvoice customer search load without balance exceptionExpected response status code [200] but received 503.
Failed asserting that 503 is identical to 200.&#13;
at vendor\laravel\framework\src\Illuminate\Testing\TestResponseAssert.php:45
at vendor\laravel\framework\src\Illuminate\Testing\TestResponse.php:175
at vendor\laravel\framework\src\Illuminate\Testing\Concerns\AssertsStatusCodes.php:16
at tests\Feature\CustomerBalanceCancelledInvoiceTest.php:86</failure>
        </testcase>
      </testsuite>
      <testsuite name="Tests\Feature\CustomerLedgerCancelledInvoiceTest" file="Customer Ledger Cancelled Invoice (Tests\Feature\CustomerLedgerCancelledInvoice)" tests="1" assertions="1" errors="0" failures="0" skipped="0" time="0.067066">
        <testcase name="Cancelled invoice is not counted but active invoices and payments are" file="Customer Ledger Cancelled Invoice (Tests\Feature\CustomerLedgerCancelledInvoice)::Cancelled invoice is not counted but active invoices and payments are" class="Tests\Feature\CustomerLedgerCancelledInvoiceTest" classname="Tests.Feature.CustomerLedgerCancelledInvoiceTest" assertions="1" time="0.067066"/>
      </testsuite>
      <testsuite name="Tests\Feature\CustomerManagementTest" file="Customer Management (Tests\Feature\CustomerManagement)" tests="24" assertions="27" errors="0" failures="23" skipped="0" time="24.850214">
        <testcase name="Guest cannot view customers" file="Customer Management (Tests\Feature\CustomerManagement)::Guest cannot view customers" class="Tests\Feature\CustomerManagementTest" classname="Tests.Feature.CustomerManagementTest" assertions="1" time="0.856138">
          <failure type="PHPUnit\Framework\ExpectationFailedException">Guest cannot view customersExpected response status code [201, 301, 302, 303, 307, 308] but received 503.
Failed asserting that false is true.&#13;
at vendor\laravel\framework\src\Illuminate\Testing\TestResponseAssert.php:45
at vendor\laravel\framework\src\Illuminate\Testing\TestResponse.php:200
at tests\Feature\CustomerManagementTest.php:30</failure>
        </testcase>
        <testcase name="User without permission receives 403" file="Customer Management (Tests\Feature\CustomerManagement)::User without permission receives 403" class="Tests\Feature\CustomerManagementTest" classname="Tests.Feature.CustomerManagementTest" assertions="1" time="0.967786">
          <failure type="PHPUnit\Framework\ExpectationFailedException">User without permission receives 403Expected response status code [403] but received 503.
Failed asserting that 503 is identical to 403.&#13;
at vendor\laravel\framework\src\Illuminate\Testing\TestResponseAssert.php:45
at vendor\laravel\framework\src\Illuminate\Testing\TestResponse.php:175
at vendor\laravel\framework\src\Illuminate\Testing\Concerns\AssertsStatusCodes.php:141
at tests\Feature\CustomerManagementTest.php:35</failure>
        </testcase>
        <testcase name="User with view permission and super admin can view customers" file="Customer Management (Tests\Feature\CustomerManagement)::User with view permission and super admin can view customers" class="Tests\Feature\CustomerManagementTest" classname="Tests.Feature.CustomerManagementTest" assertions="1" time="0.983383">
          <failure type="PHPUnit\Framework\ExpectationFailedException">User with view permission and super admin can view customersExpected response status code [200] but received 503.
Failed asserting that 503 is identical to 200.&#13;
at vendor\laravel\framework\src\Illuminate\Testing\TestResponseAssert.php:45
at vendor\laravel\framework\src\Illuminate\Testing\TestResponse.php:175
at vendor\laravel\framework\src\Illuminate\Testing\Concerns\AssertsStatusCodes.php:16
at tests\Feature\CustomerManagementTest.php:43</failure>
        </testcase>
        <testcase name="Customer create and edit forms render" file="Customer Management (Tests\Feature\CustomerManagement)::Customer create and edit forms render" class="Tests\Feature\CustomerManagementTest" classname="Tests.Feature.CustomerManagementTest" assertions="1" time="0.836909">
          <failure type="PHPUnit\Framework\ExpectationFailedException">Customer create and edit forms renderExpected response status code [200] but received 503.
Failed asserting that 503 is identical to 200.&#13;
at vendor\laravel\framework\src\Illuminate\Testing\TestResponseAssert.php:45
at vendor\laravel\framework\src\Illuminate\Testing\TestResponse.php:175
at vendor\laravel\framework\src\Illuminate\Testing\Concerns\AssertsStatusCodes.php:16
at tests\Feature\CustomerManagementTest.php:52</failure>
        </testcase>
        <testcase name="View only user cannot create update or delete customer via url" file="Customer Management (Tests\Feature\CustomerManagement)::View only user cannot create update or delete customer via url" class="Tests\Feature\CustomerManagementTest" classname="Tests.Feature.CustomerManagementTest" assertions="1" time="1.169675">
          <failure type="PHPUnit\Framework\ExpectationFailedException">View only user cannot create update or delete customer via urlExpected response status code [403] but received 503.
Failed asserting that 503 is identical to 403.&#13;
at vendor\laravel\framework\src\Illuminate\Testing\TestResponseAssert.php:45
at vendor\laravel\framework\src\Illuminate\Testing\TestResponse.php:175
at vendor\laravel\framework\src\Illuminate\Testing\Concerns\AssertsStatusCodes.php:141
at tests\Feature\CustomerManagementTest.php:63</failure>
        </testcase>
        <testcase name="Project manager receives customer permissions by default" file="Customer Management (Tests\Feature\CustomerManagement)::Project manager receives customer permissions by default" class="Tests\Feature\CustomerManagementTest" classname="Tests.Feature.CustomerManagementTest" assertions="2" time="1.220929"/>
        <testcase name="Authorized user can create customer with normalized phone" file="Customer Management (Tests\Feature\CustomerManagement)::Authorized user can create customer with normalized phone" class="Tests\Feature\CustomerManagementTest" classname="Tests.Feature.CustomerManagementTest" assertions="1" time="0.907076">
          <failure type="PHPUnit\Framework\ExpectationFailedException">Authorized user can create customer with normalized phoneExpected response status code [201, 301, 302, 303, 307, 308] but received 503.
Failed asserting that false is true.&#13;
at vendor\laravel\framework\src\Illuminate\Testing\TestResponseAssert.php:45
at vendor\laravel\framework\src\Illuminate\Testing\TestResponse.php:200
at tests\Feature\CustomerManagementTest.php:83</failure>
        </testcase>
        <testcase name="Authorized user can create customer with frontend modal payload" file="Customer Management (Tests\Feature\CustomerManagement)::Authorized user can create customer with frontend modal payload" class="Tests\Feature\CustomerManagementTest" classname="Tests.Feature.CustomerManagementTest" assertions="2" time="1.100339">
          <failure type="PHPUnit\Framework\ExpectationFailedException">Authorized user can create customer with frontend modal payloadExpected response status code [201, 301, 302, 303, 307, 308] but received 503.
Failed asserting that false is true.&#13;
at vendor\laravel\framework\src\Illuminate\Testing\TestResponseAssert.php:45
at vendor\laravel\framework\src\Illuminate\Testing\TestResponse.php:200
at tests\Feature\CustomerManagementTest.php:104</failure>
        </testcase>
        <testcase name="Frontend modal payload rejects a duplicate mobile" file="Customer Management (Tests\Feature\CustomerManagement)::Frontend modal payload rejects a duplicate mobile" class="Tests\Feature\CustomerManagementTest" classname="Tests.Feature.CustomerManagementTest" assertions="1" time="1.184925">
          <failure type="PHPUnit\Framework\ExpectationFailedException">Frontend modal payload rejects a duplicate mobileSession is missing expected key [errors].
Failed asserting that false is true.&#13;
at vendor\laravel\framework\src\Illuminate\Testing\TestResponseAssert.php:45
at vendor\laravel\framework\src\Illuminate\Testing\TestResponse.php:1547
at vendor\laravel\framework\src\Illuminate\Testing\TestResponse.php:1634
at tests\Feature\CustomerManagementTest.php:123</failure>
        </testcase>
        <testcase name="Frontend modal payload rejects an invalid iranian mobile" file="Customer Management (Tests\Feature\CustomerManagement)::Frontend modal payload rejects an invalid iranian mobile" class="Tests\Feature\CustomerManagementTest" classname="Tests.Feature.CustomerManagementTest" assertions="1" time="1.720231">
          <failure type="PHPUnit\Framework\ExpectationFailedException">Frontend modal payload rejects an invalid iranian mobileSession is missing expected key [errors].
Failed asserting that false is true.&#13;
at vendor\laravel\framework\src\Illuminate\Testing\TestResponseAssert.php:45
at vendor\laravel\framework\src\Illuminate\Testing\TestResponse.php:1547
at vendor\laravel\framework\src\Illuminate\Testing\TestResponse.php:1634
at tests\Feature\CustomerManagementTest.php:133</failure>
        </testcase>
        <testcase name="Authorized user can define password when creating customer" file="Customer Management (Tests\Feature\CustomerManagement)::Authorized user can define password when creating customer" class="Tests\Feature\CustomerManagementTest" classname="Tests.Feature.CustomerManagementTest" assertions="1" time="1.442207">
          <failure type="PHPUnit\Framework\ExpectationFailedException">Authorized user can define password when creating customerExpected response status code [201, 301, 302, 303, 307, 308] but received 503.
Failed asserting that false is true.&#13;
at vendor\laravel\framework\src\Illuminate\Testing\TestResponseAssert.php:45
at vendor\laravel\framework\src\Illuminate\Testing\TestResponse.php:200
at tests\Feature\CustomerManagementTest.php:144</failure>
        </testcase>
        <testcase name="Customer password can be changed and blank password keeps current password" file="Customer Management (Tests\Feature\CustomerManagement)::Customer password can be changed and blank password keeps current password" class="Tests\Feature\CustomerManagementTest" classname="Tests.Feature.CustomerManagementTest" assertions="1" time="1.223652">
          <failure type="PHPUnit\Framework\ExpectationFailedException">Customer password can be changed and blank password keeps current passwordExpected response status code [201, 301, 302, 303, 307, 308] but received 503.
Failed asserting that false is true.&#13;
at vendor\laravel\framework\src\Illuminate\Testing\TestResponseAssert.php:45
at vendor\laravel\framework\src\Illuminate\Testing\TestResponse.php:200
at tests\Feature\CustomerManagementTest.php:166</failure>
        </testcase>
        <testcase name="Customer can have multiple phones and exactly one primary phone" file="Customer Management (Tests\Feature\CustomerManagement)::Customer can have multiple phones and exactly one primary phone" class="Tests\Feature\CustomerManagementTest" classname="Tests.Feature.CustomerManagementTest" assertions="1" time="0.986156">
          <failure type="PHPUnit\Framework\ExpectationFailedException">Customer can have multiple phones and exactly one primary phoneExpected response status code [201, 301, 302, 303, 307, 308] but received 503.
Failed asserting that false is true.&#13;
at vendor\laravel\framework\src\Illuminate\Testing\TestResponseAssert.php:45
at vendor\laravel\framework\src\Illuminate\Testing\TestResponse.php:200
at tests\Feature\CustomerManagementTest.php:188</failure>
        </testcase>
        <testcase name="Customer cannot be created without phone" file="Customer Management (Tests\Feature\CustomerManagement)::Customer cannot be created without phone" class="Tests\Feature\CustomerManagementTest" classname="Tests.Feature.CustomerManagementTest" assertions="1" time="0.971375">
          <failure type="PHPUnit\Framework\ExpectationFailedException">Customer cannot be created without phoneSession is missing expected key [errors].
Failed asserting that false is true.&#13;
at vendor\laravel\framework\src\Illuminate\Testing\TestResponseAssert.php:45
at vendor\laravel\framework\src\Illuminate\Testing\TestResponse.php:1547
at vendor\laravel\framework\src\Illuminate\Testing\TestResponse.php:1634
at tests\Feature\CustomerManagementTest.php:200</failure>
        </testcase>
        <testcase name="Duplicate normalized phones in same request are rejected" file="Customer Management (Tests\Feature\CustomerManagement)::Duplicate normalized phones in same request are rejected" class="Tests\Feature\CustomerManagementTest" classname="Tests.Feature.CustomerManagementTest" assertions="1" time="0.918363">
          <failure type="PHPUnit\Framework\ExpectationFailedException">Duplicate normalized phones in same request are rejectedSession is missing expected key [errors].
Failed asserting that false is true.&#13;
at vendor\laravel\framework\src\Illuminate\Testing\TestResponseAssert.php:45
at vendor\laravel\framework\src\Illuminate\Testing\TestResponse.php:1547
at vendor\laravel\framework\src\Illuminate\Testing\TestResponse.php:1634
at tests\Feature\CustomerManagementTest.php:212</failure>
        </testcase>
        <testcase name="Phone owned by another customer is rejected" file="Customer Management (Tests\Feature\CustomerManagement)::Phone owned by another customer is rejected" class="Tests\Feature\CustomerManagementTest" classname="Tests.Feature.CustomerManagementTest" assertions="1" time="0.807728">
          <failure type="PHPUnit\Framework\ExpectationFailedException">Phone owned by another customer is rejectedSession is missing expected key [errors].
Failed asserting that false is true.&#13;
at vendor\laravel\framework\src\Illuminate\Testing\TestResponseAssert.php:45
at vendor\laravel\framework\src\Illuminate\Testing\TestResponse.php:1547
at vendor\laravel\framework\src\Illuminate\Testing\TestResponse.php:1634
at tests\Feature\CustomerManagementTest.php:220</failure>
        </testcase>
        <testcase name="Customer profile displays all phones and primary badge" file="Customer Management (Tests\Feature\CustomerManagement)::Customer profile displays all phones and primary badge" class="Tests\Feature\CustomerManagementTest" classname="Tests.Feature.CustomerManagementTest" assertions="1" time="0.876171">
          <failure type="PHPUnit\Framework\ExpectationFailedException">Customer profile displays all phones and primary badgeExpected response status code [200] but received 503.
Failed asserting that 503 is identical to 200.&#13;
at vendor\laravel\framework\src\Illuminate\Testing\TestResponseAssert.php:45
at vendor\laravel\framework\src\Illuminate\Testing\TestResponse.php:175
at vendor\laravel\framework\src\Illuminate\Testing\Concerns\AssertsStatusCodes.php:16
at tests\Feature\CustomerManagementTest.php:229</failure>
        </testcase>
        <testcase name="Customer can be updated and phones can be added removed and reassigned" file="Customer Management (Tests\Feature\CustomerManagement)::Customer can be updated and phones can be added removed and reassigned" class="Tests\Feature\CustomerManagementTest" classname="Tests.Feature.CustomerManagementTest" assertions="1" time="0.895321">
          <failure type="PHPUnit\Framework\ExpectationFailedException">Customer can be updated and phones can be added removed and reassignedExpected response status code [201, 301, 302, 303, 307, 308] but received 503.
Failed asserting that false is true.&#13;
at vendor\laravel\framework\src\Illuminate\Testing\TestResponseAssert.php:45
at vendor\laravel\framework\src\Illuminate\Testing\TestResponse.php:200
at tests\Feature\CustomerManagementTest.php:247</failure>
        </testcase>
        <testcase name="Customer cannot be left without phone on update" file="Customer Management (Tests\Feature\CustomerManagement)::Customer cannot be left without phone on update" class="Tests\Feature\CustomerManagementTest" classname="Tests.Feature.CustomerManagementTest" assertions="1" time="0.965066">
          <failure type="PHPUnit\Framework\ExpectationFailedException">Customer cannot be left without phone on updateSession is missing expected key [errors].
Failed asserting that false is true.&#13;
at vendor\laravel\framework\src\Illuminate\Testing\TestResponseAssert.php:45
at vendor\laravel\framework\src\Illuminate\Testing\TestResponse.php:1547
at vendor\laravel\framework\src\Illuminate\Testing\TestResponse.php:1634
at tests\Feature\CustomerManagementTest.php:263</failure>
        </testcase>
        <testcase name="Customer can keep its own phone during update but not another customers phone" file="Customer Management (Tests\Feature\CustomerManagement)::Customer can keep its own phone during update but not another customers phone" class="Tests\Feature\CustomerManagementTest" classname="Tests.Feature.CustomerManagementTest" assertions="2" time="1.123708">
          <failure type="PHPUnit\Framework\ExpectationFailedException">Customer can keep its own phone during update but not another customers phoneSession is missing expected key [errors].
Failed asserting that false is true.&#13;
at vendor\laravel\framework\src\Illuminate\Testing\TestResponseAssert.php:45
at vendor\laravel\framework\src\Illuminate\Testing\TestResponse.php:1547
at vendor\laravel\framework\src\Illuminate\Testing\TestResponse.php:1634
at tests\Feature\CustomerManagementTest.php:279</failure>
        </testcase>
        <testcase name="Customer is soft deleted and hidden from normal list" file="Customer Management (Tests\Feature\CustomerManagement)::Customer is soft deleted and hidden from normal list" class="Tests\Feature\CustomerManagementTest" classname="Tests.Feature.CustomerManagementTest" assertions="1" time="1.009752">
          <failure type="PHPUnit\Framework\ExpectationFailedException">Customer is soft deleted and hidden from normal listExpected response status code [201, 301, 302, 303, 307, 308] but received 503.
Failed asserting that false is true.&#13;
at vendor\laravel\framework\src\Illuminate\Testing\TestResponseAssert.php:45
at vendor\laravel\framework\src\Illuminate\Testing\TestResponse.php:200
at tests\Feature\CustomerManagementTest.php:287</failure>
        </testcase>
        <testcase name="Search works by name company phone and city" file="Customer Management (Tests\Feature\CustomerManagement)::Search works by name company phone and city" class="Tests\Feature\CustomerManagementTest" classname="Tests.Feature.CustomerManagementTest" assertions="1" time="0.998136">
          <failure type="PHPUnit\Framework\ExpectationFailedException">Search works by name company phone and cityExpected response status code [200] but received 503.
Failed asserting that 503 is identical to 200.&#13;
at vendor\laravel\framework\src\Illuminate\Testing\TestResponseAssert.php:45
at vendor\laravel\framework\src\Illuminate\Testing\TestResponse.php:175
at vendor\laravel\framework\src\Illuminate\Testing\Concerns\AssertsStatusCodes.php:16
at tests\Feature\CustomerManagementTest.php:303</failure>
        </testcase>
        <testcase name="Status filter works together with search" file="Customer Management (Tests\Feature\CustomerManagement)::Status filter works together with search" class="Tests\Feature\CustomerManagementTest" classname="Tests.Feature.CustomerManagementTest" assertions="1" time="0.835500">
          <failure type="PHPUnit\Framework\ExpectationFailedException">Status filter works together with searchExpected response status code [200] but received 503.
Failed asserting that 503 is identical to 200.&#13;
at vendor\laravel\framework\src\Illuminate\Testing\TestResponseAssert.php:45
at vendor\laravel\framework\src\Illuminate\Testing\TestResponse.php:175
at vendor\laravel\framework\src\Illuminate\Testing\Concerns\AssertsStatusCodes.php:16
at tests\Feature\CustomerManagementTest.php:313</failure>
        </testcase>
        <testcase name="Dashboard shows real active customer count only with permission" file="Customer Management (Tests\Feature\CustomerManagement)::Dashboard shows real active customer count only with permission" class="Tests\Feature\CustomerManagementTest" classname="Tests.Feature.CustomerManagementTest" assertions="1" time="0.849688">
          <failure type="PHPUnit\Framework\ExpectationFailedException">Dashboard shows real active customer count only with permissionExpected response status code [200] but received 503.
Failed asserting that 503 is identical to 200.&#13;
at vendor\laravel\framework\src\Illuminate\Testing\TestResponseAssert.php:45
at vendor\laravel\framework\src\Illuminate\Testing\TestResponse.php:175
at vendor\laravel\framework\src\Illuminate\Testing\Concerns\AssertsStatusCodes.php:16
at tests\Feature\CustomerManagementTest.php:323</failure>
        </testcase>
      </testsuite>
      <testsuite name="Tests\Feature\CustomerPortalAuthenticationTest" file="Customer Portal Authentication (Tests\Feature\CustomerPortalAuthentication)" tests="14" assertions="14" errors="0" failures="14" skipped="0" time="0.846007">
        <testcase name="Customer with password can login using any registered phone" file="Customer Portal Authentication (Tests\Feature\CustomerPortalAuthentication)::Customer with password can login using any registered phone" class="Tests\Feature\CustomerPortalAuthenticationTest" classname="Tests.Feature.CustomerPortalAuthenticationTest" assertions="1" time="0.075929">
          <failure type="PHPUnit\Framework\ExpectationFailedException">Customer with password can login using any registered phoneExpected response status code [201, 301, 302, 303, 307, 308] but received 503.
Failed asserting that false is true.&#13;
at vendor\laravel\framework\src\Illuminate\Testing\TestResponseAssert.php:45
at vendor\laravel\framework\src\Illuminate\Testing\TestResponse.php:200
at tests\Feature\CustomerPortalAuthenticationTest.php:36</failure>
        </testcase>
        <testcase name="Wrong password customer without password and inactive customer are rejected" file="Customer Portal Authentication (Tests\Feature\CustomerPortalAuthentication)::Wrong password customer without password and inactive customer are rejected" class="Tests\Feature\CustomerPortalAuthenticationTest" classname="Tests.Feature.CustomerPortalAuthenticationTest" assertions="1" time="0.074783">
          <failure type="PHPUnit\Framework\ExpectationFailedException">Wrong password customer without password and inactive customer are rejectedSession is missing expected key [errors].
Failed asserting that false is true.&#13;
at vendor\laravel\framework\src\Illuminate\Testing\TestResponseAssert.php:45
at vendor\laravel\framework\src\Illuminate\Testing\TestResponse.php:1547
at vendor\laravel\framework\src\Illuminate\Testing\TestResponse.php:1634
at tests\Feature\CustomerPortalAuthenticationTest.php:49</failure>
        </testcase>
        <testcase name="Registered primary or secondary phone can request otp" file="Customer Portal Authentication (Tests\Feature\CustomerPortalAuthentication)::Registered primary or secondary phone can request otp" class="Tests\Feature\CustomerPortalAuthenticationTest" classname="Tests.Feature.CustomerPortalAuthenticationTest" assertions="1" time="0.051799">
          <failure type="PHPUnit\Framework\ExpectationFailedException">Registered primary or secondary phone can request otpExpected response status code [201, 301, 302, 303, 307, 308] but received 503.
Failed asserting that false is true.&#13;
at vendor\laravel\framework\src\Illuminate\Testing\TestResponseAssert.php:45
at vendor\laravel\framework\src\Illuminate\Testing\TestResponse.php:200
at tests\Feature\CustomerPortalAuthenticationTest.php:75</failure>
        </testcase>
        <testcase name="Persian phone is normalized before otp request" file="Customer Portal Authentication (Tests\Feature\CustomerPortalAuthentication)::Persian phone is normalized before otp request" class="Tests\Feature\CustomerPortalAuthenticationTest" classname="Tests.Feature.CustomerPortalAuthenticationTest" assertions="1" time="0.052794">
          <failure type="PHPUnit\Framework\ExpectationFailedException">Persian phone is normalized before otp requestExpected response status code [201, 301, 302, 303, 307, 308] but received 503.
Failed asserting that false is true.&#13;
at vendor\laravel\framework\src\Illuminate\Testing\TestResponseAssert.php:45
at vendor\laravel\framework\src\Illuminate\Testing\TestResponse.php:200
at tests\Feature\CustomerPortalAuthenticationTest.php:87</failure>
        </testcase>
        <testcase name="Unknown inactive and soft deleted customers do not receive otp" file="Customer Portal Authentication (Tests\Feature\CustomerPortalAuthentication)::Unknown inactive and soft deleted customers do not receive otp" class="Tests\Feature\CustomerPortalAuthenticationTest" classname="Tests.Feature.CustomerPortalAuthenticationTest" assertions="1" time="0.052260">
          <failure type="PHPUnit\Framework\ExpectationFailedException">Unknown inactive and soft deleted customers do not receive otpExpected response status code [201, 301, 302, 303, 307, 308] but received 503.
Failed asserting that false is true.&#13;
at vendor\laravel\framework\src\Illuminate\Testing\TestResponseAssert.php:45
at vendor\laravel\framework\src\Illuminate\Testing\TestResponse.php:200
at tests\Feature\CustomerPortalAuthenticationTest.php:94</failure>
        </testcase>
        <testcase name="Valid otp authenticates the correct customer" file="Customer Portal Authentication (Tests\Feature\CustomerPortalAuthentication)::Valid otp authenticates the correct customer" class="Tests\Feature\CustomerPortalAuthenticationTest" classname="Tests.Feature.CustomerPortalAuthenticationTest" assertions="1" time="0.058175">
          <failure type="PHPUnit\Framework\ExpectationFailedException">Valid otp authenticates the correct customerExpected response status code [201, 301, 302, 303, 307, 308] but received 503.
Failed asserting that false is true.&#13;
at vendor\laravel\framework\src\Illuminate\Testing\TestResponseAssert.php:45
at vendor\laravel\framework\src\Illuminate\Testing\TestResponse.php:200
at tests\Feature\CustomerPortalAuthenticationTest.php:115</failure>
        </testcase>
        <testcase name="Invalid or expired otp is rejected" file="Customer Portal Authentication (Tests\Feature\CustomerPortalAuthentication)::Invalid or expired otp is rejected" class="Tests\Feature\CustomerPortalAuthenticationTest" classname="Tests.Feature.CustomerPortalAuthenticationTest" assertions="1" time="0.055003">
          <failure type="PHPUnit\Framework\ExpectationFailedException">Invalid or expired otp is rejectedSession is missing expected key [errors].
Failed asserting that false is true.&#13;
at vendor\laravel\framework\src\Illuminate\Testing\TestResponseAssert.php:45
at vendor\laravel\framework\src\Illuminate\Testing\TestResponse.php:1547
at vendor\laravel\framework\src\Illuminate\Testing\TestResponse.php:1634
at tests\Feature\CustomerPortalAuthenticationTest.php:126</failure>
        </testcase>
        <testcase name="Consumed otp cannot be reused" file="Customer Portal Authentication (Tests\Feature\CustomerPortalAuthentication)::Consumed otp cannot be reused" class="Tests\Feature\CustomerPortalAuthenticationTest" classname="Tests.Feature.CustomerPortalAuthenticationTest" assertions="1" time="0.067141">
          <failure type="PHPUnit\Framework\ExpectationFailedException">Consumed otp cannot be reusedExpected response status code [201, 301, 302, 303, 307, 308] but received 503.
Failed asserting that false is true.&#13;
at vendor\laravel\framework\src\Illuminate\Testing\TestResponseAssert.php:45
at vendor\laravel\framework\src\Illuminate\Testing\TestResponse.php:200
at tests\Feature\CustomerPortalAuthenticationTest.php:139</failure>
        </testcase>
        <testcase name="Otp attempts are limited" file="Customer Portal Authentication (Tests\Feature\CustomerPortalAuthentication)::Otp attempts are limited" class="Tests\Feature\CustomerPortalAuthenticationTest" classname="Tests.Feature.CustomerPortalAuthenticationTest" assertions="1" time="0.054079">
          <failure type="PHPUnit\Framework\ExpectationFailedException">Otp attempts are limitedSession is missing expected key [errors].
Failed asserting that false is true.&#13;
at vendor\laravel\framework\src\Illuminate\Testing\TestResponseAssert.php:45
at vendor\laravel\framework\src\Illuminate\Testing\TestResponse.php:1547
at vendor\laravel\framework\src\Illuminate\Testing\TestResponse.php:1634
at tests\Feature\CustomerPortalAuthenticationTest.php:155</failure>
        </testcase>
        <testcase name="Otp request route is rate limited" file="Customer Portal Authentication (Tests\Feature\CustomerPortalAuthentication)::Otp request route is rate limited" class="Tests\Feature\CustomerPortalAuthenticationTest" classname="Tests.Feature.CustomerPortalAuthenticationTest" assertions="1" time="0.052611">
          <failure type="PHPUnit\Framework\ExpectationFailedException">Otp request route is rate limitedExpected response status code [201, 301, 302, 303, 307, 308] but received 503.
Failed asserting that false is true.&#13;
at vendor\laravel\framework\src\Illuminate\Testing\TestResponseAssert.php:45
at vendor\laravel\framework\src\Illuminate\Testing\TestResponse.php:200
at tests\Feature\CustomerPortalAuthenticationTest.php:167</failure>
        </testcase>
        <testcase name="Customer can logout and inactive session is terminated" file="Customer Portal Authentication (Tests\Feature\CustomerPortalAuthentication)::Customer can logout and inactive session is terminated" class="Tests\Feature\CustomerPortalAuthenticationTest" classname="Tests.Feature.CustomerPortalAuthenticationTest" assertions="1" time="0.054801">
          <failure type="PHPUnit\Framework\ExpectationFailedException">Customer can logout and inactive session is terminatedExpected response status code [201, 301, 302, 303, 307, 308] but received 503.
Failed asserting that false is true.&#13;
at vendor\laravel\framework\src\Illuminate\Testing\TestResponseAssert.php:45
at vendor\laravel\framework\src\Illuminate\Testing\TestResponse.php:200
at tests\Feature\CustomerPortalAuthenticationTest.php:175</failure>
        </testcase>
        <testcase name="Customer session cannot access staff routes" file="Customer Portal Authentication (Tests\Feature\CustomerPortalAuthentication)::Customer session cannot access staff routes" class="Tests\Feature\CustomerPortalAuthenticationTest" classname="Tests.Feature.CustomerPortalAuthenticationTest" assertions="1" time="0.052318">
          <failure type="PHPUnit\Framework\ExpectationFailedException">Customer session cannot access staff routesExpected response status code [201, 301, 302, 303, 307, 308] but received 503.
Failed asserting that false is true.&#13;
at vendor\laravel\framework\src\Illuminate\Testing\TestResponseAssert.php:45
at vendor\laravel\framework\src\Illuminate\Testing\TestResponse.php:200
at tests\Feature\CustomerPortalAuthenticationTest.php:189</failure>
        </testcase>
        <testcase name="Staff session does not authenticate customer guard" file="Customer Portal Authentication (Tests\Feature\CustomerPortalAuthentication)::Staff session does not authenticate customer guard" class="Tests\Feature\CustomerPortalAuthenticationTest" classname="Tests.Feature.CustomerPortalAuthenticationTest" assertions="1" time="0.064003">
          <failure type="PHPUnit\Framework\ExpectationFailedException">Staff session does not authenticate customer guardExpected response status code [201, 301, 302, 303, 307, 308] but received 503.
Failed asserting that false is true.&#13;
at vendor\laravel\framework\src\Illuminate\Testing\TestResponseAssert.php:45
at vendor\laravel\framework\src\Illuminate\Testing\TestResponse.php:200
at tests\Feature\CustomerPortalAuthenticationTest.php:198</failure>
        </testcase>
        <testcase name="Each guard logout preserves the other authenticated guard" file="Customer Portal Authentication (Tests\Feature\CustomerPortalAuthentication)::Each guard logout preserves the other authenticated guard" class="Tests\Feature\CustomerPortalAuthenticationTest" classname="Tests.Feature.CustomerPortalAuthenticationTest" assertions="1" time="0.080312">
          <failure type="PHPUnit\Framework\ExpectationFailedException">Each guard logout preserves the other authenticated guardExpected response status code [201, 301, 302, 303, 307, 308] but received 503.
Failed asserting that false is true.&#13;
at vendor\laravel\framework\src\Illuminate\Testing\TestResponseAssert.php:45
at vendor\laravel\framework\src\Illuminate\Testing\TestResponse.php:200
at tests\Feature\CustomerPortalAuthenticationTest.php:210</failure>
        </testcase>
      </testsuite>
      <testsuite name="Tests\Feature\DashboardMissingSellerColumnRegressionTest" file="tests\Feature\DashboardMissingSellerColumnRegressionTest.php" tests="1" assertions="1" errors="0" failures="1" skipped="0" time="0.099418">
        <testcase name="it returns a controlled dashboard with zero seller counts before the ownership migration" file="tests\Feature\DashboardMissingSellerColumnRegressionTest.php::it returns a controlled dashboard with zero seller counts before the ownership migration" class="Tests\Feature\DashboardMissingSellerColumnRegressionTest" classname="Tests.Feature.DashboardMissingSellerColumnRegressionTest" assertions="1" time="0.099418">
          <failure type="PHPUnit\Framework\ExpectationFailedException">it returns a controlled dashboard with zero seller counts before the ownership migrationExpected response status code [200] but received 503.
Failed asserting that 503 is identical to 200.&#13;
at vendor\laravel\framework\src\Illuminate\Testing\TestResponseAssert.php:45
at vendor\laravel\framework\src\Illuminate\Testing\TestResponse.php:175
at vendor\laravel\framework\src\Illuminate\Testing\Concerns\AssertsStatusCodes.php:16
at tests\Feature\DashboardMissingSellerColumnRegressionTest.php:15</failure>
        </testcase>
      </testsuite>
      <testsuite name="Tests\Feature\Exports\ExcelExportTest" file="tests\Feature\Exports\ExcelExportTest.php" tests="3" assertions="25" errors="0" failures="0" skipped="0" time="0.165377">
        <testcase name="it exports product rows with headings and mapped excel output" file="tests\Feature\Exports\ExcelExportTest.php::it exports product rows with headings and mapped excel output" class="Tests\Feature\Exports\ExcelExportTest" classname="Tests.Feature.Exports.ExcelExportTest" assertions="6" time="0.053955"/>
        <testcase name="it builds the purchases excel export query and headings for saved purchase rows" file="tests\Feature\Exports\ExcelExportTest.php::it builds the purchases excel export query and headings for saved purchase rows" class="Tests\Feature\Exports\ExcelExportTest" classname="Tests.Feature.Exports.ExcelExportTest" assertions="9" time="0.056071"/>
        <testcase name="it exports sales return rows with report filters headings and mapped totals" file="tests\Feature\Exports\ExcelExportTest.php::it exports sales return rows with report filters headings and mapped totals" class="Tests\Feature\Exports\ExcelExportTest" classname="Tests.Feature.Exports.ExcelExportTest" assertions="10" time="0.055352"/>
      </testsuite>
      <testsuite name="Tests\Feature\ExternalPaidOrderRegistrationTest" file="tests\Feature\ExternalPaidOrderRegistrationTest.php" tests="5" assertions="5" errors="0" failures="5" skipped="0" time="0.344769">
        <testcase name="it registers a paid store order with its variant in collecting status" file="tests\Feature\ExternalPaidOrderRegistrationTest.php::it registers a paid store order with its variant in collecting status" class="Tests\Feature\ExternalPaidOrderRegistrationTest" classname="Tests.Feature.ExternalPaidOrderRegistrationTest" assertions="1" time="0.093735">
          <failure type="PHPUnit\Framework\ExpectationFailedException">it registers a paid store order with its variant in collecting statusExpected response status code [201] but received 503.
Failed asserting that 503 is identical to 201.&#13;
at vendor\laravel\framework\src\Illuminate\Testing\TestResponseAssert.php:45
at vendor\laravel\framework\src\Illuminate\Testing\TestResponse.php:175
at vendor\laravel\framework\src\Illuminate\Testing\Concerns\AssertsStatusCodes.php:26
at tests\Feature\ExternalPaidOrderRegistrationTest.php:122</failure>
        </testcase>
        <testcase name="it is idempotent and does not consume stock or create payments twice" file="tests\Feature\ExternalPaidOrderRegistrationTest.php::it is idempotent and does not consume stock or create payments twice" class="Tests\Feature\ExternalPaidOrderRegistrationTest" classname="Tests.Feature.ExternalPaidOrderRegistrationTest" assertions="1" time="0.066435">
          <failure type="PHPUnit\Framework\ExpectationFailedException">it is idempotent and does not consume stock or create payments twiceExpected response status code [201] but received 503.
Failed asserting that 503 is identical to 201.&#13;
at vendor\laravel\framework\src\Illuminate\Testing\TestResponseAssert.php:45
at vendor\laravel\framework\src\Illuminate\Testing\TestResponse.php:175
at vendor\laravel\framework\src\Illuminate\Testing\Concerns\AssertsStatusCodes.php:26
at tests\Feature\ExternalPaidOrderRegistrationTest.php:171</failure>
        </testcase>
        <testcase name="it rolls the whole import back when the store variant cannot be resolved" file="tests\Feature\ExternalPaidOrderRegistrationTest.php::it rolls the whole import back when the store variant cannot be resolved" class="Tests\Feature\ExternalPaidOrderRegistrationTest" classname="Tests.Feature.ExternalPaidOrderRegistrationTest" assertions="1" time="0.064377">
          <failure type="PHPUnit\Framework\ExpectationFailedException">it rolls the whole import back when the store variant cannot be resolvedExpected response status code [422] but received 503.
Failed asserting that 503 is identical to 422.&#13;
at vendor\laravel\framework\src\Illuminate\Testing\TestResponseAssert.php:45
at vendor\laravel\framework\src\Illuminate\Testing\TestResponse.php:175
at vendor\laravel\framework\src\Illuminate\Testing\Concerns\AssertsStatusCodes.php:221
at tests\Feature\ExternalPaidOrderRegistrationTest.php:201</failure>
        </testcase>
        <testcase name="it rolls the whole import back when variant stock is insufficient" file="tests\Feature\ExternalPaidOrderRegistrationTest.php::it rolls the whole import back when variant stock is insufficient" class="Tests\Feature\ExternalPaidOrderRegistrationTest" classname="Tests.Feature.ExternalPaidOrderRegistrationTest" assertions="1" time="0.061141">
          <failure type="PHPUnit\Framework\ExpectationFailedException">it rolls the whole import back when variant stock is insufficientExpected response status code [422] but received 503.
Failed asserting that 503 is identical to 422.&#13;
at vendor\laravel\framework\src\Illuminate\Testing\TestResponseAssert.php:45
at vendor\laravel\framework\src\Illuminate\Testing\TestResponse.php:175
at vendor\laravel\framework\src\Illuminate\Testing\Concerns\AssertsStatusCodes.php:221
at tests\Feature\ExternalPaidOrderRegistrationTest.php:219</failure>
        </testcase>
        <testcase name="it rejects paid order requests with an invalid token" file="tests\Feature\ExternalPaidOrderRegistrationTest.php::it rejects paid order requests with an invalid token" class="Tests\Feature\ExternalPaidOrderRegistrationTest" classname="Tests.Feature.ExternalPaidOrderRegistrationTest" assertions="1" time="0.059081">
          <failure type="PHPUnit\Framework\ExpectationFailedException">it rejects paid order requests with an invalid tokenExpected response status code [401] but received 503.
Failed asserting that 503 is identical to 401.&#13;
at vendor\laravel\framework\src\Illuminate\Testing\TestResponseAssert.php:45
at vendor\laravel\framework\src\Illuminate\Testing\TestResponse.php:175
at vendor\laravel\framework\src\Illuminate\Testing\Concerns\AssertsStatusCodes.php:121
at tests\Feature\ExternalPaidOrderRegistrationTest.php:236</failure>
        </testcase>
      </testsuite>
      <testsuite name="Tests\Feature\ExternalStoreCustomerRegistrationTest" file="tests\Feature\ExternalStoreCustomerRegistrationTest.php" tests="3" assertions="3" errors="0" failures="3" skipped="0" time="0.225440">
        <testcase name="it registers a store user as a new inventory customer" file="tests\Feature\ExternalStoreCustomerRegistrationTest.php::it registers a store user as a new inventory customer" class="Tests\Feature\ExternalStoreCustomerRegistrationTest" classname="Tests.Feature.ExternalStoreCustomerRegistrationTest" assertions="1" time="0.071484">
          <failure type="PHPUnit\Framework\ExpectationFailedException">it registers a store user as a new inventory customerExpected response status code [201] but received 503.
Failed asserting that 503 is identical to 201.&#13;
at vendor\laravel\framework\src\Illuminate\Testing\TestResponseAssert.php:45
at vendor\laravel\framework\src\Illuminate\Testing\TestResponse.php:175
at vendor\laravel\framework\src\Illuminate\Testing\Concerns\AssertsStatusCodes.php:26
at tests\Feature\ExternalStoreCustomerRegistrationTest.php:26</failure>
        </testcase>
        <testcase name="it updates the same customer instead of creating a duplicate" file="tests\Feature\ExternalStoreCustomerRegistrationTest.php::it updates the same customer instead of creating a duplicate" class="Tests\Feature\ExternalStoreCustomerRegistrationTest" classname="Tests.Feature.ExternalStoreCustomerRegistrationTest" assertions="1" time="0.065795">
          <failure type="PHPUnit\Framework\ExpectationFailedException">it updates the same customer instead of creating a duplicateExpected response status code [200] but received 503.
Failed asserting that 503 is identical to 200.&#13;
at vendor\laravel\framework\src\Illuminate\Testing\TestResponseAssert.php:45
at vendor\laravel\framework\src\Illuminate\Testing\TestResponse.php:175
at vendor\laravel\framework\src\Illuminate\Testing\Concerns\AssertsStatusCodes.php:16
at tests\Feature\ExternalStoreCustomerRegistrationTest.php:52</failure>
        </testcase>
        <testcase name="it rejects requests with an invalid token" file="tests\Feature\ExternalStoreCustomerRegistrationTest.php::it rejects requests with an invalid token" class="Tests\Feature\ExternalStoreCustomerRegistrationTest" classname="Tests.Feature.ExternalStoreCustomerRegistrationTest" assertions="1" time="0.088161">
          <failure type="PHPUnit\Framework\ExpectationFailedException">it rejects requests with an invalid tokenExpected response status code [401] but received 503.
Failed asserting that 503 is identical to 401.&#13;
at vendor\laravel\framework\src\Illuminate\Testing\TestResponseAssert.php:45
at vendor\laravel\framework\src\Illuminate\Testing\TestResponse.php:175
at vendor\laravel\framework\src\Illuminate\Testing\Concerns\AssertsStatusCodes.php:121
at tests\Feature\ExternalStoreCustomerRegistrationTest.php:64</failure>
        </testcase>
      </testsuite>
      <testsuite name="Tests\Feature\FinancePreinvoiceDatabasePersistenceTest" file="tests\Feature\FinancePreinvoiceDatabasePersistenceTest.php" tests="1" assertions="12" errors="0" failures="0" skipped="0" time="0.071298">
        <testcase name="it keeps finance persistence atomic and logs query exception details" file="tests\Feature\FinancePreinvoiceDatabasePersistenceTest.php::it keeps finance persistence atomic and logs query exception details" class="Tests\Feature\FinancePreinvoiceDatabasePersistenceTest" classname="Tests.Feature.FinancePreinvoiceDatabasePersistenceTest" assertions="12" time="0.071298"/>
      </testsuite>
      <testsuite name="Tests\Feature\FinancePreinvoiceEditPersistenceTest" file="tests\Feature\FinancePreinvoiceEditPersistenceTest.php" tests="1" assertions="11" errors="0" failures="0" skipped="0" time="0.050353">
        <testcase name="it finance editor service persists item and invoice discount fields without creating invoices" file="tests\Feature\FinancePreinvoiceEditPersistenceTest.php::it finance editor service persists item and invoice discount fields without creating invoices" class="Tests\Feature\FinancePreinvoiceEditPersistenceTest" classname="Tests.Feature.FinancePreinvoiceEditPersistenceTest" assertions="11" time="0.050353"/>
      </testsuite>
      <testsuite name="Tests\Feature\FinancePreinvoiceSaveAndFinalizeTest" file="tests\Feature\FinancePreinvoiceSaveAndFinalizeTest.php" tests="1" assertions="3" errors="0" failures="0" skipped="0" time="0.060725">
        <testcase name="it save and finalize updates first then refreshes before finalizing" file="tests\Feature\FinancePreinvoiceSaveAndFinalizeTest.php::it save and finalize updates first then refreshes before finalizing" class="Tests\Feature\FinancePreinvoiceSaveAndFinalizeTest" classname="Tests.Feature.FinancePreinvoiceSaveAndFinalizeTest" assertions="3" time="0.060725"/>
      </testsuite>
      <testsuite name="Tests\Feature\FinancePreinvoiceUpdateTest" file="tests\Feature\FinancePreinvoiceUpdateTest.php" tests="2" assertions="3" errors="0" failures="1" skipped="0" time="0.269901">
        <testcase name="it saves finance edits behaviorally without finalizing or creating invoices" file="tests\Feature\FinancePreinvoiceUpdateTest.php::it saves finance edits behaviorally without finalizing or creating invoices" class="Tests\Feature\FinancePreinvoiceUpdateTest" classname="Tests.Feature.FinancePreinvoiceUpdateTest" assertions="1" time="0.180946">
          <failure type="PHPUnit\Framework\ExpectationFailedException">it saves finance edits behaviorally without finalizing or creating invoicesExpected response status code [201, 301, 302, 303, 307, 308] but received 503.
Failed asserting that false is true.&#13;
at vendor\laravel\framework\src\Illuminate\Testing\TestResponseAssert.php:45
at vendor\laravel\framework\src\Illuminate\Testing\TestResponse.php:200
at tests\Feature\FinancePreinvoiceUpdateTest.php:111</failure>
        </testcase>
        <testcase name="it keeps request intent and action contracts aligned with save and save_and_finalize" file="tests\Feature\FinancePreinvoiceUpdateTest.php::it keeps request intent and action contracts aligned with save and save_and_finalize" class="Tests\Feature\FinancePreinvoiceUpdateTest" classname="Tests.Feature.FinancePreinvoiceUpdateTest" assertions="2" time="0.088954"/>
      </testsuite>
      <testsuite name="Tests\Feature\FinancePreinvoiceUpdateValidationTest" file="tests\Feature\FinancePreinvoiceUpdateValidationTest.php" tests="3" assertions="9" errors="0" failures="2" skipped="0" time="0.203521">
        <testcase name="it defines Persian edit reason validation messages" file="tests\Feature\FinancePreinvoiceUpdateValidationTest.php::it defines Persian edit reason validation messages" class="Tests\Feature\FinancePreinvoiceUpdateValidationTest" classname="Tests.Feature.FinancePreinvoiceUpdateValidationTest" assertions="7" time="0.051528"/>
        <testcase name="it renders edit reason field attributes old input and one validation message" file="tests\Feature\FinancePreinvoiceUpdateValidationTest.php::it renders edit reason field attributes old input and one validation message" class="Tests\Feature\FinancePreinvoiceUpdateValidationTest" classname="Tests.Feature.FinancePreinvoiceUpdateValidationTest" assertions="1" time="0.058886">
          <failure type="PHPUnit\Framework\ExpectationFailedException">it renders edit reason field attributes old input and one validation messageExpected response status code [200] but received 503.
Failed asserting that 503 is identical to 200.&#13;
at vendor\laravel\framework\src\Illuminate\Testing\TestResponseAssert.php:45
at vendor\laravel\framework\src\Illuminate\Testing\TestResponse.php:175
at vendor\laravel\framework\src\Illuminate\Testing\Concerns\AssertsStatusCodes.php:16
at tests\Feature\FinancePreinvoiceUpdateValidationTest.php:106</failure>
        </testcase>
        <testcase name="it redirects a successful finance edit back to the finance edit page without finalize coupling" file="tests\Feature\FinancePreinvoiceUpdateValidationTest.php::it redirects a successful finance edit back to the finance edit page without finalize coupling" class="Tests\Feature\FinancePreinvoiceUpdateValidationTest" classname="Tests.Feature.FinancePreinvoiceUpdateValidationTest" assertions="1" time="0.093106">
          <failure type="PHPUnit\Framework\ExpectationFailedException">it redirects a successful finance edit back to the finance edit page without finalize couplingExpected response status code [201, 301, 302, 303, 307, 308] but received 503.
Failed asserting that false is true.&#13;
at vendor\laravel\framework\src\Illuminate\Testing\TestResponseAssert.php:45
at vendor\laravel\framework\src\Illuminate\Testing\TestResponse.php:200
at tests\Feature\FinancePreinvoiceUpdateValidationTest.php:138</failure>
        </testcase>
      </testsuite>
      <testsuite name="Tests\Feature\FinanceProductDiscountPersistenceTest" file="tests\Feature\FinanceProductDiscountPersistenceTest.php" tests="3" assertions="28" errors="0" failures="0" skipped="0" time="0.224111">
        <testcase name="it previews percent product discounts with backend allocation contract" file="tests\Feature\FinanceProductDiscountPersistenceTest.php::it previews percent product discounts with backend allocation contract" class="Tests\Feature\FinanceProductDiscountPersistenceTest" classname="Tests.Feature.FinanceProductDiscountPersistenceTest" assertions="13" time="0.100855"/>
        <testcase name="it persists percent product discounts and reloads discount breakdown fields" file="tests\Feature\FinanceProductDiscountPersistenceTest.php::it persists percent product discounts and reloads discount breakdown fields" class="Tests\Feature\FinanceProductDiscountPersistenceTest" classname="Tests.Feature.FinanceProductDiscountPersistenceTest" assertions="12" time="0.061444"/>
        <testcase name="it validates product discount percent maximum without limiting amount discounts to one hundred" file="tests\Feature\FinanceProductDiscountPersistenceTest.php::it validates product discount percent maximum without limiting amount discounts to one hundred" class="Tests\Feature\FinanceProductDiscountPersistenceTest" classname="Tests.Feature.FinanceProductDiscountPersistenceTest" assertions="3" time="0.061812"/>
      </testsuite>
      <testsuite name="Tests\Feature\FinanceReportViewTest" file="Finance Report View (Tests\Feature\FinanceReportView)" tests="2" assertions="2" errors="0" failures="2" skipped="0" time="0.149378">
        <testcase name="Authorized user sees document module in reports directory" file="Finance Report View (Tests\Feature\FinanceReportView)::Authorized user sees document module in reports directory" class="Tests\Feature\FinanceReportViewTest" classname="Tests.Feature.FinanceReportViewTest" assertions="1" time="0.081838">
          <failure type="PHPUnit\Framework\ExpectationFailedException">Authorized user sees document module in reports directoryExpected response status code [200] but received 503.
Failed asserting that 503 is identical to 200.&#13;
at vendor\laravel\framework\src\Illuminate\Testing\TestResponseAssert.php:45
at vendor\laravel\framework\src\Illuminate\Testing\TestResponse.php:175
at vendor\laravel\framework\src\Illuminate\Testing\Concerns\AssertsStatusCodes.php:16
at tests\Feature\FinanceReportViewTest.php:19</failure>
        </testcase>
        <testcase name="User without an allowed finance role is forbidden" file="Finance Report View (Tests\Feature\FinanceReportView)::User without an allowed finance role is forbidden" class="Tests\Feature\FinanceReportViewTest" classname="Tests.Feature.FinanceReportViewTest" assertions="1" time="0.067541">
          <failure type="PHPUnit\Framework\ExpectationFailedException">User without an allowed finance role is forbiddenExpected response status code [403] but received 503.
Failed asserting that 503 is identical to 403.&#13;
at vendor\laravel\framework\src\Illuminate\Testing\TestResponseAssert.php:45
at vendor\laravel\framework\src\Illuminate\Testing\TestResponse.php:175
at vendor\laravel\framework\src\Illuminate\Testing\Concerns\AssertsStatusCodes.php:141
at tests\Feature\FinanceReportViewTest.php:35</failure>
        </testcase>
      </testsuite>
      <testsuite name="Tests\Feature\FinanceReportsDirectoryTest" file="Finance Reports Directory (Tests\Feature\FinanceReportsDirectory)" tests="1" assertions="1" errors="0" failures="1" skipped="0" time="0.057739">
        <testcase name="Directory contains only the seller documents card and no dashboard data" file="Finance Reports Directory (Tests\Feature\FinanceReportsDirectory)::Directory contains only the seller documents card and no dashboard data" class="Tests\Feature\FinanceReportsDirectoryTest" classname="Tests.Feature.FinanceReportsDirectoryTest" assertions="1" time="0.057739">
          <failure type="PHPUnit\Framework\ExpectationFailedException">Directory contains only the seller documents card and no dashboard dataExpected response status code [200] but received 503.
Failed asserting that 503 is identical to 200.&#13;
at vendor\laravel\framework\src\Illuminate\Testing\TestResponseAssert.php:45
at vendor\laravel\framework\src\Illuminate\Testing\TestResponse.php:175
at vendor\laravel\framework\src\Illuminate\Testing\Concerns\AssertsStatusCodes.php:16
at tests\Feature\FinanceReportsDirectoryTest.php:21</failure>
        </testcase>
      </testsuite>
      <testsuite name="Tests\Feature\FinanceSalesVisitorsDateRangeTest" file="Finance Sales Visitors Date Range (Tests\Feature\FinanceSalesVisitorsDateRange)" tests="2" assertions="2" errors="0" failures="2" skipped="0" time="0.131893">
        <testcase name="Jalali range is converted once and includes both document date boundaries" file="Finance Sales Visitors Date Range (Tests\Feature\FinanceSalesVisitorsDateRange)::Jalali range is converted once and includes both document date boundaries" class="Tests\Feature\FinanceSalesVisitorsDateRangeTest" classname="Tests.Feature.FinanceSalesVisitorsDateRangeTest" assertions="1" time="0.074540">
          <failure type="PHPUnit\Framework\ExpectationFailedException">Jalali range is converted once and includes both document date boundariesExpected response status code [200] but received 503.
Failed asserting that 503 is identical to 200.&#13;
at vendor\laravel\framework\src\Illuminate\Testing\TestResponseAssert.php:45
at vendor\laravel\framework\src\Illuminate\Testing\TestResponse.php:175
at vendor\laravel\framework\src\Illuminate\Testing\Concerns\AssertsStatusCodes.php:16
at tests\Feature\FinanceSalesVisitorsDateRangeTest.php:34</failure>
        </testcase>
        <testcase name="Gregorian query string is displayed as the equivalent jalali range" file="Finance Sales Visitors Date Range (Tests\Feature\FinanceSalesVisitorsDateRange)::Gregorian query string is displayed as the equivalent jalali range" class="Tests\Feature\FinanceSalesVisitorsDateRangeTest" classname="Tests.Feature.FinanceSalesVisitorsDateRangeTest" assertions="1" time="0.057353">
          <failure type="PHPUnit\Framework\ExpectationFailedException">Gregorian query string is displayed as the equivalent jalali rangeExpected response status code [200] but received 503.
Failed asserting that 503 is identical to 200.&#13;
at vendor\laravel\framework\src\Illuminate\Testing\TestResponseAssert.php:45
at vendor\laravel\framework\src\Illuminate\Testing\TestResponse.php:175
at vendor\laravel\framework\src\Illuminate\Testing\Concerns\AssertsStatusCodes.php:16
at tests\Feature\FinanceSalesVisitorsDateRangeTest.php:49</failure>
        </testcase>
      </testsuite>
      <testsuite name="Tests\Feature\FinanceSalesVisitorsFilteringTest" file="Finance Sales Visitors Filtering (Tests\Feature\FinanceSalesVisitorsFiltering)" tests="1" assertions="1" errors="0" failures="1" skipped="0" time="0.114155">
        <testcase name="Report uses seller date and optional customer without status whitelist" file="Finance Sales Visitors Filtering (Tests\Feature\FinanceSalesVisitorsFiltering)::Report uses seller date and optional customer without status whitelist" class="Tests\Feature\FinanceSalesVisitorsFilteringTest" classname="Tests.Feature.FinanceSalesVisitorsFilteringTest" assertions="1" time="0.114155">
          <failure type="PHPUnit\Framework\ExpectationFailedException">Report uses seller date and optional customer without status whitelistExpected response status code [200] but received 503.
Failed asserting that 503 is identical to 200.&#13;
at vendor\laravel\framework\src\Illuminate\Testing\TestResponseAssert.php:45
at vendor\laravel\framework\src\Illuminate\Testing\TestResponse.php:175
at vendor\laravel\framework\src\Illuminate\Testing\Concerns\AssertsStatusCodes.php:16
at tests\Feature\FinanceSalesVisitorsFilteringTest.php:39</failure>
        </testcase>
      </testsuite>
      <testsuite name="Tests\Feature\FinanceSalesVisitorsInvoiceRegistrarTest" file="Finance Sales Visitors Invoice Registrar (Tests\Feature\FinanceSalesVisitorsInvoiceRegistrar)" tests="1" assertions="1" errors="0" failures="1" skipped="0" time="0.067137">
        <testcase name="Invoice is grouped by effective seller not preinvoice creator" file="Finance Sales Visitors Invoice Registrar (Tests\Feature\FinanceSalesVisitorsInvoiceRegistrar)::Invoice is grouped by effective seller not preinvoice creator" class="Tests\Feature\FinanceSalesVisitorsInvoiceRegistrarTest" classname="Tests.Feature.FinanceSalesVisitorsInvoiceRegistrarTest" assertions="1" time="0.067137">
          <failure type="PHPUnit\Framework\AssertionFailedError">Invoice is grouped by effective seller not preinvoice creatorThe response is not a view.&#13;
at vendor\laravel\framework\src\Illuminate\Testing\TestResponseAssert.php:45
at vendor\laravel\framework\src\Illuminate\Testing\TestResponse.php:1384
at vendor\laravel\framework\src\Illuminate\Testing\TestResponse.php:1350
at tests\Feature\FinanceSalesVisitorsInvoiceRegistrarTest.php:29</failure>
        </testcase>
      </testsuite>
      <testsuite name="Tests\Feature\FinanceSalesVisitorsLegacyInvoicesTest" file="Finance Sales Visitors Legacy Invoices (Tests\Feature\FinanceSalesVisitorsLegacyInvoices)" tests="2" assertions="2" errors="0" failures="2" skipped="0" time="0.133383">
        <testcase name="Legacy invoice is attributed through preinvoice creator without seller id" file="Finance Sales Visitors Legacy Invoices (Tests\Feature\FinanceSalesVisitorsLegacyInvoices)::Legacy invoice is attributed through preinvoice creator without seller id" class="Tests\Feature\FinanceSalesVisitorsLegacyInvoicesTest" classname="Tests.Feature.FinanceSalesVisitorsLegacyInvoicesTest" assertions="1" time="0.065465">
          <failure type="PHPUnit\Framework\AssertionFailedError">Legacy invoice is attributed through preinvoice creator without seller idThe response is not a view.&#13;
at vendor\laravel\framework\src\Illuminate\Testing\TestResponseAssert.php:45
at vendor\laravel\framework\src\Illuminate\Testing\TestResponse.php:1384
at vendor\laravel\framework\src\Illuminate\Testing\TestResponse.php:1350
at tests\Feature\FinanceSalesVisitorsLegacyInvoicesTest.php:26</failure>
        </testcase>
        <testcase name="Invoice seller takes priority over missing or invalid legacy creator" file="Finance Sales Visitors Legacy Invoices (Tests\Feature\FinanceSalesVisitorsLegacyInvoices)::Invoice seller takes priority over missing or invalid legacy creator" class="Tests\Feature\FinanceSalesVisitorsLegacyInvoicesTest" classname="Tests.Feature.FinanceSalesVisitorsLegacyInvoicesTest" assertions="1" time="0.067918">
          <failure type="PHPUnit\Framework\AssertionFailedError">Invoice seller takes priority over missing or invalid legacy creatorThe response is not a view.&#13;
at vendor\laravel\framework\src\Illuminate\Testing\TestResponseAssert.php:45
at vendor\laravel\framework\src\Illuminate\Testing\TestResponse.php:1384
at vendor\laravel\framework\src\Illuminate\Testing\TestResponse.php:1350
at tests\Feature\FinanceSalesVisitorsLegacyInvoicesTest.php:42</failure>
        </testcase>
      </testsuite>
      <testsuite name="Tests\Feature\FinanceSalesVisitorsReportTest" file="Finance Sales Visitors Report (Tests\Feature\FinanceSalesVisitorsReport)" tests="2" assertions="3" errors="0" failures="2" skipped="0" time="0.187185">
        <testcase name="Report aggregates payments per invoice without double counting sales" file="Finance Sales Visitors Report (Tests\Feature\FinanceSalesVisitorsReport)::Report aggregates payments per invoice without double counting sales" class="Tests\Feature\FinanceSalesVisitorsReportTest" classname="Tests.Feature.FinanceSalesVisitorsReportTest" assertions="2" time="0.108813">
          <failure type="PHPUnit\Framework\ExpectationFailedException">Report aggregates payments per invoice without double counting salesExpected response status code [200] but received 503.
Failed asserting that 503 is identical to 200.&#13;
at vendor\laravel\framework\src\Illuminate\Testing\TestResponseAssert.php:45
at vendor\laravel\framework\src\Illuminate\Testing\TestResponse.php:175
at vendor\laravel\framework\src\Illuminate\Testing\Concerns\AssertsStatusCodes.php:16
at tests\Feature\FinanceSalesVisitorsReportTest.php:33</failure>
        </testcase>
        <testcase name="Finance reports page is a directory without dashboard metrics" file="Finance Sales Visitors Report (Tests\Feature\FinanceSalesVisitorsReport)::Finance reports page is a directory without dashboard metrics" class="Tests\Feature\FinanceSalesVisitorsReportTest" classname="Tests.Feature.FinanceSalesVisitorsReportTest" assertions="1" time="0.078372">
          <failure type="PHPUnit\Framework\ExpectationFailedException">Finance reports page is a directory without dashboard metricsExpected response status code [200] but received 503.
Failed asserting that 503 is identical to 200.&#13;
at vendor\laravel\framework\src\Illuminate\Testing\TestResponseAssert.php:45
at vendor\laravel\framework\src\Illuminate\Testing\TestResponse.php:175
at vendor\laravel\framework\src\Illuminate\Testing\Concerns\AssertsStatusCodes.php:16
at tests\Feature\FinanceSalesVisitorsReportTest.php:46</failure>
        </testcase>
      </testsuite>
      <testsuite name="Tests\Feature\FinanceSalesVisitorsSellerOwnershipTest" file="Finance Sales Visitors Seller Ownership (Tests\Feature\FinanceSalesVisitorsSellerOwnership)" tests="2" assertions="4" errors="0" failures="1" skipped="0" time="0.179521">
        <testcase name="Report uses effective seller priority and not crm id" file="Finance Sales Visitors Seller Ownership (Tests\Feature\FinanceSalesVisitorsSellerOwnership)::Report uses effective seller priority and not crm id" class="Tests\Feature\FinanceSalesVisitorsSellerOwnershipTest" classname="Tests.Feature.FinanceSalesVisitorsSellerOwnershipTest" assertions="1" time="0.126222">
          <failure type="PHPUnit\Framework\ExpectationFailedException">Report uses effective seller priority and not crm idExpected response status code [200] but received 503.
Failed asserting that 503 is identical to 200.&#13;
at vendor\laravel\framework\src\Illuminate\Testing\TestResponseAssert.php:45
at vendor\laravel\framework\src\Illuminate\Testing\TestResponse.php:175
at vendor\laravel\framework\src\Illuminate\Testing\Concerns\AssertsStatusCodes.php:16
at tests\Feature\FinanceSalesVisitorsSellerOwnershipTest.php:44</failure>
        </testcase>
        <testcase name="Preinvoice conversion transfers only the explicit seller and official date" file="Finance Sales Visitors Seller Ownership (Tests\Feature\FinanceSalesVisitorsSellerOwnership)::Preinvoice conversion transfers only the explicit seller and official date" class="Tests\Feature\FinanceSalesVisitorsSellerOwnershipTest" classname="Tests.Feature.FinanceSalesVisitorsSellerOwnershipTest" assertions="3" time="0.053299"/>
      </testsuite>
      <testsuite name="Tests\Feature\FinanceSalesVisitorsUsersDropdownTest" file="Finance Sales Visitors Users Dropdown (Tests\Feature\FinanceSalesVisitorsUsersDropdown)" tests="2" assertions="2" errors="0" failures="2" skipped="0" time="0.118065">
        <testcase name="Dropdown contains active sellers and historical effective sellers" file="Finance Sales Visitors Users Dropdown (Tests\Feature\FinanceSalesVisitorsUsersDropdown)::Dropdown contains active sellers and historical effective sellers" class="Tests\Feature\FinanceSalesVisitorsUsersDropdownTest" classname="Tests.Feature.FinanceSalesVisitorsUsersDropdownTest" assertions="1" time="0.063949">
          <failure type="PHPUnit\Framework\ExpectationFailedException">Dropdown contains active sellers and historical effective sellersExpected response status code [200] but received 503.
Failed asserting that 503 is identical to 200.&#13;
at vendor\laravel\framework\src\Illuminate\Testing\TestResponseAssert.php:45
at vendor\laravel\framework\src\Illuminate\Testing\TestResponse.php:175
at vendor\laravel\framework\src\Illuminate\Testing\Concerns\AssertsStatusCodes.php:16
at tests\Feature\FinanceSalesVisitorsUsersDropdownTest.php:43</failure>
        </testcase>
        <testcase name="User without finance access is forbidden" file="Finance Sales Visitors Users Dropdown (Tests\Feature\FinanceSalesVisitorsUsersDropdown)::User without finance access is forbidden" class="Tests\Feature\FinanceSalesVisitorsUsersDropdownTest" classname="Tests.Feature.FinanceSalesVisitorsUsersDropdownTest" assertions="1" time="0.054116">
          <failure type="PHPUnit\Framework\ExpectationFailedException">User without finance access is forbiddenExpected response status code [403] but received 503.
Failed asserting that 503 is identical to 403.&#13;
at vendor\laravel\framework\src\Illuminate\Testing\TestResponseAssert.php:45
at vendor\laravel\framework\src\Illuminate\Testing\TestResponse.php:175
at vendor\laravel\framework\src\Illuminate\Testing\Concerns\AssertsStatusCodes.php:141
at tests\Feature\FinanceSalesVisitorsUsersDropdownTest.php:61</failure>
        </testcase>
      </testsuite>
      <testsuite name="Tests\Feature\FinanceSalesVisitorsViewTest" file="Finance Sales Visitors View (Tests\Feature\FinanceSalesVisitorsView)" tests="3" assertions="3" errors="0" failures="3" skipped="0" time="0.279016">
        <testcase name="Empty report has filters active submit and designed empty state" file="Finance Sales Visitors View (Tests\Feature\FinanceSalesVisitorsView)::Empty report has filters active submit and designed empty state" class="Tests\Feature\FinanceSalesVisitorsViewTest" classname="Tests.Feature.FinanceSalesVisitorsViewTest" assertions="1" time="0.107375">
          <failure type="PHPUnit\Framework\ExpectationFailedException">Empty report has filters active submit and designed empty stateExpected response status code [200] but received 503.
Failed asserting that 503 is identical to 200.&#13;
at vendor\laravel\framework\src\Illuminate\Testing\TestResponseAssert.php:45
at vendor\laravel\framework\src\Illuminate\Testing\TestResponse.php:175
at vendor\laravel\framework\src\Illuminate\Testing\Concerns\AssertsStatusCodes.php:16
at tests\Feature\FinanceSalesVisitorsViewTest.php:22</failure>
        </testcase>
        <testcase name="Report with data has expected columns and totals footer" file="Finance Sales Visitors View (Tests\Feature\FinanceSalesVisitorsView)::Report with data has expected columns and totals footer" class="Tests\Feature\FinanceSalesVisitorsViewTest" classname="Tests.Feature.FinanceSalesVisitorsViewTest" assertions="1" time="0.095041">
          <failure type="PHPUnit\Framework\ExpectationFailedException">Report with data has expected columns and totals footerExpected response status code [200] but received 503.
Failed asserting that 503 is identical to 200.&#13;
at vendor\laravel\framework\src\Illuminate\Testing\TestResponseAssert.php:45
at vendor\laravel\framework\src\Illuminate\Testing\TestResponse.php:175
at vendor\laravel\framework\src\Illuminate\Testing\Concerns\AssertsStatusCodes.php:16
at tests\Feature\FinanceSalesVisitorsViewTest.php:66</failure>
        </testcase>
        <testcase name="User without an allowed finance role is forbidden" file="Finance Sales Visitors View (Tests\Feature\FinanceSalesVisitorsView)::User without an allowed finance role is forbidden" class="Tests\Feature\FinanceSalesVisitorsViewTest" classname="Tests.Feature.FinanceSalesVisitorsViewTest" assertions="1" time="0.076600">
          <failure type="PHPUnit\Framework\ExpectationFailedException">User without an allowed finance role is forbiddenExpected response status code [403] but received 503.
Failed asserting that 503 is identical to 403.&#13;
at vendor\laravel\framework\src\Illuminate\Testing\TestResponseAssert.php:45
at vendor\laravel\framework\src\Illuminate\Testing\TestResponse.php:175
at vendor\laravel\framework\src\Illuminate\Testing\Concerns\AssertsStatusCodes.php:141
at tests\Feature\FinanceSalesVisitorsViewTest.php:81</failure>
        </testcase>
      </testsuite>
      <testsuite name="Tests\Feature\FirstAllowedPageRedirectTest" file="tests\Feature\FirstAllowedPageRedirectTest.php" tests="2" assertions="3" errors="0" failures="1" skipped="0" time="0.185563">
        <testcase name="it redirects a user without dashboard to the first allowed catalog page" file="tests\Feature\FirstAllowedPageRedirectTest.php::it redirects a user without dashboard to the first allowed catalog page" class="Tests\Feature\FirstAllowedPageRedirectTest" classname="Tests.Feature.FirstAllowedPageRedirectTest" assertions="1" time="0.081340"/>
        <testcase name="it uses a stable no-access page instead of creating a redirect loop" file="tests\Feature\FirstAllowedPageRedirectTest.php::it uses a stable no-access page instead of creating a redirect loop" class="Tests\Feature\FirstAllowedPageRedirectTest" classname="Tests.Feature.FirstAllowedPageRedirectTest" assertions="2" time="0.104223">
          <failure type="PHPUnit\Framework\ExpectationFailedException">it uses a stable no-access page instead of creating a redirect loopExpected response status code [200] but received 503.
Failed asserting that 503 is identical to 200.&#13;
at vendor\laravel\framework\src\Illuminate\Testing\TestResponseAssert.php:45
at vendor\laravel\framework\src\Illuminate\Testing\TestResponse.php:175
at vendor\laravel\framework\src\Illuminate\Testing\Concerns\AssertsStatusCodes.php:16
at tests\Feature\FirstAllowedPageRedirectTest.php:31</failure>
        </testcase>
      </testsuite>
      <testsuite name="Tests\Feature\InventorySyncSafetyTest" file="tests\Feature\InventorySyncSafetyTest.php" tests="7" assertions="22" errors="0" failures="0" skipped="0" time="0.439306">
        <testcase name="it does not register the public test route" file="tests\Feature\InventorySyncSafetyTest.php::it does not register the public test route" class="Tests\Feature\InventorySyncSafetyTest" classname="Tests.Feature.InventorySyncSafetyTest" assertions="1" time="0.052140"/>
        <testcase name="it skips sync and sends no HTTP requests when sync is disabled" file="tests\Feature\InventorySyncSafetyTest.php::it skips sync and sends no HTTP requests when sync is disabled" class="Tests\Feature\InventorySyncSafetyTest" classname="Tests.Feature.InventorySyncSafetyTest" assertions="3" time="0.060020"/>
        <testsuite name="it skips sync and sends no HTTP requests when URL or token is missing" tests="4" assertions="12" errors="0" failures="0" skipped="0" time="0.241282">
          <testcase name="it skips sync and sends no HTTP requests when URL or token is missing with data set &quot;dataset &quot;missing URL&quot;&quot;" file="tests\Feature\InventorySyncSafetyTest.php::it skips sync and sends no HTTP requests when URL or token is missing with data set &quot;dataset &quot;missing URL&quot;&quot;" class="Tests\Feature\InventorySyncSafetyTest" classname="Tests.Feature.InventorySyncSafetyTest" assertions="3" time="0.061408"/>
          <testcase name="it skips sync and sends no HTTP requests when URL or token is missing with data set &quot;dataset &quot;empty URL&quot;&quot;" file="tests\Feature\InventorySyncSafetyTest.php::it skips sync and sends no HTTP requests when URL or token is missing with data set &quot;dataset &quot;empty URL&quot;&quot;" class="Tests\Feature\InventorySyncSafetyTest" classname="Tests.Feature.InventorySyncSafetyTest" assertions="3" time="0.052644"/>
          <testcase name="it skips sync and sends no HTTP requests when URL or token is missing with data set &quot;dataset &quot;missing token&quot;&quot;" file="tests\Feature\InventorySyncSafetyTest.php::it skips sync and sends no HTTP requests when URL or token is missing with data set &quot;dataset &quot;missing token&quot;&quot;" class="Tests\Feature\InventorySyncSafetyTest" classname="Tests.Feature.InventorySyncSafetyTest" assertions="3" time="0.068674"/>
          <testcase name="it skips sync and sends no HTTP requests when URL or token is missing with data set &quot;dataset &quot;empty token&quot;&quot;" file="tests\Feature\InventorySyncSafetyTest.php::it skips sync and sends no HTTP requests when URL or token is missing with data set &quot;dataset &quot;empty token&quot;&quot;" class="Tests\Feature\InventorySyncSafetyTest" classname="Tests.Feature.InventorySyncSafetyTest" assertions="3" time="0.058556"/>
        </testsuite>
        <testcase name="it sends HTTP with a fake client when sync is enabled and configured without changing local inventory data" file="tests\Feature\InventorySyncSafetyTest.php::it sends HTTP with a fake client when sync is enabled and configured without changing local inventory data" class="Tests\Feature\InventorySyncSafetyTest" classname="Tests.Feature.InventorySyncSafetyTest" assertions="6" time="0.085864"/>
      </testsuite>
      <testsuite name="Tests\Feature\InvoiceCancellationTest" file="Invoice Cancellation (Tests\Feature\InvoiceCancellation)" tests="10" assertions="24" errors="0" failures="0" skipped="0" time="0.615466">
        <testcase name="Cancellation uses transaction and row lock" file="Invoice Cancellation (Tests\Feature\InvoiceCancellation)::Cancellation uses transaction and row lock" class="Tests\Feature\InvoiceCancellationTest" classname="Tests.Feature.InvoiceCancellationTest" assertions="2" time="0.071292"/>
        <testcase name="Cancellation is idempotent by status and stock movement" file="Invoice Cancellation (Tests\Feature\InvoiceCancellation)::Cancellation is idempotent by status and stock movement" class="Tests\Feature\InvoiceCancellationTest" classname="Tests.Feature.InvoiceCancellationTest" assertions="3" time="0.058818"/>
        <testcase name="Applied sales return blocks invoice cancellation" file="Invoice Cancellation (Tests\Feature\InvoiceCancellation)::Applied sales return blocks invoice cancellation" class="Tests\Feature\InvoiceCancellationTest" classname="Tests.Feature.InvoiceCancellationTest" assertions="2" time="0.065352"/>
        <testcase name="Invoice debit is voided but payments are not deleted" file="Invoice Cancellation (Tests\Feature\InvoiceCancellation)::Invoice debit is voided but payments are not deleted" class="Tests\Feature\InvoiceCancellationTest" classname="Tests.Feature.InvoiceCancellationTest" assertions="3" time="0.050841"/>
        <testcase name="Cancelled fields are stored on invoice" file="Invoice Cancellation (Tests\Feature\InvoiceCancellation)::Cancelled fields are stored on invoice" class="Tests\Feature\InvoiceCancellationTest" classname="Tests.Feature.InvoiceCancellationTest" assertions="3" time="0.059046"/>
        <testcase name="Controller authorizes and validates invoice number and physical return" file="Invoice Cancellation (Tests\Feature\InvoiceCancellation)::Controller authorizes and validates invoice number and physical return" class="Tests\Feature\InvoiceCancellationTest" classname="Tests.Feature.InvoiceCancellationTest" assertions="3" time="0.067315"/>
        <testcase name="Active and cancelled scopes exist" file="Invoice Cancellation (Tests\Feature\InvoiceCancellation)::Active and cancelled scopes exist" class="Tests\Feature\InvoiceCancellationTest" classname="Tests.Feature.InvoiceCancellationTest" assertions="3" time="0.065099"/>
        <testcase name="Active index query excludes cancelled invoices" file="Invoice Cancellation (Tests\Feature\InvoiceCancellation)::Active index query excludes cancelled invoices" class="Tests\Feature\InvoiceCancellationTest" classname="Tests.Feature.InvoiceCancellationTest" assertions="1" time="0.055099"/>
        <testcase name="Cancelled archive route and view exist" file="Invoice Cancellation (Tests\Feature\InvoiceCancellation)::Cancelled archive route and view exist" class="Tests\Feature\InvoiceCancellationTest" classname="Tests.Feature.InvoiceCancellationTest" assertions="2" time="0.056575"/>
        <testcase name="Cancelled invoice operations are guarded" file="Invoice Cancellation (Tests\Feature\InvoiceCancellation)::Cancelled invoice operations are guarded" class="Tests\Feature\InvoiceCancellationTest" classname="Tests.Feature.InvoiceCancellationTest" assertions="2" time="0.066030"/>
      </testsuite>
      <testsuite name="Tests\Feature\InvoiceEffectiveSellerTest" file="Invoice Effective Seller (Tests\Feature\InvoiceEffectiveSeller)" tests="5" assertions="10" errors="0" failures="3" skipped="0" time="0.411713">
        <testcase name="Invoice show and finance report use transferred seller without changing creator" file="Invoice Effective Seller (Tests\Feature\InvoiceEffectiveSeller)::Invoice show and finance report use transferred seller without changing creator" class="Tests\Feature\InvoiceEffectiveSellerTest" classname="Tests.Feature.InvoiceEffectiveSellerTest" assertions="1" time="0.077535">
          <failure type="PHPUnit\Framework\ExpectationFailedException">Invoice show and finance report use transferred seller without changing creatorExpected response status code [200] but received 503.
Failed asserting that 503 is identical to 200.&#13;
at vendor\laravel\framework\src\Illuminate\Testing\TestResponseAssert.php:45
at vendor\laravel\framework\src\Illuminate\Testing\TestResponse.php:175
at vendor\laravel\framework\src\Illuminate\Testing\Concerns\AssertsStatusCodes.php:16
at tests\Feature\InvoiceEffectiveSellerTest.php:27</failure>
        </testcase>
        <testcase name="Effective seller falls back to preinvoice seller then legacy creator" file="Invoice Effective Seller (Tests\Feature\InvoiceEffectiveSeller)::Effective seller falls back to preinvoice seller then legacy creator" class="Tests\Feature\InvoiceEffectiveSellerTest" classname="Tests.Feature.InvoiceEffectiveSellerTest" assertions="4" time="0.088023"/>
        <testcase name="Commission document uses effective seller and effective invoice date" file="Invoice Effective Seller (Tests\Feature\InvoiceEffectiveSeller)::Commission document uses effective seller and effective invoice date" class="Tests\Feature\InvoiceEffectiveSellerTest" classname="Tests.Feature.InvoiceEffectiveSellerTest" assertions="3" time="0.086430"/>
        <testcase name="Finance commission batch and export snapshot the effective seller" file="Invoice Effective Seller (Tests\Feature\InvoiceEffectiveSeller)::Finance commission batch and export snapshot the effective seller" class="Tests\Feature\InvoiceEffectiveSellerTest" classname="Tests.Feature.InvoiceEffectiveSellerTest" assertions="1" time="0.090880">
          <failure type="PHPUnit\Framework\ExpectationFailedException">Finance commission batch and export snapshot the effective sellerExpected response status code [201, 301, 302, 303, 307, 308] but received 503.
Failed asserting that false is true.&#13;
at vendor\laravel\framework\src\Illuminate\Testing\TestResponseAssert.php:45
at vendor\laravel\framework\src\Illuminate\Testing\TestResponse.php:200
at tests\Feature\InvoiceEffectiveSellerTest.php:101</failure>
        </testcase>
        <testcase name="Null document date falls back to invoice created at in report and commission query" file="Invoice Effective Seller (Tests\Feature\InvoiceEffectiveSeller)::Null document date falls back to invoice created at in report and commission query" class="Tests\Feature\InvoiceEffectiveSellerTest" classname="Tests.Feature.InvoiceEffectiveSellerTest" assertions="1" time="0.068845">
          <failure type="PHPUnit\Framework\AssertionFailedError">Null document date falls back to invoice created at in report and commission queryThe response is not a view.&#13;
at vendor\laravel\framework\src\Illuminate\Testing\TestResponseAssert.php:45
at vendor\laravel\framework\src\Illuminate\Testing\TestResponse.php:1384
at vendor\laravel\framework\src\Illuminate\Testing\TestResponse.php:1350
at tests\Feature\InvoiceEffectiveSellerTest.php:132</failure>
        </testcase>
      </testsuite>
      <testsuite name="Tests\Feature\InvoiceLiveIndexTest" file="Invoice Live Index (Tests\Feature\InvoiceLiveIndex)" tests="8" assertions="32" errors="0" failures="0" skipped="0" time="0.585757">
        <testcase name="Live routes and permissions are registered" file="Invoice Live Index (Tests\Feature\InvoiceLiveIndex)::Live routes and permissions are registered" class="Tests\Feature\InvoiceLiveIndexTest" classname="Tests.Feature.InvoiceLiveIndexTest" assertions="4" time="0.090675"/>
        <testcase name="Index is simple and has no numbered paginator or report exports" file="Invoice Live Index (Tests\Feature\InvoiceLiveIndex)::Index is simple and has no numbered paginator or report exports" class="Tests\Feature\InvoiceLiveIndexTest" classname="Tests.Feature.InvoiceLiveIndexTest" assertions="5" time="0.116268"/>
        <testcase name="Data uses bounded cursor pagination and stable order" file="Invoice Live Index (Tests\Feature\InvoiceLiveIndex)::Data uses bounded cursor pagination and stable order" class="Tests\Feature\InvoiceLiveIndexTest" classname="Tests.Feature.InvoiceLiveIndexTest" assertions="5" time="0.053969"/>
        <testcase name="Query filters exact customer and excludes cancelled invoices" file="Invoice Live Index (Tests\Feature\InvoiceLiveIndex)::Query filters exact customer and excludes cancelled invoices" class="Tests\Feature\InvoiceLiveIndexTest" classname="Tests.Feature.InvoiceLiveIndexTest" assertions="3" time="0.054226"/>
        <testcase name="Invoice and preinvoice codes are searched with exact priority" file="Invoice Live Index (Tests\Feature\InvoiceLiveIndex)::Invoice and preinvoice codes are searched with exact priority" class="Tests\Feature\InvoiceLiveIndexTest" classname="Tests.Feature.InvoiceLiveIndexTest" assertions="3" time="0.127592"/>
        <testcase name="Summary is optional and not requested during load more" file="Invoice Live Index (Tests\Feature\InvoiceLiveIndex)::Summary is optional and not requested during load more" class="Tests\Feature\InvoiceLiveIndexTest" classname="Tests.Feature.InvoiceLiveIndexTest" assertions="3" time="0.048689"/>
        <testcase name="Customer endpoint is limited and returns no sensitive fields" file="Invoice Live Index (Tests\Feature\InvoiceLiveIndex)::Customer endpoint is limited and returns no sensitive fields" class="Tests\Feature\InvoiceLiveIndexTest" classname="Tests.Feature.InvoiceLiveIndexTest" assertions="4" time="0.045723"/>
        <testcase name="Responsive views and permission aware actions exist" file="Invoice Live Index (Tests\Feature\InvoiceLiveIndex)::Responsive views and permission aware actions exist" class="Tests\Feature\InvoiceLiveIndexTest" classname="Tests.Feature.InvoiceLiveIndexTest" assertions="5" time="0.048616"/>
      </testsuite>
      <testsuite name="Tests\Feature\InvoiceRegistrarPersistenceTest" file="Invoice Registrar Persistence (Tests\Feature\InvoiceRegistrarPersistence)" tests="2" assertions="12" errors="0" failures="0" skipped="0" time="0.323066">
        <testcase name="Invoice registrar is persisted and recovered through preinvoice relation" file="Invoice Registrar Persistence (Tests\Feature\InvoiceRegistrarPersistence)::Invoice registrar is persisted and recovered through preinvoice relation" class="Tests\Feature\InvoiceRegistrarPersistenceTest" classname="Tests.Feature.InvoiceRegistrarPersistenceTest" assertions="6" time="0.151395"/>
        <testcase name="Read only audit reports attributable and unknown invoices" file="Invoice Registrar Persistence (Tests\Feature\InvoiceRegistrarPersistence)::Read only audit reports attributable and unknown invoices" class="Tests\Feature\InvoiceRegistrarPersistenceTest" classname="Tests.Feature.InvoiceRegistrarPersistenceTest" assertions="6" time="0.171672"/>
      </testsuite>
      <testsuite name="Tests\Feature\InvoiceSellerBackfillCommandTest" file="Invoice Seller Backfill Command (Tests\Feature\InvoiceSellerBackfillCommand)" tests="3" assertions="14" errors="0" failures="0" skipped="0" time="0.326397">
        <testcase name="Dry run reports eligible invoice without writing" file="Invoice Seller Backfill Command (Tests\Feature\InvoiceSellerBackfillCommand)::Dry run reports eligible invoice without writing" class="Tests\Feature\InvoiceSellerBackfillCommandTest" classname="Tests.Feature.InvoiceSellerBackfillCommandTest" assertions="6" time="0.093142"/>
        <testcase name="Apply copies only valid preinvoice seller and is idempotent" file="Invoice Seller Backfill Command (Tests\Feature\InvoiceSellerBackfillCommand)::Apply copies only valid preinvoice seller and is idempotent" class="Tests\Feature\InvoiceSellerBackfillCommandTest" classname="Tests.Feature.InvoiceSellerBackfillCommandTest" assertions="5" time="0.107348"/>
        <testcase name="Created by is never assumed to be the seller" file="Invoice Seller Backfill Command (Tests\Feature\InvoiceSellerBackfillCommand)::Created by is never assumed to be the seller" class="Tests\Feature\InvoiceSellerBackfillCommandTest" classname="Tests.Feature.InvoiceSellerBackfillCommandTest" assertions="3" time="0.125907"/>
      </testsuite>
      <testsuite name="Tests\Feature\InvoiceSellerReassignmentTest" file="Invoice Seller Reassignment (Tests\Feature\InvoiceSellerReassignment)" tests="3" assertions="11" errors="0" failures="0" skipped="0" time="0.227018">
        <testcase name="Reassignment syncs linked document without changing creator or financial data" file="Invoice Seller Reassignment (Tests\Feature\InvoiceSellerReassignment)::Reassignment syncs linked document without changing creator or financial data" class="Tests\Feature\InvoiceSellerReassignmentTest" classname="Tests.Feature.InvoiceSellerReassignmentTest" assertions="6" time="0.102017"/>
        <testcase name="Same seller is an idempotent noop" file="Invoice Seller Reassignment (Tests\Feature\InvoiceSellerReassignment)::Same seller is an idempotent noop" class="Tests\Feature\InvoiceSellerReassignmentTest" classname="Tests.Feature.InvoiceSellerReassignmentTest" assertions="4" time="0.065495"/>
        <testcase name="Inactive seller is rejected" file="Invoice Seller Reassignment (Tests\Feature\InvoiceSellerReassignment)::Inactive seller is rejected" class="Tests\Feature\InvoiceSellerReassignmentTest" classname="Tests.Feature.InvoiceSellerReassignmentTest" assertions="1" time="0.059506"/>
      </testsuite>
      <testsuite name="Tests\Feature\InvoiceUuidImmutabilityTest" file="Invoice Uuid Immutability (Tests\Feature\InvoiceUuidImmutability)" tests="1" assertions="1" errors="0" failures="0" skipped="0" time="0.057011">
        <testcase name="Invoice uuid cannot change after create" file="Invoice Uuid Immutability (Tests\Feature\InvoiceUuidImmutability)::Invoice uuid cannot change after create" class="Tests\Feature\InvoiceUuidImmutabilityTest" classname="Tests.Feature.InvoiceUuidImmutabilityTest" assertions="1" time="0.057011"/>
      </testsuite>
      <testsuite name="Tests\Feature\LegacyPreinvoiceDiscountHydrationTest" file="tests\Feature\LegacyPreinvoiceDiscountHydrationTest.php" tests="3" assertions="9" errors="0" failures="0" skipped="0" time="0.184209">
        <testcase name="it hydrates unstructured legacy discount as invoice discount when line discounts are zero" file="tests\Feature\LegacyPreinvoiceDiscountHydrationTest.php::it hydrates unstructured legacy discount as invoice discount when line discounts are zero" class="Tests\Feature\LegacyPreinvoiceDiscountHydrationTest" classname="Tests.Feature.LegacyPreinvoiceDiscountHydrationTest" assertions="3" time="0.058930"/>
        <testcase name="it splits legacy total discount between item discounts and invoice discount" file="tests\Feature\LegacyPreinvoiceDiscountHydrationTest.php::it splits legacy total discount between item discounts and invoice discount" class="Tests\Feature\LegacyPreinvoiceDiscountHydrationTest" classname="Tests.Feature.LegacyPreinvoiceDiscountHydrationTest" assertions="3" time="0.069259"/>
        <testcase name="it preserves structured product discount type and value exactly" file="tests\Feature\LegacyPreinvoiceDiscountHydrationTest.php::it preserves structured product discount type and value exactly" class="Tests\Feature\LegacyPreinvoiceDiscountHydrationTest" classname="Tests.Feature.LegacyPreinvoiceDiscountHydrationTest" assertions="3" time="0.056021"/>
      </testsuite>
      <testsuite name="Tests\Feature\LegacyReservationIntegrityAuditCommandTest" file="Legacy Reservation Integrity Audit Command (Tests\Feature\LegacyReservationIntegrityAuditCommand)" tests="3" assertions="29" errors="0" failures="0" skipped="0" time="0.361949">
        <testcase name="Command is read only and writes no mutation queries" file="Legacy Reservation Integrity Audit Command (Tests\Feature\LegacyReservationIntegrityAuditCommand)::Command is read only and writes no mutation queries" class="Tests\Feature\LegacyReservationIntegrityAuditCommandTest" classname="Tests.Feature.LegacyReservationIntegrityAuditCommandTest" assertions="4" time="0.105492"/>
        <testcase name="Classifications expected reserved and duplicate rules" file="Legacy Reservation Integrity Audit Command (Tests\Feature\LegacyReservationIntegrityAuditCommand)::Classifications expected reserved and duplicate rules" class="Tests\Feature\LegacyReservationIntegrityAuditCommandTest" classname="Tests.Feature.LegacyReservationIntegrityAuditCommandTest" assertions="20" time="0.097512"/>
        <testcase name="Filters limit reports without data changes or personal data" file="Legacy Reservation Integrity Audit Command (Tests\Feature\LegacyReservationIntegrityAuditCommand)::Filters limit reports without data changes or personal data" class="Tests\Feature\LegacyReservationIntegrityAuditCommandTest" classname="Tests.Feature.LegacyReservationIntegrityAuditCommandTest" assertions="5" time="0.158946"/>
      </testsuite>
      <testsuite name="Tests\Feature\LinkedPageAccessTest" file="tests\Feature\LinkedPageAccessTest.php" tests="2" assertions="12" errors="0" failures="0" skipped="0" time="0.216794">
        <testcase name="it lets source pages access explicitly linked workflow routes" file="tests\Feature\LinkedPageAccessTest.php::it lets source pages access explicitly linked workflow routes" class="Tests\Feature\LinkedPageAccessTest" classname="Tests.Feature.LinkedPageAccessTest" assertions="10" time="0.125413"/>
        <testcase name="it does not turn linked route access into full destination page access" file="tests\Feature\LinkedPageAccessTest.php::it does not turn linked route access into full destination page access" class="Tests\Feature\LinkedPageAccessTest" classname="Tests.Feature.LinkedPageAccessTest" assertions="2" time="0.091381"/>
      </testsuite>
      <testsuite name="Tests\Feature\MyPreinvoiceDraftActionsTest" file="tests\Feature\MyPreinvoiceDraftActionsTest.php" tests="6" assertions="13" errors="0" failures="0" skipped="0" time="0.503989">
        <testsuite name="it allows an owner to edit supported preinvoice states without an invoice" tests="3" assertions="3" errors="0" failures="0" skipped="0" time="0.257534">
          <testcase name="it allows an owner to edit supported preinvoice states without an invoice with data set &quot;('draft')&quot;" file="tests\Feature\MyPreinvoiceDraftActionsTest.php::it allows an owner to edit supported preinvoice states without an invoice with data set &quot;('draft')&quot;" class="Tests\Feature\MyPreinvoiceDraftActionsTest" classname="Tests.Feature.MyPreinvoiceDraftActionsTest" assertions="1" time="0.080186"/>
          <testcase name="it allows an owner to edit supported preinvoice states without an invoice with data set &quot;('returned_to_sales')&quot;" file="tests\Feature\MyPreinvoiceDraftActionsTest.php::it allows an owner to edit supported preinvoice states without an invoice with data set &quot;('returned_to_sales')&quot;" class="Tests\Feature\MyPreinvoiceDraftActionsTest" classname="Tests.Feature.MyPreinvoiceDraftActionsTest" assertions="1" time="0.096588"/>
          <testcase name="it allows an owner to edit supported preinvoice states without an invoice with data set &quot;('reservation_expired')&quot;" file="tests\Feature\MyPreinvoiceDraftActionsTest.php::it allows an owner to edit supported preinvoice states without an invoice with data set &quot;('reservation_expired')&quot;" class="Tests\Feature\MyPreinvoiceDraftActionsTest" classname="Tests.Feature.MyPreinvoiceDraftActionsTest" assertions="1" time="0.080761"/>
        </testsuite>
        <testcase name="it locks a draft which already has an invoice" file="tests\Feature\MyPreinvoiceDraftActionsTest.php::it locks a draft which already has an invoice" class="Tests\Feature\MyPreinvoiceDraftActionsTest" classname="Tests.Feature.MyPreinvoiceDraftActionsTest" assertions="1" time="0.103307"/>
        <testcase name="it does not allow an anonymous or different seller to edit a draft" file="tests\Feature\MyPreinvoiceDraftActionsTest.php::it does not allow an anonymous or different seller to edit a draft" class="Tests\Feature\MyPreinvoiceDraftActionsTest" classname="Tests.Feature.MyPreinvoiceDraftActionsTest" assertions="1" time="0.064649"/>
        <testcase name="it renders both seller draft actions and explicit submit intents" file="tests\Feature\MyPreinvoiceDraftActionsTest.php::it renders both seller draft actions and explicit submit intents" class="Tests\Feature\MyPreinvoiceDraftActionsTest" classname="Tests.Feature.MyPreinvoiceDraftActionsTest" assertions="8" time="0.078499"/>
      </testsuite>
      <testsuite name="Tests\Feature\MyPreinvoicesSellerScopeTest" file="My Preinvoices Seller Scope (Tests\Feature\MyPreinvoicesSellerScope)" tests="1" assertions="1" errors="0" failures="0" skipped="0" time="0.093085">
        <testcase name="Scope uses internal seller id not creator or crm id" file="My Preinvoices Seller Scope (Tests\Feature\MyPreinvoicesSellerScope)::Scope uses internal seller id not creator or crm id" class="Tests\Feature\MyPreinvoicesSellerScopeTest" classname="Tests.Feature.MyPreinvoicesSellerScopeTest" assertions="1" time="0.093085"/>
      </testsuite>
      <testsuite name="Tests\Feature\MySalesDocumentsReservationExpiryTest" file="tests\Feature\MySalesDocumentsReservationExpiryTest.php" tests="13" assertions="15" errors="0" failures="12" skipped="0" time="1.176356">
        <testcase name="it expired_preinvoice_is_visible_in_active_tab" file="tests\Feature\MySalesDocumentsReservationExpiryTest.php::it expired_preinvoice_is_visible_in_active_tab" class="Tests\Feature\MySalesDocumentsReservationExpiryTest" classname="Tests.Feature.MySalesDocumentsReservationExpiryTest" assertions="1" time="0.087556">
          <failure type="PHPUnit\Framework\ExpectationFailedException">it expired_preinvoice_is_visible_in_active_tabExpected response status code [200] but received 503.
Failed asserting that 503 is identical to 200.&#13;
at vendor\laravel\framework\src\Illuminate\Testing\TestResponseAssert.php:45
at vendor\laravel\framework\src\Illuminate\Testing\TestResponse.php:175
at vendor\laravel\framework\src\Illuminate\Testing\Concerns\AssertsStatusCodes.php:16
at tests\Feature\MySalesDocumentsReservationExpiryTest.php:87</failure>
        </testcase>
        <testcase name="it expired_preinvoice_is_not_duplicated_in_needs_correction" file="tests\Feature\MySalesDocumentsReservationExpiryTest.php::it expired_preinvoice_is_not_duplicated_in_needs_correction" class="Tests\Feature\MySalesDocumentsReservationExpiryTest" classname="Tests.Feature.MySalesDocumentsReservationExpiryTest" assertions="3" time="0.107400">
          <failure type="PHPUnit\Framework\ExpectationFailedException">it expired_preinvoice_is_not_duplicated_in_needs_correctionExpected response status code [200] but received 503.
Failed asserting that 503 is identical to 200.&#13;
at vendor\laravel\framework\src\Illuminate\Testing\TestResponseAssert.php:45
at vendor\laravel\framework\src\Illuminate\Testing\TestResponse.php:175
at vendor\laravel\framework\src\Illuminate\Testing\Concerns\AssertsStatusCodes.php:16
at tests\Feature\MySalesDocumentsReservationExpiryTest.php:103</failure>
        </testcase>
        <testcase name="it active_preinvoice_shows_remaining_reservation_timer" file="tests\Feature\MySalesDocumentsReservationExpiryTest.php::it active_preinvoice_shows_remaining_reservation_timer" class="Tests\Feature\MySalesDocumentsReservationExpiryTest" classname="Tests.Feature.MySalesDocumentsReservationExpiryTest" assertions="1" time="0.066730">
          <failure type="PHPUnit\Framework\ExpectationFailedException">it active_preinvoice_shows_remaining_reservation_timerExpected response status code [200] but received 503.
Failed asserting that 503 is identical to 200.&#13;
at vendor\laravel\framework\src\Illuminate\Testing\TestResponseAssert.php:45
at vendor\laravel\framework\src\Illuminate\Testing\TestResponse.php:175
at vendor\laravel\framework\src\Illuminate\Testing\Concerns\AssertsStatusCodes.php:16
at tests\Feature\MySalesDocumentsReservationExpiryTest.php:112</failure>
        </testcase>
        <testcase name="it expired_preinvoice_shows_expired_timer_state" file="tests\Feature\MySalesDocumentsReservationExpiryTest.php::it expired_preinvoice_shows_expired_timer_state" class="Tests\Feature\MySalesDocumentsReservationExpiryTest" classname="Tests.Feature.MySalesDocumentsReservationExpiryTest" assertions="1" time="0.069052">
          <failure type="PHPUnit\Framework\ExpectationFailedException">it expired_preinvoice_shows_expired_timer_stateExpected response status code [200] but received 503.
Failed asserting that 503 is identical to 200.&#13;
at vendor\laravel\framework\src\Illuminate\Testing\TestResponseAssert.php:45
at vendor\laravel\framework\src\Illuminate\Testing\TestResponse.php:175
at vendor\laravel\framework\src\Illuminate\Testing\Concerns\AssertsStatusCodes.php:16
at tests\Feature\MySalesDocumentsReservationExpiryTest.php:123</failure>
        </testcase>
        <testcase name="it converted_preinvoice_does_not_show_preinvoice_timer" file="tests\Feature\MySalesDocumentsReservationExpiryTest.php::it converted_preinvoice_does_not_show_preinvoice_timer" class="Tests\Feature\MySalesDocumentsReservationExpiryTest" classname="Tests.Feature.MySalesDocumentsReservationExpiryTest" assertions="1" time="0.069422">
          <failure type="PHPUnit\Framework\ExpectationFailedException">it converted_preinvoice_does_not_show_preinvoice_timerExpected response status code [200] but received 503.
Failed asserting that 503 is identical to 200.&#13;
at vendor\laravel\framework\src\Illuminate\Testing\TestResponseAssert.php:45
at vendor\laravel\framework\src\Illuminate\Testing\TestResponse.php:175
at vendor\laravel\framework\src\Illuminate\Testing\Concerns\AssertsStatusCodes.php:16
at tests\Feature\MySalesDocumentsReservationExpiryTest.php:141</failure>
        </testcase>
        <testcase name="it expiration_notification_links_to_active_tab" file="tests\Feature\MySalesDocumentsReservationExpiryTest.php::it expiration_notification_links_to_active_tab" class="Tests\Feature\MySalesDocumentsReservationExpiryTest" classname="Tests.Feature.MySalesDocumentsReservationExpiryTest" assertions="1" time="0.098079"/>
        <testcase name="it seller_can_recheck_and_resubmit_expired_preinvoice" file="tests\Feature\MySalesDocumentsReservationExpiryTest.php::it seller_can_recheck_and_resubmit_expired_preinvoice" class="Tests\Feature\MySalesDocumentsReservationExpiryTest" classname="Tests.Feature.MySalesDocumentsReservationExpiryTest" assertions="1" time="0.086446">
          <failure type="PHPUnit\Framework\ExpectationFailedException">it seller_can_recheck_and_resubmit_expired_preinvoiceExpected response status code [201, 301, 302, 303, 307, 308] but received 503.
Failed asserting that false is true.&#13;
at vendor\laravel\framework\src\Illuminate\Testing\TestResponseAssert.php:45
at vendor\laravel\framework\src\Illuminate\Testing\TestResponse.php:200
at tests\Feature\MySalesDocumentsReservationExpiryTest.php:190</failure>
        </testcase>
        <testcase name="it expired_preinvoice_resubmit_fails_atomically_when_stock_is_insufficient" file="tests\Feature\MySalesDocumentsReservationExpiryTest.php::it expired_preinvoice_resubmit_fails_atomically_when_stock_is_insufficient" class="Tests\Feature\MySalesDocumentsReservationExpiryTest" classname="Tests.Feature.MySalesDocumentsReservationExpiryTest" assertions="1" time="0.082308">
          <failure type="PHPUnit\Framework\ExpectationFailedException">it expired_preinvoice_resubmit_fails_atomically_when_stock_is_insufficientSession is missing expected key [errors].
Failed asserting that false is true.&#13;
at vendor\laravel\framework\src\Illuminate\Testing\TestResponseAssert.php:45
at vendor\laravel\framework\src\Illuminate\Testing\TestResponse.php:1547
at vendor\laravel\framework\src\Illuminate\Testing\TestResponse.php:1634
at tests\Feature\MySalesDocumentsReservationExpiryTest.php:217</failure>
        </testcase>
        <testcase name="it my_index_expires_overdue_pending_finance_preinvoice" file="tests\Feature\MySalesDocumentsReservationExpiryTest.php::it my_index_expires_overdue_pending_finance_preinvoice" class="Tests\Feature\MySalesDocumentsReservationExpiryTest" classname="Tests.Feature.MySalesDocumentsReservationExpiryTest" assertions="1" time="0.090364">
          <failure type="PHPUnit\Framework\ExpectationFailedException">it my_index_expires_overdue_pending_finance_preinvoiceExpected response status code [200] but received 503.
Failed asserting that 503 is identical to 200.&#13;
at vendor\laravel\framework\src\Illuminate\Testing\TestResponseAssert.php:45
at vendor\laravel\framework\src\Illuminate\Testing\TestResponse.php:175
at vendor\laravel\framework\src\Illuminate\Testing\Concerns\AssertsStatusCodes.php:16
at tests\Feature\MySalesDocumentsReservationExpiryTest.php:255</failure>
        </testcase>
        <testcase name="it active_non_expired_preinvoice_stays_pending_finance" file="tests\Feature\MySalesDocumentsReservationExpiryTest.php::it active_non_expired_preinvoice_stays_pending_finance" class="Tests\Feature\MySalesDocumentsReservationExpiryTest" classname="Tests.Feature.MySalesDocumentsReservationExpiryTest" assertions="1" time="0.084628">
          <failure type="PHPUnit\Framework\ExpectationFailedException">it active_non_expired_preinvoice_stays_pending_financeExpected response status code [200] but received 503.
Failed asserting that 503 is identical to 200.&#13;
at vendor\laravel\framework\src\Illuminate\Testing\TestResponseAssert.php:45
at vendor\laravel\framework\src\Illuminate\Testing\TestResponse.php:175
at vendor\laravel\framework\src\Illuminate\Testing\Concerns\AssertsStatusCodes.php:16
at tests\Feature\MySalesDocumentsReservationExpiryTest.php:270</failure>
        </testcase>
        <testcase name="it invoice_prevents_expiry_fallback" file="tests\Feature\MySalesDocumentsReservationExpiryTest.php::it invoice_prevents_expiry_fallback" class="Tests\Feature\MySalesDocumentsReservationExpiryTest" classname="Tests.Feature.MySalesDocumentsReservationExpiryTest" assertions="1" time="0.122499">
          <failure type="PHPUnit\Framework\ExpectationFailedException">it invoice_prevents_expiry_fallbackExpected response status code [200] but received 503.
Failed asserting that 503 is identical to 200.&#13;
at vendor\laravel\framework\src\Illuminate\Testing\TestResponseAssert.php:45
at vendor\laravel\framework\src\Illuminate\Testing\TestResponse.php:175
at vendor\laravel\framework\src\Illuminate\Testing\Concerns\AssertsStatusCodes.php:16
at tests\Feature\MySalesDocumentsReservationExpiryTest.php:292</failure>
        </testcase>
        <testcase name="it direct_edit_expires_order_before_access_check" file="tests\Feature\MySalesDocumentsReservationExpiryTest.php::it direct_edit_expires_order_before_access_check" class="Tests\Feature\MySalesDocumentsReservationExpiryTest" classname="Tests.Feature.MySalesDocumentsReservationExpiryTest" assertions="1" time="0.115231">
          <failure type="PHPUnit\Framework\ExpectationFailedException">it direct_edit_expires_order_before_access_checkExpected response status code [200] but received 503.
Failed asserting that 503 is identical to 200.&#13;
at vendor\laravel\framework\src\Illuminate\Testing\TestResponseAssert.php:45
at vendor\laravel\framework\src\Illuminate\Testing\TestResponse.php:175
at vendor\laravel\framework\src\Illuminate\Testing\Concerns\AssertsStatusCodes.php:16
at tests\Feature\MySalesDocumentsReservationExpiryTest.php:305</failure>
        </testcase>
        <testcase name="it fallback_does_not_release_twice" file="tests\Feature\MySalesDocumentsReservationExpiryTest.php::it fallback_does_not_release_twice" class="Tests\Feature\MySalesDocumentsReservationExpiryTest" classname="Tests.Feature.MySalesDocumentsReservationExpiryTest" assertions="1" time="0.096643">
          <failure type="PHPUnit\Framework\ExpectationFailedException">it fallback_does_not_release_twiceExpected response status code [200] but received 503.
Failed asserting that 503 is identical to 200.&#13;
at vendor\laravel\framework\src\Illuminate\Testing\TestResponseAssert.php:45
at vendor\laravel\framework\src\Illuminate\Testing\TestResponse.php:175
at vendor\laravel\framework\src\Illuminate\Testing\Concerns\AssertsStatusCodes.php:16
at tests\Feature\MySalesDocumentsReservationExpiryTest.php:317</failure>
        </testcase>
      </testsuite>
      <testsuite name="Tests\Feature\NumericInputNormalizationTest" file="tests\Feature\NumericInputNormalizationTest.php" tests="1" assertions="4" errors="0" failures="0" skipped="0" time="0.060918">
        <testcase name="it normalizes formatted Persian Arabic and comma separated money inputs" file="tests\Feature\NumericInputNormalizationTest.php::it normalizes formatted Persian Arabic and comma separated money inputs" class="Tests\Feature\NumericInputNormalizationTest" classname="Tests.Feature.NumericInputNormalizationTest" assertions="4" time="0.060918"/>
      </testsuite>
      <testsuite name="Tests\Feature\PageAccessArchitectureTest" file="tests\Feature\PageAccessArchitectureTest.php" tests="6" assertions="16" errors="0" failures="0" skipped="0" time="0.527542">
        <testcase name="it fails closed for an unknown explicit page key" file="tests\Feature\PageAccessArchitectureTest.php::it fails closed for an unknown explicit page key" class="Tests\Feature\PageAccessArchitectureTest" classname="Tests.Feature.PageAccessArchitectureTest" assertions="2" time="0.071779"/>
        <testcase name="it registers the central middleware and keeps route compatibility behind it" file="tests\Feature\PageAccessArchitectureTest.php::it registers the central middleware and keeps route compatibility behind it" class="Tests\Feature\PageAccessArchitectureTest" classname="Tests.Feature.PageAccessArchitectureTest" assertions="2" time="0.071401"/>
        <testcase name="it shows page permissions and the explicit commission action allowlist in role ui but only roles in user ui" file="tests\Feature\PageAccessArchitectureTest.php::it shows page permissions and the explicit commission action allowlist in role ui but only roles in user ui" class="Tests\Feature\PageAccessArchitectureTest" classname="Tests.Feature.PageAccessArchitectureTest" assertions="6" time="0.121899"/>
        <testcase name="it provides safe migration audit sync and cleanup commands" file="tests\Feature\PageAccessArchitectureTest.php::it provides safe migration audit sync and cleanup commands" class="Tests\Feature\PageAccessArchitectureTest" classname="Tests.Feature.PageAccessArchitectureTest" assertions="4" time="0.122496"/>
        <testcase name="it maps every authenticated named route or documents it in the allowlist" file="tests\Feature\PageAccessArchitectureTest.php::it maps every authenticated named route or documents it in the allowlist" class="Tests\Feature\PageAccessArchitectureTest" classname="Tests.Feature.PageAccessArchitectureTest" assertions="1" time="0.069662"/>
        <testcase name="it keeps legacy role and permission middleware off mapped page routes" file="tests\Feature\PageAccessArchitectureTest.php::it keeps legacy role and permission middleware off mapped page routes" class="Tests\Feature\PageAccessArchitectureTest" classname="Tests.Feature.PageAccessArchitectureTest" assertions="1" time="0.070305"/>
      </testsuite>
      <testsuite name="Tests\Feature\PageAccessMiddlewareTest" file="tests\Feature\PageAccessMiddlewareTest.php" tests="6" assertions="7" errors="0" failures="0" skipped="0" time="0.395092">
        <testcase name="it returns an html 403 instead of redirecting an authenticated user without page access" file="tests\Feature\PageAccessMiddlewareTest.php::it returns an html 403 instead of redirecting an authenticated user without page access" class="Tests\Feature\PageAccessMiddlewareTest" classname="Tests.Feature.PageAccessMiddlewareTest" assertions="1" time="0.077870"/>
        <testcase name="it returns a json 403 for an ajax user without page access" file="tests\Feature\PageAccessMiddlewareTest.php::it returns a json 403 for an ajax user without page access" class="Tests\Feature\PageAccessMiddlewareTest" classname="Tests.Feature.PageAccessMiddlewareTest" assertions="2" time="0.065902"/>
        <testcase name="it does not use retained legacy direct permissions for runtime page access" file="tests\Feature\PageAccessMiddlewareTest.php::it does not use retained legacy direct permissions for runtime page access" class="Tests\Feature\PageAccessMiddlewareTest" classname="Tests.Feature.PageAccessMiddlewareTest" assertions="1" time="0.071351"/>
        <testcase name="it allows runtime page access only through a role page permission" file="tests\Feature\PageAccessMiddlewareTest.php::it allows runtime page access only through a role page permission" class="Tests\Feature\PageAccessMiddlewareTest" classname="Tests.Feature.PageAccessMiddlewareTest" assertions="1" time="0.060173"/>
        <testcase name="it allows Owner through every valid page middleware check" file="tests\Feature\PageAccessMiddlewareTest.php::it allows Owner through every valid page middleware check" class="Tests\Feature\PageAccessMiddlewareTest" classname="Tests.Feature.PageAccessMiddlewareTest" assertions="1" time="0.062006"/>
        <testcase name="it fails closed when route permission middleware has no catalog mapping" file="tests\Feature\PageAccessMiddlewareTest.php::it fails closed when route permission middleware has no catalog mapping" class="Tests\Feature\PageAccessMiddlewareTest" classname="Tests.Feature.PageAccessMiddlewareTest" assertions="1" time="0.057790"/>
      </testsuite>
      <testsuite name="Tests\Feature\PageAccessMigrationSafetyTest" file="tests\Feature\PageAccessMigrationSafetyTest.php" tests="7" assertions="27" errors="0" failures="0" skipped="0" time="0.594137">
        <testcase name="it keeps audit and dry run role permission connections consistent even across guards" file="tests\Feature\PageAccessMigrationSafetyTest.php::it keeps audit and dry run role permission connections consistent even across guards" class="Tests\Feature\PageAccessMigrationSafetyTest" classname="Tests.Feature.PageAccessMigrationSafetyTest" assertions="5" time="0.117498"/>
        <testcase name="it treats Owner as fully covered without using direct permissions or residual suggestions" file="tests\Feature\PageAccessMigrationSafetyTest.php::it treats Owner as fully covered without using direct permissions or residual suggestions" class="Tests\Feature\PageAccessMigrationSafetyTest" classname="Tests.Feature.PageAccessMigrationSafetyTest" assertions="7" time="0.087520"/>
        <testcase name="it never turns sensitive direct permissions into automatic page grants" file="tests\Feature\PageAccessMigrationSafetyTest.php::it never turns sensitive direct permissions into automatic page grants" class="Tests\Feature\PageAccessMigrationSafetyTest" classname="Tests.Feature.PageAccessMigrationSafetyTest" assertions="4" time="0.079857"/>
        <testcase name="it reports an empty assigned role as not configured and uncovered" file="tests\Feature\PageAccessMigrationSafetyTest.php::it reports an empty assigned role as not configured and uncovered" class="Tests\Feature\PageAccessMigrationSafetyTest" classname="Tests.Feature.PageAccessMigrationSafetyTest" assertions="4" time="0.083482"/>
        <testcase name="it resolves every explicitly requested legacy permission disposition" file="tests\Feature\PageAccessMigrationSafetyTest.php::it resolves every explicitly requested legacy permission disposition" class="Tests\Feature\PageAccessMigrationSafetyTest" classname="Tests.Feature.PageAccessMigrationSafetyTest" assertions="1" time="0.067677"/>
        <testcase name="it generates the role matrix without database writes and flags multiple-role evidence ambiguous" file="tests\Feature\PageAccessMigrationSafetyTest.php::it generates the role matrix without database writes and flags multiple-role evidence ambiguous" class="Tests\Feature\PageAccessMigrationSafetyTest" classname="Tests.Feature.PageAccessMigrationSafetyTest" assertions="2" time="0.066102"/>
        <testcase name="it applies confirmed role pages without replacing legacy direct roles or user assignments" file="tests\Feature\PageAccessMigrationSafetyTest.php::it applies confirmed role pages without replacing legacy direct roles or user assignments" class="Tests\Feature\PageAccessMigrationSafetyTest" classname="Tests.Feature.PageAccessMigrationSafetyTest" assertions="4" time="0.092000"/>
      </testsuite>
      <testsuite name="Tests\Feature\PagePermissionMigrationDryRunTest" file="tests\Feature\PagePermissionMigrationDryRunTest.php" tests="2" assertions="13" errors="0" failures="0" skipped="0" time="0.165049">
        <testcase name="it reports existing roles first and never invents per-user roles in dry run" file="tests\Feature\PagePermissionMigrationDryRunTest.php::it reports existing roles first and never invents per-user roles in dry run" class="Tests\Feature\PagePermissionMigrationDryRunTest" classname="Tests.Feature.PagePermissionMigrationDryRunTest" assertions="12" time="0.095220"/>
        <testcase name="it rejects exception-role generation unless apply is explicit" file="tests\Feature\PagePermissionMigrationDryRunTest.php::it rejects exception-role generation unless apply is explicit" class="Tests\Feature\PagePermissionMigrationDryRunTest" classname="Tests.Feature.PagePermissionMigrationDryRunTest" assertions="1" time="0.069829"/>
      </testsuite>
      <testsuite name="Tests\Feature\PageRouteMatrixTest" file="tests\Feature\PageRouteMatrixTest.php" tests="26" assertions="248" errors="0" failures="0" skipped="0" time="2.505751">
        <testsuite name="it allows every explicitly owned route through the authorization layer" tests="13" assertions="235" errors="0" failures="0" skipped="0" time="1.568209">
          <testcase name="it allows every explicitly owned route through the authorization layer with data set &quot;('products')&quot;" file="tests\Feature\PageRouteMatrixTest.php::it allows every explicitly owned route through the authorization layer with data set &quot;('products')&quot;" class="Tests\Feature\PageRouteMatrixTest" classname="Tests.Feature.PageRouteMatrixTest" assertions="33" time="0.147544"/>
          <testcase name="it allows every explicitly owned route through the authorization layer with data set &quot;('commercial.commissions')&quot;" file="tests\Feature\PageRouteMatrixTest.php::it allows every explicitly owned route through the authorization layer with data set &quot;('commercial.commissions')&quot;" class="Tests\Feature\PageRouteMatrixTest" classname="Tests.Feature.PageRouteMatrixTest" assertions="42" time="0.139880"/>
          <testcase name="it allows every explicitly owned route through the authorization layer with data set &quot;('sales.preinvoices')&quot;" file="tests\Feature\PageRouteMatrixTest.php::it allows every explicitly owned route through the authorization layer with data set &quot;('sales.preinvoices')&quot;" class="Tests\Feature\PageRouteMatrixTest" classname="Tests.Feature.PageRouteMatrixTest" assertions="24" time="0.127853"/>
          <testcase name="it allows every explicitly owned route through the authorization layer with data set &quot;('sales.preinvoice_warehouse_review')&quot;" file="tests\Feature\PageRouteMatrixTest.php::it allows every explicitly owned route through the authorization layer with data set &quot;('sales.preinvoice_warehouse_review')&quot;" class="Tests\Feature\PageRouteMatrixTest" classname="Tests.Feature.PageRouteMatrixTest" assertions="10" time="0.173235"/>
          <testcase name="it allows every explicitly owned route through the authorization layer with data set &quot;('sales.preinvoice_finance_review')&quot;" file="tests\Feature\PageRouteMatrixTest.php::it allows every explicitly owned route through the authorization layer with data set &quot;('sales.preinvoice_finance_review')&quot;" class="Tests\Feature\PageRouteMatrixTest" classname="Tests.Feature.PageRouteMatrixTest" assertions="10" time="0.076890"/>
          <testcase name="it allows every explicitly owned route through the authorization layer with data set &quot;('sales.invoices')&quot;" file="tests\Feature\PageRouteMatrixTest.php::it allows every explicitly owned route through the authorization layer with data set &quot;('sales.invoices')&quot;" class="Tests\Feature\PageRouteMatrixTest" classname="Tests.Feature.PageRouteMatrixTest" assertions="18" time="0.150519"/>
          <testcase name="it allows every explicitly owned route through the authorization layer with data set &quot;('sales.returns')&quot;" file="tests\Feature\PageRouteMatrixTest.php::it allows every explicitly owned route through the authorization layer with data set &quot;('sales.returns')&quot;" class="Tests\Feature\PageRouteMatrixTest" classname="Tests.Feature.PageRouteMatrixTest" assertions="48" time="0.166853"/>
          <testcase name="it allows every explicitly owned route through the authorization layer with data set &quot;('customers')&quot;" file="tests\Feature\PageRouteMatrixTest.php::it allows every explicitly owned route through the authorization layer with data set &quot;('customers')&quot;" class="Tests\Feature\PageRouteMatrixTest" classname="Tests.Feature.PageRouteMatrixTest" assertions="16" time="0.114816"/>
          <testcase name="it allows every explicitly owned route through the authorization layer with data set &quot;('warehouse.stocks')&quot;" file="tests\Feature\PageRouteMatrixTest.php::it allows every explicitly owned route through the authorization layer with data set &quot;('warehouse.stocks')&quot;" class="Tests\Feature\PageRouteMatrixTest" classname="Tests.Feature.PageRouteMatrixTest" assertions="4" time="0.086501"/>
          <testcase name="it allows every explicitly owned route through the authorization layer with data set &quot;('warehouse.collection')&quot;" file="tests\Feature\PageRouteMatrixTest.php::it allows every explicitly owned route through the authorization layer with data set &quot;('warehouse.collection')&quot;" class="Tests\Feature\PageRouteMatrixTest" classname="Tests.Feature.PageRouteMatrixTest" assertions="14" time="0.121089"/>
          <testcase name="it allows every explicitly owned route through the authorization layer with data set &quot;('warehouse.shipping')&quot;" file="tests\Feature\PageRouteMatrixTest.php::it allows every explicitly owned route through the authorization layer with data set &quot;('warehouse.shipping')&quot;" class="Tests\Feature\PageRouteMatrixTest" classname="Tests.Feature.PageRouteMatrixTest" assertions="4" time="0.113663"/>
          <testcase name="it allows every explicitly owned route through the authorization layer with data set &quot;('users')&quot;" file="tests\Feature\PageRouteMatrixTest.php::it allows every explicitly owned route through the authorization layer with data set &quot;('users')&quot;" class="Tests\Feature\PageRouteMatrixTest" classname="Tests.Feature.PageRouteMatrixTest" assertions="3" time="0.071103"/>
          <testcase name="it allows every explicitly owned route through the authorization layer with data set &quot;('roles')&quot;" file="tests\Feature\PageRouteMatrixTest.php::it allows every explicitly owned route through the authorization layer with data set &quot;('roles')&quot;" class="Tests\Feature\PageRouteMatrixTest" classname="Tests.Feature.PageRouteMatrixTest" assertions="9" time="0.078261"/>
        </testsuite>
        <testsuite name="it denies a user without the owning page permission" tests="13" assertions="13" errors="0" failures="0" skipped="0" time="0.937541">
          <testcase name="it denies a user without the owning page permission with data set &quot;('products')&quot;" file="tests\Feature\PageRouteMatrixTest.php::it denies a user without the owning page permission with data set &quot;('products')&quot;" class="Tests\Feature\PageRouteMatrixTest" classname="Tests.Feature.PageRouteMatrixTest" assertions="1" time="0.091746"/>
          <testcase name="it denies a user without the owning page permission with data set &quot;('commercial.commissions')&quot;" file="tests\Feature\PageRouteMatrixTest.php::it denies a user without the owning page permission with data set &quot;('commercial.commissions')&quot;" class="Tests\Feature\PageRouteMatrixTest" classname="Tests.Feature.PageRouteMatrixTest" assertions="1" time="0.076701"/>
          <testcase name="it denies a user without the owning page permission with data set &quot;('sales.preinvoices')&quot;" file="tests\Feature\PageRouteMatrixTest.php::it denies a user without the owning page permission with data set &quot;('sales.preinvoices')&quot;" class="Tests\Feature\PageRouteMatrixTest" classname="Tests.Feature.PageRouteMatrixTest" assertions="1" time="0.087927"/>
          <testcase name="it denies a user without the owning page permission with data set &quot;('sales.preinvoice_warehouse_review')&quot;" file="tests\Feature\PageRouteMatrixTest.php::it denies a user without the owning page permission with data set &quot;('sales.preinvoice_warehouse_review')&quot;" class="Tests\Feature\PageRouteMatrixTest" classname="Tests.Feature.PageRouteMatrixTest" assertions="1" time="0.064556"/>
          <testcase name="it denies a user without the owning page permission with data set &quot;('sales.preinvoice_finance_review')&quot;" file="tests\Feature\PageRouteMatrixTest.php::it denies a user without the owning page permission with data set &quot;('sales.preinvoice_finance_review')&quot;" class="Tests\Feature\PageRouteMatrixTest" classname="Tests.Feature.PageRouteMatrixTest" assertions="1" time="0.062768"/>
          <testcase name="it denies a user without the owning page permission with data set &quot;('sales.invoices')&quot;" file="tests\Feature\PageRouteMatrixTest.php::it denies a user without the owning page permission with data set &quot;('sales.invoices')&quot;" class="Tests\Feature\PageRouteMatrixTest" classname="Tests.Feature.PageRouteMatrixTest" assertions="1" time="0.075723"/>
          <testcase name="it denies a user without the owning page permission with data set &quot;('sales.returns')&quot;" file="tests\Feature\PageRouteMatrixTest.php::it denies a user without the owning page permission with data set &quot;('sales.returns')&quot;" class="Tests\Feature\PageRouteMatrixTest" classname="Tests.Feature.PageRouteMatrixTest" assertions="1" time="0.075758"/>
          <testcase name="it denies a user without the owning page permission with data set &quot;('customers')&quot;" file="tests\Feature\PageRouteMatrixTest.php::it denies a user without the owning page permission with data set &quot;('customers')&quot;" class="Tests\Feature\PageRouteMatrixTest" classname="Tests.Feature.PageRouteMatrixTest" assertions="1" time="0.071476"/>
          <testcase name="it denies a user without the owning page permission with data set &quot;('warehouse.stocks')&quot;" file="tests\Feature\PageRouteMatrixTest.php::it denies a user without the owning page permission with data set &quot;('warehouse.stocks')&quot;" class="Tests\Feature\PageRouteMatrixTest" classname="Tests.Feature.PageRouteMatrixTest" assertions="1" time="0.063307"/>
          <testcase name="it denies a user without the owning page permission with data set &quot;('warehouse.collection')&quot;" file="tests\Feature\PageRouteMatrixTest.php::it denies a user without the owning page permission with data set &quot;('warehouse.collection')&quot;" class="Tests\Feature\PageRouteMatrixTest" classname="Tests.Feature.PageRouteMatrixTest" assertions="1" time="0.062289"/>
          <testcase name="it denies a user without the owning page permission with data set &quot;('warehouse.shipping')&quot;" file="tests\Feature\PageRouteMatrixTest.php::it denies a user without the owning page permission with data set &quot;('warehouse.shipping')&quot;" class="Tests\Feature\PageRouteMatrixTest" classname="Tests.Feature.PageRouteMatrixTest" assertions="1" time="0.072866"/>
          <testcase name="it denies a user without the owning page permission with data set &quot;('users')&quot;" file="tests\Feature\PageRouteMatrixTest.php::it denies a user without the owning page permission with data set &quot;('users')&quot;" class="Tests\Feature\PageRouteMatrixTest" classname="Tests.Feature.PageRouteMatrixTest" assertions="1" time="0.073470"/>
          <testcase name="it denies a user without the owning page permission with data set &quot;('roles')&quot;" file="tests\Feature\PageRouteMatrixTest.php::it denies a user without the owning page permission with data set &quot;('roles')&quot;" class="Tests\Feature\PageRouteMatrixTest" classname="Tests.Feature.PageRouteMatrixTest" assertions="1" time="0.058955"/>
        </testsuite>
      </testsuite>
      <testsuite name="Tests\Feature\PersonnelVoucherManagementTest" file="Personnel Voucher Management (Tests\Feature\PersonnelVoucherManagement)" tests="8" assertions="8" errors="0" failures="8" skipped="0" time="0.698594">
        <testcase name="Personnel voucher store uses default warehouses jalali date and moves stock" file="Personnel Voucher Management (Tests\Feature\PersonnelVoucherManagement)::Personnel voucher store uses default warehouses jalali date and moves stock" class="Tests\Feature\PersonnelVoucherManagementTest" classname="Tests.Feature.PersonnelVoucherManagementTest" assertions="1" time="0.097391">
          <failure type="PHPUnit\Framework\ExpectationFailedException">Personnel voucher store uses default warehouses jalali date and moves stockExpected response status code [201, 301, 302, 303, 307, 308] but received 503.
Failed asserting that false is true.&#13;
at vendor\laravel\framework\src\Illuminate\Testing\TestResponseAssert.php:45
at vendor\laravel\framework\src\Illuminate\Testing\TestResponse.php:200
at tests\Feature\PersonnelVoucherManagementTest.php:40</failure>
        </testcase>
        <testcase name="Personnel voucher requires four digit asset code" file="Personnel Voucher Management (Tests\Feature\PersonnelVoucherManagement)::Personnel voucher requires four digit asset code" class="Tests\Feature\PersonnelVoucherManagementTest" classname="Tests.Feature.PersonnelVoucherManagementTest" assertions="1" time="0.087205">
          <failure type="PHPUnit\Framework\ExpectationFailedException">Personnel voucher requires four digit asset codeSession is missing expected key [errors].
Failed asserting that false is true.&#13;
at vendor\laravel\framework\src\Illuminate\Testing\TestResponseAssert.php:45
at vendor\laravel\framework\src\Illuminate\Testing\TestResponse.php:1547
at vendor\laravel\framework\src\Illuminate\Testing\TestResponse.php:1634
at tests\Feature\PersonnelVoucherManagementTest.php:69</failure>
        </testcase>
        <testcase name="Personnel voucher update keeps id and recalculates stock" file="Personnel Voucher Management (Tests\Feature\PersonnelVoucherManagement)::Personnel voucher update keeps id and recalculates stock" class="Tests\Feature\PersonnelVoucherManagementTest" classname="Tests.Feature.PersonnelVoucherManagementTest" assertions="1" time="0.109053">
          <failure type="PHPUnit\Framework\ExpectationFailedException">Personnel voucher update keeps id and recalculates stockExpected response status code [201, 301, 302, 303, 307, 308] but received 503.
Failed asserting that false is true.&#13;
at vendor\laravel\framework\src\Illuminate\Testing\TestResponseAssert.php:45
at vendor\laravel\framework\src\Illuminate\Testing\TestResponse.php:200
at tests\Feature\PersonnelVoucherManagementTest.php:87</failure>
        </testcase>
        <testcase name="Personnel voucher delete rolls back stock" file="Personnel Voucher Management (Tests\Feature\PersonnelVoucherManagement)::Personnel voucher delete rolls back stock" class="Tests\Feature\PersonnelVoucherManagementTest" classname="Tests.Feature.PersonnelVoucherManagementTest" assertions="1" time="0.100056">
          <failure type="PHPUnit\Framework\ExpectationFailedException">Personnel voucher delete rolls back stockExpected response status code [201, 301, 302, 303, 307, 308] but received 503.
Failed asserting that false is true.&#13;
at vendor\laravel\framework\src\Illuminate\Testing\TestResponseAssert.php:45
at vendor\laravel\framework\src\Illuminate\Testing\TestResponse.php:200
at tests\Feature\PersonnelVoucherManagementTest.php:133</failure>
        </testcase>
        <testcase name="Personnel index filters by jalali date and reference" file="Personnel Voucher Management (Tests\Feature\PersonnelVoucherManagement)::Personnel index filters by jalali date and reference" class="Tests\Feature\PersonnelVoucherManagementTest" classname="Tests.Feature.PersonnelVoucherManagementTest" assertions="1" time="0.072775">
          <failure type="PHPUnit\Framework\ExpectationFailedException">Personnel index filters by jalali date and referenceExpected response status code [201, 301, 302, 303, 307, 308] but received 503.
Failed asserting that false is true.&#13;
at vendor\laravel\framework\src\Illuminate\Testing\TestResponseAssert.php:45
at vendor\laravel\framework\src\Illuminate\Testing\TestResponse.php:200
at tests\Feature\PersonnelVoucherManagementTest.php:159</failure>
        </testcase>
        <testcase name="Personnel product variants endpoint returns central stock and editing available quantity" file="Personnel Voucher Management (Tests\Feature\PersonnelVoucherManagement)::Personnel product variants endpoint returns central stock and editing available quantity" class="Tests\Feature\PersonnelVoucherManagementTest" classname="Tests.Feature.PersonnelVoucherManagementTest" assertions="1" time="0.073566">
          <failure type="PHPUnit\Framework\ExpectationFailedException">Personnel product variants endpoint returns central stock and editing available quantityExpected response status code [201, 301, 302, 303, 307, 308] but received 503.
Failed asserting that false is true.&#13;
at vendor\laravel\framework\src\Illuminate\Testing\TestResponseAssert.php:45
at vendor\laravel\framework\src\Illuminate\Testing\TestResponse.php:200
at tests\Feature\PersonnelVoucherManagementTest.php:187</failure>
        </testcase>
        <testcase name="Personnel voucher rejects quantity over central stock as form error" file="Personnel Voucher Management (Tests\Feature\PersonnelVoucherManagement)::Personnel voucher rejects quantity over central stock as form error" class="Tests\Feature\PersonnelVoucherManagementTest" classname="Tests.Feature.PersonnelVoucherManagementTest" assertions="1" time="0.075394">
          <failure type="PHPUnit\Framework\ExpectationFailedException">Personnel voucher rejects quantity over central stock as form errorExpected response status code [201, 301, 302, 303, 307, 308] but received 503.
Failed asserting that false is true.&#13;
at vendor\laravel\framework\src\Illuminate\Testing\TestResponseAssert.php:45
at vendor\laravel\framework\src\Illuminate\Testing\TestResponse.php:200
at tests\Feature\PersonnelVoucherManagementTest.php:226</failure>
        </testcase>
        <testcase name="Personnel create page does not embed all products and variants" file="Personnel Voucher Management (Tests\Feature\PersonnelVoucherManagement)::Personnel create page does not embed all products and variants" class="Tests\Feature\PersonnelVoucherManagementTest" classname="Tests.Feature.PersonnelVoucherManagementTest" assertions="1" time="0.083154">
          <failure type="PHPUnit\Framework\ExpectationFailedException">Personnel create page does not embed all products and variantsExpected response status code [200] but received 503.
Failed asserting that 503 is identical to 200.&#13;
at vendor\laravel\framework\src\Illuminate\Testing\TestResponseAssert.php:45
at vendor\laravel\framework\src\Illuminate\Testing\TestResponse.php:175
at vendor\laravel\framework\src\Illuminate\Testing\Concerns\AssertsStatusCodes.php:16
at tests\Feature\PersonnelVoucherManagementTest.php:238</failure>
        </testcase>
      </testsuite>
      <testsuite name="Tests\Feature\PhoneTokenLoginTest" file="tests\Feature\PhoneTokenLoginTest.php" tests="14" assertions="21" errors="0" failures="12" skipped="0" time="0.862058">
        <testcase name="it registers only the active phone token login route" file="tests\Feature\PhoneTokenLoginTest.php::it registers only the active phone token login route" class="Tests\Feature\PhoneTokenLoginTest" classname="Tests.Feature.PhoneTokenLoginTest" assertions="4" time="0.069009"/>
        <testsuite name="it requires both phone and token" tests="2" assertions="2" errors="0" failures="2" skipped="0" time="0.123013">
          <testcase name="it requires both phone and token with data set &quot;dataset &quot;missing phone&quot;&quot;" file="tests\Feature\PhoneTokenLoginTest.php::it requires both phone and token with data set &quot;dataset &quot;missing phone&quot;&quot;" class="Tests\Feature\PhoneTokenLoginTest" classname="Tests.Feature.PhoneTokenLoginTest" assertions="1" time="0.066536">
            <failure type="PHPUnit\Framework\ExpectationFailedException">it requires both phone and token with data set "dataset "missing phone""Expected response status code [201, 301, 302, 303, 307, 308] but received 503.
Failed asserting that false is true.&#13;
at vendor\laravel\framework\src\Illuminate\Testing\TestResponseAssert.php:45
at vendor\laravel\framework\src\Illuminate\Testing\TestResponse.php:200
at tests\Feature\PhoneTokenLoginTest.php:44</failure>
          </testcase>
          <testcase name="it requires both phone and token with data set &quot;dataset &quot;missing token&quot;&quot;" file="tests\Feature\PhoneTokenLoginTest.php::it requires both phone and token with data set &quot;dataset &quot;missing token&quot;&quot;" class="Tests\Feature\PhoneTokenLoginTest" classname="Tests.Feature.PhoneTokenLoginTest" assertions="1" time="0.056477">
            <failure type="PHPUnit\Framework\ExpectationFailedException">it requires both phone and token with data set "dataset "missing token""Expected response status code [201, 301, 302, 303, 307, 308] but received 503.
Failed asserting that false is true.&#13;
at vendor\laravel\framework\src\Illuminate\Testing\TestResponseAssert.php:45
at vendor\laravel\framework\src\Illuminate\Testing\TestResponse.php:200
at tests\Feature\PhoneTokenLoginTest.php:44</failure>
          </testcase>
        </testsuite>
        <testsuite name="it rejects invalid and expired tokens with 403" tests="2" assertions="2" errors="0" failures="2" skipped="0" time="0.119380">
          <testcase name="it rejects invalid and expired tokens with 403 with data set &quot;dataset &quot;invalid token&quot;&quot;" file="tests\Feature\PhoneTokenLoginTest.php::it rejects invalid and expired tokens with 403 with data set &quot;dataset &quot;invalid token&quot;&quot;" class="Tests\Feature\PhoneTokenLoginTest" classname="Tests.Feature.PhoneTokenLoginTest" assertions="1" time="0.059804">
            <failure type="PHPUnit\Framework\ExpectationFailedException">it rejects invalid and expired tokens with 403 with data set "dataset "invalid token""Expected response status code [403] but received 503.
Failed asserting that 503 is identical to 403.&#13;
at vendor\laravel\framework\src\Illuminate\Testing\TestResponseAssert.php:45
at vendor\laravel\framework\src\Illuminate\Testing\TestResponse.php:175
at vendor\laravel\framework\src\Illuminate\Testing\Concerns\AssertsStatusCodes.php:141
at tests\Feature\PhoneTokenLoginTest.php:61</failure>
          </testcase>
          <testcase name="it rejects invalid and expired tokens with 403 with data set &quot;dataset &quot;expired token&quot;&quot;" file="tests\Feature\PhoneTokenLoginTest.php::it rejects invalid and expired tokens with 403 with data set &quot;dataset &quot;expired token&quot;&quot;" class="Tests\Feature\PhoneTokenLoginTest" classname="Tests.Feature.PhoneTokenLoginTest" assertions="1" time="0.059576">
            <failure type="PHPUnit\Framework\ExpectationFailedException">it rejects invalid and expired tokens with 403 with data set "dataset "expired token""Expected response status code [403] but received 503.
Failed asserting that 503 is identical to 403.&#13;
at vendor\laravel\framework\src\Illuminate\Testing\TestResponseAssert.php:45
at vendor\laravel\framework\src\Illuminate\Testing\TestResponse.php:175
at vendor\laravel\framework\src\Illuminate\Testing\Concerns\AssertsStatusCodes.php:141
at tests\Feature\PhoneTokenLoginTest.php:61</failure>
          </testcase>
        </testsuite>
        <testcase name="it returns a controlled validation error for a valid token with an unknown phone" file="tests\Feature\PhoneTokenLoginTest.php::it returns a controlled validation error for a valid token with an unknown phone" class="Tests\Feature\PhoneTokenLoginTest" classname="Tests.Feature.PhoneTokenLoginTest" assertions="1" time="0.057573">
          <failure type="PHPUnit\Framework\ExpectationFailedException">it returns a controlled validation error for a valid token with an unknown phoneExpected response status code [201, 301, 302, 303, 307, 308] but received 503.
Failed asserting that false is true.&#13;
at vendor\laravel\framework\src\Illuminate\Testing\TestResponseAssert.php:45
at vendor\laravel\framework\src\Illuminate\Testing\TestResponse.php:200
at tests\Feature\PhoneTokenLoginTest.php:75</failure>
        </testcase>
        <testsuite name="it denies inactive users and users without ERP access" tests="2" assertions="2" errors="0" failures="2" skipped="0" time="0.124235">
          <testcase name="it denies inactive users and users without ERP access with data set &quot;dataset &quot;inactive user&quot;&quot;" file="tests\Feature\PhoneTokenLoginTest.php::it denies inactive users and users without ERP access with data set &quot;dataset &quot;inactive user&quot;&quot;" class="Tests\Feature\PhoneTokenLoginTest" classname="Tests.Feature.PhoneTokenLoginTest" assertions="1" time="0.066698">
            <failure type="PHPUnit\Framework\ExpectationFailedException">it denies inactive users and users without ERP access with data set "dataset "inactive user""Expected response status code [201, 301, 302, 303, 307, 308] but received 503.
Failed asserting that false is true.&#13;
at vendor\laravel\framework\src\Illuminate\Testing\TestResponseAssert.php:45
at vendor\laravel\framework\src\Illuminate\Testing\TestResponse.php:200
at tests\Feature\PhoneTokenLoginTest.php:87</failure>
          </testcase>
          <testcase name="it denies inactive users and users without ERP access with data set &quot;dataset &quot;ERP access disabled&quot;&quot;" file="tests\Feature\PhoneTokenLoginTest.php::it denies inactive users and users without ERP access with data set &quot;dataset &quot;ERP access disabled&quot;&quot;" class="Tests\Feature\PhoneTokenLoginTest" classname="Tests.Feature.PhoneTokenLoginTest" assertions="1" time="0.057538">
            <failure type="PHPUnit\Framework\ExpectationFailedException">it denies inactive users and users without ERP access with data set "dataset "ERP access disabled""Expected response status code [201, 301, 302, 303, 307, 308] but received 503.
Failed asserting that false is true.&#13;
at vendor\laravel\framework\src\Illuminate\Testing\TestResponseAssert.php:45
at vendor\laravel\framework\src\Illuminate\Testing\TestResponse.php:200
at tests\Feature\PhoneTokenLoginTest.php:87</failure>
          </testcase>
        </testsuite>
        <testcase name="it logs in an active ERP user, regenerates the session, and creates no remember login" file="tests\Feature\PhoneTokenLoginTest.php::it logs in an active ERP user, regenerates the session, and creates no remember login" class="Tests\Feature\PhoneTokenLoginTest" classname="Tests.Feature.PhoneTokenLoginTest" assertions="1" time="0.056171">
          <failure type="PHPUnit\Framework\ExpectationFailedException">it logs in an active ERP user, regenerates the session, and creates no remember loginExpected response status code [201, 301, 302, 303, 307, 308] but received 503.
Failed asserting that false is true.&#13;
at vendor\laravel\framework\src\Illuminate\Testing\TestResponseAssert.php:45
at vendor\laravel\framework\src\Illuminate\Testing\TestResponse.php:200
at tests\Feature\PhoneTokenLoginTest.php:108</failure>
        </testcase>
        <testcase name="it uses FirstAllowedPageResolver after a successful login" file="tests\Feature\PhoneTokenLoginTest.php::it uses FirstAllowedPageResolver after a successful login" class="Tests\Feature\PhoneTokenLoginTest" classname="Tests.Feature.PhoneTokenLoginTest" assertions="2" time="0.066978">
          <failure type="PHPUnit\Framework\ExpectationFailedException">it uses FirstAllowedPageResolver after a successful loginExpected response status code [201, 301, 302, 303, 307, 308] but received 503.
Failed asserting that false is true.&#13;
at vendor\laravel\framework\src\Illuminate\Testing\TestResponseAssert.php:45
at vendor\laravel\framework\src\Illuminate\Testing\TestResponse.php:200
at tests\Feature\PhoneTokenLoginTest.php:129</failure>
        </testcase>
        <testcase name="it allows CRM-managed users through a valid phone handoff" file="tests\Feature\PhoneTokenLoginTest.php::it allows CRM-managed users through a valid phone handoff" class="Tests\Feature\PhoneTokenLoginTest" classname="Tests.Feature.PhoneTokenLoginTest" assertions="1" time="0.057149">
          <failure type="PHPUnit\Framework\ExpectationFailedException">it allows CRM-managed users through a valid phone handoffExpected response status code [201, 301, 302, 303, 307, 308] but received 503.
Failed asserting that false is true.&#13;
at vendor\laravel\framework\src\Illuminate\Testing\TestResponseAssert.php:45
at vendor\laravel\framework\src\Illuminate\Testing\TestResponse.php:200
at tests\Feature\PhoneTokenLoginTest.php:144</failure>
        </testcase>
        <testcase name="it allows an eligible local user and records the local handoff audit" file="tests\Feature\PhoneTokenLoginTest.php::it allows an eligible local user and records the local handoff audit" class="Tests\Feature\PhoneTokenLoginTest" classname="Tests.Feature.PhoneTokenLoginTest" assertions="1" time="0.057871">
          <failure type="PHPUnit\Framework\ExpectationFailedException">it allows an eligible local user and records the local handoff auditExpected response status code [201, 301, 302, 303, 307, 308] but received 503.
Failed asserting that false is true.&#13;
at vendor\laravel\framework\src\Illuminate\Testing\TestResponseAssert.php:45
at vendor\laravel\framework\src\Illuminate\Testing\TestResponse.php:200
at tests\Feature\PhoneTokenLoginTest.php:160</failure>
        </testcase>
        <testcase name="it never leaks an invalid handoff token into responses or activity logs" file="tests\Feature\PhoneTokenLoginTest.php::it never leaks an invalid handoff token into responses or activity logs" class="Tests\Feature\PhoneTokenLoginTest" classname="Tests.Feature.PhoneTokenLoginTest" assertions="1" time="0.076231">
          <failure type="PHPUnit\Framework\ExpectationFailedException">it never leaks an invalid handoff token into responses or activity logsExpected response status code [403] but received 503.
Failed asserting that 503 is identical to 403.&#13;
at vendor\laravel\framework\src\Illuminate\Testing\TestResponseAssert.php:45
at vendor\laravel\framework\src\Illuminate\Testing\TestResponse.php:175
at vendor\laravel\framework\src\Illuminate\Testing\Concerns\AssertsStatusCodes.php:141
at tests\Feature\PhoneTokenLoginTest.php:174</failure>
        </testcase>
        <testcase name="it verifies tokens deterministically only for the same phone inside their lifetime" file="tests\Feature\PhoneTokenLoginTest.php::it verifies tokens deterministically only for the same phone inside their lifetime" class="Tests\Feature\PhoneTokenLoginTest" classname="Tests.Feature.PhoneTokenLoginTest" assertions="4" time="0.054449"/>
      </testsuite>
      <testsuite name="Tests\Feature\PreinvoiceCsrfHardeningTest" file="tests\Feature\PreinvoiceCsrfHardeningTest.php" tests="7" assertions="38" errors="0" failures="2" skipped="0" time="0.455678">
        <testcase name="it keeps the preinvoice form and browser endpoints same-origin" file="tests\Feature\PreinvoiceCsrfHardeningTest.php::it keeps the preinvoice form and browser endpoints same-origin" class="Tests\Feature\PreinvoiceCsrfHardeningTest" classname="Tests.Feature.PreinvoiceCsrfHardeningTest" assertions="9" time="0.064076"/>
        <testcase name="it exposes only the current csrf token to an authenticated user" file="tests\Feature\PreinvoiceCsrfHardeningTest.php::it exposes only the current csrf token to an authenticated user" class="Tests\Feature\PreinvoiceCsrfHardeningTest" classname="Tests.Feature.PreinvoiceCsrfHardeningTest" assertions="1" time="0.050125">
          <failure type="PHPUnit\Framework\ExpectationFailedException">it exposes only the current csrf token to an authenticated userExpected response status code [200] but received 503.
Failed asserting that 503 is identical to 200.&#13;
at vendor\laravel\framework\src\Illuminate\Testing\TestResponseAssert.php:45
at vendor\laravel\framework\src\Illuminate\Testing\TestResponse.php:175
at vendor\laravel\framework\src\Illuminate\Testing\Concerns\AssertsStatusCodes.php:16
at tests\Feature\PreinvoiceCsrfHardeningTest.php:36</failure>
        </testcase>
        <testcase name="it does not expose the csrf refresh endpoint anonymously" file="tests\Feature\PreinvoiceCsrfHardeningTest.php::it does not expose the csrf refresh endpoint anonymously" class="Tests\Feature\PreinvoiceCsrfHardeningTest" classname="Tests.Feature.PreinvoiceCsrfHardeningTest" assertions="1" time="0.048657">
          <failure type="PHPUnit\Framework\ExpectationFailedException">it does not expose the csrf refresh endpoint anonymouslyExpected response status code [401] but received 503.
Failed asserting that 503 is identical to 401.&#13;
at vendor\laravel\framework\src\Illuminate\Testing\TestResponseAssert.php:45
at vendor\laravel\framework\src\Illuminate\Testing\TestResponse.php:175
at vendor\laravel\framework\src\Illuminate\Testing\Concerns\AssertsStatusCodes.php:121
at tests\Feature\PreinvoiceCsrfHardeningTest.php:44</failure>
        </testcase>
        <testcase name="it accepts a matching token and rejects a stale token before controller code runs" file="tests\Feature\PreinvoiceCsrfHardeningTest.php::it accepts a matching token and rejects a stale token before controller code runs" class="Tests\Feature\PreinvoiceCsrfHardeningTest" classname="Tests.Feature.PreinvoiceCsrfHardeningTest" assertions="4" time="0.100097"/>
        <testcase name="it uses an inventory-specific cookie and production-safe cookie knobs" file="tests\Feature\PreinvoiceCsrfHardeningTest.php::it uses an inventory-specific cookie and production-safe cookie knobs" class="Tests\Feature\PreinvoiceCsrfHardeningTest" classname="Tests.Feature.PreinvoiceCsrfHardeningTest" assertions="8" time="0.063855"/>
        <testcase name="it distinguishes csrf mismatch from authentication loss and retries only idempotent reservation writes" file="tests\Feature\PreinvoiceCsrfHardeningTest.php::it distinguishes csrf mismatch from authentication loss and retries only idempotent reservation writes" class="Tests\Feature\PreinvoiceCsrfHardeningTest" classname="Tests.Feature.PreinvoiceCsrfHardeningTest" assertions="6" time="0.060653"/>
        <testcase name="it keeps every preinvoice write route behind csrf middleware" file="tests\Feature\PreinvoiceCsrfHardeningTest.php::it keeps every preinvoice write route behind csrf middleware" class="Tests\Feature\PreinvoiceCsrfHardeningTest" classname="Tests.Feature.PreinvoiceCsrfHardeningTest" assertions="9" time="0.068214"/>
      </testsuite>
      <testsuite name="Tests\Feature\PreinvoiceDiscountRoundTripTest" file="tests\Feature\PreinvoiceDiscountRoundTripTest.php" tests="1" assertions="12" errors="0" failures="0" skipped="0" time="0.070274">
        <testcase name="it persists the full discount contract from create through finance" file="tests\Feature\PreinvoiceDiscountRoundTripTest.php::it persists the full discount contract from create through finance" class="Tests\Feature\PreinvoiceDiscountRoundTripTest" classname="Tests.Feature.PreinvoiceDiscountRoundTripTest" assertions="12" time="0.070274"/>
      </testsuite>
      <testsuite name="Tests\Feature\PreinvoiceLargePayloadTest" file="tests\Feature\PreinvoiceLargePayloadTest.php" tests="10" assertions="21" errors="1" failures="8" skipped="0" time="9.392052">
        <testcase name="it submits 220 products through a complete json payload without products 198 validation loss" file="tests\Feature\PreinvoiceLargePayloadTest.php::it submits 220 products through a complete json payload without products 198 validation loss" class="Tests\Feature\PreinvoiceLargePayloadTest" classname="Tests.Feature.PreinvoiceLargePayloadTest" assertions="1" time="0.819331">
          <error type="Illuminate\Database\Eloquent\ModelNotFoundException">it submits 220 products through a complete json payload without products 198 validation lossIlluminate\Database\Eloquent\ModelNotFoundException: No query results for model [App\Models\PreinvoiceOrder].&#13;
at vendor\laravel\framework\src\Illuminate\Database\Eloquent\Builder.php:780
at tests\Feature\PreinvoiceLargePayloadTest.php:21</error>
        </testcase>
        <testcase name="it updates a large draft without deleting tail items and allows intentional deletion only" file="tests\Feature\PreinvoiceLargePayloadTest.php::it updates a large draft without deleting tail items and allows intentional deletion only" class="Tests\Feature\PreinvoiceLargePayloadTest" classname="Tests.Feature.PreinvoiceLargePayloadTest" assertions="6" time="1.223306">
          <failure type="PHPUnit\Framework\ExpectationFailedException">it updates a large draft without deleting tail items and allows intentional deletion onlyFailed asserting that actual size 220 matches expected size 219.&#13;
at tests\Feature\PreinvoiceLargePayloadTest.php:35</failure>
        </testcase>
        <testsuite name="it rejects incomplete json payloads before mutating an existing draft" tests="7" assertions="7" errors="0" failures="7" skipped="0" time="7.290436">
          <testcase name="it rejects incomplete json payloads before mutating an existing draft with data set &quot;('count mismatch')&quot;" file="tests\Feature\PreinvoiceLargePayloadTest.php::it rejects incomplete json payloads before mutating an existing draft with data set &quot;('count mismatch')&quot;" class="Tests\Feature\PreinvoiceLargePayloadTest" classname="Tests.Feature.PreinvoiceLargePayloadTest" assertions="1" time="1.133875">
            <failure type="PHPUnit\Framework\ExpectationFailedException">it rejects incomplete json payloads before mutating an existing draft with data set "('count mismatch')"Session is missing expected key [errors].
Failed asserting that false is true.&#13;
at vendor\laravel\framework\src\Illuminate\Testing\TestResponseAssert.php:45
at vendor\laravel\framework\src\Illuminate\Testing\TestResponse.php:1547
at vendor\laravel\framework\src\Illuminate\Testing\TestResponse.php:1634
at tests\Feature\PreinvoiceLargePayloadTest.php:46</failure>
          </testcase>
          <testcase name="it rejects incomplete json payloads before mutating an existing draft with data set &quot;('broken json')&quot;" file="tests\Feature\PreinvoiceLargePayloadTest.php::it rejects incomplete json payloads before mutating an existing draft with data set &quot;('broken json')&quot;" class="Tests\Feature\PreinvoiceLargePayloadTest" classname="Tests.Feature.PreinvoiceLargePayloadTest" assertions="1" time="1.005230">
            <failure type="PHPUnit\Framework\ExpectationFailedException">it rejects incomplete json payloads before mutating an existing draft with data set "('broken json')"Session is missing expected key [errors].
Failed asserting that false is true.&#13;
at vendor\laravel\framework\src\Illuminate\Testing\TestResponseAssert.php:45
at vendor\laravel\framework\src\Illuminate\Testing\TestResponse.php:1547
at vendor\laravel\framework\src\Illuminate\Testing\TestResponse.php:1634
at tests\Feature\PreinvoiceLargePayloadTest.php:46</failure>
          </testcase>
          <testcase name="it rejects incomplete json payloads before mutating an existing draft with data set &quot;('not complete')&quot;" file="tests\Feature\PreinvoiceLargePayloadTest.php::it rejects incomplete json payloads before mutating an existing draft with data set &quot;('not complete')&quot;" class="Tests\Feature\PreinvoiceLargePayloadTest" classname="Tests.Feature.PreinvoiceLargePayloadTest" assertions="1" time="0.997215">
            <failure type="PHPUnit\Framework\ExpectationFailedException">it rejects incomplete json payloads before mutating an existing draft with data set "('not complete')"Session is missing expected key [errors].
Failed asserting that false is true.&#13;
at vendor\laravel\framework\src\Illuminate\Testing\TestResponseAssert.php:45
at vendor\laravel\framework\src\Illuminate\Testing\TestResponse.php:1547
at vendor\laravel\framework\src\Illuminate\Testing\TestResponse.php:1634
at tests\Feature\PreinvoiceLargePayloadTest.php:46</failure>
          </testcase>
          <testcase name="it rejects incomplete json payloads before mutating an existing draft with data set &quot;('empty payload')&quot;" file="tests\Feature\PreinvoiceLargePayloadTest.php::it rejects incomplete json payloads before mutating an existing draft with data set &quot;('empty payload')&quot;" class="Tests\Feature\PreinvoiceLargePayloadTest" classname="Tests.Feature.PreinvoiceLargePayloadTest" assertions="1" time="1.089557">
            <failure type="PHPUnit\Framework\ExpectationFailedException">it rejects incomplete json payloads before mutating an existing draft with data set "('empty payload')"Session is missing expected key [errors].
Failed asserting that false is true.&#13;
at vendor\laravel\framework\src\Illuminate\Testing\TestResponseAssert.php:45
at vendor\laravel\framework\src\Illuminate\Testing\TestResponse.php:1547
at vendor\laravel\framework\src\Illuminate\Testing\TestResponse.php:1634
at tests\Feature\PreinvoiceLargePayloadTest.php:46</failure>
          </testcase>
          <testcase name="it rejects incomplete json payloads before mutating an existing draft with data set &quot;('missing id')&quot;" file="tests\Feature\PreinvoiceLargePayloadTest.php::it rejects incomplete json payloads before mutating an existing draft with data set &quot;('missing id')&quot;" class="Tests\Feature\PreinvoiceLargePayloadTest" classname="Tests.Feature.PreinvoiceLargePayloadTest" assertions="1" time="1.082895">
            <failure type="PHPUnit\Framework\ExpectationFailedException">it rejects incomplete json payloads before mutating an existing draft with data set "('missing id')"Session is missing expected key [errors].
Failed asserting that false is true.&#13;
at vendor\laravel\framework\src\Illuminate\Testing\TestResponseAssert.php:45
at vendor\laravel\framework\src\Illuminate\Testing\TestResponse.php:1547
at vendor\laravel\framework\src\Illuminate\Testing\TestResponse.php:1634
at tests\Feature\PreinvoiceLargePayloadTest.php:46</failure>
          </testcase>
          <testcase name="it rejects incomplete json payloads before mutating an existing draft with data set &quot;('missing variety')&quot;" file="tests\Feature\PreinvoiceLargePayloadTest.php::it rejects incomplete json payloads before mutating an existing draft with data set &quot;('missing variety')&quot;" class="Tests\Feature\PreinvoiceLargePayloadTest" classname="Tests.Feature.PreinvoiceLargePayloadTest" assertions="1" time="0.980591">
            <failure type="PHPUnit\Framework\ExpectationFailedException">it rejects incomplete json payloads before mutating an existing draft with data set "('missing variety')"Session is missing expected key [errors].
Failed asserting that false is true.&#13;
at vendor\laravel\framework\src\Illuminate\Testing\TestResponseAssert.php:45
at vendor\laravel\framework\src\Illuminate\Testing\TestResponse.php:1547
at vendor\laravel\framework\src\Illuminate\Testing\TestResponse.php:1634
at tests\Feature\PreinvoiceLargePayloadTest.php:46</failure>
          </testcase>
          <testcase name="it rejects incomplete json payloads before mutating an existing draft with data set &quot;('missing quantity')&quot;" file="tests\Feature\PreinvoiceLargePayloadTest.php::it rejects incomplete json payloads before mutating an existing draft with data set &quot;('missing quantity')&quot;" class="Tests\Feature\PreinvoiceLargePayloadTest" classname="Tests.Feature.PreinvoiceLargePayloadTest" assertions="1" time="1.001074">
            <failure type="PHPUnit\Framework\ExpectationFailedException">it rejects incomplete json payloads before mutating an existing draft with data set "('missing quantity')"Session is missing expected key [errors].
Failed asserting that false is true.&#13;
at vendor\laravel\framework\src\Illuminate\Testing\TestResponseAssert.php:45
at vendor\laravel\framework\src\Illuminate\Testing\TestResponse.php:1547
at vendor\laravel\framework\src\Illuminate\Testing\TestResponse.php:1634
at tests\Feature\PreinvoiceLargePayloadTest.php:46</failure>
          </testcase>
        </testsuite>
        <testcase name="it renders the json payload contract instead of relying on legacy product inputs during submit" file="tests\Feature\PreinvoiceLargePayloadTest.php::it renders the json payload contract instead of relying on legacy product inputs during submit" class="Tests\Feature\PreinvoiceLargePayloadTest" classname="Tests.Feature.PreinvoiceLargePayloadTest" assertions="7" time="0.058978"/>
      </testsuite>
      <testsuite name="Tests\Feature\PreinvoicePageAccessRegressionTest" file="tests\Feature\PreinvoicePageAccessRegressionTest.php" tests="1" assertions="22" errors="0" failures="0" skipped="0" time="0.096394">
        <testcase name="it lets a sales role use its complete normal preinvoice page but not review workflows" file="tests\Feature\PreinvoicePageAccessRegressionTest.php::it lets a sales role use its complete normal preinvoice page but not review workflows" class="Tests\Feature\PreinvoicePageAccessRegressionTest" classname="Tests.Feature.PreinvoicePageAccessRegressionTest" assertions="22" time="0.096394"/>
      </testsuite>
      <testsuite name="Tests\Feature\PreinvoiceProductFinderTest" file="tests\Feature\PreinvoiceProductFinderTest.php" tests="9" assertions="30" errors="1" failures="6" skipped="0" time="0.800731">
        <testcase name="it protects the finder with authentication and preinvoice create permission" file="tests\Feature\PreinvoiceProductFinderTest.php::it protects the finder with authentication and preinvoice create permission" class="Tests\Feature\PreinvoiceProductFinderTest" classname="Tests.Feature.PreinvoiceProductFinderTest" assertions="1" time="0.058445">
          <failure type="PHPUnit\Framework\ExpectationFailedException">it protects the finder with authentication and preinvoice create permissionExpected response status code [401] but received 503.
Failed asserting that 503 is identical to 401.&#13;
at vendor\laravel\framework\src\Illuminate\Testing\TestResponseAssert.php:45
at vendor\laravel\framework\src\Illuminate\Testing\TestResponse.php:175
at vendor\laravel\framework\src\Illuminate\Testing\Concerns\AssertsStatusCodes.php:121
at tests\Feature\PreinvoiceProductFinderTest.php:55</failure>
        </testcase>
        <testcase name="it returns product-centric A14 model and variant matches with bounded previews and safe fields" file="tests\Feature\PreinvoiceProductFinderTest.php::it returns product-centric A14 model and variant matches with bounded previews and safe fields" class="Tests\Feature\PreinvoiceProductFinderTest" classname="Tests.Feature.PreinvoiceProductFinderTest" assertions="1" time="0.111997">
          <failure type="PHPUnit\Framework\ExpectationFailedException">it returns product-centric A14 model and variant matches with bounded previews and safe fieldsExpected response status code [200] but received 503.
Failed asserting that 503 is identical to 200.&#13;
at vendor\laravel\framework\src\Illuminate\Testing\TestResponseAssert.php:45
at vendor\laravel\framework\src\Illuminate\Testing\TestResponse.php:175
at vendor\laravel\framework\src\Illuminate\Testing\Concerns\AssertsStatusCodes.php:16
at tests\Feature\PreinvoiceProductFinderTest.php:72</failure>
        </testcase>
        <testcase name="it searches product and variant codes and normalizes Persian digits and Arabic letters" file="tests\Feature\PreinvoiceProductFinderTest.php::it searches product and variant codes and normalizes Persian digits and Arabic letters" class="Tests\Feature\PreinvoiceProductFinderTest" classname="Tests.Feature.PreinvoiceProductFinderTest" assertions="1" time="0.137482">
          <failure type="PHPUnit\Framework\ExpectationFailedException">it searches product and variant codes and normalizes Persian digits and Arabic lettersFailed asserting that null is identical to 1.&#13;
at vendor\laravel\framework\src\Illuminate\Testing\AssertableJsonString.php:243
at vendor\laravel\framework\src\Illuminate\Testing\TestResponse.php:880
at tests\Feature\PreinvoiceProductFinderTest.php:84</failure>
        </testcase>
        <testcase name="it searches model brands and ranks exact models above product-name-only matches" file="tests\Feature\PreinvoiceProductFinderTest.php::it searches model brands and ranks exact models above product-name-only matches" class="Tests\Feature\PreinvoiceProductFinderTest" classname="Tests.Feature.PreinvoiceProductFinderTest" assertions="1" time="0.097621">
          <failure type="PHPUnit\Framework\ExpectationFailedException">it searches model brands and ranks exact models above product-name-only matchesExpected response status code [200] but received 503.
Failed asserting that 503 is identical to 200.&#13;
at vendor\laravel\framework\src\Illuminate\Testing\TestResponseAssert.php:45
at vendor\laravel\framework\src\Illuminate\Testing\TestResponse.php:175
at vendor\laravel\framework\src\Illuminate\Testing\Concerns\AssertsStatusCodes.php:16
at tests\Feature\PreinvoiceProductFinderTest.php:98</failure>
        </testcase>
        <testcase name="it applies stock flags and recursive category filters" file="tests\Feature\PreinvoiceProductFinderTest.php::it applies stock flags and recursive category filters" class="Tests\Feature\PreinvoiceProductFinderTest" classname="Tests.Feature.PreinvoiceProductFinderTest" assertions="0" time="0.087751">
          <error type="TypeError">it applies stock flags and recursive category filtersTypeError: PHPUnit\Framework\Assert::assertCount(): Argument #2 ($haystack) must be of type Countable|Traversable|array, null given, called in E:\laragon\www\inventory\vendor\laravel\framework\src\Illuminate\Testing\AssertableJsonString.php on line 74&#13;
at vendor\laravel\framework\src\Illuminate\Testing\AssertableJsonString.php:74
at vendor\laravel\framework\src\Illuminate\Testing\TestResponse.php:1030
at tests\Feature\PreinvoiceProductFinderTest.php:115</error>
        </testcase>
        <testcase name="it excludes inactive and sales-disabled variants from sellable totals" file="tests\Feature\PreinvoiceProductFinderTest.php::it excludes inactive and sales-disabled variants from sellable totals" class="Tests\Feature\PreinvoiceProductFinderTest" classname="Tests.Feature.PreinvoiceProductFinderTest" assertions="1" time="0.086447">
          <failure type="PHPUnit\Framework\ExpectationFailedException">it excludes inactive and sales-disabled variants from sellable totalsExpected response status code [200] but received 503.
Failed asserting that 503 is identical to 200.&#13;
at vendor\laravel\framework\src\Illuminate\Testing\TestResponseAssert.php:45
at vendor\laravel\framework\src\Illuminate\Testing\TestResponse.php:175
at vendor\laravel\framework\src\Illuminate\Testing\Concerns\AssertsStatusCodes.php:16
at tests\Feature\PreinvoiceProductFinderTest.php:137</failure>
        </testcase>
        <testcase name="it validates oversized queries and paginates without duplicate products" file="tests\Feature\PreinvoiceProductFinderTest.php::it validates oversized queries and paginates without duplicate products" class="Tests\Feature\PreinvoiceProductFinderTest" classname="Tests.Feature.PreinvoiceProductFinderTest" assertions="1" time="0.097140">
          <failure type="PHPUnit\Framework\ExpectationFailedException">it validates oversized queries and paginates without duplicate productsExpected response status code [422] but received 503.
Failed asserting that 503 is identical to 422.&#13;
at vendor\laravel\framework\src\Illuminate\Testing\TestResponseAssert.php:45
at vendor\laravel\framework\src\Illuminate\Testing\TestResponse.php:175
at vendor\laravel\framework\src\Illuminate\Testing\Concerns\AssertsStatusCodes.php:221
at tests\Feature\PreinvoiceProductFinderTest.php:144</failure>
        </testcase>
        <testcase name="it keeps finder selection isolated from reservation and waits for modal hidden event" file="tests\Feature\PreinvoiceProductFinderTest.php::it keeps finder selection isolated from reservation and waits for modal hidden event" class="Tests\Feature\PreinvoiceProductFinderTest" classname="Tests.Feature.PreinvoiceProductFinderTest" assertions="14" time="0.054899"/>
        <testcase name="it uses one bootstrap bundle and stable modal lifecycle without double submit" file="tests\Feature\PreinvoiceProductFinderTest.php::it uses one bootstrap bundle and stable modal lifecycle without double submit" class="Tests\Feature\PreinvoiceProductFinderTest" classname="Tests.Feature.PreinvoiceProductFinderTest" assertions="10" time="0.068948"/>
      </testsuite>
      <testsuite name="Tests\Feature\PreinvoiceReservationPayloadTest" file="tests\Feature\PreinvoiceReservationPayloadTest.php" tests="4" assertions="4" errors="0" failures="4" skipped="0" time="0.768301">
        <testsuite name="it syncs compact json reservation payloads idempotently" tests="4" assertions="4" errors="0" failures="4" skipped="0" time="0.768301">
          <testcase name="it syncs compact json reservation payloads idempotently with data set &quot;(1)&quot;" file="tests\Feature\PreinvoiceReservationPayloadTest.php::it syncs compact json reservation payloads idempotently with data set &quot;(1)&quot;" class="Tests\Feature\PreinvoiceReservationPayloadTest" classname="Tests.Feature.PreinvoiceReservationPayloadTest" assertions="1" time="0.119550">
            <failure type="PHPUnit\Framework\ExpectationFailedException">it syncs compact json reservation payloads idempotently with data set "(1)"Expected response status code [200] but received 503.
Failed asserting that 503 is identical to 200.&#13;
at vendor\laravel\framework\src\Illuminate\Testing\TestResponseAssert.php:45
at vendor\laravel\framework\src\Illuminate\Testing\TestResponse.php:175
at vendor\laravel\framework\src\Illuminate\Testing\Concerns\AssertsStatusCodes.php:16
at tests\Feature\PreinvoiceReservationPayloadTest.php:23</failure>
          </testcase>
          <testcase name="it syncs compact json reservation payloads idempotently with data set &quot;(20)&quot;" file="tests\Feature\PreinvoiceReservationPayloadTest.php::it syncs compact json reservation payloads idempotently with data set &quot;(20)&quot;" class="Tests\Feature\PreinvoiceReservationPayloadTest" classname="Tests.Feature.PreinvoiceReservationPayloadTest" assertions="1" time="0.122437">
            <failure type="PHPUnit\Framework\ExpectationFailedException">it syncs compact json reservation payloads idempotently with data set "(20)"Expected response status code [200] but received 503.
Failed asserting that 503 is identical to 200.&#13;
at vendor\laravel\framework\src\Illuminate\Testing\TestResponseAssert.php:45
at vendor\laravel\framework\src\Illuminate\Testing\TestResponse.php:175
at vendor\laravel\framework\src\Illuminate\Testing\Concerns\AssertsStatusCodes.php:16
at tests\Feature\PreinvoiceReservationPayloadTest.php:23</failure>
          </testcase>
          <testcase name="it syncs compact json reservation payloads idempotently with data set &quot;(50)&quot;" file="tests\Feature\PreinvoiceReservationPayloadTest.php::it syncs compact json reservation payloads idempotently with data set &quot;(50)&quot;" class="Tests\Feature\PreinvoiceReservationPayloadTest" classname="Tests.Feature.PreinvoiceReservationPayloadTest" assertions="1" time="0.208119">
            <failure type="PHPUnit\Framework\ExpectationFailedException">it syncs compact json reservation payloads idempotently with data set "(50)"Expected response status code [200] but received 503.
Failed asserting that 503 is identical to 200.&#13;
at vendor\laravel\framework\src\Illuminate\Testing\TestResponseAssert.php:45
at vendor\laravel\framework\src\Illuminate\Testing\TestResponse.php:175
at vendor\laravel\framework\src\Illuminate\Testing\Concerns\AssertsStatusCodes.php:16
at tests\Feature\PreinvoiceReservationPayloadTest.php:23</failure>
          </testcase>
          <testcase name="it syncs compact json reservation payloads idempotently with data set &quot;(100)&quot;" file="tests\Feature\PreinvoiceReservationPayloadTest.php::it syncs compact json reservation payloads idempotently with data set &quot;(100)&quot;" class="Tests\Feature\PreinvoiceReservationPayloadTest" classname="Tests.Feature.PreinvoiceReservationPayloadTest" assertions="1" time="0.318195">
            <failure type="PHPUnit\Framework\ExpectationFailedException">it syncs compact json reservation payloads idempotently with data set "(100)"Expected response status code [200] but received 503.
Failed asserting that 503 is identical to 200.&#13;
at vendor\laravel\framework\src\Illuminate\Testing\TestResponseAssert.php:45
at vendor\laravel\framework\src\Illuminate\Testing\TestResponse.php:175
at vendor\laravel\framework\src\Illuminate\Testing\Concerns\AssertsStatusCodes.php:16
at tests\Feature\PreinvoiceReservationPayloadTest.php:23</failure>
          </testcase>
        </testsuite>
      </testsuite>
      <testsuite name="Tests\Feature\PriceChangeDocumentProductPickerTest" file="Price Change Document Product Picker (Tests\Feature\PriceChangeDocumentProductPicker)" tests="4" assertions="4" errors="0" failures="4" skipped="0" time="0.376413">
        <testcase name="User without create permission cannot search products" file="Price Change Document Product Picker (Tests\Feature\PriceChangeDocumentProductPicker)::User without create permission cannot search products" class="Tests\Feature\PriceChangeDocumentProductPickerTest" classname="Tests.Feature.PriceChangeDocumentProductPickerTest" assertions="1" time="0.057334">
          <failure type="PHPUnit\Framework\ExpectationFailedException">User without create permission cannot search productsExpected response status code [403] but received 503.
Failed asserting that 503 is identical to 403.&#13;
at vendor\laravel\framework\src\Illuminate\Testing\TestResponseAssert.php:45
at vendor\laravel\framework\src\Illuminate\Testing\TestResponse.php:175
at vendor\laravel\framework\src\Illuminate\Testing\Concerns\AssertsStatusCodes.php:141
at tests\Feature\PriceChangeDocumentProductPickerTest.php:24</failure>
        </testcase>
        <testcase name="Unrelated subcategory is rejected" file="Price Change Document Product Picker (Tests\Feature\PriceChangeDocumentProductPicker)::Unrelated subcategory is rejected" class="Tests\Feature\PriceChangeDocumentProductPickerTest" classname="Tests.Feature.PriceChangeDocumentProductPickerTest" assertions="1" time="0.085540">
          <failure type="PHPUnit\Framework\ExpectationFailedException">Unrelated subcategory is rejectedExpected response status code [422] but received 503.
Failed asserting that 503 is identical to 422.&#13;
at vendor\laravel\framework\src\Illuminate\Testing\TestResponseAssert.php:45
at vendor\laravel\framework\src\Illuminate\Testing\TestResponse.php:175
at vendor\laravel\framework\src\Illuminate\Testing\Concerns\AssertsStatusCodes.php:221
at tests\Feature\PriceChangeDocumentProductPickerTest.php:36</failure>
        </testcase>
        <testcase name="Picker paginates all products in subcategory descendants without leaking other categories" file="Price Change Document Product Picker (Tests\Feature\PriceChangeDocumentProductPicker)::Picker paginates all products in subcategory descendants without leaking other categories" class="Tests\Feature\PriceChangeDocumentProductPickerTest" classname="Tests.Feature.PriceChangeDocumentProductPickerTest" assertions="1" time="0.148941">
          <failure type="PHPUnit\Framework\ExpectationFailedException">Picker paginates all products in subcategory descendants without leaking other categoriesExpected response status code [200] but received 503.
Failed asserting that 503 is identical to 200.&#13;
at vendor\laravel\framework\src\Illuminate\Testing\TestResponseAssert.php:45
at vendor\laravel\framework\src\Illuminate\Testing\TestResponse.php:175
at vendor\laravel\framework\src\Illuminate\Testing\Concerns\AssertsStatusCodes.php:16
at tests\Feature\PriceChangeDocumentProductPickerTest.php:55</failure>
        </testcase>
        <testcase name="Picker searches product sku and variant code and returns product once" file="Price Change Document Product Picker (Tests\Feature\PriceChangeDocumentProductPicker)::Picker searches product sku and variant code and returns product once" class="Tests\Feature\PriceChangeDocumentProductPickerTest" classname="Tests.Feature.PriceChangeDocumentProductPickerTest" assertions="1" time="0.084598">
          <failure type="PHPUnit\Framework\ExpectationFailedException">Picker searches product sku and variant code and returns product onceExpected response status code [200] but received 503.
Failed asserting that 503 is identical to 200.&#13;
at vendor\laravel\framework\src\Illuminate\Testing\TestResponseAssert.php:45
at vendor\laravel\framework\src\Illuminate\Testing\TestResponse.php:175
at vendor\laravel\framework\src\Illuminate\Testing\Concerns\AssertsStatusCodes.php:16
at tests\Feature\PriceChangeDocumentProductPickerTest.php:77</failure>
        </testcase>
      </testsuite>
      <testsuite name="Tests\Feature\PriceIntegrityAuditCommandTest" file="Price Integrity Audit Command (Tests\Feature\PriceIntegrityAuditCommand)" tests="13" assertions="49" errors="0" failures="0" skipped="0" time="1.020388">
        <testcase name="Positive stock zero variant is critical and invoice suggests high confidence" file="Price Integrity Audit Command (Tests\Feature\PriceIntegrityAuditCommand)::Positive stock zero variant is critical and invoice suggests high confidence" class="Tests\Feature\PriceIntegrityAuditCommandTest" classname="Tests.Feature.PriceIntegrityAuditCommandTest" assertions="14" time="0.096010"/>
        <testcase name="Inactive unstocked zero variant is low" file="Price Integrity Audit Command (Tests\Feature\PriceIntegrityAuditCommand)::Inactive unstocked zero variant is low" class="Tests\Feature\PriceIntegrityAuditCommandTest" classname="Tests.Feature.PriceIntegrityAuditCommandTest" assertions="2" time="0.082712"/>
        <testcase name="Product summary desync is reported" file="Price Integrity Audit Command (Tests\Feature\PriceIntegrityAuditCommand)::Product summary desync is reported" class="Tests\Feature\PriceIntegrityAuditCommandTest" classname="Tests.Feature.PriceIntegrityAuditCommandTest" assertions="5" time="0.079325"/>
        <testcase name="Buy price does not create sell price suggestion" file="Price Integrity Audit Command (Tests\Feature\PriceIntegrityAuditCommand)::Buy price does not create sell price suggestion" class="Tests\Feature\PriceIntegrityAuditCommandTest" classname="Tests.Feature.PriceIntegrityAuditCommandTest" assertions="3" time="0.089152"/>
        <testcase name="Invoice and preinvoice zero items are critical and preserve updated at" file="Price Integrity Audit Command (Tests\Feature\PriceIntegrityAuditCommand)::Invoice and preinvoice zero items are critical and preserve updated at" class="Tests\Feature\PriceIntegrityAuditCommandTest" classname="Tests.Feature.PriceIntegrityAuditCommandTest" assertions="5" time="0.087453"/>
        <testcase name="No write queries are executed by command" file="Price Integrity Audit Command (Tests\Feature\PriceIntegrityAuditCommand)::No write queries are executed by command" class="Tests\Feature\PriceIntegrityAuditCommandTest" classname="Tests.Feature.PriceIntegrityAuditCommandTest" assertions="2" time="0.080889"/>
        <testcase name="Write query guard blocks insert before execution" file="Price Integrity Audit Command (Tests\Feature\PriceIntegrityAuditCommand)::Write query guard blocks insert before execution" class="Tests\Feature\PriceIntegrityAuditCommandTest" classname="Tests.Feature.PriceIntegrityAuditCommandTest" assertions="2" time="0.065625"/>
        <testcase name="Write query guard blocks update before execution" file="Price Integrity Audit Command (Tests\Feature\PriceIntegrityAuditCommand)::Write query guard blocks update before execution" class="Tests\Feature\PriceIntegrityAuditCommandTest" classname="Tests.Feature.PriceIntegrityAuditCommandTest" assertions="2" time="0.061963"/>
        <testcase name="Write query guard blocks write cte before execution" file="Price Integrity Audit Command (Tests\Feature\PriceIntegrityAuditCommand)::Write query guard blocks write cte before execution" class="Tests\Feature\PriceIntegrityAuditCommandTest" classname="Tests.Feature.PriceIntegrityAuditCommandTest" assertions="2" time="0.065426"/>
        <testcase name="Write query guard allows select and select cte then disable allows normal writes" file="Price Integrity Audit Command (Tests\Feature\PriceIntegrityAuditCommand)::Write query guard allows select and select cte then disable allows normal writes" class="Tests\Feature\PriceIntegrityAuditCommandTest" classname="Tests.Feature.PriceIntegrityAuditCommandTest" assertions="3" time="0.056710"/>
        <testcase name="Write query guard registers again for new connection after purge" file="Price Integrity Audit Command (Tests\Feature\PriceIntegrityAuditCommand)::Write query guard registers again for new connection after purge" class="Tests\Feature\PriceIntegrityAuditCommandTest" classname="Tests.Feature.PriceIntegrityAuditCommandTest" assertions="2" time="0.051939"/>
        <testcase name="Csv and json outputs are written" file="Price Integrity Audit Command (Tests\Feature\PriceIntegrityAuditCommand)::Csv and json outputs are written" class="Tests\Feature\PriceIntegrityAuditCommandTest" classname="Tests.Feature.PriceIntegrityAuditCommandTest" assertions="4" time="0.073236"/>
        <testcase name="Product variant and severity filters work" file="Price Integrity Audit Command (Tests\Feature\PriceIntegrityAuditCommand)::Product variant and severity filters work" class="Tests\Feature\PriceIntegrityAuditCommandTest" classname="Tests.Feature.PriceIntegrityAuditCommandTest" assertions="3" time="0.129946"/>
      </testsuite>
      <testsuite name="Tests\Feature\ProductCatalogCustomerOutputTest" file="Product Catalog Customer Output (Tests\Feature\ProductCatalogCustomerOutput)" tests="1" assertions="0" errors="0" failures="0" skipped="1" time="0.078306">
        <testcase name="Legacy customer catalog suite is replaced by unified price list" file="Product Catalog Customer Output (Tests\Feature\ProductCatalogCustomerOutput)::Legacy customer catalog suite is replaced by unified price list" class="Tests\Feature\ProductCatalogCustomerOutputTest" classname="Tests.Feature.ProductCatalogCustomerOutputTest" assertions="0" time="0.078306">
          <skipped/>
        </testcase>
      </testsuite>
      <testsuite name="Tests\Feature\ProductCatalogExportTest" file="Product Catalog Export (Tests\Feature\ProductCatalogExport)" tests="9" assertions="9" errors="0" failures="9" skipped="0" time="4.519160">
        <testcase name="Index only shows root categories in root filter" file="Product Catalog Export (Tests\Feature\ProductCatalogExport)::Index only shows root categories in root filter" class="Tests\Feature\ProductCatalogExportTest" classname="Tests.Feature.ProductCatalogExportTest" assertions="1" time="0.086370">
          <failure type="PHPUnit\Framework\ExpectationFailedException">Index only shows root categories in root filterExpected response status code [200] but received 503.
Failed asserting that 503 is identical to 200.&#13;
at vendor\laravel\framework\src\Illuminate\Testing\TestResponseAssert.php:45
at vendor\laravel\framework\src\Illuminate\Testing\TestResponse.php:175
at vendor\laravel\framework\src\Illuminate\Testing\Concerns\AssertsStatusCodes.php:16
at tests\Feature\ProductCatalogExportTest.php:37</failure>
        </testcase>
        <testcase name="Children endpoint returns only selected parent children" file="Product Catalog Export (Tests\Feature\ProductCatalogExport)::Children endpoint returns only selected parent children" class="Tests\Feature\ProductCatalogExportTest" classname="Tests.Feature.ProductCatalogExportTest" assertions="1" time="0.080244">
          <failure type="PHPUnit\Framework\ExpectationFailedException">Children endpoint returns only selected parent childrenExpected response status code [200] but received 503.
Failed asserting that 503 is identical to 200.&#13;
at vendor\laravel\framework\src\Illuminate\Testing\TestResponseAssert.php:45
at vendor\laravel\framework\src\Illuminate\Testing\TestResponse.php:175
at vendor\laravel\framework\src\Illuminate\Testing\Concerns\AssertsStatusCodes.php:16
at tests\Feature\ProductCatalogExportTest.php:50</failure>
        </testcase>
        <testcase name="Root category without child includes descendants" file="Product Catalog Export (Tests\Feature\ProductCatalogExport)::Root category without child includes descendants" class="Tests\Feature\ProductCatalogExportTest" classname="Tests.Feature.ProductCatalogExportTest" assertions="1" time="0.080498">
          <failure type="PHPUnit\Framework\ExpectationFailedException">Root category without child includes descendantsExpected response status code [200] but received 503.
Failed asserting that 503 is identical to 200.&#13;
at vendor\laravel\framework\src\Illuminate\Testing\TestResponseAssert.php:45
at vendor\laravel\framework\src\Illuminate\Testing\TestResponse.php:175
at vendor\laravel\framework\src\Illuminate\Testing\Concerns\AssertsStatusCodes.php:16
at tests\Feature\ProductCatalogExportTest.php:60</failure>
        </testcase>
        <testcase name="Selected subcategory filters products correctly and excludes unrelated" file="Product Catalog Export (Tests\Feature\ProductCatalogExport)::Selected subcategory filters products correctly and excludes unrelated" class="Tests\Feature\ProductCatalogExportTest" classname="Tests.Feature.ProductCatalogExportTest" assertions="1" time="0.095770">
          <failure type="PHPUnit\Framework\ExpectationFailedException">Selected subcategory filters products correctly and excludes unrelatedExpected response status code [200] but received 503.
Failed asserting that 503 is identical to 200.&#13;
at vendor\laravel\framework\src\Illuminate\Testing\TestResponseAssert.php:45
at vendor\laravel\framework\src\Illuminate\Testing\TestResponse.php:175
at vendor\laravel\framework\src\Illuminate\Testing\Concerns\AssertsStatusCodes.php:16
at tests\Feature\ProductCatalogExportTest.php:71</failure>
        </testcase>
        <testcase name="Multiple model lists filter visible variants" file="Product Catalog Export (Tests\Feature\ProductCatalogExport)::Multiple model lists filter visible variants" class="Tests\Feature\ProductCatalogExportTest" classname="Tests.Feature.ProductCatalogExportTest" assertions="1" time="0.085415">
          <failure type="PHPUnit\Framework\ExpectationFailedException">Multiple model lists filter visible variantsExpected response status code [200] but received 503.
Failed asserting that 503 is identical to 200.&#13;
at vendor\laravel\framework\src\Illuminate\Testing\TestResponseAssert.php:45
at vendor\laravel\framework\src\Illuminate\Testing\TestResponse.php:175
at vendor\laravel\framework\src\Illuminate\Testing\Concerns\AssertsStatusCodes.php:16
at tests\Feature\ProductCatalogExportTest.php:82</failure>
        </testcase>
        <testcase name="Product without matching model variant is excluded and empty model shows all" file="Product Catalog Export (Tests\Feature\ProductCatalogExport)::Product without matching model variant is excluded and empty model shows all" class="Tests\Feature\ProductCatalogExportTest" classname="Tests.Feature.ProductCatalogExportTest" assertions="1" time="0.085179">
          <failure type="PHPUnit\Framework\ExpectationFailedException">Product without matching model variant is excluded and empty model shows allExpected response status code [200] but received 503.
Failed asserting that 503 is identical to 200.&#13;
at vendor\laravel\framework\src\Illuminate\Testing\TestResponseAssert.php:45
at vendor\laravel\framework\src\Illuminate\Testing\TestResponse.php:175
at vendor\laravel\framework\src\Illuminate\Testing\Concerns\AssertsStatusCodes.php:16
at tests\Feature\ProductCatalogExportTest.php:92</failure>
        </testcase>
        <testcase name="In stock filter uses visible variants" file="Product Catalog Export (Tests\Feature\ProductCatalogExport)::In stock filter uses visible variants" class="Tests\Feature\ProductCatalogExportTest" classname="Tests.Feature.ProductCatalogExportTest" assertions="1" time="0.084747">
          <failure type="PHPUnit\Framework\ExpectationFailedException">In stock filter uses visible variantsExpected response status code [200] but received 503.
Failed asserting that 503 is identical to 200.&#13;
at vendor\laravel\framework\src\Illuminate\Testing\TestResponseAssert.php:45
at vendor\laravel\framework\src\Illuminate\Testing\TestResponse.php:175
at vendor\laravel\framework\src\Illuminate\Testing\Concerns\AssertsStatusCodes.php:16
at tests\Feature\ProductCatalogExportTest.php:103</failure>
        </testcase>
        <testcase name="Print route and old export route" file="Product Catalog Export (Tests\Feature\ProductCatalogExport)::Print route and old export route" class="Tests\Feature\ProductCatalogExportTest" classname="Tests.Feature.ProductCatalogExportTest" assertions="1" time="0.083540">
          <failure type="PHPUnit\Framework\ExpectationFailedException">Print route and old export routeExpected response status code [200] but received 503.
Failed asserting that 503 is identical to 200.&#13;
at vendor\laravel\framework\src\Illuminate\Testing\TestResponseAssert.php:45
at vendor\laravel\framework\src\Illuminate\Testing\TestResponse.php:175
at vendor\laravel\framework\src\Illuminate\Testing\Concerns\AssertsStatusCodes.php:16
at tests\Feature\ProductCatalogExportTest.php:116</failure>
        </testcase>
        <testcase name="Screen paginates 24 products and query count does not grow linearly" file="Product Catalog Export (Tests\Feature\ProductCatalogExport)::Screen paginates 24 products and query count does not grow linearly" class="Tests\Feature\ProductCatalogExportTest" classname="Tests.Feature.ProductCatalogExportTest" assertions="1" time="3.837397">
          <failure type="PHPUnit\Framework\ExpectationFailedException">Screen paginates 24 products and query count does not grow linearlyExpected response status code [200] but received 503.
Failed asserting that 503 is identical to 200.&#13;
at vendor\laravel\framework\src\Illuminate\Testing\TestResponseAssert.php:45
at vendor\laravel\framework\src\Illuminate\Testing\TestResponse.php:175
at vendor\laravel\framework\src\Illuminate\Testing\Concerns\AssertsStatusCodes.php:16
at tests\Feature\ProductCatalogExportTest.php:140</failure>
        </testcase>
      </testsuite>
      <testsuite name="Tests\Feature\ProductCatalogModelBrandFilterTest" file="Product Catalog Model Brand Filter (Tests\Feature\ProductCatalogModelBrandFilter)" tests="7" assertions="7" errors="0" failures="6" skipped="0" time="0.576968">
        <testcase name="Model brand filter lists distinct brands" file="Product Catalog Model Brand Filter (Tests\Feature\ProductCatalogModelBrandFilter)::Model brand filter lists distinct brands" class="Tests\Feature\ProductCatalogModelBrandFilterTest" classname="Tests.Feature.ProductCatalogModelBrandFilterTest" assertions="1" time="0.094858">
          <failure type="PHPUnit\Framework\ExpectationFailedException">Model brand filter lists distinct brandsExpected response status code [200] but received 503.
Failed asserting that 503 is identical to 200.&#13;
at vendor\laravel\framework\src\Illuminate\Testing\TestResponseAssert.php:45
at vendor\laravel\framework\src\Illuminate\Testing\TestResponse.php:175
at vendor\laravel\framework\src\Illuminate\Testing\Concerns\AssertsStatusCodes.php:16
at tests\Feature\ProductCatalogModelBrandFilterTest.php:9</failure>
        </testcase>
        <testcase name="Model list endpoint only returns selected brand models" file="Product Catalog Model Brand Filter (Tests\Feature\ProductCatalogModelBrandFilter)::Model list endpoint only returns selected brand models" class="Tests\Feature\ProductCatalogModelBrandFilterTest" classname="Tests.Feature.ProductCatalogModelBrandFilterTest" assertions="1" time="0.086846">
          <failure type="PHPUnit\Framework\ExpectationFailedException">Model list endpoint only returns selected brand modelsExpected response status code [200] but received 503.
Failed asserting that 503 is identical to 200.&#13;
at vendor\laravel\framework\src\Illuminate\Testing\TestResponseAssert.php:45
at vendor\laravel\framework\src\Illuminate\Testing\TestResponse.php:175
at vendor\laravel\framework\src\Illuminate\Testing\Concerns\AssertsStatusCodes.php:16
at tests\Feature\ProductCatalogModelBrandFilterTest.php:10</failure>
        </testcase>
        <testcase name="One model checkbox filters products" file="Product Catalog Model Brand Filter (Tests\Feature\ProductCatalogModelBrandFilter)::One model checkbox filters products" class="Tests\Feature\ProductCatalogModelBrandFilterTest" classname="Tests.Feature.ProductCatalogModelBrandFilterTest" assertions="1" time="0.084042">
          <failure type="PHPUnit\Framework\ExpectationFailedException">One model checkbox filters productsExpected response status code [200] but received 503.
Failed asserting that 503 is identical to 200.&#13;
at vendor\laravel\framework\src\Illuminate\Testing\TestResponseAssert.php:45
at vendor\laravel\framework\src\Illuminate\Testing\TestResponse.php:175
at vendor\laravel\framework\src\Illuminate\Testing\Concerns\AssertsStatusCodes.php:16
at tests\Feature\ProductCatalogModelBrandFilterTest.php:11</failure>
        </testcase>
        <testcase name="Multiple model checkboxes use or logic" file="Product Catalog Model Brand Filter (Tests\Feature\ProductCatalogModelBrandFilter)::Multiple model checkboxes use or logic" class="Tests\Feature\ProductCatalogModelBrandFilterTest" classname="Tests.Feature.ProductCatalogModelBrandFilterTest" assertions="1" time="0.082818">
          <failure type="PHPUnit\Framework\ExpectationFailedException">Multiple model checkboxes use or logicExpected response status code [200] but received 503.
Failed asserting that 503 is identical to 200.&#13;
at vendor\laravel\framework\src\Illuminate\Testing\TestResponseAssert.php:45
at vendor\laravel\framework\src\Illuminate\Testing\TestResponse.php:175
at vendor\laravel\framework\src\Illuminate\Testing\Concerns\AssertsStatusCodes.php:16
at tests\Feature\ProductCatalogModelBrandFilterTest.php:12</failure>
        </testcase>
        <testcase name="Mixed brand model ids are rejected" file="Product Catalog Model Brand Filter (Tests\Feature\ProductCatalogModelBrandFilter)::Mixed brand model ids are rejected" class="Tests\Feature\ProductCatalogModelBrandFilterTest" classname="Tests.Feature.ProductCatalogModelBrandFilterTest" assertions="1" time="0.096039">
          <failure type="PHPUnit\Framework\ExpectationFailedException">Mixed brand model ids are rejectedSession is missing expected key [errors].
Failed asserting that false is true.&#13;
at vendor\laravel\framework\src\Illuminate\Testing\TestResponseAssert.php:45
at vendor\laravel\framework\src\Illuminate\Testing\TestResponse.php:1547
at vendor\laravel\framework\src\Illuminate\Testing\TestResponse.php:1634
at tests\Feature\ProductCatalogModelBrandFilterTest.php:13</failure>
        </testcase>
        <testcase name="Selected checkboxes are restored after refresh" file="Product Catalog Model Brand Filter (Tests\Feature\ProductCatalogModelBrandFilter)::Selected checkboxes are restored after refresh" class="Tests\Feature\ProductCatalogModelBrandFilterTest" classname="Tests.Feature.ProductCatalogModelBrandFilterTest" assertions="1" time="0.083494">
          <failure type="PHPUnit\Framework\ExpectationFailedException">Selected checkboxes are restored after refreshExpected response status code [200] but received 503.
Failed asserting that 503 is identical to 200.&#13;
at vendor\laravel\framework\src\Illuminate\Testing\TestResponseAssert.php:45
at vendor\laravel\framework\src\Illuminate\Testing\TestResponse.php:175
at vendor\laravel\framework\src\Illuminate\Testing\Concerns\AssertsStatusCodes.php:16
at tests\Feature\ProductCatalogModelBrandFilterTest.php:14</failure>
        </testcase>
        <testcase name="Changing brand clears old model ids" file="Product Catalog Model Brand Filter (Tests\Feature\ProductCatalogModelBrandFilter)::Changing brand clears old model ids" class="Tests\Feature\ProductCatalogModelBrandFilterTest" classname="Tests.Feature.ProductCatalogModelBrandFilterTest" assertions="1" time="0.048871"/>
      </testsuite>
      <testsuite name="Tests\Feature\ProductCatalogPrintLayoutTest" file="Product Catalog Print Layout (Tests\Feature\ProductCatalogPrintLayout)" tests="1" assertions="0" errors="0" failures="0" skipped="1" time="0.051912">
        <testcase name="Legacy print layout suite is replaced by pdf download" file="Product Catalog Print Layout (Tests\Feature\ProductCatalogPrintLayout)::Legacy print layout suite is replaced by pdf download" class="Tests\Feature\ProductCatalogPrintLayoutTest" classname="Tests.Feature.ProductCatalogPrintLayoutTest" assertions="0" time="0.051912">
          <skipped/>
        </testcase>
      </testsuite>
      <testsuite name="Tests\Feature\ProductCatalogVariantRegressionTest" file="Product Catalog Variant Regression (Tests\Feature\ProductCatalogVariantRegression)" tests="5" assertions="5" errors="0" failures="4" skipped="0" time="0.408627">
        <testcase name="Index accepts has many relation" file="Product Catalog Variant Regression (Tests\Feature\ProductCatalogVariantRegression)::Index accepts has many relation" class="Tests\Feature\ProductCatalogVariantRegressionTest" classname="Tests.Feature.ProductCatalogVariantRegressionTest" assertions="1" time="0.092231">
          <failure type="PHPUnit\Framework\ExpectationFailedException">Index accepts has many relationExpected response status code [200] but received 503.
Failed asserting that 503 is identical to 200.&#13;
at vendor\laravel\framework\src\Illuminate\Testing\TestResponseAssert.php:45
at vendor\laravel\framework\src\Illuminate\Testing\TestResponse.php:175
at vendor\laravel\framework\src\Illuminate\Testing\Concerns\AssertsStatusCodes.php:16
at tests\Feature\ProductCatalogVariantRegressionTest.php:29</failure>
        </testcase>
        <testcase name="Print accepts has many relation" file="Product Catalog Variant Regression (Tests\Feature\ProductCatalogVariantRegression)::Print accepts has many relation" class="Tests\Feature\ProductCatalogVariantRegressionTest" classname="Tests.Feature.ProductCatalogVariantRegressionTest" assertions="1" time="0.097369">
          <failure type="PHPUnit\Framework\ExpectationFailedException">Print accepts has many relationExpected response status code [200] but received 503.
Failed asserting that 503 is identical to 200.&#13;
at vendor\laravel\framework\src\Illuminate\Testing\TestResponseAssert.php:45
at vendor\laravel\framework\src\Illuminate\Testing\TestResponse.php:175
at vendor\laravel\framework\src\Illuminate\Testing\Concerns\AssertsStatusCodes.php:16
at tests\Feature\ProductCatalogVariantRegressionTest.php:45</failure>
        </testcase>
        <testcase name="Model list filter still works" file="Product Catalog Variant Regression (Tests\Feature\ProductCatalogVariantRegression)::Model list filter still works" class="Tests\Feature\ProductCatalogVariantRegressionTest" classname="Tests.Feature.ProductCatalogVariantRegressionTest" assertions="1" time="0.085718">
          <failure type="PHPUnit\Framework\ExpectationFailedException">Model list filter still worksExpected response status code [200] but received 503.
Failed asserting that 503 is identical to 200.&#13;
at vendor\laravel\framework\src\Illuminate\Testing\TestResponseAssert.php:45
at vendor\laravel\framework\src\Illuminate\Testing\TestResponse.php:175
at vendor\laravel\framework\src\Illuminate\Testing\Concerns\AssertsStatusCodes.php:16
at tests\Feature\ProductCatalogVariantRegressionTest.php:65</failure>
        </testcase>
        <testcase name="Inactive variant is excluded" file="Product Catalog Variant Regression (Tests\Feature\ProductCatalogVariantRegression)::Inactive variant is excluded" class="Tests\Feature\ProductCatalogVariantRegressionTest" classname="Tests.Feature.ProductCatalogVariantRegressionTest" assertions="1" time="0.084468">
          <failure type="PHPUnit\Framework\ExpectationFailedException">Inactive variant is excludedExpected response status code [200] but received 503.
Failed asserting that 503 is identical to 200.&#13;
at vendor\laravel\framework\src\Illuminate\Testing\TestResponseAssert.php:45
at vendor\laravel\framework\src\Illuminate\Testing\TestResponse.php:175
at vendor\laravel\framework\src\Illuminate\Testing\Concerns\AssertsStatusCodes.php:16
at tests\Feature\ProductCatalogVariantRegressionTest.php:81</failure>
        </testcase>
        <testcase name="Catalog query does not use parameterized valid variants relation" file="Product Catalog Variant Regression (Tests\Feature\ProductCatalogVariantRegression)::Catalog query does not use parameterized valid variants relation" class="Tests\Feature\ProductCatalogVariantRegressionTest" classname="Tests.Feature.ProductCatalogVariantRegressionTest" assertions="1" time="0.048841"/>
      </testsuite>
      <testsuite name="Tests\Feature\ProductExportFilterRequestTest" file="Product Export Filter Request (Tests\Feature\ProductExportFilterRequest)" tests="9" assertions="11" errors="0" failures="9" skipped="0" time="0.544915">
        <testcase name="Index opens without query string" file="Product Export Filter Request (Tests\Feature\ProductExportFilterRequest)::Index opens without query string" class="Tests\Feature\ProductExportFilterRequestTest" classname="Tests.Feature.ProductExportFilterRequestTest" assertions="1" time="0.060553">
          <failure type="PHPUnit\Framework\ExpectationFailedException">Index opens without query stringExpected response status code [200] but received 503.
Failed asserting that 503 is identical to 200.&#13;
at vendor\laravel\framework\src\Illuminate\Testing\TestResponseAssert.php:45
at vendor\laravel\framework\src\Illuminate\Testing\TestResponse.php:175
at vendor\laravel\framework\src\Illuminate\Testing\Concerns\AssertsStatusCodes.php:16
at tests\Feature\ProductExportFilterRequestTest.php:35</failure>
        </testcase>
        <testcase name="Output mode defaults to visit and catalog can be selected" file="Product Export Filter Request (Tests\Feature\ProductExportFilterRequest)::Output mode defaults to visit and catalog can be selected" class="Tests\Feature\ProductExportFilterRequestTest" classname="Tests.Feature.ProductExportFilterRequestTest" assertions="1" time="0.074473">
          <failure type="PHPUnit\Framework\ExpectationFailedException">Output mode defaults to visit and catalog can be selectedExpected response status code [200] but received 503.
Failed asserting that 503 is identical to 200.&#13;
at vendor\laravel\framework\src\Illuminate\Testing\TestResponseAssert.php:45
at vendor\laravel\framework\src\Illuminate\Testing\TestResponse.php:175
at vendor\laravel\framework\src\Illuminate\Testing\Concerns\AssertsStatusCodes.php:16
at tests\Feature\ProductExportFilterRequestTest.php:46</failure>
        </testcase>
        <testcase name="Invalid output mode is rejected" file="Product Export Filter Request (Tests\Feature\ProductExportFilterRequest)::Invalid output mode is rejected" class="Tests\Feature\ProductExportFilterRequestTest" classname="Tests.Feature.ProductExportFilterRequestTest" assertions="2" time="0.057841">
          <failure type="PHPUnit\Framework\ExpectationFailedException">Invalid output mode is rejectedExpected response status code [201, 301, 302, 303, 307, 308] but received 503.
Failed asserting that false is true.&#13;
at vendor\laravel\framework\src\Illuminate\Testing\TestResponseAssert.php:45
at vendor\laravel\framework\src\Illuminate\Testing\TestResponse.php:200
at tests\Feature\ProductExportFilterRequestTest.php:61</failure>
        </testcase>
        <testcase name="Empty stock status defaults to all" file="Product Export Filter Request (Tests\Feature\ProductExportFilterRequest)::Empty stock status defaults to all" class="Tests\Feature\ProductExportFilterRequestTest" classname="Tests.Feature.ProductExportFilterRequestTest" assertions="1" time="0.056081">
          <failure type="PHPUnit\Framework\ExpectationFailedException">Empty stock status defaults to allExpected response status code [200] but received 503.
Failed asserting that 503 is identical to 200.&#13;
at vendor\laravel\framework\src\Illuminate\Testing\TestResponseAssert.php:45
at vendor\laravel\framework\src\Illuminate\Testing\TestResponse.php:175
at vendor\laravel\framework\src\Illuminate\Testing\Concerns\AssertsStatusCodes.php:16
at tests\Feature\ProductExportFilterRequestTest.php:70</failure>
        </testcase>
        <testcase name="In stock is preserved" file="Product Export Filter Request (Tests\Feature\ProductExportFilterRequest)::In stock is preserved" class="Tests\Feature\ProductExportFilterRequestTest" classname="Tests.Feature.ProductExportFilterRequestTest" assertions="1" time="0.055410">
          <failure type="PHPUnit\Framework\ExpectationFailedException">In stock is preservedExpected response status code [200] but received 503.
Failed asserting that 503 is identical to 200.&#13;
at vendor\laravel\framework\src\Illuminate\Testing\TestResponseAssert.php:45
at vendor\laravel\framework\src\Illuminate\Testing\TestResponse.php:175
at vendor\laravel\framework\src\Illuminate\Testing\Concerns\AssertsStatusCodes.php:16
at tests\Feature\ProductExportFilterRequestTest.php:79</failure>
        </testcase>
        <testcase name="Out of stock is preserved" file="Product Export Filter Request (Tests\Feature\ProductExportFilterRequest)::Out of stock is preserved" class="Tests\Feature\ProductExportFilterRequestTest" classname="Tests.Feature.ProductExportFilterRequestTest" assertions="1" time="0.053829">
          <failure type="PHPUnit\Framework\ExpectationFailedException">Out of stock is preservedExpected response status code [200] but received 503.
Failed asserting that 503 is identical to 200.&#13;
at vendor\laravel\framework\src\Illuminate\Testing\TestResponseAssert.php:45
at vendor\laravel\framework\src\Illuminate\Testing\TestResponse.php:175
at vendor\laravel\framework\src\Illuminate\Testing\Concerns\AssertsStatusCodes.php:16
at tests\Feature\ProductExportFilterRequestTest.php:88</failure>
        </testcase>
        <testcase name="Invalid stock status is rejected" file="Product Export Filter Request (Tests\Feature\ProductExportFilterRequest)::Invalid stock status is rejected" class="Tests\Feature\ProductExportFilterRequestTest" classname="Tests.Feature.ProductExportFilterRequestTest" assertions="2" time="0.056760">
          <failure type="PHPUnit\Framework\ExpectationFailedException">Invalid stock status is rejectedExpected response status code [201, 301, 302, 303, 307, 308] but received 503.
Failed asserting that false is true.&#13;
at vendor\laravel\framework\src\Illuminate\Testing\TestResponseAssert.php:45
at vendor\laravel\framework\src\Illuminate\Testing\TestResponse.php:200
at tests\Feature\ProductExportFilterRequestTest.php:99</failure>
        </testcase>
        <testcase name="Missing model list ids defaults to empty array" file="Product Export Filter Request (Tests\Feature\ProductExportFilterRequest)::Missing model list ids defaults to empty array" class="Tests\Feature\ProductExportFilterRequestTest" classname="Tests.Feature.ProductExportFilterRequestTest" assertions="1" time="0.074626">
          <failure type="PHPUnit\Framework\ExpectationFailedException">Missing model list ids defaults to empty arrayExpected response status code [200] but received 503.
Failed asserting that 503 is identical to 200.&#13;
at vendor\laravel\framework\src\Illuminate\Testing\TestResponseAssert.php:45
at vendor\laravel\framework\src\Illuminate\Testing\TestResponse.php:175
at vendor\laravel\framework\src\Illuminate\Testing\Concerns\AssertsStatusCodes.php:16
at tests\Feature\ProductExportFilterRequestTest.php:108</failure>
        </testcase>
        <testcase name="Missing page defaults to one" file="Product Export Filter Request (Tests\Feature\ProductExportFilterRequest)::Missing page defaults to one" class="Tests\Feature\ProductExportFilterRequestTest" classname="Tests.Feature.ProductExportFilterRequestTest" assertions="1" time="0.055343">
          <failure type="PHPUnit\Framework\ExpectationFailedException">Missing page defaults to oneExpected response status code [200] but received 503.
Failed asserting that 503 is identical to 200.&#13;
at vendor\laravel\framework\src\Illuminate\Testing\TestResponseAssert.php:45
at vendor\laravel\framework\src\Illuminate\Testing\TestResponse.php:175
at vendor\laravel\framework\src\Illuminate\Testing\Concerns\AssertsStatusCodes.php:16
at tests\Feature\ProductExportFilterRequestTest.php:117</failure>
        </testcase>
      </testsuite>
      <testsuite name="Tests\Feature\ProductExportProductSelectionTest" file="Product Export Product Selection (Tests\Feature\ProductExportProductSelection)" tests="19" assertions="22" errors="0" failures="17" skipped="0" time="1.271391">
        <testcase name="Without product ids keeps existing all products behavior" file="Product Export Product Selection (Tests\Feature\ProductExportProductSelection)::Without product ids keeps existing all products behavior" class="Tests\Feature\ProductExportProductSelectionTest" classname="Tests.Feature.ProductExportProductSelectionTest" assertions="1" time="0.070688">
          <failure type="PHPUnit\Framework\ExpectationFailedException">Without product ids keeps existing all products behaviorExpected response status code [200] but received 503.
Failed asserting that 503 is identical to 200.&#13;
at vendor\laravel\framework\src\Illuminate\Testing\TestResponseAssert.php:45
at vendor\laravel\framework\src\Illuminate\Testing\TestResponse.php:175
at vendor\laravel\framework\src\Illuminate\Testing\Concerns\AssertsStatusCodes.php:16
at tests\Feature\ProductExportProductSelectionTest.php:39</failure>
        </testcase>
        <testcase name="One or multiple product ids only show selected products" file="Product Export Product Selection (Tests\Feature\ProductExportProductSelection)::One or multiple product ids only show selected products" class="Tests\Feature\ProductExportProductSelectionTest" classname="Tests.Feature.ProductExportProductSelectionTest" assertions="1" time="0.065917">
          <failure type="PHPUnit\Framework\ExpectationFailedException">One or multiple product ids only show selected productsExpected response status code [200] but received 503.
Failed asserting that 503 is identical to 200.&#13;
at vendor\laravel\framework\src\Illuminate\Testing\TestResponseAssert.php:45
at vendor\laravel\framework\src\Illuminate\Testing\TestResponse.php:175
at vendor\laravel\framework\src\Illuminate\Testing\Concerns\AssertsStatusCodes.php:16
at tests\Feature\ProductExportProductSelectionTest.php:52</failure>
        </testcase>
        <testcase name="Duplicate product id is normalized and rendered once" file="Product Export Product Selection (Tests\Feature\ProductExportProductSelection)::Duplicate product id is normalized and rendered once" class="Tests\Feature\ProductExportProductSelectionTest" classname="Tests.Feature.ProductExportProductSelectionTest" assertions="1" time="0.065990">
          <failure type="PHPUnit\Framework\ExpectationFailedException">Duplicate product id is normalized and rendered onceExpected response status code [200] but received 503.
Failed asserting that 503 is identical to 200.&#13;
at vendor\laravel\framework\src\Illuminate\Testing\TestResponseAssert.php:45
at vendor\laravel\framework\src\Illuminate\Testing\TestResponse.php:175
at vendor\laravel\framework\src\Illuminate\Testing\Concerns\AssertsStatusCodes.php:16
at tests\Feature\ProductExportProductSelectionTest.php:71</failure>
        </testcase>
        <testcase name="Invalid or more than two hundred product ids are rejected" file="Product Export Product Selection (Tests\Feature\ProductExportProductSelection)::Invalid or more than two hundred product ids are rejected" class="Tests\Feature\ProductExportProductSelectionTest" classname="Tests.Feature.ProductExportProductSelectionTest" assertions="1" time="0.071742">
          <failure type="PHPUnit\Framework\ExpectationFailedException">Invalid or more than two hundred product ids are rejectedExpected response status code [201, 301, 302, 303, 307, 308] but received 503.
Failed asserting that false is true.&#13;
at vendor\laravel\framework\src\Illuminate\Testing\TestResponseAssert.php:45
at vendor\laravel\framework\src\Illuminate\Testing\TestResponse.php:200
at tests\Feature\ProductExportProductSelectionTest.php:83</failure>
        </testcase>
        <testcase name="Product ids intersect with category filter" file="Product Export Product Selection (Tests\Feature\ProductExportProductSelection)::Product ids intersect with category filter" class="Tests\Feature\ProductExportProductSelectionTest" classname="Tests.Feature.ProductExportProductSelectionTest" assertions="1" time="0.068689">
          <failure type="PHPUnit\Framework\ExpectationFailedException">Product ids intersect with category filterExpected response status code [200] but received 503.
Failed asserting that 503 is identical to 200.&#13;
at vendor\laravel\framework\src\Illuminate\Testing\TestResponseAssert.php:45
at vendor\laravel\framework\src\Illuminate\Testing\TestResponse.php:175
at vendor\laravel\framework\src\Illuminate\Testing\Concerns\AssertsStatusCodes.php:16
at tests\Feature\ProductExportProductSelectionTest.php:104</failure>
        </testcase>
        <testcase name="Product ids intersect with model list and stock status" file="Product Export Product Selection (Tests\Feature\ProductExportProductSelection)::Product ids intersect with model list and stock status" class="Tests\Feature\ProductExportProductSelectionTest" classname="Tests.Feature.ProductExportProductSelectionTest" assertions="1" time="0.067304">
          <failure type="PHPUnit\Framework\ExpectationFailedException">Product ids intersect with model list and stock statusExpected response status code [200] but received 503.
Failed asserting that 503 is identical to 200.&#13;
at vendor\laravel\framework\src\Illuminate\Testing\TestResponseAssert.php:45
at vendor\laravel\framework\src\Illuminate\Testing\TestResponse.php:175
at vendor\laravel\framework\src\Illuminate\Testing\Concerns\AssertsStatusCodes.php:16
at tests\Feature\ProductExportProductSelectionTest.php:124</failure>
        </testcase>
        <testcase name="Product search supports name codes and variant fields" file="Product Export Product Selection (Tests\Feature\ProductExportProductSelection)::Product search supports name codes and variant fields" class="Tests\Feature\ProductExportProductSelectionTest" classname="Tests.Feature.ProductExportProductSelectionTest" assertions="1" time="0.071212">
          <failure type="PHPUnit\Framework\ExpectationFailedException">Product search supports name codes and variant fieldsExpected response status code [200] but received 503.
Failed asserting that 503 is identical to 200.&#13;
at vendor\laravel\framework\src\Illuminate\Testing\TestResponseAssert.php:45
at vendor\laravel\framework\src\Illuminate\Testing\TestResponse.php:175
at vendor\laravel\framework\src\Illuminate\Testing\Concerns\AssertsStatusCodes.php:16
at tests\Feature\ProductExportProductSelectionTest.php:164</failure>
        </testcase>
        <testcase name="Product search obeys current filters and limit" file="Product Export Product Selection (Tests\Feature\ProductExportProductSelection)::Product search obeys current filters and limit" class="Tests\Feature\ProductExportProductSelectionTest" classname="Tests.Feature.ProductExportProductSelectionTest" assertions="1" time="0.068456">
          <failure type="PHPUnit\Framework\ExpectationFailedException">Product search obeys current filters and limitExpected response status code [200] but received 503.
Failed asserting that 503 is identical to 200.&#13;
at vendor\laravel\framework\src\Illuminate\Testing\TestResponseAssert.php:45
at vendor\laravel\framework\src\Illuminate\Testing\TestResponse.php:175
at vendor\laravel\framework\src\Illuminate\Testing\Concerns\AssertsStatusCodes.php:16
at tests\Feature\ProductExportProductSelectionTest.php:181</failure>
        </testcase>
        <testcase name="One character search is live and limited to fifteen products" file="Product Export Product Selection (Tests\Feature\ProductExportProductSelection)::One character search is live and limited to fifteen products" class="Tests\Feature\ProductExportProductSelectionTest" classname="Tests.Feature.ProductExportProductSelectionTest" assertions="1" time="0.088959">
          <failure type="PHPUnit\Framework\ExpectationFailedException">One character search is live and limited to fifteen productsExpected response status code [200] but received 503.
Failed asserting that 503 is identical to 200.&#13;
at vendor\laravel\framework\src\Illuminate\Testing\TestResponseAssert.php:45
at vendor\laravel\framework\src\Illuminate\Testing\TestResponse.php:175
at vendor\laravel\framework\src\Illuminate\Testing\Concerns\AssertsStatusCodes.php:16
at tests\Feature\ProductExportProductSelectionTest.php:203</failure>
        </testcase>
        <testcase name="Search normalizes persian letters digits and multiword tokens" file="Product Export Product Selection (Tests\Feature\ProductExportProductSelection)::Search normalizes persian letters digits and multiword tokens" class="Tests\Feature\ProductExportProductSelectionTest" classname="Tests.Feature.ProductExportProductSelectionTest" assertions="1" time="0.062040">
          <failure type="PHPUnit\Framework\ExpectationFailedException">Search normalizes persian letters digits and multiword tokensExpected response status code [200] but received 503.
Failed asserting that 503 is identical to 200.&#13;
at vendor\laravel\framework\src\Illuminate\Testing\TestResponseAssert.php:45
at vendor\laravel\framework\src\Illuminate\Testing\TestResponse.php:175
at vendor\laravel\framework\src\Illuminate\Testing\Concerns\AssertsStatusCodes.php:16
at tests\Feature\ProductExportProductSelectionTest.php:218</failure>
        </testcase>
        <testcase name="Multiple matching variants return one product with match information" file="Product Export Product Selection (Tests\Feature\ProductExportProductSelection)::Multiple matching variants return one product with match information" class="Tests\Feature\ProductExportProductSelectionTest" classname="Tests.Feature.ProductExportProductSelectionTest" assertions="1" time="0.062181">
          <failure type="PHPUnit\Framework\ExpectationFailedException">Multiple matching variants return one product with match informationExpected response status code [200] but received 503.
Failed asserting that 503 is identical to 200.&#13;
at vendor\laravel\framework\src\Illuminate\Testing\TestResponseAssert.php:45
at vendor\laravel\framework\src\Illuminate\Testing\TestResponse.php:175
at vendor\laravel\framework\src\Illuminate\Testing\Concerns\AssertsStatusCodes.php:16
at tests\Feature\ProductExportProductSelectionTest.php:236</failure>
        </testcase>
        <testcase name="Exact code is ranked before exact product name" file="Product Export Product Selection (Tests\Feature\ProductExportProductSelection)::Exact code is ranked before exact product name" class="Tests\Feature\ProductExportProductSelectionTest" classname="Tests.Feature.ProductExportProductSelectionTest" assertions="1" time="0.062644">
          <failure type="PHPUnit\Framework\ExpectationFailedException">Exact code is ranked before exact product nameExpected response status code [200] but received 503.
Failed asserting that 503 is identical to 200.&#13;
at vendor\laravel\framework\src\Illuminate\Testing\TestResponseAssert.php:45
at vendor\laravel\framework\src\Illuminate\Testing\TestResponse.php:175
at vendor\laravel\framework\src\Illuminate\Testing\Concerns\AssertsStatusCodes.php:16
at tests\Feature\ProductExportProductSelectionTest.php:251</failure>
        </testcase>
        <testcase name="Product search respects model list and stock filters" file="Product Export Product Selection (Tests\Feature\ProductExportProductSelection)::Product search respects model list and stock filters" class="Tests\Feature\ProductExportProductSelectionTest" classname="Tests.Feature.ProductExportProductSelectionTest" assertions="1" time="0.064500">
          <failure type="PHPUnit\Framework\ExpectationFailedException">Product search respects model list and stock filtersExpected response status code [200] but received 503.
Failed asserting that 503 is identical to 200.&#13;
at vendor\laravel\framework\src\Illuminate\Testing\TestResponseAssert.php:45
at vendor\laravel\framework\src\Illuminate\Testing\TestResponse.php:175
at vendor\laravel\framework\src\Illuminate\Testing\Concerns\AssertsStatusCodes.php:16
at tests\Feature\ProductExportProductSelectionTest.php:275</failure>
        </testcase>
        <testcase name="Empty search does not execute catalog query" file="Product Export Product Selection (Tests\Feature\ProductExportProductSelection)::Empty search does not execute catalog query" class="Tests\Feature\ProductExportProductSelectionTest" classname="Tests.Feature.ProductExportProductSelectionTest" assertions="2" time="0.056978"/>
        <testcase name="Product search requires products export permission" file="Product Export Product Selection (Tests\Feature\ProductExportProductSelection)::Product search requires products export permission" class="Tests\Feature\ProductExportProductSelectionTest" classname="Tests.Feature.ProductExportProductSelectionTest" assertions="1" time="0.074796">
          <failure type="PHPUnit\Framework\ExpectationFailedException">Product search requires products export permissionExpected response status code [403] but received 503.
Failed asserting that 503 is identical to 403.&#13;
at vendor\laravel\framework\src\Illuminate\Testing\TestResponseAssert.php:45
at vendor\laravel\framework\src\Illuminate\Testing\TestResponse.php:175
at vendor\laravel\framework\src\Illuminate\Testing\Concerns\AssertsStatusCodes.php:141
at tests\Feature\ProductExportProductSelectionTest.php:304</failure>
        </testcase>
        <testcase name="Selected products are restored after refresh" file="Product Export Product Selection (Tests\Feature\ProductExportProductSelection)::Selected products are restored after refresh" class="Tests\Feature\ProductExportProductSelectionTest" classname="Tests.Feature.ProductExportProductSelectionTest" assertions="1" time="0.061732">
          <failure type="PHPUnit\Framework\ExpectationFailedException">Selected products are restored after refreshExpected response status code [200] but received 503.
Failed asserting that 503 is identical to 200.&#13;
at vendor\laravel\framework\src\Illuminate\Testing\TestResponseAssert.php:45
at vendor\laravel\framework\src\Illuminate\Testing\TestResponse.php:175
at vendor\laravel\framework\src\Illuminate\Testing\Concerns\AssertsStatusCodes.php:16
at tests\Feature\ProductExportProductSelectionTest.php:313</failure>
        </testcase>
        <testcase name="Print receives the same product ids and meta" file="Product Export Product Selection (Tests\Feature\ProductExportProductSelection)::Print receives the same product ids and meta" class="Tests\Feature\ProductExportProductSelectionTest" classname="Tests.Feature.ProductExportProductSelectionTest" assertions="1" time="0.064632">
          <failure type="PHPUnit\Framework\ExpectationFailedException">Print receives the same product ids and metaExpected response status code [200] but received 503.
Failed asserting that 503 is identical to 200.&#13;
at vendor\laravel\framework\src\Illuminate\Testing\TestResponseAssert.php:45
at vendor\laravel\framework\src\Illuminate\Testing\TestResponse.php:175
at vendor\laravel\framework\src\Illuminate\Testing\Concerns\AssertsStatusCodes.php:16
at tests\Feature\ProductExportProductSelectionTest.php:327</failure>
        </testcase>
        <testcase name="Print is html and does not expose mpdf output" file="Product Export Product Selection (Tests\Feature\ProductExportProductSelection)::Print is html and does not expose mpdf output" class="Tests\Feature\ProductExportProductSelectionTest" classname="Tests.Feature.ProductExportProductSelectionTest" assertions="1" time="0.066179">
          <failure type="PHPUnit\Framework\ExpectationFailedException">Print is html and does not expose mpdf outputExpected response status code [200] but received 503.
Failed asserting that 503 is identical to 200.&#13;
at vendor\laravel\framework\src\Illuminate\Testing\TestResponseAssert.php:45
at vendor\laravel\framework\src\Illuminate\Testing\TestResponse.php:175
at vendor\laravel\framework\src\Illuminate\Testing\Concerns\AssertsStatusCodes.php:16
at tests\Feature\ProductExportProductSelectionTest.php:339</failure>
        </testcase>
        <testcase name="Meta reports all names or selected count" file="Product Export Product Selection (Tests\Feature\ProductExportProductSelection)::Meta reports all names or selected count" class="Tests\Feature\ProductExportProductSelectionTest" classname="Tests.Feature.ProductExportProductSelectionTest" assertions="3" time="0.056753"/>
      </testsuite>
      <testsuite name="Tests\Feature\ProductPageAccessRegressionTest" file="tests\Feature\ProductPageAccessRegressionTest.php" tests="1" assertions="15" errors="0" failures="0" skipped="0" time="0.099830">
        <testcase name="it lets a non admin product page role use every routine product endpoint" file="tests\Feature\ProductPageAccessRegressionTest.php::it lets a non admin product page role use every routine product endpoint" class="Tests\Feature\ProductPageAccessRegressionTest" classname="Tests.Feature.ProductPageAccessRegressionTest" assertions="15" time="0.099830"/>
      </testsuite>
      <testsuite name="Tests\Feature\ProductPriceListPrintTest" file="Product Price List Print (Tests\Feature\ProductPriceListPrint)" tests="9" assertions="24" errors="0" failures="8" skipped="0" time="0.764457">
        <testcase name="Print route returns standalone html preview with manual print controls" file="Product Price List Print (Tests\Feature\ProductPriceListPrint)::Print route returns standalone html preview with manual print controls" class="Tests\Feature\ProductPriceListPrintTest" classname="Tests.Feature.ProductPriceListPrintTest" assertions="1" time="0.087325">
          <failure type="PHPUnit\Framework\ExpectationFailedException">Print route returns standalone html preview with manual print controlsExpected response status code [200] but received 503.
Failed asserting that 503 is identical to 200.&#13;
at vendor\laravel\framework\src\Illuminate\Testing\TestResponseAssert.php:45
at vendor\laravel\framework\src\Illuminate\Testing\TestResponse.php:175
at vendor\laravel\framework\src\Illuminate\Testing\Concerns\AssertsStatusCodes.php:16
at tests\Feature\ProductPriceListPrintTest.php:27</failure>
        </testcase>
        <testcase name="Legacy download redirects to print with every filter and never renders pdf" file="Product Price List Print (Tests\Feature\ProductPriceListPrint)::Legacy download redirects to print with every filter and never renders pdf" class="Tests\Feature\ProductPriceListPrintTest" classname="Tests.Feature.ProductPriceListPrintTest" assertions="2" time="0.091014">
          <failure type="PHPUnit\Framework\ExpectationFailedException">Legacy download redirects to print with every filter and never renders pdfExpected response status code [201, 301, 302, 303, 307, 308] but received 503.
Failed asserting that false is true.&#13;
at vendor\laravel\framework\src\Illuminate\Testing\TestResponseAssert.php:45
at vendor\laravel\framework\src\Illuminate\Testing\TestResponse.php:200
at tests\Feature\ProductPriceListPrintTest.php:61</failure>
        </testcase>
        <testcase name="Legacy export redirects to print with query parameters" file="Product Price List Print (Tests\Feature\ProductPriceListPrint)::Legacy export redirects to print with query parameters" class="Tests\Feature\ProductPriceListPrintTest" classname="Tests.Feature.ProductPriceListPrintTest" assertions="1" time="0.105786">
          <failure type="PHPUnit\Framework\ExpectationFailedException">Legacy export redirects to print with query parametersExpected response status code [201, 301, 302, 303, 307, 308] but received 503.
Failed asserting that false is true.&#13;
at vendor\laravel\framework\src\Illuminate\Testing\TestResponseAssert.php:45
at vendor\laravel\framework\src\Illuminate\Testing\TestResponse.php:200
at tests\Feature\ProductPriceListPrintTest.php:79</failure>
        </testcase>
        <testcase name="Index exposes print action in a new tab without download code" file="Product Price List Print (Tests\Feature\ProductPriceListPrint)::Index exposes print action in a new tab without download code" class="Tests\Feature\ProductPriceListPrintTest" classname="Tests.Feature.ProductPriceListPrintTest" assertions="1" time="0.078255">
          <failure type="PHPUnit\Framework\ExpectationFailedException">Index exposes print action in a new tab without download codeExpected response status code [200] but received 503.
Failed asserting that 503 is identical to 200.&#13;
at vendor\laravel\framework\src\Illuminate\Testing\TestResponseAssert.php:45
at vendor\laravel\framework\src\Illuminate\Testing\TestResponse.php:175
at vendor\laravel\framework\src\Illuminate\Testing\Concerns\AssertsStatusCodes.php:16
at tests\Feature\ProductPriceListPrintTest.php:91</failure>
        </testcase>
        <testcase name="Visit and catalog modes render their print tables" file="Product Price List Print (Tests\Feature\ProductPriceListPrint)::Visit and catalog modes render their print tables" class="Tests\Feature\ProductPriceListPrintTest" classname="Tests.Feature.ProductPriceListPrintTest" assertions="1" time="0.089978">
          <failure type="PHPUnit\Framework\ExpectationFailedException">Visit and catalog modes render their print tablesExpected response status code [200] but received 503.
Failed asserting that 503 is identical to 200.&#13;
at vendor\laravel\framework\src\Illuminate\Testing\TestResponseAssert.php:45
at vendor\laravel\framework\src\Illuminate\Testing\TestResponse.php:175
at vendor\laravel\framework\src\Illuminate\Testing\Concerns\AssertsStatusCodes.php:16
at tests\Feature\ProductPriceListPrintTest.php:109</failure>
        </testcase>
        <testcase name="Product without image has no placeholder or image space" file="Product Price List Print (Tests\Feature\ProductPriceListPrint)::Product without image has no placeholder or image space" class="Tests\Feature\ProductPriceListPrintTest" classname="Tests.Feature.ProductPriceListPrintTest" assertions="1" time="0.079643">
          <failure type="PHPUnit\Framework\ExpectationFailedException">Product without image has no placeholder or image spaceExpected response status code [200] but received 503.
Failed asserting that 503 is identical to 200.&#13;
at vendor\laravel\framework\src\Illuminate\Testing\TestResponseAssert.php:45
at vendor\laravel\framework\src\Illuminate\Testing\TestResponse.php:175
at vendor\laravel\framework\src\Illuminate\Testing\Concerns\AssertsStatusCodes.php:16
at tests\Feature\ProductPriceListPrintTest.php:129</failure>
        </testcase>
        <testcase name="Category filter and include without price apply to print" file="Product Price List Print (Tests\Feature\ProductPriceListPrint)::Category filter and include without price apply to print" class="Tests\Feature\ProductPriceListPrintTest" classname="Tests.Feature.ProductPriceListPrintTest" assertions="1" time="0.084551">
          <failure type="PHPUnit\Framework\ExpectationFailedException">Category filter and include without price apply to printExpected response status code [200] but received 503.
Failed asserting that 503 is identical to 200.&#13;
at vendor\laravel\framework\src\Illuminate\Testing\TestResponseAssert.php:45
at vendor\laravel\framework\src\Illuminate\Testing\TestResponse.php:175
at vendor\laravel\framework\src\Illuminate\Testing\Concerns\AssertsStatusCodes.php:16
at tests\Feature\ProductPriceListPrintTest.php:147</failure>
        </testcase>
        <testcase name="Catalog preview contract remains grouped without rowspan" file="Product Price List Print (Tests\Feature\ProductPriceListPrint)::Catalog preview contract remains grouped without rowspan" class="Tests\Feature\ProductPriceListPrintTest" classname="Tests.Feature.ProductPriceListPrintTest" assertions="1" time="0.099723">
          <failure type="PHPUnit\Framework\ExpectationFailedException">Catalog preview contract remains grouped without rowspanExpected response status code [200] but received 503.
Failed asserting that 503 is identical to 200.&#13;
at vendor\laravel\framework\src\Illuminate\Testing\TestResponseAssert.php:45
at vendor\laravel\framework\src\Illuminate\Testing\TestResponse.php:175
at vendor\laravel\framework\src\Illuminate\Testing\Concerns\AssertsStatusCodes.php:16
at tests\Feature\ProductPriceListPrintTest.php:165</failure>
        </testcase>
        <testcase name="Print view contract uses semantic tables and safe page breaks" file="Product Price List Print (Tests\Feature\ProductPriceListPrint)::Print view contract uses semantic tables and safe page breaks" class="Tests\Feature\ProductPriceListPrintTest" classname="Tests.Feature.ProductPriceListPrintTest" assertions="15" time="0.048182"/>
      </testsuite>
      <testsuite name="Tests\Feature\ProductSalesStatusBulkOperationsTest" file="tests\Feature\ProductSalesStatusBulkOperationsTest.php" tests="8" assertions="37" errors="0" failures="0" skipped="0" time="0.521062">
        <testcase name="it previews a category recursively without mutating data" file="tests\Feature\ProductSalesStatusBulkOperationsTest.php::it previews a category recursively without mutating data" class="Tests\Feature\ProductSalesStatusBulkOperationsTest" classname="Tests.Feature.ProductSalesStatusBulkOperationsTest" assertions="8" time="0.069721"/>
        <testcase name="it resolves only the exact subcategory and excludes siblings and descendants" file="tests\Feature\ProductSalesStatusBulkOperationsTest.php::it resolves only the exact subcategory and excludes siblings and descendants" class="Tests\Feature\ProductSalesStatusBulkOperationsTest" classname="Tests.Feature.ProductSalesStatusBulkOperationsTest" assertions="1" time="0.054846"/>
        <testcase name="it deduplicates multiple products and rejects invalid ids" file="tests\Feature\ProductSalesStatusBulkOperationsTest.php::it deduplicates multiple products and rejects invalid ids" class="Tests\Feature\ProductSalesStatusBulkOperationsTest" classname="Tests.Feature.ProductSalesStatusBulkOperationsTest" assertions="3" time="0.054651"/>
        <testcase name="it executes bulk deactivation atomically with one document and effective items only" file="tests\Feature\ProductSalesStatusBulkOperationsTest.php::it executes bulk deactivation atomically with one document and effective items only" class="Tests\Feature\ProductSalesStatusBulkOperationsTest" classname="Tests.Feature.ProductSalesStatusBulkOperationsTest" assertions="10" time="0.087285"/>
        <testcase name="it bulk activates only structurally valid variants disabled by a product level event" file="tests\Feature\ProductSalesStatusBulkOperationsTest.php::it bulk activates only structurally valid variants disabled by a product level event" class="Tests\Feature\ProductSalesStatusBulkOperationsTest" classname="Tests.Feature.ProductSalesStatusBulkOperationsTest" assertions="5" time="0.069753"/>
        <testcase name="it rolls back every mutation and the document when an item insert fails" file="tests\Feature\ProductSalesStatusBulkOperationsTest.php::it rolls back every mutation and the document when an item insert fails" class="Tests\Feature\ProductSalesStatusBulkOperationsTest" classname="Tests.Feature.ProductSalesStatusBulkOperationsTest" assertions="3" time="0.060779"/>
        <testcase name="it serializes overlapping confirmations and prevents duplicate documents" file="tests\Feature\ProductSalesStatusBulkOperationsTest.php::it serializes overlapping confirmations and prevents duplicate documents" class="Tests\Feature\ProductSalesStatusBulkOperationsTest" classname="Tests.Feature.ProductSalesStatusBulkOperationsTest" assertions="3" time="0.062575"/>
        <testcase name="it rejects zero effective changes and keeps audit command read only" file="tests\Feature\ProductSalesStatusBulkOperationsTest.php::it rejects zero effective changes and keeps audit command read only" class="Tests\Feature\ProductSalesStatusBulkOperationsTest" classname="Tests.Feature.ProductSalesStatusBulkOperationsTest" assertions="4" time="0.061452"/>
      </testsuite>
      <testsuite name="Tests\Feature\ProductSalesStatusManagementTest" file="tests\Feature\ProductSalesStatusManagementTest.php" tests="7" assertions="26" errors="0" failures="0" skipped="0" time="0.511060">
        <testcase name="it does not let the product edit route overwrite sales status" file="tests\Feature\ProductSalesStatusManagementTest.php::it does not let the product edit route overwrite sales status" class="Tests\Feature\ProductSalesStatusManagementTest" classname="Tests.Feature.ProductSalesStatusManagementTest" assertions="1" time="0.087692"/>
        <testcase name="it deactivates a whole product without changing structural status or inventory" file="tests\Feature\ProductSalesStatusManagementTest.php::it deactivates a whole product without changing structural status or inventory" class="Tests\Feature\ProductSalesStatusManagementTest" classname="Tests.Feature.ProductSalesStatusManagementTest" assertions="8" time="0.070190"/>
        <testcase name="it deactivates only selected variants and recalculates product aggregate" file="tests\Feature\ProductSalesStatusManagementTest.php::it deactivates only selected variants and recalculates product aggregate" class="Tests\Feature\ProductSalesStatusManagementTest" classname="Tests.Feature.ProductSalesStatusManagementTest" assertions="5" time="0.068058"/>
        <testcase name="it reactivates an eligible variant and rejects a structurally inactive variant" file="tests\Feature\ProductSalesStatusManagementTest.php::it reactivates an eligible variant and rejects a structurally inactive variant" class="Tests\Feature\ProductSalesStatusManagementTest" classname="Tests.Feature.ProductSalesStatusManagementTest" assertions="4" time="0.066170"/>
        <testcase name="it whole product reactivation preserves independently disabled variants" file="tests\Feature\ProductSalesStatusManagementTest.php::it whole product reactivation preserves independently disabled variants" class="Tests\Feature\ProductSalesStatusManagementTest" classname="Tests.Feature.ProductSalesStatusManagementTest" assertions="3" time="0.075472"/>
        <testcase name="it keeps independent history and refuses duplicate events" file="tests\Feature\ProductSalesStatusManagementTest.php::it keeps independent history and refuses duplicate events" class="Tests\Feature\ProductSalesStatusManagementTest" classname="Tests.Feature.ProductSalesStatusManagementTest" assertions="2" time="0.085334"/>
        <testcase name="it audits inconsistencies without mutation by default" file="tests\Feature\ProductSalesStatusManagementTest.php::it audits inconsistencies without mutation by default" class="Tests\Feature\ProductSalesStatusManagementTest" classname="Tests.Feature.ProductSalesStatusManagementTest" assertions="3" time="0.058144"/>
      </testsuite>
      <testsuite name="Tests\Feature\ProductSalesStatus\InventoryProductsSyncSalesStatusTest" file="tests\Feature\ProductSalesStatus\InventoryProductsSyncSalesStatusTest.php" tests="2" assertions="3" errors="0" failures="0" skipped="0" time="0.120899">
        <testcase name="it syncs aggregate structural and commercial sales flags including inactive variants" file="tests\Feature\ProductSalesStatus\InventoryProductsSyncSalesStatusTest.php::it syncs aggregate structural and commercial sales flags including inactive variants" class="Tests\Feature\ProductSalesStatus\InventoryProductsSyncSalesStatusTest" classname="Tests.Feature.ProductSalesStatus.InventoryProductsSyncSalesStatusTest" assertions="1" time="0.062413"/>
        <testcase name="it does not make an immediate external call when a local sales status changes" file="tests\Feature\ProductSalesStatus\InventoryProductsSyncSalesStatusTest.php::it does not make an immediate external call when a local sales status changes" class="Tests\Feature\ProductSalesStatus\InventoryProductsSyncSalesStatusTest" classname="Tests.Feature.ProductSalesStatus.InventoryProductsSyncSalesStatusTest" assertions="2" time="0.058486"/>
      </testsuite>
      <testsuite name="Tests\Feature\ProductSalesStatus\ProductDeactivationRegressionTest" file="tests\Feature\ProductSalesStatus\ProductDeactivationRegressionTest.php" tests="1" assertions="12" errors="0" failures="0" skipped="0" time="0.067450">
        <testcase name="it product deactivation changes only commercial eligibility and creates exact history items" file="tests\Feature\ProductSalesStatus\ProductDeactivationRegressionTest.php::it product deactivation changes only commercial eligibility and creates exact history items" class="Tests\Feature\ProductSalesStatus\ProductDeactivationRegressionTest" classname="Tests.Feature.ProductSalesStatus.ProductDeactivationRegressionTest" assertions="12" time="0.067450"/>
      </testsuite>
      <testsuite name="Tests\Feature\ProductSalesStatus\SalesEligibilityAndSyncTest" file="tests\Feature\ProductSalesStatus\SalesEligibilityAndSyncTest.php" tests="3" assertions="10" errors="0" failures="0" skipped="0" time="0.237085">
        <testcase name="it excludes product-disabled sales-disabled and structurally inactive targets from new preinvoice search" file="tests\Feature\ProductSalesStatus\SalesEligibilityAndSyncTest.php::it excludes product-disabled sales-disabled and structurally inactive targets from new preinvoice search" class="Tests\Feature\ProductSalesStatus\SalesEligibilityAndSyncTest" classname="Tests.Feature.ProductSalesStatus.SalesEligibilityAndSyncTest" assertions="4" time="0.097109"/>
        <testcase name="it makes a reactivated variant eligible again without changing inventory or reservations" file="tests\Feature\ProductSalesStatus\SalesEligibilityAndSyncTest.php::it makes a reactivated variant eligible again without changing inventory or reservations" class="Tests\Feature\ProductSalesStatus\SalesEligibilityAndSyncTest" classname="Tests.Feature.ProductSalesStatus.SalesEligibilityAndSyncTest" assertions="3" time="0.072292"/>
        <testcase name="it marks site synchronization pending for both variant and aggregate status changes" file="tests\Feature\ProductSalesStatus\SalesEligibilityAndSyncTest.php::it marks site synchronization pending for both variant and aggregate status changes" class="Tests\Feature\ProductSalesStatus\SalesEligibilityAndSyncTest" classname="Tests.Feature.ProductSalesStatus.SalesEligibilityAndSyncTest" assertions="3" time="0.067684"/>
      </testsuite>
      <testsuite name="Tests\Feature\ProductSalesStatus\SalesStatusAuditCommandTest" file="tests\Feature\ProductSalesStatus\SalesStatusAuditCommandTest.php" tests="2" assertions="15" errors="0" failures="0" skipped="0" time="0.149043">
        <testcase name="it reports all inconsistency classes in dry run without changing data" file="tests\Feature\ProductSalesStatus\SalesStatusAuditCommandTest.php::it reports all inconsistency classes in dry run without changing data" class="Tests\Feature\ProductSalesStatus\SalesStatusAuditCommandTest" classname="Tests.Feature.ProductSalesStatus.SalesStatusAuditCommandTest" assertions="8" time="0.071484"/>
        <testcase name="it repairs only documented status fields and is idempotent on a second audit" file="tests\Feature\ProductSalesStatus\SalesStatusAuditCommandTest.php::it repairs only documented status fields and is idempotent on a second audit" class="Tests\Feature\ProductSalesStatus\SalesStatusAuditCommandTest" classname="Tests.Feature.ProductSalesStatus.SalesStatusAuditCommandTest" assertions="7" time="0.077560"/>
      </testsuite>
      <testsuite name="Tests\Feature\ProductSalesStatus\SalesStatusBulkValidationTest" file="tests\Feature\ProductSalesStatus\SalesStatusBulkValidationTest.php" tests="4" assertions="12" errors="0" failures="0" skipped="0" time="0.223146">
        <testcase name="it rejects empty and over-limit product selections before any document or status mutation" file="tests\Feature\ProductSalesStatus\SalesStatusBulkValidationTest.php::it rejects empty and over-limit product selections before any document or status mutation" class="Tests\Feature\ProductSalesStatus\SalesStatusBulkValidationTest" classname="Tests.Feature.ProductSalesStatus.SalesStatusBulkValidationTest" assertions="3" time="0.053491"/>
        <testcase name="it rejects a subcategory paired with another parent category" file="tests\Feature\ProductSalesStatus\SalesStatusBulkValidationTest.php::it rejects a subcategory paired with another parent category" class="Tests\Feature\ProductSalesStatus\SalesStatusBulkValidationTest" classname="Tests.Feature.ProductSalesStatus.SalesStatusBulkValidationTest" assertions="2" time="0.052557"/>
        <testcase name="it rejects missing confirmation and preview tokens at the execute boundary without mutation" file="tests\Feature\ProductSalesStatus\SalesStatusBulkValidationTest.php::it rejects missing confirmation and preview tokens at the execute boundary without mutation" class="Tests\Feature\ProductSalesStatus\SalesStatusBulkValidationTest" classname="Tests.Feature.ProductSalesStatus.SalesStatusBulkValidationTest" assertions="3" time="0.059616"/>
        <testcase name="it rejects a stale preview after another transaction changes one target" file="tests\Feature\ProductSalesStatus\SalesStatusBulkValidationTest.php::it rejects a stale preview after another transaction changes one target" class="Tests\Feature\ProductSalesStatus\SalesStatusBulkValidationTest" classname="Tests.Feature.ProductSalesStatus.SalesStatusBulkValidationTest" assertions="4" time="0.057482"/>
      </testsuite>
      <testsuite name="Tests\Feature\ProductSalesStatus\SalesStatusHttpContractTest" file="tests\Feature\ProductSalesStatus\SalesStatusHttpContractTest.php" tests="17" assertions="117" errors="0" failures="1" skipped="0" time="1.515544">
        <testcase name="it keeps every sales status route authenticated, named, and on its declared HTTP method" file="tests\Feature\ProductSalesStatus\SalesStatusHttpContractTest.php::it keeps every sales status route authenticated, named, and on its declared HTTP method" class="Tests\Feature\ProductSalesStatus\SalesStatusHttpContractTest" classname="Tests.Feature.ProductSalesStatus.SalesStatusHttpContractTest" assertions="41" time="0.514359">
          <failure type="PHPUnit\Framework\ExpectationFailedException">it keeps every sales status route authenticated, named, and on its declared HTTP methodExpected response status code [201, 301, 302, 303, 307, 308] but received 503.
Failed asserting that false is true.&#13;
at vendor\laravel\framework\src\Illuminate\Testing\TestResponseAssert.php:45
at vendor\laravel\framework\src\Illuminate\Testing\TestResponse.php:200
at tests\Feature\ProductSalesStatus\SalesStatusHttpContractTest.php:73</failure>
        </testcase>
        <testcase name="it rejects tampered actions, scopes, cross-product variants, and missing custom reasons without mutation" file="tests\Feature\ProductSalesStatus\SalesStatusHttpContractTest.php::it rejects tampered actions, scopes, cross-product variants, and missing custom reasons without mutation" class="Tests\Feature\ProductSalesStatus\SalesStatusHttpContractTest" classname="Tests.Feature.ProductSalesStatus.SalesStatusHttpContractTest" assertions="7" time="0.058648"/>
        <testsuite name="it accepts every documented reason and requires text only for custom reasons" tests="12" assertions="36" errors="0" failures="0" skipped="0" time="0.757796">
          <testcase name="it accepts every documented reason and requires text only for custom reasons with data set &quot;('deactivate', 'supplier_ended')&quot;" file="tests\Feature\ProductSalesStatus\SalesStatusHttpContractTest.php::it accepts every documented reason and requires text only for custom reasons with data set &quot;('deactivate', 'supplier_ended')&quot;" class="Tests\Feature\ProductSalesStatus\SalesStatusHttpContractTest" classname="Tests.Feature.ProductSalesStatus.SalesStatusHttpContractTest" assertions="3" time="0.062398"/>
          <testcase name="it accepts every documented reason and requires text only for custom reasons with data set &quot;('deactivate', 'sales_stopped')&quot;" file="tests\Feature\ProductSalesStatus\SalesStatusHttpContractTest.php::it accepts every documented reason and requires text only for custom reasons with data set &quot;('deactivate', 'sales_stopped')&quot;" class="Tests\Feature\ProductSalesStatus\SalesStatusHttpContractTest" classname="Tests.Feature.ProductSalesStatus.SalesStatusHttpContractTest" assertions="3" time="0.059723"/>
          <testcase name="it accepts every documented reason and requires text only for custom reasons with data set &quot;('deactivate', 'quality_issue')&quot;" file="tests\Feature\ProductSalesStatus\SalesStatusHttpContractTest.php::it accepts every documented reason and requires text only for custom reasons with data set &quot;('deactivate', 'quality_issue')&quot;" class="Tests\Feature\ProductSalesStatus\SalesStatusHttpContractTest" classname="Tests.Feature.ProductSalesStatus.SalesStatusHttpContractTest" assertions="3" time="0.060541"/>
          <testcase name="it accepts every documented reason and requires text only for custom reasons with data set &quot;('deactivate', 'long_term_out_of_stock')&quot;" file="tests\Feature\ProductSalesStatus\SalesStatusHttpContractTest.php::it accepts every documented reason and requires text only for custom reasons with data set &quot;('deactivate', 'long_term_out_of_stock')&quot;" class="Tests\Feature\ProductSalesStatus\SalesStatusHttpContractTest" classname="Tests.Feature.ProductSalesStatus.SalesStatusHttpContractTest" assertions="3" time="0.072876"/>
          <testcase name="it accepts every documented reason and requires text only for custom reasons with data set &quot;('deactivate', 'management_decision')&quot;" file="tests\Feature\ProductSalesStatus\SalesStatusHttpContractTest.php::it accepts every documented reason and requires text only for custom reasons with data set &quot;('deactivate', 'management_decision')&quot;" class="Tests\Feature\ProductSalesStatus\SalesStatusHttpContractTest" classname="Tests.Feature.ProductSalesStatus.SalesStatusHttpContractTest" assertions="3" time="0.061574"/>
          <testcase name="it accepts every documented reason and requires text only for custom reasons with data set &quot;('deactivate', 'wrong_registration')&quot;" file="tests\Feature\ProductSalesStatus\SalesStatusHttpContractTest.php::it accepts every documented reason and requires text only for custom reasons with data set &quot;('deactivate', 'wrong_registration')&quot;" class="Tests\Feature\ProductSalesStatus\SalesStatusHttpContractTest" classname="Tests.Feature.ProductSalesStatus.SalesStatusHttpContractTest" assertions="3" time="0.059053"/>
          <testcase name="it accepts every documented reason and requires text only for custom reasons with data set &quot;('deactivate', 'custom')&quot;" file="tests\Feature\ProductSalesStatus\SalesStatusHttpContractTest.php::it accepts every documented reason and requires text only for custom reasons with data set &quot;('deactivate', 'custom')&quot;" class="Tests\Feature\ProductSalesStatus\SalesStatusHttpContractTest" classname="Tests.Feature.ProductSalesStatus.SalesStatusHttpContractTest" assertions="3" time="0.061911"/>
          <testcase name="it accepts every documented reason and requires text only for custom reasons with data set &quot;('activate', 'restocked')&quot;" file="tests\Feature\ProductSalesStatus\SalesStatusHttpContractTest.php::it accepts every documented reason and requires text only for custom reasons with data set &quot;('activate', 'restocked')&quot;" class="Tests\Feature\ProductSalesStatus\SalesStatusHttpContractTest" classname="Tests.Feature.ProductSalesStatus.SalesStatusHttpContractTest" assertions="3" time="0.061514"/>
          <testcase name="it accepts every documented reason and requires text only for custom reasons with data set &quot;('activate', 'supplier_resumed')&quot;" file="tests\Feature\ProductSalesStatus\SalesStatusHttpContractTest.php::it accepts every documented reason and requires text only for custom reasons with data set &quot;('activate', 'supplier_resumed')&quot;" class="Tests\Feature\ProductSalesStatus\SalesStatusHttpContractTest" classname="Tests.Feature.ProductSalesStatus.SalesStatusHttpContractTest" assertions="3" time="0.058466"/>
          <testcase name="it accepts every documented reason and requires text only for custom reasons with data set &quot;('activate', 'management_reactivation')&quot;" file="tests\Feature\ProductSalesStatus\SalesStatusHttpContractTest.php::it accepts every documented reason and requires text only for custom reasons with data set &quot;('activate', 'management_reactivation')&quot;" class="Tests\Feature\ProductSalesStatus\SalesStatusHttpContractTest" classname="Tests.Feature.ProductSalesStatus.SalesStatusHttpContractTest" assertions="3" time="0.078598"/>
          <testcase name="it accepts every documented reason and requires text only for custom reasons with data set &quot;('activate', 'issue_resolved')&quot;" file="tests\Feature\ProductSalesStatus\SalesStatusHttpContractTest.php::it accepts every documented reason and requires text only for custom reasons with data set &quot;('activate', 'issue_resolved')&quot;" class="Tests\Feature\ProductSalesStatus\SalesStatusHttpContractTest" classname="Tests.Feature.ProductSalesStatus.SalesStatusHttpContractTest" assertions="3" time="0.061583"/>
          <testcase name="it accepts every documented reason and requires text only for custom reasons with data set &quot;('activate', 'custom')&quot;" file="tests\Feature\ProductSalesStatus\SalesStatusHttpContractTest.php::it accepts every documented reason and requires text only for custom reasons with data set &quot;('activate', 'custom')&quot;" class="Tests\Feature\ProductSalesStatus\SalesStatusHttpContractTest" classname="Tests.Feature.ProductSalesStatus.SalesStatusHttpContractTest" assertions="3" time="0.059559"/>
        </testsuite>
        <testcase name="it searches names codes short barcodes and variant codes with bounded pagination metadata" file="tests\Feature\ProductSalesStatus\SalesStatusHttpContractTest.php::it searches names codes short barcodes and variant codes with bounded pagination metadata" class="Tests\Feature\ProductSalesStatus\SalesStatusHttpContractTest" classname="Tests.Feature.ProductSalesStatus.SalesStatusHttpContractTest" assertions="16" time="0.063113"/>
        <testcase name="it lazy loads exact structural and commercial variant fields and aggregate counts" file="tests\Feature\ProductSalesStatus\SalesStatusHttpContractTest.php::it lazy loads exact structural and commercial variant fields and aggregate counts" class="Tests\Feature\ProductSalesStatus\SalesStatusHttpContractTest" classname="Tests.Feature.ProductSalesStatus.SalesStatusHttpContractTest" assertions="14" time="0.055165"/>
        <testcase name="it preserves product and variant name snapshots after live records are renamed" file="tests\Feature\ProductSalesStatus\SalesStatusHttpContractTest.php::it preserves product and variant name snapshots after live records are renamed" class="Tests\Feature\ProductSalesStatus\SalesStatusHttpContractTest" classname="Tests.Feature.ProductSalesStatus.SalesStatusHttpContractTest" assertions="3" time="0.066464"/>
      </testsuite>
      <testsuite name="Tests\Feature\ProductSearchTest" file="Product Search (Tests\Feature\ProductSearch)" tests="7" assertions="11" errors="0" failures="3" skipped="0" time="0.509605">
        <testcase name="Products index exposes ajax search shell with initial filters" file="Product Search (Tests\Feature\ProductSearch)::Products index exposes ajax search shell with initial filters" class="Tests\Feature\ProductSearchTest" classname="Tests.Feature.ProductSearchTest" assertions="1" time="0.089367">
          <failure type="PHPUnit\Framework\ExpectationFailedException">Products index exposes ajax search shell with initial filtersExpected response status code [200] but received 503.
Failed asserting that 503 is identical to 200.&#13;
at vendor\laravel\framework\src\Illuminate\Testing\TestResponseAssert.php:45
at vendor\laravel\framework\src\Illuminate\Testing\TestResponse.php:175
at vendor\laravel\framework\src\Illuminate\Testing\Concerns\AssertsStatusCodes.php:16
at tests\Feature\ProductSearchTest.php:51</failure>
        </testcase>
        <testcase name="Products data keeps search strict with category filter and cursor meta" file="Product Search (Tests\Feature\ProductSearch)::Products data keeps search strict with category filter and cursor meta" class="Tests\Feature\ProductSearchTest" classname="Tests.Feature.ProductSearchTest" assertions="1" time="0.062996">
          <failure type="PHPUnit\Framework\ExpectationFailedException">Products data keeps search strict with category filter and cursor metaExpected response status code [200] but received 503.
Failed asserting that 503 is identical to 200.&#13;
at vendor\laravel\framework\src\Illuminate\Testing\TestResponseAssert.php:45
at vendor\laravel\framework\src\Illuminate\Testing\TestResponse.php:175
at vendor\laravel\framework\src\Illuminate\Testing\Concerns\AssertsStatusCodes.php:16
at tests\Feature\ProductSearchTest.php:93</failure>
        </testcase>
        <testcase name="Products index form submits one canonical q field" file="Product Search (Tests\Feature\ProductSearch)::Products index form submits one canonical q field" class="Tests\Feature\ProductSearchTest" classname="Tests.Feature.ProductSearchTest" assertions="1" time="0.055351">
          <failure type="PHPUnit\Framework\ExpectationFailedException">Products index form submits one canonical q fieldExpected response status code [200] but received 503.
Failed asserting that 503 is identical to 200.&#13;
at vendor\laravel\framework\src\Illuminate\Testing\TestResponseAssert.php:45
at vendor\laravel\framework\src\Illuminate\Testing\TestResponse.php:175
at vendor\laravel\framework\src\Illuminate\Testing\Concerns\AssertsStatusCodes.php:16
at tests\Feature\ProductSearchTest.php:114</failure>
        </testcase>
        <testcase name="Multi word product search requires every token across searchable fields" file="Product Search (Tests\Feature\ProductSearch)::Multi word product search requires every token across searchable fields" class="Tests\Feature\ProductSearchTest" classname="Tests.Feature.ProductSearchTest" assertions="3" time="0.077757"/>
        <testcase name="Multi word product search can match category and keeps category filters" file="Product Search (Tests\Feature\ProductSearch)::Multi word product search can match category and keeps category filters" class="Tests\Feature\ProductSearchTest" classname="Tests.Feature.ProductSearchTest" assertions="1" time="0.064803"/>
        <testcase name="Multi word product search requires all tokens for iphone query" file="Product Search (Tests\Feature\ProductSearch)::Multi word product search requires all tokens for iphone query" class="Tests\Feature\ProductSearchTest" classname="Tests.Feature.ProductSearchTest" assertions="1" time="0.087424"/>
        <testcase name="Single word and code search still match related products" file="Product Search (Tests\Feature\ProductSearch)::Single word and code search still match related products" class="Tests\Feature\ProductSearchTest" classname="Tests.Feature.ProductSearchTest" assertions="3" time="0.071908"/>
      </testsuite>
      <testsuite name="Tests\Feature\ProductVisitPriceListTest" file="Product Visit Price List (Tests\Feature\ProductVisitPriceList)" tests="5" assertions="5" errors="0" failures="5" skipped="0" time="0.454125">
        <testcase name="Visit mode renders each variant as its own row with stock and price" file="Product Visit Price List (Tests\Feature\ProductVisitPriceList)::Visit mode renders each variant as its own row with stock and price" class="Tests\Feature\ProductVisitPriceListTest" classname="Tests.Feature.ProductVisitPriceListTest" assertions="1" time="0.093305">
          <failure type="PHPUnit\Framework\ExpectationFailedException">Visit mode renders each variant as its own row with stock and priceExpected response status code [200] but received 503.
Failed asserting that 503 is identical to 200.&#13;
at vendor\laravel\framework\src\Illuminate\Testing\TestResponseAssert.php:45
at vendor\laravel\framework\src\Illuminate\Testing\TestResponse.php:175
at vendor\laravel\framework\src\Illuminate\Testing\Concerns\AssertsStatusCodes.php:16
at tests\Feature\ProductVisitPriceListTest.php:32</failure>
        </testcase>
        <testcase name="Visit stock filter applies to variant rows not only the parent product" file="Product Visit Price List (Tests\Feature\ProductVisitPriceList)::Visit stock filter applies to variant rows not only the parent product" class="Tests\Feature\ProductVisitPriceListTest" classname="Tests.Feature.ProductVisitPriceListTest" assertions="1" time="0.088239">
          <failure type="PHPUnit\Framework\ExpectationFailedException">Visit stock filter applies to variant rows not only the parent productExpected response status code [200] but received 503.
Failed asserting that 503 is identical to 200.&#13;
at vendor\laravel\framework\src\Illuminate\Testing\TestResponseAssert.php:45
at vendor\laravel\framework\src\Illuminate\Testing\TestResponse.php:175
at vendor\laravel\framework\src\Illuminate\Testing\Concerns\AssertsStatusCodes.php:16
at tests\Feature\ProductVisitPriceListTest.php:54</failure>
        </testcase>
        <testcase name="Visit mode uses parent price as variant fallback and preserves zero stock label" file="Product Visit Price List (Tests\Feature\ProductVisitPriceList)::Visit mode uses parent price as variant fallback and preserves zero stock label" class="Tests\Feature\ProductVisitPriceListTest" classname="Tests.Feature.ProductVisitPriceListTest" assertions="1" time="0.088401">
          <failure type="PHPUnit\Framework\ExpectationFailedException">Visit mode uses parent price as variant fallback and preserves zero stock labelExpected response status code [200] but received 503.
Failed asserting that 503 is identical to 200.&#13;
at vendor\laravel\framework\src\Illuminate\Testing\TestResponseAssert.php:45
at vendor\laravel\framework\src\Illuminate\Testing\TestResponse.php:175
at vendor\laravel\framework\src\Illuminate\Testing\Concerns\AssertsStatusCodes.php:16
at tests\Feature\ProductVisitPriceListTest.php:73</failure>
        </testcase>
        <testcase name="Catalog mode keeps the existing grouped view" file="Product Visit Price List (Tests\Feature\ProductVisitPriceList)::Catalog mode keeps the existing grouped view" class="Tests\Feature\ProductVisitPriceListTest" classname="Tests.Feature.ProductVisitPriceListTest" assertions="1" time="0.097882">
          <failure type="PHPUnit\Framework\ExpectationFailedException">Catalog mode keeps the existing grouped viewExpected response status code [200] but received 503.
Failed asserting that 503 is identical to 200.&#13;
at vendor\laravel\framework\src\Illuminate\Testing\TestResponseAssert.php:45
at vendor\laravel\framework\src\Illuminate\Testing\TestResponse.php:175
at vendor\laravel\framework\src\Illuminate\Testing\Concerns\AssertsStatusCodes.php:16
at tests\Feature\ProductVisitPriceListTest.php:88</failure>
        </testcase>
        <testcase name="Simple product without variants still has one visit row" file="Product Visit Price List (Tests\Feature\ProductVisitPriceList)::Simple product without variants still has one visit row" class="Tests\Feature\ProductVisitPriceListTest" classname="Tests.Feature.ProductVisitPriceListTest" assertions="1" time="0.086297">
          <failure type="PHPUnit\Framework\ExpectationFailedException">Simple product without variants still has one visit rowExpected response status code [200] but received 503.
Failed asserting that 503 is identical to 200.&#13;
at vendor\laravel\framework\src\Illuminate\Testing\TestResponseAssert.php:45
at vendor\laravel\framework\src\Illuminate\Testing\TestResponse.php:175
at vendor\laravel\framework\src\Illuminate\Testing\Concerns\AssertsStatusCodes.php:16
at tests\Feature\ProductVisitPriceListTest.php:101</failure>
        </testcase>
      </testsuite>
      <testsuite name="Tests\Feature\PurchaseExportSummaryTest" file="Purchase Export Summary (Tests\Feature\PurchaseExportSummary)" tests="1" assertions="2" errors="0" failures="0" skipped="0" time="0.056142">
        <testcase name="Purchase export query returns one row per purchase not items" file="Purchase Export Summary (Tests\Feature\PurchaseExportSummary)::Purchase export query returns one row per purchase not items" class="Tests\Feature\PurchaseExportSummaryTest" classname="Tests.Feature.PurchaseExportSummaryTest" assertions="2" time="0.056142"/>
      </testsuite>
      <testsuite name="Tests\Feature\PurchaseJalaliFilterQueryTest" file="Purchase Jalali Filter Query (Tests\Feature\PurchaseJalaliFilterQuery)" tests="1" assertions="1" errors="0" failures="0" skipped="0" time="0.050582">
        <testcase name="Export filter includes the whole end day and combines supplier filter" file="Purchase Jalali Filter Query (Tests\Feature\PurchaseJalaliFilterQuery)::Export filter includes the whole end day and combines supplier filter" class="Tests\Feature\PurchaseJalaliFilterQueryTest" classname="Tests.Feature.PurchaseJalaliFilterQueryTest" assertions="1" time="0.050582"/>
      </testsuite>
      <testsuite name="Tests\Feature\PurchaseValidationTest" file="Purchase Validation (Tests\Feature\PurchaseValidation)" tests="9" assertions="15" errors="0" failures="0" skipped="0" time="0.462846">
        <testsuite name="Money values are normalized to the same integer rial" tests="5" assertions="5" errors="0" failures="0" skipped="0" time="0.260986">
          <testcase name="Money values are normalized to the same integer rial with data set &quot;english plain&quot;" file="Purchase Validation (Tests\Feature\PurchaseValidation)::Money values are normalized to the same integer rial with data set &quot;english plain&quot;" class="Tests\Feature\PurchaseValidationTest" classname="Tests.Feature.PurchaseValidationTest" assertions="1" time="0.051773"/>
          <testcase name="Money values are normalized to the same integer rial with data set &quot;english grouped&quot;" file="Purchase Validation (Tests\Feature\PurchaseValidation)::Money values are normalized to the same integer rial with data set &quot;english grouped&quot;" class="Tests\Feature\PurchaseValidationTest" classname="Tests.Feature.PurchaseValidationTest" assertions="1" time="0.050601"/>
          <testcase name="Money values are normalized to the same integer rial with data set &quot;persian plain&quot;" file="Purchase Validation (Tests\Feature\PurchaseValidation)::Money values are normalized to the same integer rial with data set &quot;persian plain&quot;" class="Tests\Feature\PurchaseValidationTest" classname="Tests.Feature.PurchaseValidationTest" assertions="1" time="0.060593"/>
          <testcase name="Money values are normalized to the same integer rial with data set &quot;persian grouped&quot;" file="Purchase Validation (Tests\Feature\PurchaseValidation)::Money values are normalized to the same integer rial with data set &quot;persian grouped&quot;" class="Tests\Feature\PurchaseValidationTest" classname="Tests.Feature.PurchaseValidationTest" assertions="1" time="0.052020"/>
          <testcase name="Money values are normalized to the same integer rial with data set &quot;arabic grouped&quot;" file="Purchase Validation (Tests\Feature\PurchaseValidation)::Money values are normalized to the same integer rial with data set &quot;arabic grouped&quot;" class="Tests\Feature\PurchaseValidationTest" classname="Tests.Feature.PurchaseValidationTest" assertions="1" time="0.045999"/>
        </testsuite>
        <testcase name="Json payload preserves all rows without using php input variable slots" file="Purchase Validation (Tests\Feature\PurchaseValidation)::Json payload preserves all rows without using php input variable slots" class="Tests\Feature\PurchaseValidationTest" classname="Tests.Feature.PurchaseValidationTest" assertions="3" time="0.045950"/>
        <testcase name="Invalid json payload is rejected without partial items" file="Purchase Validation (Tests\Feature\PurchaseValidation)::Invalid json payload is rejected without partial items" class="Tests\Feature\PurchaseValidationTest" classname="Tests.Feature.PurchaseValidationTest" assertions="2" time="0.049825"/>
        <testcase name="Two billion rial line total stays an integer" file="Purchase Validation (Tests\Feature\PurchaseValidation)::Two billion rial line total stays an integer" class="Tests\Feature\PurchaseValidationTest" classname="Tests.Feature.PurchaseValidationTest" assertions="3" time="0.047953"/>
        <testcase name="Same submission token cannot be acquired twice" file="Purchase Validation (Tests\Feature\PurchaseValidation)::Same submission token cannot be acquired twice" class="Tests\Feature\PurchaseValidationTest" classname="Tests.Feature.PurchaseValidationTest" assertions="2" time="0.058132"/>
      </testsuite>
      <testsuite name="Tests\Feature\QuarantineZeroPriceVariantsCommandTest" file="Quarantine Zero Price Variants Command (Tests\Feature\QuarantineZeroPriceVariantsCommand)" tests="2" assertions="11" errors="0" failures="0" skipped="0" time="0.130722">
        <testcase name="Zero price variant only disables sales and keeps price stock reserved" file="Quarantine Zero Price Variants Command (Tests\Feature\QuarantineZeroPriceVariantsCommand)::Zero price variant only disables sales and keeps price stock reserved" class="Tests\Feature\QuarantineZeroPriceVariantsCommandTest" classname="Tests.Feature.QuarantineZeroPriceVariantsCommandTest" assertions="6" time="0.066712"/>
        <testcase name="Dry run changes nothing and second apply is idempotent" file="Quarantine Zero Price Variants Command (Tests\Feature\QuarantineZeroPriceVariantsCommand)::Dry run changes nothing and second apply is idempotent" class="Tests\Feature\QuarantineZeroPriceVariantsCommandTest" classname="Tests.Feature.QuarantineZeroPriceVariantsCommandTest" assertions="5" time="0.064010"/>
      </testsuite>
      <testsuite name="Tests\Feature\RecoveryExportDeltaCommandTest" file="tests\Feature\RecoveryExportDeltaCommandTest.php" tests="10" assertions="84" errors="0" failures="0" skipped="0" time="2.574510">
        <testcase name="it exports new and updated invoices and expands a changed child to the complete invoice snapshot" file="tests\Feature\RecoveryExportDeltaCommandTest.php::it exports new and updated invoices and expands a changed child to the complete invoice snapshot" class="Tests\Feature\RecoveryExportDeltaCommandTest" classname="Tests.Feature.RecoveryExportDeltaCommandTest" assertions="18" time="0.306398"/>
        <testcase name="it exports related stock, inbound queue data, and marks current stock tables snapshot only" file="tests\Feature\RecoveryExportDeltaCommandTest.php::it exports related stock, inbound queue data, and marks current stock tables snapshot only" class="Tests\Feature\RecoveryExportDeltaCommandTest" classname="Tests.Feature.RecoveryExportDeltaCommandTest" assertions="15" time="0.290056"/>
        <testcase name="it removes sensitive fields, creates a valid zip, and executes no database write statement" file="tests\Feature\RecoveryExportDeltaCommandTest.php::it removes sensitive fields, creates a valid zip, and executes no database write statement" class="Tests\Feature\RecoveryExportDeltaCommandTest" classname="Tests.Feature.RecoveryExportDeltaCommandTest" assertions="16" time="0.251042"/>
        <testcase name="it requires hours or since and validates positive hours" file="tests\Feature\RecoveryExportDeltaCommandTest.php::it requires hours or since and validates positive hours" class="Tests\Feature\RecoveryExportDeltaCommandTest" classname="Tests.Feature.RecoveryExportDeltaCommandTest" assertions="2" time="0.067168"/>
        <testcase name="it does not export an unchanged old invoice without a changed relation" file="tests\Feature\RecoveryExportDeltaCommandTest.php::it does not export an unchanged old invoice without a changed relation" class="Tests\Feature\RecoveryExportDeltaCommandTest" classname="Tests.Feature.RecoveryExportDeltaCommandTest" assertions="4" time="0.343795"/>
        <testcase name="it exports every old item belonging to a changed invoice" file="tests\Feature\RecoveryExportDeltaCommandTest.php::it exports every old item belonging to a changed invoice" class="Tests\Feature\RecoveryExportDeltaCommandTest" classname="Tests.Feature.RecoveryExportDeltaCommandTest" assertions="6" time="0.259382"/>
        <testcase name="it exports the customer related to a changed invoice even when the customer is old" file="tests\Feature\RecoveryExportDeltaCommandTest.php::it exports the customer related to a changed invoice even when the customer is old" class="Tests\Feature\RecoveryExportDeltaCommandTest" classname="Tests.Feature.RecoveryExportDeltaCommandTest" assertions="4" time="0.249627"/>
        <testcase name="it exports a changed stock movement and its otherwise old invoice" file="tests\Feature\RecoveryExportDeltaCommandTest.php::it exports a changed stock movement and its otherwise old invoice" class="Tests\Feature\RecoveryExportDeltaCommandTest" classname="Tests.Feature.RecoveryExportDeltaCommandTest" assertions="6" time="0.252846"/>
        <testcase name="it classifies product and warehouse stock exports as snapshot only" file="tests\Feature\RecoveryExportDeltaCommandTest.php::it classifies product and warehouse stock exports as snapshot only" class="Tests\Feature\RecoveryExportDeltaCommandTest" classname="Tests.Feature.RecoveryExportDeltaCommandTest" assertions="8" time="0.282007"/>
        <testcase name="it never creates a users authentication export file" file="tests\Feature\RecoveryExportDeltaCommandTest.php::it never creates a users authentication export file" class="Tests\Feature\RecoveryExportDeltaCommandTest" classname="Tests.Feature.RecoveryExportDeltaCommandTest" assertions="5" time="0.272190"/>
      </testsuite>
      <testsuite name="Tests\Feature\RepairMissingOfficialReservationsCommandTest" file="Repair Missing Official Reservations Command (Tests\Feature\RepairMissingOfficialReservationsCommand)" tests="4" assertions="21" errors="0" failures="0" skipped="0" time="0.273320">
        <testcase name="Finance queue preinvoice with correct reservation stays untouched" file="Repair Missing Official Reservations Command (Tests\Feature\RepairMissingOfficialReservationsCommand)::Finance queue preinvoice with correct reservation stays untouched" class="Tests\Feature\RepairMissingOfficialReservationsCommandTest" classname="Tests.Feature.RepairMissingOfficialReservationsCommandTest" assertions="4" time="0.087850"/>
        <testcase name="Preinvoice with invoice or stock released at is never backfilled" file="Repair Missing Official Reservations Command (Tests\Feature\RepairMissingOfficialReservationsCommand)::Preinvoice with invoice or stock released at is never backfilled" class="Tests\Feature\RepairMissingOfficialReservationsCommandTest" classname="Tests.Feature.RepairMissingOfficialReservationsCommandTest" assertions="4" time="0.060532"/>
        <testcase name="Temporary user reservations are not changed" file="Repair Missing Official Reservations Command (Tests\Feature\RepairMissingOfficialReservationsCommand)::Temporary user reservations are not changed" class="Tests\Feature\RepairMissingOfficialReservationsCommandTest" classname="Tests.Feature.RepairMissingOfficialReservationsCommandTest" assertions="7" time="0.061628"/>
        <testcase name="Dry run is default and apply is idempotent" file="Repair Missing Official Reservations Command (Tests\Feature\RepairMissingOfficialReservationsCommand)::Dry run is default and apply is idempotent" class="Tests\Feature\RepairMissingOfficialReservationsCommandTest" classname="Tests.Feature.RepairMissingOfficialReservationsCommandTest" assertions="6" time="0.063309"/>
      </testsuite>
      <testsuite name="Tests\Feature\RepairReservedCacheCommandTest" file="Repair Reserved Cache Command (Tests\Feature\RepairReservedCacheCommand)" tests="3" assertions="14" errors="0" failures="0" skipped="0" time="0.221842">
        <testcase name="Expected reserved excludes official but keeps active temporary and preinvoice 301" file="Repair Reserved Cache Command (Tests\Feature\RepairReservedCacheCommand)::Expected reserved excludes official but keeps active temporary and preinvoice 301" class="Tests\Feature\RepairReservedCacheCommandTest" classname="Tests.Feature.RepairReservedCacheCommandTest" assertions="5" time="0.078207"/>
        <testcase name="Cancelled by finance unreleased variants are excluded and warehouse stocks do not change" file="Repair Reserved Cache Command (Tests\Feature\RepairReservedCacheCommand)::Cancelled by finance unreleased variants are excluded and warehouse stocks do not change" class="Tests\Feature\RepairReservedCacheCommandTest" classname="Tests.Feature.RepairReservedCacheCommandTest" assertions="3" time="0.067120"/>
        <testcase name="Dry run changes nothing and apply is idempotent" file="Repair Reserved Cache Command (Tests\Feature\RepairReservedCacheCommand)::Dry run changes nothing and apply is idempotent" class="Tests\Feature\RepairReservedCacheCommandTest" classname="Tests.Feature.RepairReservedCacheCommandTest" assertions="6" time="0.076514"/>
      </testsuite>
      <testsuite name="Tests\Feature\SalesDocumentTotalsConsistencyTest" file="tests\Feature\SalesDocumentTotalsConsistencyTest.php" tests="2" assertions="7" errors="0" failures="0" skipped="0" time="0.117689">
        <testcase name="it uses SalesDocumentTotals for order totals finalize and reapproval sync" file="tests\Feature\SalesDocumentTotalsConsistencyTest.php::it uses SalesDocumentTotals for order totals finalize and reapproval sync" class="Tests\Feature\SalesDocumentTotalsConsistencyTest" classname="Tests.Feature.SalesDocumentTotalsConsistencyTest" assertions="3" time="0.049773"/>
        <testcase name="it preserves proportional line discounts in both warehouse invoice mutation paths" file="tests\Feature\SalesDocumentTotalsConsistencyTest.php::it preserves proportional line discounts in both warehouse invoice mutation paths" class="Tests\Feature\SalesDocumentTotalsConsistencyTest" classname="Tests.Feature.SalesDocumentTotalsConsistencyTest" assertions="4" time="0.067916"/>
      </testsuite>
      <testsuite name="Tests\Feature\SalesPrintDiscountSummaryTest" file="Sales Print Discount Summary (Tests\Feature\SalesPrintDiscountSummary)" tests="3" assertions="21" errors="0" failures="0" skipped="0" time="0.158764">
        <testcase name="Invoice print summary uses items net subtotal and invoice discount only" file="Sales Print Discount Summary (Tests\Feature\SalesPrintDiscountSummary)::Invoice print summary uses items net subtotal and invoice discount only" class="Tests\Feature\SalesPrintDiscountSummaryTest" classname="Tests.Feature.SalesPrintDiscountSummaryTest" assertions="9" time="0.054122"/>
        <testcase name="Preinvoice without product discount keeps gross and items net subtotal equal" file="Sales Print Discount Summary (Tests\Feature\SalesPrintDiscountSummary)::Preinvoice without product discount keeps gross and items net subtotal equal" class="Tests\Feature\SalesPrintDiscountSummaryTest" classname="Tests.Feature.SalesPrintDiscountSummaryTest" assertions="6" time="0.055312"/>
        <testcase name="Preinvoice with only product discount prints zero invoice discount" file="Sales Print Discount Summary (Tests\Feature\SalesPrintDiscountSummary)::Preinvoice with only product discount prints zero invoice discount" class="Tests\Feature\SalesPrintDiscountSummaryTest" classname="Tests.Feature.SalesPrintDiscountSummaryTest" assertions="6" time="0.049331"/>
      </testsuite>
      <testsuite name="Tests\Feature\SalesQueueOrderingTest" file="Sales Queue Ordering (Tests\Feature\SalesQueueOrdering)" tests="5" assertions="25" errors="0" failures="0" skipped="0" time="0.006324">
        <testcase name="Initial page and refresh use created at desc with id tie breaker" file="Sales Queue Ordering (Tests\Feature\SalesQueueOrdering)::Initial page and refresh use created at desc with id tie breaker" class="Tests\Feature\SalesQueueOrderingTest" classname="Tests.Feature.SalesQueueOrderingTest" assertions="2" time="0.002980"/>
        <testcase name="Queue data uses bounded pagination and returns metadata" file="Sales Queue Ordering (Tests\Feature\SalesQueueOrdering)::Queue data uses bounded pagination and returns metadata" class="Tests\Feature\SalesQueueOrderingTest" classname="Tests.Feature.SalesQueueOrderingTest" assertions="8" time="0.001037"/>
        <testcase name="Only collection statuses remain in the queue contract" file="Sales Queue Ordering (Tests\Feature\SalesQueueOrdering)::Only collection statuses remain in the queue contract" class="Tests\Feature\SalesQueueOrderingTest" classname="Tests.Feature.SalesQueueOrderingTest" assertions="5" time="0.001026"/>
        <testcase name="Auto refresh requests and replaces only the current page" file="Sales Queue Ordering (Tests\Feature\SalesQueueOrdering)::Auto refresh requests and replaces only the current page" class="Tests\Feature\SalesQueueOrderingTest" classname="Tests.Feature.SalesQueueOrderingTest" assertions="6" time="0.000882"/>
        <testcase name="Desktop and mobile render the same paginated collection" file="Sales Queue Ordering (Tests\Feature\SalesQueueOrdering)::Desktop and mobile render the same paginated collection" class="Tests\Feature\SalesQueueOrderingTest" classname="Tests.Feature.SalesQueueOrderingTest" assertions="4" time="0.000399"/>
      </testsuite>
      <testsuite name="Tests\Feature\SalesReturnAppliedAdjustmentTest" file="Sales Return Applied Adjustment (Tests\Feature\SalesReturnAppliedAdjustment)" tests="18" assertions="23" errors="0" failures="0" skipped="0" time="0.964313">
        <testcase name="Draft has edit and delete actions" file="Sales Return Applied Adjustment (Tests\Feature\SalesReturnAppliedAdjustment)::Draft has edit and delete actions" class="Tests\Feature\SalesReturnAppliedAdjustmentTest" classname="Tests.Feature.SalesReturnAppliedAdjustmentTest" assertions="1" time="0.051513"/>
        <testcase name="Applied has edit and void actions with permission" file="Sales Return Applied Adjustment (Tests\Feature\SalesReturnAppliedAdjustment)::Applied has edit and void actions with permission" class="Tests\Feature\SalesReturnAppliedAdjustmentTest" classname="Tests.Feature.SalesReturnAppliedAdjustmentTest" assertions="2" time="0.050241"/>
        <testcase name="Applied actions hidden without permission" file="Sales Return Applied Adjustment (Tests\Feature\SalesReturnAppliedAdjustment)::Applied actions hidden without permission" class="Tests\Feature\SalesReturnAppliedAdjustmentTest" classname="Tests.Feature.SalesReturnAppliedAdjustmentTest" assertions="1" time="0.062676"/>
        <testcase name="Legacy is read only" file="Sales Return Applied Adjustment (Tests\Feature\SalesReturnAppliedAdjustment)::Legacy is read only" class="Tests\Feature\SalesReturnAppliedAdjustmentTest" classname="Tests.Feature.SalesReturnAppliedAdjustmentTest" assertions="1" time="0.064964"/>
        <testcase name="Applied edit keeps document number" file="Sales Return Applied Adjustment (Tests\Feature\SalesReturnAppliedAdjustment)::Applied edit keeps document number" class="Tests\Feature\SalesReturnAppliedAdjustmentTest" classname="Tests.Feature.SalesReturnAppliedAdjustmentTest" assertions="1" time="0.048348"/>
        <testcase name="Applied edit keeps created at" file="Sales Return Applied Adjustment (Tests\Feature\SalesReturnAppliedAdjustment)::Applied edit keeps created at" class="Tests\Feature\SalesReturnAppliedAdjustmentTest" classname="Tests.Feature.SalesReturnAppliedAdjustmentTest" assertions="1" time="0.049108"/>
        <testcase name="Applied edit keeps original applied at" file="Sales Return Applied Adjustment (Tests\Feature\SalesReturnAppliedAdjustment)::Applied edit keeps original applied at" class="Tests\Feature\SalesReturnAppliedAdjustmentTest" classname="Tests.Feature.SalesReturnAppliedAdjustmentTest" assertions="1" time="0.048936"/>
        <testcase name="Applied edit keeps customer and source" file="Sales Return Applied Adjustment (Tests\Feature\SalesReturnAppliedAdjustment)::Applied edit keeps customer and source" class="Tests\Feature\SalesReturnAppliedAdjustmentTest" classname="Tests.Feature.SalesReturnAppliedAdjustmentTest" assertions="2" time="0.054048"/>
        <testcase name="Applied edit reverses old stock and queues reapproval" file="Sales Return Applied Adjustment (Tests\Feature\SalesReturnAppliedAdjustment)::Applied edit reverses old stock and queues reapproval" class="Tests\Feature\SalesReturnAppliedAdjustmentTest" classname="Tests.Feature.SalesReturnAppliedAdjustmentTest" assertions="3" time="0.051549"/>
        <testcase name="Applied edit reverses old credit and defers new credit" file="Sales Return Applied Adjustment (Tests\Feature\SalesReturnAppliedAdjustment)::Applied edit reverses old credit and defers new credit" class="Tests\Feature\SalesReturnAppliedAdjustmentTest" classname="Tests.Feature.SalesReturnAppliedAdjustmentTest" assertions="2" time="0.065317"/>
        <testcase name="Insufficient stock rolls back entire adjustment" file="Sales Return Applied Adjustment (Tests\Feature\SalesReturnAppliedAdjustment)::Insufficient stock rolls back entire adjustment" class="Tests\Feature\SalesReturnAppliedAdjustmentTest" classname="Tests.Feature.SalesReturnAppliedAdjustmentTest" assertions="1" time="0.048669"/>
        <testcase name="Applied void reverses stock" file="Sales Return Applied Adjustment (Tests\Feature\SalesReturnAppliedAdjustment)::Applied void reverses stock" class="Tests\Feature\SalesReturnAppliedAdjustmentTest" classname="Tests.Feature.SalesReturnAppliedAdjustmentTest" assertions="1" time="0.046457"/>
        <testcase name="Applied void reverses customer credit" file="Sales Return Applied Adjustment (Tests\Feature\SalesReturnAppliedAdjustment)::Applied void reverses customer credit" class="Tests\Feature\SalesReturnAppliedAdjustmentTest" classname="Tests.Feature.SalesReturnAppliedAdjustmentTest" assertions="1" time="0.055122"/>
        <testcase name="Applied void keeps document and items" file="Sales Return Applied Adjustment (Tests\Feature\SalesReturnAppliedAdjustment)::Applied void keeps document and items" class="Tests\Feature\SalesReturnAppliedAdjustmentTest" classname="Tests.Feature.SalesReturnAppliedAdjustmentTest" assertions="1" time="0.051954"/>
        <testcase name="Applied void marks document cancelled" file="Sales Return Applied Adjustment (Tests\Feature\SalesReturnAppliedAdjustment)::Applied void marks document cancelled" class="Tests\Feature\SalesReturnAppliedAdjustmentTest" classname="Tests.Feature.SalesReturnAppliedAdjustmentTest" assertions="1" time="0.052639"/>
        <testcase name="Repeated void does not reverse twice" file="Sales Return Applied Adjustment (Tests\Feature\SalesReturnAppliedAdjustment)::Repeated void does not reverse twice" class="Tests\Feature\SalesReturnAppliedAdjustmentTest" classname="Tests.Feature.SalesReturnAppliedAdjustmentTest" assertions="1" time="0.050653"/>
        <testcase name="Adjustment creates revision" file="Sales Return Applied Adjustment (Tests\Feature\SalesReturnAppliedAdjustment)::Adjustment creates revision" class="Tests\Feature\SalesReturnAppliedAdjustmentTest" classname="Tests.Feature.SalesReturnAppliedAdjustmentTest" assertions="1" time="0.066179"/>
        <testcase name="Cancelled document cannot be edited" file="Sales Return Applied Adjustment (Tests\Feature\SalesReturnAppliedAdjustment)::Cancelled document cannot be edited" class="Tests\Feature\SalesReturnAppliedAdjustmentTest" classname="Tests.Feature.SalesReturnAppliedAdjustmentTest" assertions="1" time="0.045939"/>
      </testsuite>
      <testsuite name="Tests\Feature\SalesReturnAppliedVoidInventoryTest" file="Sales Return Applied Void Inventory (Tests\Feature\SalesReturnAppliedVoidInventory)" tests="6" assertions="12" errors="0" failures="0" skipped="0" time="0.354608">
        <testcase name="Void applied return restores destination stock" file="Sales Return Applied Void Inventory (Tests\Feature\SalesReturnAppliedVoidInventory)::Void applied return restores destination stock" class="Tests\Feature\SalesReturnAppliedVoidInventoryTest" classname="Tests.Feature.SalesReturnAppliedVoidInventoryTest" assertions="2" time="0.062512"/>
        <testcase name="Void central return syncs variant and product stock" file="Sales Return Applied Void Inventory (Tests\Feature\SalesReturnAppliedVoidInventory)::Void central return syncs variant and product stock" class="Tests\Feature\SalesReturnAppliedVoidInventoryTest" classname="Tests.Feature.SalesReturnAppliedVoidInventoryTest" assertions="1" time="0.053818"/>
        <testcase name="Void return warehouse does not change central variant stock" file="Sales Return Applied Void Inventory (Tests\Feature\SalesReturnAppliedVoidInventory)::Void return warehouse does not change central variant stock" class="Tests\Feature\SalesReturnAppliedVoidInventoryTest" classname="Tests.Feature.SalesReturnAppliedVoidInventoryTest" assertions="1" time="0.061916"/>
        <testcase name="Multiple items same variant are aggregated safely" file="Sales Return Applied Void Inventory (Tests\Feature\SalesReturnAppliedVoidInventory)::Multiple items same variant are aggregated safely" class="Tests\Feature\SalesReturnAppliedVoidInventoryTest" classname="Tests.Feature.SalesReturnAppliedVoidInventoryTest" assertions="2" time="0.058049"/>
        <testcase name="Insufficient stock rolls back void" file="Sales Return Applied Void Inventory (Tests\Feature\SalesReturnAppliedVoidInventory)::Insufficient stock rolls back void" class="Tests\Feature\SalesReturnAppliedVoidInventoryTest" classname="Tests.Feature.SalesReturnAppliedVoidInventoryTest" assertions="3" time="0.067277"/>
        <testcase name="Void debits customer once" file="Sales Return Applied Void Inventory (Tests\Feature\SalesReturnAppliedVoidInventory)::Void debits customer once" class="Tests\Feature\SalesReturnAppliedVoidInventoryTest" classname="Tests.Feature.SalesReturnAppliedVoidInventoryTest" assertions="3" time="0.051036"/>
      </testsuite>
      <testsuite name="Tests\Feature\SalesReturnCustomerPrintTest" file="Sales Return Customer Print (Tests\Feature\SalesReturnCustomerPrint)" tests="11" assertions="14" errors="0" failures="0" skipped="0" time="0.556449">
        <testcase name="Customer print keeps existing document rows" file="Sales Return Customer Print (Tests\Feature\SalesReturnCustomerPrint)::Customer print keeps existing document rows" class="Tests\Feature\SalesReturnCustomerPrintTest" classname="Tests.Feature.SalesReturnCustomerPrintTest" assertions="1" time="0.056745"/>
        <testcase name="Customer print contains applied new documents" file="Sales Return Customer Print (Tests\Feature\SalesReturnCustomerPrint)::Customer print contains applied new documents" class="Tests\Feature\SalesReturnCustomerPrintTest" classname="Tests.Feature.SalesReturnCustomerPrintTest" assertions="1" time="0.049993"/>
        <testcase name="Customer print contains valid legacy returns" file="Sales Return Customer Print (Tests\Feature\SalesReturnCustomerPrint)::Customer print contains valid legacy returns" class="Tests\Feature\SalesReturnCustomerPrintTest" classname="Tests.Feature.SalesReturnCustomerPrintTest" assertions="1" time="0.048473"/>
        <testcase name="Customer print excludes drafts" file="Sales Return Customer Print (Tests\Feature\SalesReturnCustomerPrint)::Customer print excludes drafts" class="Tests\Feature\SalesReturnCustomerPrintTest" classname="Tests.Feature.SalesReturnCustomerPrintTest" assertions="1" time="0.049168"/>
        <testcase name="Customer print excludes cancelled documents" file="Sales Return Customer Print (Tests\Feature\SalesReturnCustomerPrint)::Customer print excludes cancelled documents" class="Tests\Feature\SalesReturnCustomerPrintTest" classname="Tests.Feature.SalesReturnCustomerPrintTest" assertions="1" time="0.062226"/>
        <testcase name="Customer print respects customer filter" file="Sales Return Customer Print (Tests\Feature\SalesReturnCustomerPrint)::Customer print respects customer filter" class="Tests\Feature\SalesReturnCustomerPrintTest" classname="Tests.Feature.SalesReturnCustomerPrintTest" assertions="1" time="0.046931"/>
        <testcase name="Customer print respects jalali date and time range" file="Sales Return Customer Print (Tests\Feature\SalesReturnCustomerPrint)::Customer print respects jalali date and time range" class="Tests\Feature\SalesReturnCustomerPrintTest" classname="Tests.Feature.SalesReturnCustomerPrintTest" assertions="4" time="0.046929"/>
        <testcase name="Customer print respects document number" file="Sales Return Customer Print (Tests\Feature\SalesReturnCustomerPrint)::Customer print respects document number" class="Tests\Feature\SalesReturnCustomerPrintTest" classname="Tests.Feature.SalesReturnCustomerPrintTest" assertions="1" time="0.048530"/>
        <testcase name="Customer print has print button" file="Sales Return Customer Print (Tests\Feature\SalesReturnCustomerPrint)::Customer print has print button" class="Tests\Feature\SalesReturnCustomerPrintTest" classname="Tests.Feature.SalesReturnCustomerPrintTest" assertions="1" time="0.048004"/>
        <testcase name="Old print route remains compatible" file="Sales Return Customer Print (Tests\Feature\SalesReturnCustomerPrint)::Old print route remains compatible" class="Tests\Feature\SalesReturnCustomerPrintTest" classname="Tests.Feature.SalesReturnCustomerPrintTest" assertions="1" time="0.048214"/>
        <testcase name="Old pdf report route redirects with filters" file="Sales Return Customer Print (Tests\Feature\SalesReturnCustomerPrint)::Old pdf report route redirects with filters" class="Tests\Feature\SalesReturnCustomerPrintTest" classname="Tests.Feature.SalesReturnCustomerPrintTest" assertions="1" time="0.051234"/>
      </testsuite>
      <testsuite name="Tests\Feature\SalesReturnDateTimeFilterTest" file="Sales Return Date Time Filter (Tests\Feature\SalesReturnDateTimeFilter)" tests="2" assertions="7" errors="0" failures="0" skipped="0" time="0.133672">
        <testcase name="Jalali date time range and customer filter are shared by list and customer print" file="Sales Return Date Time Filter (Tests\Feature\SalesReturnDateTimeFilter)::Jalali date time range and customer filter are shared by list and customer print" class="Tests\Feature\SalesReturnDateTimeFilterTest" classname="Tests.Feature.SalesReturnDateTimeFilterTest" assertions="5" time="0.087289"/>
        <testcase name="Print buttons build their query from current filter form" file="Sales Return Date Time Filter (Tests\Feature\SalesReturnDateTimeFilter)::Print buttons build their query from current filter form" class="Tests\Feature\SalesReturnDateTimeFilterTest" classname="Tests.Feature.SalesReturnDateTimeFilterTest" assertions="2" time="0.046382"/>
      </testsuite>
      <testsuite name="Tests\Feature\SalesReturnDirectApplyWithoutInboundTest" file="Sales Return Direct Apply Without Inbound (Tests\Feature\SalesReturnDirectApplyWithoutInbound)" tests="2" assertions="4" errors="0" failures="0" skipped="0" time="0.184134">
        <testcase name="Return only return warehouse items do not create inbound queue" file="Sales Return Direct Apply Without Inbound (Tests\Feature\SalesReturnDirectApplyWithoutInbound)::Return only return warehouse items do not create inbound queue" class="Tests\Feature\SalesReturnDirectApplyWithoutInboundTest" classname="Tests.Feature.SalesReturnDirectApplyWithoutInboundTest" assertions="1" time="0.098911"/>
        <testcase name="Mixed return queues only central destination items" file="Sales Return Direct Apply Without Inbound (Tests\Feature\SalesReturnDirectApplyWithoutInbound)::Mixed return queues only central destination items" class="Tests\Feature\SalesReturnDirectApplyWithoutInboundTest" classname="Tests.Feature.SalesReturnDirectApplyWithoutInboundTest" assertions="3" time="0.085223"/>
      </testsuite>
      <testsuite name="Tests\Feature\SalesReturnDocumentNumberTest" file="Sales Return Document Number (Tests\Feature\SalesReturnDocumentNumber)" tests="9" assertions="21" errors="0" failures="0" skipped="0" time="0.598409">
        <testcase name="Existing sr 000001 generates sr 000002" file="Sales Return Document Number (Tests\Feature\SalesReturnDocumentNumber)::Existing sr 000001 generates sr 000002" class="Tests\Feature\SalesReturnDocumentNumberTest" classname="Tests.Feature.SalesReturnDocumentNumberTest" assertions="3" time="0.076526"/>
        <testcase name="Stale sequence is recovered" file="Sales Return Document Number (Tests\Feature\SalesReturnDocumentNumber)::Stale sequence is recovered" class="Tests\Feature\SalesReturnDocumentNumberTest" classname="Tests.Feature.SalesReturnDocumentNumberTest" assertions="2" time="0.066004"/>
        <testcase name="Sequence ahead is preserved" file="Sales Return Document Number (Tests\Feature\SalesReturnDocumentNumber)::Sequence ahead is preserved" class="Tests\Feature\SalesReturnDocumentNumberTest" classname="Tests.Feature.SalesReturnDocumentNumberTest" assertions="2" time="0.070859"/>
        <testcase name="Two consecutive creations are unique" file="Sales Return Document Number (Tests\Feature\SalesReturnDocumentNumber)::Two consecutive creations are unique" class="Tests\Feature\SalesReturnDocumentNumberTest" classname="Tests.Feature.SalesReturnDocumentNumberTest" assertions="2" time="0.063710"/>
        <testcase name="Invalid old numbers are ignored" file="Sales Return Document Number (Tests\Feature\SalesReturnDocumentNumber)::Invalid old numbers are ignored" class="Tests\Feature\SalesReturnDocumentNumberTest" classname="Tests.Feature.SalesReturnDocumentNumberTest" assertions="2" time="0.081257"/>
        <testcase name="Sequence is not reset on each request" file="Sales Return Document Number (Tests\Feature\SalesReturnDocumentNumber)::Sequence is not reset on each request" class="Tests\Feature\SalesReturnDocumentNumberTest" classname="Tests.Feature.SalesReturnDocumentNumberTest" assertions="2" time="0.065955"/>
        <testcase name="Failed document persistence rolls back everything" file="Sales Return Document Number (Tests\Feature\SalesReturnDocumentNumber)::Failed document persistence rolls back everything" class="Tests\Feature\SalesReturnDocumentNumberTest" classname="Tests.Feature.SalesReturnDocumentNumberTest" assertions="2" time="0.056098"/>
        <testcase name="Creating draft does not change inventory or ledger" file="Sales Return Document Number (Tests\Feature\SalesReturnDocumentNumber)::Creating draft does not change inventory or ledger" class="Tests\Feature\SalesReturnDocumentNumberTest" classname="Tests.Feature.SalesReturnDocumentNumberTest" assertions="2" time="0.059001"/>
        <testcase name="Applying sales return queues without stock or credit" file="Sales Return Document Number (Tests\Feature\SalesReturnDocumentNumber)::Applying sales return queues without stock or credit" class="Tests\Feature\SalesReturnDocumentNumberTest" classname="Tests.Feature.SalesReturnDocumentNumberTest" assertions="4" time="0.059000"/>
      </testsuite>
      <testsuite name="Tests\Feature\SalesReturnFirstPatchTest" file="Sales Return First Patch (Tests\Feature\SalesReturnFirstPatch)" tests="11" assertions="27" errors="0" failures="0" skipped="0" time="0.757714">
        <testcase name="Index customer filter uses remote picker" file="Sales Return First Patch (Tests\Feature\SalesReturnFirstPatch)::Index customer filter uses remote picker" class="Tests\Feature\SalesReturnFirstPatchTest" classname="Tests.Feature.SalesReturnFirstPatchTest" assertions="4" time="0.077921"/>
        <testcase name="Index shows drafts with edit and cancel actions" file="Sales Return First Patch (Tests\Feature\SalesReturnFirstPatch)::Index shows drafts with edit and cancel actions" class="Tests\Feature\SalesReturnFirstPatchTest" classname="Tests.Feature.SalesReturnFirstPatchTest" assertions="3" time="0.080593"/>
        <testcase name="Applied document does not show draft edit action" file="Sales Return First Patch (Tests\Feature\SalesReturnFirstPatch)::Applied document does not show draft edit action" class="Tests\Feature\SalesReturnFirstPatchTest" classname="Tests.Feature.SalesReturnFirstPatchTest" assertions="2" time="0.065482"/>
        <testcase name="Legacy document is read only" file="Sales Return First Patch (Tests\Feature\SalesReturnFirstPatch)::Legacy document is read only" class="Tests\Feature\SalesReturnFirstPatchTest" classname="Tests.Feature.SalesReturnFirstPatchTest" assertions="3" time="0.061427"/>
        <testcase name="Healthy return reason is valid" file="Sales Return First Patch (Tests\Feature\SalesReturnFirstPatch)::Healthy return reason is valid" class="Tests\Feature\SalesReturnFirstPatchTest" classname="Tests.Feature.SalesReturnFirstPatchTest" assertions="1" time="0.087834"/>
        <testcase name="Each item can have its own destination" file="Sales Return First Patch (Tests\Feature\SalesReturnFirstPatch)::Each item can have its own destination" class="Tests\Feature\SalesReturnFirstPatchTest" classname="Tests.Feature.SalesReturnFirstPatchTest" assertions="3" time="0.061500"/>
        <testcase name="Apply posts stock to each item destination" file="Sales Return First Patch (Tests\Feature\SalesReturnFirstPatch)::Apply posts stock to each item destination" class="Tests\Feature\SalesReturnFirstPatchTest" classname="Tests.Feature.SalesReturnFirstPatchTest" assertions="2" time="0.082449"/>
        <testcase name="Draft does not change stock or ledger" file="Sales Return First Patch (Tests\Feature\SalesReturnFirstPatch)::Draft does not change stock or ledger" class="Tests\Feature\SalesReturnFirstPatchTest" classname="Tests.Feature.SalesReturnFirstPatchTest" assertions="2" time="0.088187"/>
        <testcase name="Editing draft preserves row destinations" file="Sales Return First Patch (Tests\Feature\SalesReturnFirstPatch)::Editing draft preserves row destinations" class="Tests\Feature\SalesReturnFirstPatchTest" classname="Tests.Feature.SalesReturnFirstPatchTest" assertions="2" time="0.052372"/>
        <testcase name="Unit price request accepts clean integer" file="Sales Return First Patch (Tests\Feature\SalesReturnFirstPatch)::Unit price request accepts clean integer" class="Tests\Feature\SalesReturnFirstPatchTest" classname="Tests.Feature.SalesReturnFirstPatchTest" assertions="3" time="0.049296"/>
        <testcase name="Cancel draft has no financial or inventory effect" file="Sales Return First Patch (Tests\Feature\SalesReturnFirstPatch)::Cancel draft has no financial or inventory effect" class="Tests\Feature\SalesReturnFirstPatchTest" classname="Tests.Feature.SalesReturnFirstPatchTest" assertions="2" time="0.050653"/>
      </testsuite>
      <testsuite name="Tests\Feature\SalesReturnIndexStabilizationTest" file="Sales Return Index Stabilization (Tests\Feature\SalesReturnIndexStabilization)" tests="10" assertions="23" errors="0" failures="0" skipped="0" time="0.640389">
        <testcase name="Status filter is not rendered" file="Sales Return Index Stabilization (Tests\Feature\SalesReturnIndexStabilization)::Status filter is not rendered" class="Tests\Feature\SalesReturnIndexStabilizationTest" classname="Tests.Feature.SalesReturnIndexStabilizationTest" assertions="1" time="0.089543"/>
        <testcase name="Persian jalali dates are normalized" file="Sales Return Index Stabilization (Tests\Feature\SalesReturnIndexStabilization)::Persian jalali dates are normalized" class="Tests\Feature\SalesReturnIndexStabilizationTest" classname="Tests.Feature.SalesReturnIndexStabilizationTest" assertions="1" time="0.063730"/>
        <testcase name="Invalid date returns persian validation error" file="Sales Return Index Stabilization (Tests\Feature\SalesReturnIndexStabilization)::Invalid date returns persian validation error" class="Tests\Feature\SalesReturnIndexStabilizationTest" classname="Tests.Feature.SalesReturnIndexStabilizationTest" assertions="2" time="0.087336"/>
        <testcase name="Ajax index returns results partial" file="Sales Return Index Stabilization (Tests\Feature\SalesReturnIndexStabilization)::Ajax index returns results partial" class="Tests\Feature\SalesReturnIndexStabilizationTest" classname="Tests.Feature.SalesReturnIndexStabilizationTest" assertions="4" time="0.065637"/>
        <testcase name="Ajax filter preserves customer id" file="Sales Return Index Stabilization (Tests\Feature\SalesReturnIndexStabilization)::Ajax filter preserves customer id" class="Tests\Feature\SalesReturnIndexStabilizationTest" classname="Tests.Feature.SalesReturnIndexStabilizationTest" assertions="3" time="0.058388"/>
        <testcase name="Draft row has edit and cancel actions" file="Sales Return Index Stabilization (Tests\Feature\SalesReturnIndexStabilization)::Draft row has edit and cancel actions" class="Tests\Feature\SalesReturnIndexStabilizationTest" classname="Tests.Feature.SalesReturnIndexStabilizationTest" assertions="3" time="0.054567"/>
        <testcase name="Applied row does not have draft actions" file="Sales Return Index Stabilization (Tests\Feature\SalesReturnIndexStabilization)::Applied row does not have draft actions" class="Tests\Feature\SalesReturnIndexStabilizationTest" classname="Tests.Feature.SalesReturnIndexStabilizationTest" assertions="2" time="0.061445"/>
        <testcase name="Legacy row is read only" file="Sales Return Index Stabilization (Tests\Feature\SalesReturnIndexStabilization)::Legacy row is read only" class="Tests\Feature\SalesReturnIndexStabilizationTest" classname="Tests.Feature.SalesReturnIndexStabilizationTest" assertions="2" time="0.054386"/>
        <testcase name="Source switch has explicit panels" file="Sales Return Index Stabilization (Tests\Feature\SalesReturnIndexStabilization)::Source switch has explicit panels" class="Tests\Feature\SalesReturnIndexStabilizationTest" classname="Tests.Feature.SalesReturnIndexStabilizationTest" assertions="2" time="0.054584"/>
        <testcase name="Source switch updates hidden value" file="Sales Return Index Stabilization (Tests\Feature\SalesReturnIndexStabilization)::Source switch updates hidden value" class="Tests\Feature\SalesReturnIndexStabilizationTest" classname="Tests.Feature.SalesReturnIndexStabilizationTest" assertions="3" time="0.050771"/>
      </testsuite>
      <testsuite name="Tests\Feature\SalesReturnLiveIndexTest" file="Sales Return Live Index (Tests\Feature\SalesReturnLiveIndex)" tests="10" assertions="30" errors="0" failures="0" skipped="0" time="0.659439">
        <testcase name="Index only renders four live filters" file="Sales Return Live Index (Tests\Feature\SalesReturnLiveIndex)::Index only renders four live filters" class="Tests\Feature\SalesReturnLiveIndexTest" classname="Tests.Feature.SalesReturnLiveIndexTest" assertions="8" time="0.059603"/>
        <testcase name="Live search finds new document by number" file="Sales Return Live Index (Tests\Feature\SalesReturnLiveIndex)::Live search finds new document by number" class="Tests\Feature\SalesReturnLiveIndexTest" classname="Tests.Feature.SalesReturnLiveIndexTest" assertions="2" time="0.048842"/>
        <testcase name="Live search finds legacy document by reference" file="Sales Return Live Index (Tests\Feature\SalesReturnLiveIndex)::Live search finds legacy document by reference" class="Tests\Feature\SalesReturnLiveIndexTest" classname="Tests.Feature.SalesReturnLiveIndexTest" assertions="2" time="0.101974"/>
        <testcase name="Customer live filter returns only selected customer" file="Sales Return Live Index (Tests\Feature\SalesReturnLiveIndex)::Customer live filter returns only selected customer" class="Tests\Feature\SalesReturnLiveIndexTest" classname="Tests.Feature.SalesReturnLiveIndexTest" assertions="2" time="0.070046"/>
        <testcase name="Persian jalali date and time range is inclusive" file="Sales Return Live Index (Tests\Feature\SalesReturnLiveIndex)::Persian jalali date and time range is inclusive" class="Tests\Feature\SalesReturnLiveIndexTest" classname="Tests.Feature.SalesReturnLiveIndexTest" assertions="5" time="0.056266"/>
        <testcase name="Invalid date has persian error" file="Sales Return Live Index (Tests\Feature\SalesReturnLiveIndex)::Invalid date has persian error" class="Tests\Feature\SalesReturnLiveIndexTest" classname="Tests.Feature.SalesReturnLiveIndexTest" assertions="1" time="0.053533"/>
        <testcase name="Ajax response contains html url and total" file="Sales Return Live Index (Tests\Feature\SalesReturnLiveIndex)::Ajax response contains html url and total" class="Tests\Feature\SalesReturnLiveIndexTest" classname="Tests.Feature.SalesReturnLiveIndexTest" assertions="3" time="0.051599"/>
        <testcase name="Ajax pagination preserves filters" file="Sales Return Live Index (Tests\Feature\SalesReturnLiveIndex)::Ajax pagination preserves filters" class="Tests\Feature\SalesReturnLiveIndexTest" classname="Tests.Feature.SalesReturnLiveIndexTest" assertions="2" time="0.060903"/>
        <testcase name="Database pagination does not load all rows" file="Sales Return Live Index (Tests\Feature\SalesReturnLiveIndex)::Database pagination does not load all rows" class="Tests\Feature\SalesReturnLiveIndexTest" classname="Tests.Feature.SalesReturnLiveIndexTest" assertions="3" time="0.060348"/>
        <testcase name="Clear filter returns first page" file="Sales Return Live Index (Tests\Feature\SalesReturnLiveIndex)::Clear filter returns first page" class="Tests\Feature\SalesReturnLiveIndexTest" classname="Tests.Feature.SalesReturnLiveIndexTest" assertions="2" time="0.096324"/>
      </testsuite>
      <testsuite name="Tests\Feature\SalesReturnNewProductSnapshotNormalizationTest" file="Sales Return New Product Snapshot Normalization (Tests\Feature\SalesReturnNewProductSnapshotNormalization)" tests="2" assertions="4" errors="0" failures="0" skipped="0" time="0.129133">
        <testcase name="Missing or null category snapshot is rebuilt without an undefined key error" file="Sales Return New Product Snapshot Normalization (Tests\Feature\SalesReturnNewProductSnapshotNormalization)::Missing or null category snapshot is rebuilt without an undefined key error" class="Tests\Feature\SalesReturnNewProductSnapshotNormalizationTest" classname="Tests.Feature.SalesReturnNewProductSnapshotNormalizationTest" assertions="3" time="0.067933"/>
        <testcase name="Valid existing category snapshot is preserved" file="Sales Return New Product Snapshot Normalization (Tests\Feature\SalesReturnNewProductSnapshotNormalization)::Valid existing category snapshot is preserved" class="Tests\Feature\SalesReturnNewProductSnapshotNormalizationTest" classname="Tests.Feature.SalesReturnNewProductSnapshotNormalizationTest" assertions="1" time="0.061199"/>
      </testsuite>
      <testsuite name="Tests\Feature\SalesReturnNewProductWarehouseStockRegressionTest" file="tests\Feature\SalesReturnNewProductWarehouseStockRegressionTest.php" tests="5" assertions="18" errors="0" failures="0" skipped="0" time="0.305320">
        <testcase name="it rejects zero product and variant ids before warehouse stock insertion" file="tests\Feature\SalesReturnNewProductWarehouseStockRegressionTest.php::it rejects zero product and variant ids before warehouse stock insertion" class="Tests\Feature\SalesReturnNewProductWarehouseStockRegressionTest" classname="Tests.Feature.SalesReturnNewProductWarehouseStockRegressionTest" assertions="2" time="0.072180"/>
        <testcase name="it materializes new products before applied adjustment warehouse reapproval" file="tests\Feature\SalesReturnNewProductWarehouseStockRegressionTest.php::it materializes new products before applied adjustment warehouse reapproval" class="Tests\Feature\SalesReturnNewProductWarehouseStockRegressionTest" classname="Tests.Feature.SalesReturnNewProductWarehouseStockRegressionTest" assertions="9" time="0.064880"/>
        <testcase name="it fails at the domain boundary if any inventory group still has unresolved ids" file="tests\Feature\SalesReturnNewProductWarehouseStockRegressionTest.php::it fails at the domain boundary if any inventory group still has unresolved ids" class="Tests\Feature\SalesReturnNewProductWarehouseStockRegressionTest" classname="Tests.Feature.SalesReturnNewProductWarehouseStockRegressionTest" assertions="3" time="0.068397"/>
        <testcase name="it keeps draft persistence free of inventory and product materialization" file="tests\Feature\SalesReturnNewProductWarehouseStockRegressionTest.php::it keeps draft persistence free of inventory and product materialization" class="Tests\Feature\SalesReturnNewProductWarehouseStockRegressionTest" classname="Tests.Feature.SalesReturnNewProductWarehouseStockRegressionTest" assertions="1" time="0.047467"/>
        <testcase name="it keeps new product ids nullable until materialization" file="tests\Feature\SalesReturnNewProductWarehouseStockRegressionTest.php::it keeps new product ids nullable until materialization" class="Tests\Feature\SalesReturnNewProductWarehouseStockRegressionTest" classname="Tests.Feature.SalesReturnNewProductWarehouseStockRegressionTest" assertions="3" time="0.052396"/>
      </testsuite>
      <testsuite name="Tests\Feature\SalesReturnNumericDocumentNumberTest" file="Sales Return Numeric Document Number (Tests\Feature\SalesReturnNumericDocumentNumber)" tests="7" assertions="12" errors="0" failures="0" skipped="0" time="0.438961">
        <testcase name="Old sr numbers remain unchanged" file="Sales Return Numeric Document Number (Tests\Feature\SalesReturnNumericDocumentNumber)::Old sr numbers remain unchanged" class="Tests\Feature\SalesReturnNumericDocumentNumberTest" classname="Tests.Feature.SalesReturnNumericDocumentNumberTest" assertions="3" time="0.051016"/>
        <testcase name="Next number continues after old sr numbers" file="Sales Return Numeric Document Number (Tests\Feature\SalesReturnNumericDocumentNumber)::Next number continues after old sr numbers" class="Tests\Feature\SalesReturnNumericDocumentNumberTest" classname="Tests.Feature.SalesReturnNumericDocumentNumberTest" assertions="1" time="0.053250"/>
        <testcase name="Numeric and old formats share one sequence" file="Sales Return Numeric Document Number (Tests\Feature\SalesReturnNumericDocumentNumber)::Numeric and old formats share one sequence" class="Tests\Feature\SalesReturnNumericDocumentNumberTest" classname="Tests.Feature.SalesReturnNumericDocumentNumberTest" assertions="2" time="0.048204"/>
        <testcase name="Higher numeric number wins" file="Sales Return Numeric Document Number (Tests\Feature\SalesReturnNumericDocumentNumber)::Higher numeric number wins" class="Tests\Feature\SalesReturnNumericDocumentNumberTest" classname="Tests.Feature.SalesReturnNumericDocumentNumberTest" assertions="1" time="0.068233"/>
        <testcase name="Invalid formats are ignored" file="Sales Return Numeric Document Number (Tests\Feature\SalesReturnNumericDocumentNumber)::Invalid formats are ignored" class="Tests\Feature\SalesReturnNumericDocumentNumberTest" classname="Tests.Feature.SalesReturnNumericDocumentNumberTest" assertions="1" time="0.057913"/>
        <testcase name="Consecutive creations are ordered" file="Sales Return Numeric Document Number (Tests\Feature\SalesReturnNumericDocumentNumber)::Consecutive creations are ordered" class="Tests\Feature\SalesReturnNumericDocumentNumberTest" classname="Tests.Feature.SalesReturnNumericDocumentNumberTest" assertions="2" time="0.093160"/>
        <testcase name="Stale sequence recovers from documents" file="Sales Return Numeric Document Number (Tests\Feature\SalesReturnNumericDocumentNumber)::Stale sequence recovers from documents" class="Tests\Feature\SalesReturnNumericDocumentNumberTest" classname="Tests.Feature.SalesReturnNumericDocumentNumberTest" assertions="2" time="0.067186"/>
      </testsuite>
      <testsuite name="Tests\Feature\SalesReturnPdfPrintCompatibilityTest" file="Sales Return Pdf Print Compatibility (Tests\Feature\SalesReturnPdfPrintCompatibility)" tests="2" assertions="7" errors="0" failures="0" skipped="0" time="0.139608">
        <testcase name="Show page no longer has pdf button but keeps print" file="Sales Return Pdf Print Compatibility (Tests\Feature\SalesReturnPdfPrintCompatibility)::Show page no longer has pdf button but keeps print" class="Tests\Feature\SalesReturnPdfPrintCompatibilityTest" classname="Tests.Feature.SalesReturnPdfPrintCompatibilityTest" assertions="4" time="0.077647"/>
        <testcase name="Legacy pdf route redirects to print without mpdf" file="Sales Return Pdf Print Compatibility (Tests\Feature\SalesReturnPdfPrintCompatibility)::Legacy pdf route redirects to print without mpdf" class="Tests\Feature\SalesReturnPdfPrintCompatibilityTest" classname="Tests.Feature.SalesReturnPdfPrintCompatibilityTest" assertions="3" time="0.061961"/>
      </testsuite>
      <testsuite name="Tests\Feature\SalesReturnProductPrintTest" file="Sales Return Product Print (Tests\Feature\SalesReturnProductPrint)" tests="19" assertions="25" errors="0" failures="0" skipped="0" time="1.107865">
        <testcase name="Product print aggregates same variant across documents" file="Sales Return Product Print (Tests\Feature\SalesReturnProductPrint)::Product print aggregates same variant across documents" class="Tests\Feature\SalesReturnProductPrintTest" classname="Tests.Feature.SalesReturnProductPrintTest" assertions="1" time="0.063054"/>
        <testcase name="Different variants are not merged" file="Sales Return Product Print (Tests\Feature\SalesReturnProductPrint)::Different variants are not merged" class="Tests\Feature\SalesReturnProductPrintTest" classname="Tests.Feature.SalesReturnProductPrintTest" assertions="1" time="0.052691"/>
        <testcase name="Healthy and damaged quantities are separate" file="Sales Return Product Print (Tests\Feature\SalesReturnProductPrint)::Healthy and damaged quantities are separate" class="Tests\Feature\SalesReturnProductPrintTest" classname="Tests.Feature.SalesReturnProductPrintTest" assertions="2" time="0.055186"/>
        <testcase name="Weighted unit price is correct" file="Sales Return Product Print (Tests\Feature\SalesReturnProductPrint)::Weighted unit price is correct" class="Tests\Feature\SalesReturnProductPrintTest" classname="Tests.Feature.SalesReturnProductPrintTest" assertions="1" time="0.053441"/>
        <testcase name="Product print counts unique documents" file="Sales Return Product Print (Tests\Feature\SalesReturnProductPrint)::Product print counts unique documents" class="Tests\Feature\SalesReturnProductPrintTest" classname="Tests.Feature.SalesReturnProductPrintTest" assertions="1" time="0.054549"/>
        <testcase name="Product print counts unique customers" file="Sales Return Product Print (Tests\Feature\SalesReturnProductPrint)::Product print counts unique customers" class="Tests\Feature\SalesReturnProductPrintTest" classname="Tests.Feature.SalesReturnProductPrintTest" assertions="1" time="0.053845"/>
        <testcase name="Product print groups destination warehouses" file="Sales Return Product Print (Tests\Feature\SalesReturnProductPrint)::Product print groups destination warehouses" class="Tests\Feature\SalesReturnProductPrintTest" classname="Tests.Feature.SalesReturnProductPrintTest" assertions="1" time="0.051997"/>
        <testcase name="Product print includes legacy items" file="Sales Return Product Print (Tests\Feature\SalesReturnProductPrint)::Product print includes legacy items" class="Tests\Feature\SalesReturnProductPrintTest" classname="Tests.Feature.SalesReturnProductPrintTest" assertions="1" time="0.065951"/>
        <testcase name="Duplicated new and legacy reference is counted once" file="Sales Return Product Print (Tests\Feature\SalesReturnProductPrint)::Duplicated new and legacy reference is counted once" class="Tests\Feature\SalesReturnProductPrintTest" classname="Tests.Feature.SalesReturnProductPrintTest" assertions="1" time="0.053597"/>
        <testcase name="Draft items are excluded" file="Sales Return Product Print (Tests\Feature\SalesReturnProductPrint)::Draft items are excluded" class="Tests\Feature\SalesReturnProductPrintTest" classname="Tests.Feature.SalesReturnProductPrintTest" assertions="1" time="0.051917"/>
        <testcase name="Cancelled items are excluded" file="Sales Return Product Print (Tests\Feature\SalesReturnProductPrint)::Cancelled items are excluded" class="Tests\Feature\SalesReturnProductPrintTest" classname="Tests.Feature.SalesReturnProductPrintTest" assertions="1" time="0.054044"/>
        <testcase name="Voided applied document is excluded" file="Sales Return Product Print (Tests\Feature\SalesReturnProductPrint)::Voided applied document is excluded" class="Tests\Feature\SalesReturnProductPrintTest" classname="Tests.Feature.SalesReturnProductPrintTest" assertions="1" time="0.072732"/>
        <testcase name="Adjusted applied document uses current items only" file="Sales Return Product Print (Tests\Feature\SalesReturnProductPrint)::Adjusted applied document uses current items only" class="Tests\Feature\SalesReturnProductPrintTest" classname="Tests.Feature.SalesReturnProductPrintTest" assertions="1" time="0.082781"/>
        <testcase name="Filters are applied to product report" file="Sales Return Product Print (Tests\Feature\SalesReturnProductPrint)::Filters are applied to product report" class="Tests\Feature\SalesReturnProductPrintTest" classname="Tests.Feature.SalesReturnProductPrintTest" assertions="2" time="0.069265"/>
        <testcase name="Report totals equal sum of rows" file="Sales Return Product Print (Tests\Feature\SalesReturnProductPrint)::Report totals equal sum of rows" class="Tests\Feature\SalesReturnProductPrintTest" classname="Tests.Feature.SalesReturnProductPrintTest" assertions="1" time="0.066502"/>
        <testcase name="Large product report uses aggregate queries not model groupby" file="Sales Return Product Print (Tests\Feature\SalesReturnProductPrint)::Large product report uses aggregate queries not model groupby" class="Tests\Feature\SalesReturnProductPrintTest" classname="Tests.Feature.SalesReturnProductPrintTest" assertions="2" time="0.051573"/>
        <testcase name="Same variant with different snapshots keeps strict group by and merges by variant" file="Sales Return Product Print (Tests\Feature\SalesReturnProductPrint)::Same variant with different snapshots keeps strict group by and merges by variant" class="Tests\Feature\SalesReturnProductPrintTest" classname="Tests.Feature.SalesReturnProductPrintTest" assertions="2" time="0.057039"/>
        <testcase name="Two variants of one product remain separate after strict group fix" file="Sales Return Product Print (Tests\Feature\SalesReturnProductPrint)::Two variants of one product remain separate after strict group fix" class="Tests\Feature\SalesReturnProductPrintTest" classname="Tests.Feature.SalesReturnProductPrintTest" assertions="2" time="0.049228"/>
        <testcase name="New and legacy product queries do not group by select aliases" file="Sales Return Product Print (Tests\Feature\SalesReturnProductPrint)::New and legacy product queries do not group by select aliases" class="Tests\Feature\SalesReturnProductPrintTest" classname="Tests.Feature.SalesReturnProductPrintTest" assertions="2" time="0.048473"/>
      </testsuite>
      <testsuite name="Tests\Feature\SalesReturnSourceRouteRegressionTest" file="tests\Feature\SalesReturnSourceRouteRegressionTest.php" tests="4" assertions="22" errors="0" failures="0" skipped="0" time="0.231047">
        <testcase name="it reads the checked source as a scalar and never uses a shadowed form action" file="tests\Feature\SalesReturnSourceRouteRegressionTest.php::it reads the checked source as a scalar and never uses a shadowed form action" class="Tests\Feature\SalesReturnSourceRouteRegressionTest" classname="Tests.Feature.SalesReturnSourceRouteRegressionTest" assertions="7" time="0.077209"/>
        <testcase name="it uses the shared safe form for create draft edit and applied edit" file="tests\Feature\SalesReturnSourceRouteRegressionTest.php::it uses the shared safe form for create draft edit and applied edit" class="Tests\Feature\SalesReturnSourceRouteRegressionTest" classname="Tests.Feature.SalesReturnSourceRouteRegressionTest" assertions="4" time="0.047771"/>
        <testcase name="it keeps the real route contract and backend source validation" file="tests\Feature\SalesReturnSourceRouteRegressionTest.php::it keeps the real route contract and backend source validation" class="Tests\Feature\SalesReturnSourceRouteRegressionTest" classname="Tests.Feature.SalesReturnSourceRouteRegressionTest" assertions="7" time="0.049124"/>
        <testcase name="it marks non-submit controls explicitly and submit intents remain compatible" file="tests\Feature\SalesReturnSourceRouteRegressionTest.php::it marks non-submit controls explicitly and submit intents remain compatible" class="Tests\Feature\SalesReturnSourceRouteRegressionTest" classname="Tests.Feature.SalesReturnSourceRouteRegressionTest" assertions="4" time="0.056942"/>
      </testsuite>
      <testsuite name="Tests\Feature\SalesReturnWarehouseInboundRegressionTest" file="Sales Return Warehouse Inbound Regression (Tests\Feature\SalesReturnWarehouseInboundRegression)" tests="16" assertions="78" errors="0" failures="2" skipped="0" time="2.083075">
        <testcase name="All central items create one traceable receipt with exact total" file="Sales Return Warehouse Inbound Regression (Tests\Feature\SalesReturnWarehouseInboundRegression)::All central items create one traceable receipt with exact total" class="Tests\Feature\SalesReturnWarehouseInboundRegressionTest" classname="Tests.Feature.SalesReturnWarehouseInboundRegressionTest" assertions="5" time="0.101463"/>
        <testcase name="All return items create no central queue and do not change central stock" file="Sales Return Warehouse Inbound Regression (Tests\Feature\SalesReturnWarehouseInboundRegression)::All return items create no central queue and do not change central stock" class="Tests\Feature\SalesReturnWarehouseInboundRegressionTest" classname="Tests.Feature.SalesReturnWarehouseInboundRegressionTest" assertions="4" time="0.204725"/>
        <testcase name="Mixed destinations ignore header and queue only primary central items" file="Sales Return Warehouse Inbound Regression (Tests\Feature\SalesReturnWarehouseInboundRegression)::Mixed destinations ignore header and queue only primary central items" class="Tests\Feature\SalesReturnWarehouseInboundRegressionTest" classname="Tests.Feature.SalesReturnWarehouseInboundRegressionTest" assertions="6" time="0.172217"/>
        <testcase name="Central header does not pull return or secondary central items into primary queue" file="Sales Return Warehouse Inbound Regression (Tests\Feature\SalesReturnWarehouseInboundRegression)::Central header does not pull return or secondary central items into primary queue" class="Tests\Feature\SalesReturnWarehouseInboundRegressionTest" classname="Tests.Feature.SalesReturnWarehouseInboundRegressionTest" assertions="4" time="0.125773"/>
        <testcase name="Apply retry and direct sync are idempotent" file="Sales Return Warehouse Inbound Regression (Tests\Feature\SalesReturnWarehouseInboundRegression)::Apply retry and direct sync are idempotent" class="Tests\Feature\SalesReturnWarehouseInboundRegressionTest" classname="Tests.Feature.SalesReturnWarehouseInboundRegressionTest" assertions="3" time="0.128524"/>
        <testcase name="Pending sync handles destination quantity deletion and addition" file="Sales Return Warehouse Inbound Regression (Tests\Feature\SalesReturnWarehouseInboundRegression)::Pending sync handles destination quantity deletion and addition" class="Tests\Feature\SalesReturnWarehouseInboundRegressionTest" classname="Tests.Feature.SalesReturnWarehouseInboundRegressionTest" assertions="6" time="0.113654"/>
        <testcase name="Return to central sync creates one receipt and central to return removes empty pending receipt" file="Sales Return Warehouse Inbound Regression (Tests\Feature\SalesReturnWarehouseInboundRegression)::Return to central sync creates one receipt and central to return removes empty pending receipt" class="Tests\Feature\SalesReturnWarehouseInboundRegressionTest" classname="Tests.Feature.SalesReturnWarehouseInboundRegressionTest" assertions="5" time="0.114119"/>
        <testcase name="Mixed receive updates only central variants and creates no return item movement" file="Sales Return Warehouse Inbound Regression (Tests\Feature\SalesReturnWarehouseInboundRegression)::Mixed receive updates only central variants and creates no return item movement" class="Tests\Feature\SalesReturnWarehouseInboundRegressionTest" classname="Tests.Feature.SalesReturnWarehouseInboundRegressionTest" assertions="5" time="0.196019"/>
        <testcase name="Received receipt is historical and double receive cannot duplicate stock or movements" file="Sales Return Warehouse Inbound Regression (Tests\Feature\SalesReturnWarehouseInboundRegression)::Received receipt is historical and double receive cannot duplicate stock or movements" class="Tests\Feature\SalesReturnWarehouseInboundRegressionTest" classname="Tests.Feature.SalesReturnWarehouseInboundRegressionTest" assertions="5" time="0.125693"/>
        <testcase name="Zero under and over expected follow current discrepancy rules" file="Sales Return Warehouse Inbound Regression (Tests\Feature\SalesReturnWarehouseInboundRegression)::Zero under and over expected follow current discrepancy rules" class="Tests\Feature\SalesReturnWarehouseInboundRegressionTest" classname="Tests.Feature.SalesReturnWarehouseInboundRegressionTest" assertions="9" time="0.197366"/>
        <testcase name="Invalid second receive row rolls back without partial stock" file="Sales Return Warehouse Inbound Regression (Tests\Feature\SalesReturnWarehouseInboundRegression)::Invalid second receive row rolls back without partial stock" class="Tests\Feature\SalesReturnWarehouseInboundRegressionTest" classname="Tests.Feature.SalesReturnWarehouseInboundRegressionTest" assertions="4" time="0.098972"/>
        <testcase name="Pending sales return cancel is explicitly rejected and queue remains unchanged" file="Sales Return Warehouse Inbound Regression (Tests\Feature\SalesReturnWarehouseInboundRegression)::Pending sales return cancel is explicitly rejected and queue remains unchanged" class="Tests\Feature\SalesReturnWarehouseInboundRegressionTest" classname="Tests.Feature.SalesReturnWarehouseInboundRegressionTest" assertions="3" time="0.076027"/>
        <testcase name="Two documents with similar products keep receipt and item lineage separate" file="Sales Return Warehouse Inbound Regression (Tests\Feature\SalesReturnWarehouseInboundRegression)::Two documents with similar products keep receipt and item lineage separate" class="Tests\Feature\SalesReturnWarehouseInboundRegressionTest" classname="Tests.Feature.SalesReturnWarehouseInboundRegressionTest" assertions="5" time="0.106292"/>
        <testcase name="Guest and user without page permission cannot receive but authorized user can" file="Sales Return Warehouse Inbound Regression (Tests\Feature\SalesReturnWarehouseInboundRegression)::Guest and user without page permission cannot receive but authorized user can" class="Tests\Feature\SalesReturnWarehouseInboundRegressionTest" classname="Tests.Feature.SalesReturnWarehouseInboundRegressionTest" assertions="1" time="0.082662">
          <failure type="PHPUnit\Framework\ExpectationFailedException">Guest and user without page permission cannot receive but authorized user canExpected response status code [201, 301, 302, 303, 307, 308] but received 503.
Failed asserting that false is true.&#13;
at vendor\laravel\framework\src\Illuminate\Testing\TestResponseAssert.php:45
at vendor\laravel\framework\src\Illuminate\Testing\TestResponse.php:200
at tests\Feature\SalesReturnWarehouseInboundRegressionTest.php:306</failure>
        </testcase>
        <testcase name="Queue endpoint contains central item snapshots and excludes return item" file="Sales Return Warehouse Inbound Regression (Tests\Feature\SalesReturnWarehouseInboundRegression)::Queue endpoint contains central item snapshots and excludes return item" class="Tests\Feature\SalesReturnWarehouseInboundRegressionTest" classname="Tests.Feature.SalesReturnWarehouseInboundRegressionTest" assertions="1" time="0.083409">
          <failure type="PHPUnit\Framework\ExpectationFailedException">Queue endpoint contains central item snapshots and excludes return itemExpected response status code [200] but received 503.
Failed asserting that 503 is identical to 200.&#13;
at vendor\laravel\framework\src\Illuminate\Testing\TestResponseAssert.php:45
at vendor\laravel\framework\src\Illuminate\Testing\TestResponse.php:175
at vendor\laravel\framework\src\Illuminate\Testing\Concerns\AssertsStatusCodes.php:16
at tests\Feature\SalesReturnWarehouseInboundRegressionTest.php:326</failure>
        </testcase>
        <testcase name="Repair dry run reports invalid item apply is idempotent and received history is untouched" file="Sales Return Warehouse Inbound Regression (Tests\Feature\SalesReturnWarehouseInboundRegression)::Repair dry run reports invalid item apply is idempotent and received history is untouched" class="Tests\Feature\SalesReturnWarehouseInboundRegressionTest" classname="Tests.Feature.SalesReturnWarehouseInboundRegressionTest" assertions="12" time="0.156159"/>
      </testsuite>
      <testsuite name="Tests\Feature\SalesReturnsExportSummaryTest" file="Sales Returns Export Summary (Tests\Feature\SalesReturnsExportSummary)" tests="1" assertions="9" errors="0" failures="0" skipped="0" time="0.075275">
        <testcase name="Sales returns export uses one summary row per return and filters customer name" file="Sales Returns Export Summary (Tests\Feature\SalesReturnsExportSummary)::Sales returns export uses one summary row per return and filters customer name" class="Tests\Feature\SalesReturnsExportSummaryTest" classname="Tests.Feature.SalesReturnsExportSummaryTest" assertions="9" time="0.075275"/>
      </testsuite>
      <testsuite name="Tests\Feature\SellerCommissionDocumentAmountResolutionTest" file="Seller Commission Document Amount Resolution (Tests\Feature\SellerCommissionDocumentAmountResolution)" tests="3" assertions="4" errors="0" failures="0" skipped="0" time="0.209005">
        <testcase name="Invoice total is the only final amount source" file="Seller Commission Document Amount Resolution (Tests\Feature\SellerCommissionDocumentAmountResolution)::Invoice total is the only final amount source" class="Tests\Feature\SellerCommissionDocumentAmountResolutionTest" classname="Tests.Feature.SellerCommissionDocumentAmountResolutionTest" assertions="1" time="0.059037"/>
        <testcase name="Backend total matches final totals including existing shipping and discount calculation" file="Seller Commission Document Amount Resolution (Tests\Feature\SellerCommissionDocumentAmountResolution)::Backend total matches final totals including existing shipping and discount calculation" class="Tests\Feature\SellerCommissionDocumentAmountResolutionTest" classname="Tests.Feature.SellerCommissionDocumentAmountResolutionTest" assertions="2" time="0.071158"/>
        <testcase name="Snapshot contains official five digit number customer and final total" file="Seller Commission Document Amount Resolution (Tests\Feature\SellerCommissionDocumentAmountResolution)::Snapshot contains official five digit number customer and final total" class="Tests\Feature\SellerCommissionDocumentAmountResolutionTest" classname="Tests.Feature.SellerCommissionDocumentAmountResolutionTest" assertions="1" time="0.078810"/>
      </testsuite>
      <testsuite name="Tests\Feature\SellerCommissionDocumentAvailableInvoicesTest" file="Seller Commission Document Available Invoices (Tests\Feature\SellerCommissionDocumentAvailableInvoices)" tests="8" assertions="11" errors="0" failures="6" skipped="0" time="0.844547">
        <testcase name="Endpoint validates user and date parameters" file="Seller Commission Document Available Invoices (Tests\Feature\SellerCommissionDocumentAvailableInvoices)::Endpoint validates user and date parameters" class="Tests\Feature\SellerCommissionDocumentAvailableInvoicesTest" classname="Tests.Feature.SellerCommissionDocumentAvailableInvoicesTest" assertions="1" time="0.073495">
          <failure type="PHPUnit\Framework\ExpectationFailedException">Endpoint validates user and date parametersExpected response status code [422] but received 503.
Failed asserting that 503 is identical to 422.&#13;
at vendor\laravel\framework\src\Illuminate\Testing\TestResponseAssert.php:45
at vendor\laravel\framework\src\Illuminate\Testing\TestResponse.php:175
at vendor\laravel\framework\src\Illuminate\Testing\Concerns\AssertsStatusCodes.php:221
at tests\Feature\SellerCommissionDocumentAvailableInvoicesTest.php:20</failure>
        </testcase>
        <testcase name="Endpoint rejects inactive or non erp user" file="Seller Commission Document Available Invoices (Tests\Feature\SellerCommissionDocumentAvailableInvoices)::Endpoint rejects inactive or non erp user" class="Tests\Feature\SellerCommissionDocumentAvailableInvoicesTest" classname="Tests.Feature.SellerCommissionDocumentAvailableInvoicesTest" assertions="1" time="0.063505">
          <failure type="PHPUnit\Framework\ExpectationFailedException">Endpoint rejects inactive or non erp userExpected response status code [422] but received 503.
Failed asserting that 503 is identical to 422.&#13;
at vendor\laravel\framework\src\Illuminate\Testing\TestResponseAssert.php:45
at vendor\laravel\framework\src\Illuminate\Testing\TestResponse.php:175
at vendor\laravel\framework\src\Illuminate\Testing\Concerns\AssertsStatusCodes.php:221
at tests\Feature\SellerCommissionDocumentAvailableInvoicesTest.php:33</failure>
        </testcase>
        <testcase name="Endpoint only returns free invoices for selected user in inclusive range" file="Seller Commission Document Available Invoices (Tests\Feature\SellerCommissionDocumentAvailableInvoices)::Endpoint only returns free invoices for selected user in inclusive range" class="Tests\Feature\SellerCommissionDocumentAvailableInvoicesTest" classname="Tests.Feature.SellerCommissionDocumentAvailableInvoicesTest" assertions="1" time="0.133505">
          <failure type="PHPUnit\Framework\ExpectationFailedException">Endpoint only returns free invoices for selected user in inclusive rangeExpected response status code [200] but received 503.
Failed asserting that 503 is identical to 200.&#13;
at vendor\laravel\framework\src\Illuminate\Testing\TestResponseAssert.php:45
at vendor\laravel\framework\src\Illuminate\Testing\TestResponse.php:175
at vendor\laravel\framework\src\Illuminate\Testing\Concerns\AssertsStatusCodes.php:16
at tests\Feature\SellerCommissionDocumentAvailableInvoicesTest.php:46</failure>
        </testcase>
        <testcase name="Cancelled invoice is excluded but workflow status is not" file="Seller Commission Document Available Invoices (Tests\Feature\SellerCommissionDocumentAvailableInvoices)::Cancelled invoice is excluded but workflow status is not" class="Tests\Feature\SellerCommissionDocumentAvailableInvoicesTest" classname="Tests.Feature.SellerCommissionDocumentAvailableInvoicesTest" assertions="2" time="0.075911"/>
        <testcase name="Invoice used by another document is hidden but current document items are allowed in edit" file="Seller Commission Document Available Invoices (Tests\Feature\SellerCommissionDocumentAvailableInvoices)::Invoice used by another document is hidden but current document items are allowed in edit" class="Tests\Feature\SellerCommissionDocumentAvailableInvoicesTest" classname="Tests.Feature.SellerCommissionDocumentAvailableInvoicesTest" assertions="3" time="0.104460"/>
        <testcase name="Search and server pagination contract are exposed" file="Seller Commission Document Available Invoices (Tests\Feature\SellerCommissionDocumentAvailableInvoices)::Search and server pagination contract are exposed" class="Tests\Feature\SellerCommissionDocumentAvailableInvoicesTest" classname="Tests.Feature.SellerCommissionDocumentAvailableInvoicesTest" assertions="1" time="0.073637">
          <failure type="PHPUnit\Framework\ExpectationFailedException">Search and server pagination contract are exposedExpected response status code [200] but received 503.
Failed asserting that 503 is identical to 200.&#13;
at vendor\laravel\framework\src\Illuminate\Testing\TestResponseAssert.php:45
at vendor\laravel\framework\src\Illuminate\Testing\TestResponse.php:175
at vendor\laravel\framework\src\Illuminate\Testing\Concerns\AssertsStatusCodes.php:16
at tests\Feature\SellerCommissionDocumentAvailableInvoicesTest.php:82</failure>
        </testcase>
        <testcase name="Search by customer name uses invoice snapshot customer field" file="Seller Commission Document Available Invoices (Tests\Feature\SellerCommissionDocumentAvailableInvoices)::Search by customer name uses invoice snapshot customer field" class="Tests\Feature\SellerCommissionDocumentAvailableInvoicesTest" classname="Tests.Feature.SellerCommissionDocumentAvailableInvoicesTest" assertions="1" time="0.082092">
          <failure type="PHPUnit\Framework\ExpectationFailedException">Search by customer name uses invoice snapshot customer fieldExpected response status code [200] but received 503.
Failed asserting that 503 is identical to 200.&#13;
at vendor\laravel\framework\src\Illuminate\Testing\TestResponseAssert.php:45
at vendor\laravel\framework\src\Illuminate\Testing\TestResponse.php:175
at vendor\laravel\framework\src\Illuminate\Testing\Concerns\AssertsStatusCodes.php:16
at tests\Feature\SellerCommissionDocumentAvailableInvoicesTest.php:96</failure>
        </testcase>
        <testcase name="Pagination never repeats an invoice between pages" file="Seller Commission Document Available Invoices (Tests\Feature\SellerCommissionDocumentAvailableInvoices)::Pagination never repeats an invoice between pages" class="Tests\Feature\SellerCommissionDocumentAvailableInvoicesTest" classname="Tests.Feature.SellerCommissionDocumentAvailableInvoicesTest" assertions="1" time="0.237942">
          <failure type="PHPUnit\Framework\ExpectationFailedException">Pagination never repeats an invoice between pagesExpected response status code [200] but received 503.
Failed asserting that 503 is identical to 200.&#13;
at vendor\laravel\framework\src\Illuminate\Testing\TestResponseAssert.php:45
at vendor\laravel\framework\src\Illuminate\Testing\TestResponse.php:175
at vendor\laravel\framework\src\Illuminate\Testing\Concerns\AssertsStatusCodes.php:16
at tests\Feature\SellerCommissionDocumentAvailableInvoicesTest.php:111</failure>
        </testcase>
      </testsuite>
      <testsuite name="Tests\Feature\SellerCommissionDocumentBackfillCommandTest" file="Seller Commission Document Backfill Command (Tests\Feature\SellerCommissionDocumentBackfillCommand)" tests="3" assertions="22" errors="0" failures="0" skipped="0" time="0.324406">
        <testcase name="Default dry run reports mismatch without mutating it" file="Seller Commission Document Backfill Command (Tests\Feature\SellerCommissionDocumentBackfillCommand)::Default dry run reports mismatch without mutating it" class="Tests\Feature\SellerCommissionDocumentBackfillCommandTest" classname="Tests.Feature.SellerCommissionDocumentBackfillCommandTest" assertions="6" time="0.110726"/>
        <testcase name="Apply uses matching audit recalculates and is idempotent" file="Seller Commission Document Backfill Command (Tests\Feature\SellerCommissionDocumentBackfillCommand)::Apply uses matching audit recalculates and is idempotent" class="Tests\Feature\SellerCommissionDocumentBackfillCommandTest" classname="Tests.Feature.SellerCommissionDocumentBackfillCommandTest" assertions="12" time="0.115583"/>
        <testcase name="Apply without audit keeps reassignment time nullable" file="Seller Commission Document Backfill Command (Tests\Feature\SellerCommissionDocumentBackfillCommand)::Apply without audit keeps reassignment time nullable" class="Tests\Feature\SellerCommissionDocumentBackfillCommandTest" classname="Tests.Feature.SellerCommissionDocumentBackfillCommandTest" assertions="4" time="0.098097"/>
      </testsuite>
      <testsuite name="Tests\Feature\SellerCommissionDocumentCreateTest" file="Seller Commission Document Create (Tests\Feature\SellerCommissionDocumentCreate)" tests="8" assertions="8" errors="0" failures="8" skipped="0" time="0.655704">
        <testcase name="Create lists active internal users with users id as value" file="Seller Commission Document Create (Tests\Feature\SellerCommissionDocumentCreate)::Create lists active internal users with users id as value" class="Tests\Feature\SellerCommissionDocumentCreateTest" classname="Tests.Feature.SellerCommissionDocumentCreateTest" assertions="1" time="0.057679">
          <failure type="PHPUnit\Framework\ExpectationFailedException">Create lists active internal users with users id as valueExpected response status code [200] but received 503.
Failed asserting that 503 is identical to 200.&#13;
at vendor\laravel\framework\src\Illuminate\Testing\TestResponseAssert.php:45
at vendor\laravel\framework\src\Illuminate\Testing\TestResponse.php:175
at vendor\laravel\framework\src\Illuminate\Testing\Concerns\AssertsStatusCodes.php:16
at tests\Feature\SellerCommissionDocumentCreateTest.php:20</failure>
        </testcase>
        <testcase name="Dropdown excludes users without erp access and never uses crm user id as value" file="Seller Commission Document Create (Tests\Feature\SellerCommissionDocumentCreate)::Dropdown excludes users without erp access and never uses crm user id as value" class="Tests\Feature\SellerCommissionDocumentCreateTest" classname="Tests.Feature.SellerCommissionDocumentCreateTest" assertions="1" time="0.072298">
          <failure type="PHPUnit\Framework\ExpectationFailedException">Dropdown excludes users without erp access and never uses crm user id as valueExpected response status code [200] but received 503.
Failed asserting that 503 is identical to 200.&#13;
at vendor\laravel\framework\src\Illuminate\Testing\TestResponseAssert.php:45
at vendor\laravel\framework\src\Illuminate\Testing\TestResponse.php:175
at vendor\laravel\framework\src\Illuminate\Testing\Concerns\AssertsStatusCodes.php:16
at tests\Feature\SellerCommissionDocumentCreateTest.php:31</failure>
        </testcase>
        <testcase name="Dropdown is not dependent on seller role or an existing invoice" file="Seller Commission Document Create (Tests\Feature\SellerCommissionDocumentCreate)::Dropdown is not dependent on seller role or an existing invoice" class="Tests\Feature\SellerCommissionDocumentCreateTest" classname="Tests.Feature.SellerCommissionDocumentCreateTest" assertions="1" time="0.056707">
          <failure type="PHPUnit\Framework\ExpectationFailedException">Dropdown is not dependent on seller role or an existing invoiceExpected response status code [200] but received 503.
Failed asserting that 503 is identical to 200.&#13;
at vendor\laravel\framework\src\Illuminate\Testing\TestResponseAssert.php:45
at vendor\laravel\framework\src\Illuminate\Testing\TestResponse.php:175
at vendor\laravel\framework\src\Illuminate\Testing\Concerns\AssertsStatusCodes.php:16
at tests\Feature\SellerCommissionDocumentCreateTest.php:43</failure>
        </testcase>
        <testcase name="Store with one invoice recalculates count and total in backend" file="Seller Commission Document Create (Tests\Feature\SellerCommissionDocumentCreate)::Store with one invoice recalculates count and total in backend" class="Tests\Feature\SellerCommissionDocumentCreateTest" classname="Tests.Feature.SellerCommissionDocumentCreateTest" assertions="1" time="0.066246">
          <failure type="PHPUnit\Framework\ExpectationFailedException">Store with one invoice recalculates count and total in backendExpected response status code [201, 301, 302, 303, 307, 308] but received 503.
Failed asserting that false is true.&#13;
at vendor\laravel\framework\src\Illuminate\Testing\TestResponseAssert.php:45
at vendor\laravel\framework\src\Illuminate\Testing\TestResponse.php:200
at tests\Feature\SellerCommissionDocumentCreateTest.php:54</failure>
        </testcase>
        <testcase name="Store with twenty invoices succeeds and only selected invoices are consumed" file="Seller Commission Document Create (Tests\Feature\SellerCommissionDocumentCreate)::Store with twenty invoices succeeds and only selected invoices are consumed" class="Tests\Feature\SellerCommissionDocumentCreateTest" classname="Tests.Feature.SellerCommissionDocumentCreateTest" assertions="1" time="0.197812">
          <failure type="PHPUnit\Framework\ExpectationFailedException">Store with twenty invoices succeeds and only selected invoices are consumedExpected response status code [201, 301, 302, 303, 307, 308] but received 503.
Failed asserting that false is true.&#13;
at vendor\laravel\framework\src\Illuminate\Testing\TestResponseAssert.php:45
at vendor\laravel\framework\src\Illuminate\Testing\TestResponse.php:200
at tests\Feature\SellerCommissionDocumentCreateTest.php:64</failure>
        </testcase>
        <testcase name="Invalid invoice rolls back entire transaction" file="Seller Commission Document Create (Tests\Feature\SellerCommissionDocumentCreate)::Invalid invoice rolls back entire transaction" class="Tests\Feature\SellerCommissionDocumentCreateTest" classname="Tests.Feature.SellerCommissionDocumentCreateTest" assertions="1" time="0.066698">
          <failure type="PHPUnit\Framework\ExpectationFailedException">Invalid invoice rolls back entire transactionSession is missing expected key [errors].
Failed asserting that false is true.&#13;
at vendor\laravel\framework\src\Illuminate\Testing\TestResponseAssert.php:45
at vendor\laravel\framework\src\Illuminate\Testing\TestResponse.php:1547
at vendor\laravel\framework\src\Illuminate\Testing\TestResponse.php:1634
at tests\Feature\SellerCommissionDocumentCreateTest.php:75</failure>
        </testcase>
        <testcase name="Store request rejects missing duplicate and invalid date payloads" file="Seller Commission Document Create (Tests\Feature\SellerCommissionDocumentCreate)::Store request rejects missing duplicate and invalid date payloads" class="Tests\Feature\SellerCommissionDocumentCreateTest" classname="Tests.Feature.SellerCommissionDocumentCreateTest" assertions="1" time="0.073011">
          <failure type="PHPUnit\Framework\ExpectationFailedException">Store request rejects missing duplicate and invalid date payloadsSession is missing expected key [errors].
Failed asserting that false is true.&#13;
at vendor\laravel\framework\src\Illuminate\Testing\TestResponseAssert.php:45
at vendor\laravel\framework\src\Illuminate\Testing\TestResponse.php:1547
at vendor\laravel\framework\src\Illuminate\Testing\TestResponse.php:1634
at tests\Feature\SellerCommissionDocumentCreateTest.php:91</failure>
        </testcase>
        <testcase name="Store rejects cancelled and out of range invoices without reserving them" file="Seller Commission Document Create (Tests\Feature\SellerCommissionDocumentCreate)::Store rejects cancelled and out of range invoices without reserving them" class="Tests\Feature\SellerCommissionDocumentCreateTest" classname="Tests.Feature.SellerCommissionDocumentCreateTest" assertions="1" time="0.065253">
          <failure type="PHPUnit\Framework\ExpectationFailedException">Store rejects cancelled and out of range invoices without reserving themSession is missing expected key [errors].
Failed asserting that false is true.&#13;
at vendor\laravel\framework\src\Illuminate\Testing\TestResponseAssert.php:45
at vendor\laravel\framework\src\Illuminate\Testing\TestResponse.php:1547
at vendor\laravel\framework\src\Illuminate\Testing\TestResponse.php:1634
at tests\Feature\SellerCommissionDocumentCreateTest.php:111</failure>
        </testcase>
      </testsuite>
      <testsuite name="Tests\Feature\SellerCommissionDocumentDatabaseConstraintTest" file="Seller Commission Document Database Constraint (Tests\Feature\SellerCommissionDocumentDatabaseConstraint)" tests="8" assertions="38" errors="0" failures="0" skipped="0" time="0.518626">
        <testcase name="Clean database has reassignment columns indexes and original invoice foreign key" file="Seller Commission Document Database Constraint (Tests\Feature\SellerCommissionDocumentDatabaseConstraint)::Clean database has reassignment columns indexes and original invoice foreign key" class="Tests\Feature\SellerCommissionDocumentDatabaseConstraintTest" classname="Tests.Feature.SellerCommissionDocumentDatabaseConstraintTest" assertions="10" time="0.057242"/>
        <testcase name="Database unique constraint rejects two active rows for an invoice" file="Seller Commission Document Database Constraint (Tests\Feature\SellerCommissionDocumentDatabaseConstraint)::Database unique constraint rejects two active rows for an invoice" class="Tests\Feature\SellerCommissionDocumentDatabaseConstraintTest" classname="Tests.Feature.SellerCommissionDocumentDatabaseConstraintTest" assertions="1" time="0.076643"/>
        <testcase name="Historical row allows a new active row for same invoice" file="Seller Commission Document Database Constraint (Tests\Feature\SellerCommissionDocumentDatabaseConstraint)::Historical row allows a new active row for same invoice" class="Tests\Feature\SellerCommissionDocumentDatabaseConstraintTest" classname="Tests.Feature.SellerCommissionDocumentDatabaseConstraintTest" assertions="2" time="0.072703"/>
        <testcase name="Reassignment migration is idempotent after partial execution" file="Seller Commission Document Database Constraint (Tests\Feature\SellerCommissionDocumentDatabaseConstraint)::Reassignment migration is idempotent after partial execution" class="Tests\Feature\SellerCommissionDocumentDatabaseConstraintTest" classname="Tests.Feature.SellerCommissionDocumentDatabaseConstraintTest" assertions="10" time="0.093315"/>
        <testcase name="Document numbers are automatic unique and use sc format" file="Seller Commission Document Database Constraint (Tests\Feature\SellerCommissionDocumentDatabaseConstraint)::Document numbers are automatic unique and use sc format" class="Tests\Feature\SellerCommissionDocumentDatabaseConstraintTest" classname="Tests.Feature.SellerCommissionDocumentDatabaseConstraintTest" assertions="2" time="0.077452"/>
        <testcase name="Only eight non destructive module routes exist" file="Seller Commission Document Database Constraint (Tests\Feature\SellerCommissionDocumentDatabaseConstraint)::Only eight non destructive module routes exist" class="Tests\Feature\SellerCommissionDocumentDatabaseConstraintTest" classname="Tests.Feature.SellerCommissionDocumentDatabaseConstraintTest" assertions="2" time="0.047577"/>
        <testcase name="Controller views and model expose no delete or soft delete contract" file="Seller Commission Document Database Constraint (Tests\Feature\SellerCommissionDocumentDatabaseConstraint)::Controller views and model expose no delete or soft delete contract" class="Tests\Feature\SellerCommissionDocumentDatabaseConstraintTest" classname="Tests.Feature.SellerCommissionDocumentDatabaseConstraintTest" assertions="8" time="0.048690"/>
        <testcase name="Commission amount or percentage columns do not exist" file="Seller Commission Document Database Constraint (Tests\Feature\SellerCommissionDocumentDatabaseConstraint)::Commission amount or percentage columns do not exist" class="Tests\Feature\SellerCommissionDocumentDatabaseConstraintTest" classname="Tests.Feature.SellerCommissionDocumentDatabaseConstraintTest" assertions="3" time="0.045004"/>
      </testsuite>
      <testsuite name="Tests\Feature\SellerCommissionDocumentDateResolutionTest" file="Seller Commission Document Date Resolution (Tests\Feature\SellerCommissionDocumentDateResolution)" tests="3" assertions="4" errors="0" failures="1" skipped="0" time="0.202469">
        <testcase name="Invoice document date is used instead of preinvoice dates" file="Seller Commission Document Date Resolution (Tests\Feature\SellerCommissionDocumentDateResolution)::Invoice document date is used instead of preinvoice dates" class="Tests\Feature\SellerCommissionDocumentDateResolutionTest" classname="Tests.Feature.SellerCommissionDocumentDateResolutionTest" assertions="2" time="0.060888"/>
        <testcase name="Snapshot stores effective invoice date" file="Seller Commission Document Date Resolution (Tests\Feature\SellerCommissionDocumentDateResolution)::Snapshot stores effective invoice date" class="Tests\Feature\SellerCommissionDocumentDateResolutionTest" classname="Tests.Feature.SellerCommissionDocumentDateResolutionTest" assertions="1" time="0.077670"/>
        <testcase name="Jalali dates are converted by request and boundaries are inclusive" file="Seller Commission Document Date Resolution (Tests\Feature\SellerCommissionDocumentDateResolution)::Jalali dates are converted by request and boundaries are inclusive" class="Tests\Feature\SellerCommissionDocumentDateResolutionTest" classname="Tests.Feature.SellerCommissionDocumentDateResolutionTest" assertions="1" time="0.063912">
          <failure type="PHPUnit\Framework\ExpectationFailedException">Jalali dates are converted by request and boundaries are inclusiveExpected response status code [200] but received 503.
Failed asserting that 503 is identical to 200.&#13;
at vendor\laravel\framework\src\Illuminate\Testing\TestResponseAssert.php:45
at vendor\laravel\framework\src\Illuminate\Testing\TestResponse.php:175
at vendor\laravel\framework\src\Illuminate\Testing\Concerns\AssertsStatusCodes.php:16
at tests\Feature\SellerCommissionDocumentDateResolutionTest.php:36</failure>
        </testcase>
      </testsuite>
      <testsuite name="Tests\Feature\SellerCommissionDocumentDuplicateInvoiceTest" file="Seller Commission Document Duplicate Invoice (Tests\Feature\SellerCommissionDocumentDuplicateInvoice)" tests="2" assertions="4" errors="0" failures="0" skipped="0" time="0.244854">
        <testcase name="Same invoice cannot be added to two documents with controlled persian error" file="Seller Commission Document Duplicate Invoice (Tests\Feature\SellerCommissionDocumentDuplicateInvoice)::Same invoice cannot be added to two documents with controlled persian error" class="Tests\Feature\SellerCommissionDocumentDuplicateInvoiceTest" classname="Tests.Feature.SellerCommissionDocumentDuplicateInvoiceTest" assertions="2" time="0.141430"/>
        <testcase name="Duplicate failure never leaves a partial document" file="Seller Commission Document Duplicate Invoice (Tests\Feature\SellerCommissionDocumentDuplicateInvoice)::Duplicate failure never leaves a partial document" class="Tests\Feature\SellerCommissionDocumentDuplicateInvoiceTest" classname="Tests.Feature.SellerCommissionDocumentDuplicateInvoiceTest" assertions="2" time="0.103423"/>
      </testsuite>
      <testsuite name="Tests\Feature\SellerCommissionDocumentIndexTest" file="Seller Commission Document Index (Tests\Feature\SellerCommissionDocumentIndex)" tests="4" assertions="4" errors="0" failures="4" skipped="0" time="0.658742">
        <testcase name="Index responds and contains create button without delete action" file="Seller Commission Document Index (Tests\Feature\SellerCommissionDocumentIndex)::Index responds and contains create button without delete action" class="Tests\Feature\SellerCommissionDocumentIndexTest" classname="Tests.Feature.SellerCommissionDocumentIndexTest" assertions="1" time="0.089632">
          <failure type="PHPUnit\Framework\ExpectationFailedException">Index responds and contains create button without delete actionExpected response status code [200] but received 503.
Failed asserting that 503 is identical to 200.&#13;
at vendor\laravel\framework\src\Illuminate\Testing\TestResponseAssert.php:45
at vendor\laravel\framework\src\Illuminate\Testing\TestResponse.php:175
at vendor\laravel\framework\src\Illuminate\Testing\Concerns\AssertsStatusCodes.php:16
at tests\Feature\SellerCommissionDocumentIndexTest.php:16</failure>
        </testcase>
        <testcase name="Each document is rendered as one table row with required metadata" file="Seller Commission Document Index (Tests\Feature\SellerCommissionDocumentIndex)::Each document is rendered as one table row with required metadata" class="Tests\Feature\SellerCommissionDocumentIndexTest" classname="Tests.Feature.SellerCommissionDocumentIndexTest" assertions="1" time="0.089747">
          <failure type="PHPUnit\Framework\ExpectationFailedException">Each document is rendered as one table row with required metadataExpected response status code [200] but received 503.
Failed asserting that 503 is identical to 200.&#13;
at vendor\laravel\framework\src\Illuminate\Testing\TestResponseAssert.php:45
at vendor\laravel\framework\src\Illuminate\Testing\TestResponse.php:175
at vendor\laravel\framework\src\Illuminate\Testing\Concerns\AssertsStatusCodes.php:16
at tests\Feature\SellerCommissionDocumentIndexTest.php:27</failure>
        </testcase>
        <testcase name="Index uses server side pagination and filters" file="Seller Commission Document Index (Tests\Feature\SellerCommissionDocumentIndex)::Index uses server side pagination and filters" class="Tests\Feature\SellerCommissionDocumentIndexTest" classname="Tests.Feature.SellerCommissionDocumentIndexTest" assertions="1" time="0.393532">
          <failure type="PHPUnit\Framework\ExpectationFailedException">Index uses server side pagination and filtersExpected response status code [200] but received 503.
Failed asserting that 503 is identical to 200.&#13;
at vendor\laravel\framework\src\Illuminate\Testing\TestResponseAssert.php:45
at vendor\laravel\framework\src\Illuminate\Testing\TestResponse.php:175
at vendor\laravel\framework\src\Illuminate\Testing\Concerns\AssertsStatusCodes.php:16
at tests\Feature\SellerCommissionDocumentIndexTest.php:38</failure>
        </testcase>
        <testcase name="Index filters by user and document period" file="Seller Commission Document Index (Tests\Feature\SellerCommissionDocumentIndex)::Index filters by user and document period" class="Tests\Feature\SellerCommissionDocumentIndexTest" classname="Tests.Feature.SellerCommissionDocumentIndexTest" assertions="1" time="0.085832">
          <failure type="PHPUnit\Framework\ExpectationFailedException">Index filters by user and document periodExpected response status code [200] but received 503.
Failed asserting that 503 is identical to 200.&#13;
at vendor\laravel\framework\src\Illuminate\Testing\TestResponseAssert.php:45
at vendor\laravel\framework\src\Illuminate\Testing\TestResponse.php:175
at vendor\laravel\framework\src\Illuminate\Testing\Concerns\AssertsStatusCodes.php:16
at tests\Feature\SellerCommissionDocumentIndexTest.php:55</failure>
        </testcase>
      </testsuite>
      <testsuite name="Tests\Feature\SellerCommissionDocumentInvoiceReleaseTest" file="Seller Commission Document Invoice Release (Tests\Feature\SellerCommissionDocumentInvoiceRelease)" tests="4" assertions="7" errors="0" failures="2" skipped="0" time="0.362024">
        <testcase name="Removed invoice becomes available again without changing invoice" file="Seller Commission Document Invoice Release (Tests\Feature\SellerCommissionDocumentInvoiceRelease)::Removed invoice becomes available again without changing invoice" class="Tests\Feature\SellerCommissionDocumentInvoiceReleaseTest" classname="Tests.Feature.SellerCommissionDocumentInvoiceReleaseTest" assertions="2" time="0.118018"/>
        <testcase name="Released invoice can be saved in a new document" file="Seller Commission Document Invoice Release (Tests\Feature\SellerCommissionDocumentInvoiceRelease)::Released invoice can be saved in a new document" class="Tests\Feature\SellerCommissionDocumentInvoiceReleaseTest" classname="Tests.Feature.SellerCommissionDocumentInvoiceReleaseTest" assertions="3" time="0.094605"/>
        <testcase name="Failed validation does not block any free invoice" file="Seller Commission Document Invoice Release (Tests\Feature\SellerCommissionDocumentInvoiceRelease)::Failed validation does not block any free invoice" class="Tests\Feature\SellerCommissionDocumentInvoiceReleaseTest" classname="Tests.Feature.SellerCommissionDocumentInvoiceReleaseTest" assertions="1" time="0.071786">
          <failure type="PHPUnit\Framework\ExpectationFailedException">Failed validation does not block any free invoiceSession is missing expected key [errors].
Failed asserting that false is true.&#13;
at vendor\laravel\framework\src\Illuminate\Testing\TestResponseAssert.php:45
at vendor\laravel\framework\src\Illuminate\Testing\TestResponse.php:1547
at vendor\laravel\framework\src\Illuminate\Testing\TestResponse.php:1634
at tests\Feature\SellerCommissionDocumentInvoiceReleaseTest.php:55</failure>
        </testcase>
        <testcase name="Merely loading an invoice never reserves it" file="Seller Commission Document Invoice Release (Tests\Feature\SellerCommissionDocumentInvoiceRelease)::Merely loading an invoice never reserves it" class="Tests\Feature\SellerCommissionDocumentInvoiceReleaseTest" classname="Tests.Feature.SellerCommissionDocumentInvoiceReleaseTest" assertions="1" time="0.077616">
          <failure type="PHPUnit\Framework\ExpectationFailedException">Merely loading an invoice never reserves itExpected response status code [200] but received 503.
Failed asserting that 503 is identical to 200.&#13;
at vendor\laravel\framework\src\Illuminate\Testing\TestResponseAssert.php:45
at vendor\laravel\framework\src\Illuminate\Testing\TestResponse.php:175
at vendor\laravel\framework\src\Illuminate\Testing\Concerns\AssertsStatusCodes.php:16
at tests\Feature\SellerCommissionDocumentInvoiceReleaseTest.php:67</failure>
        </testcase>
      </testsuite>
      <testsuite name="Tests\Feature\SellerCommissionDocumentOwnerResolutionTest" file="Seller Commission Document Owner Resolution (Tests\Feature\SellerCommissionDocumentOwnerResolution)" tests="3" assertions="5" errors="0" failures="0" skipped="0" time="0.242016">
        <testcase name="Preinvoice created by is the invoice owner" file="Seller Commission Document Owner Resolution (Tests\Feature\SellerCommissionDocumentOwnerResolution)::Preinvoice created by is the invoice owner" class="Tests\Feature\SellerCommissionDocumentOwnerResolutionTest" classname="Tests.Feature.SellerCommissionDocumentOwnerResolutionTest" assertions="1" time="0.062517"/>
        <testcase name="Invoice seller takes priority over original creator" file="Seller Commission Document Owner Resolution (Tests\Feature\SellerCommissionDocumentOwnerResolution)::Invoice seller takes priority over original creator" class="Tests\Feature\SellerCommissionDocumentOwnerResolutionTest" classname="Tests.Feature.SellerCommissionDocumentOwnerResolutionTest" assertions="2" time="0.101167"/>
        <testcase name="Creating document never changes invoice ownership fields" file="Seller Commission Document Owner Resolution (Tests\Feature\SellerCommissionDocumentOwnerResolution)::Creating document never changes invoice ownership fields" class="Tests\Feature\SellerCommissionDocumentOwnerResolutionTest" classname="Tests.Feature.SellerCommissionDocumentOwnerResolutionTest" assertions="2" time="0.078333"/>
      </testsuite>
      <testsuite name="Tests\Feature\SellerCommissionDocumentPrintTest" file="Seller Commission Document Print (Tests\Feature\SellerCommissionDocumentPrint)" tests="7" assertions="7" errors="0" failures="7" skipped="0" time="0.632603">
        <testcase name="Show page reads invoice details from snapshots" file="Seller Commission Document Print (Tests\Feature\SellerCommissionDocumentPrint)::Show page reads invoice details from snapshots" class="Tests\Feature\SellerCommissionDocumentPrintTest" classname="Tests.Feature.SellerCommissionDocumentPrintTest" assertions="1" time="0.109712">
          <failure type="PHPUnit\Framework\ExpectationFailedException">Show page reads invoice details from snapshotsExpected response status code [200] but received 503.
Failed asserting that 503 is identical to 200.&#13;
at vendor\laravel\framework\src\Illuminate\Testing\TestResponseAssert.php:45
at vendor\laravel\framework\src\Illuminate\Testing\TestResponse.php:175
at vendor\laravel\framework\src\Illuminate\Testing\Concerns\AssertsStatusCodes.php:16
at tests\Feature\SellerCommissionDocumentPrintTest.php:22</failure>
        </testcase>
        <testcase name="Print uses snapshot after invoice is changed" file="Seller Commission Document Print (Tests\Feature\SellerCommissionDocumentPrint)::Print uses snapshot after invoice is changed" class="Tests\Feature\SellerCommissionDocumentPrintTest" classname="Tests.Feature.SellerCommissionDocumentPrintTest" assertions="1" time="0.088638">
          <failure type="PHPUnit\Framework\ExpectationFailedException">Print uses snapshot after invoice is changedExpected response status code [200] but received 503.
Failed asserting that 503 is identical to 200.&#13;
at vendor\laravel\framework\src\Illuminate\Testing\TestResponseAssert.php:45
at vendor\laravel\framework\src\Illuminate\Testing\TestResponse.php:175
at vendor\laravel\framework\src\Illuminate\Testing\Concerns\AssertsStatusCodes.php:16
at tests\Feature\SellerCommissionDocumentPrintTest.php:32</failure>
        </testcase>
        <testcase name="Print is rtl a4 and has repeating table header and signatures" file="Seller Commission Document Print (Tests\Feature\SellerCommissionDocumentPrint)::Print is rtl a4 and has repeating table header and signatures" class="Tests\Feature\SellerCommissionDocumentPrintTest" classname="Tests.Feature.SellerCommissionDocumentPrintTest" assertions="1" time="0.091664">
          <failure type="PHPUnit\Framework\ExpectationFailedException">Print is rtl a4 and has repeating table header and signaturesExpected response status code [200] but received 503.
Failed asserting that 503 is identical to 200.&#13;
at vendor\laravel\framework\src\Illuminate\Testing\TestResponseAssert.php:45
at vendor\laravel\framework\src\Illuminate\Testing\TestResponse.php:175
at vendor\laravel\framework\src\Illuminate\Testing\Concerns\AssertsStatusCodes.php:16
at tests\Feature\SellerCommissionDocumentPrintTest.php:40</failure>
        </testcase>
        <testcase name="Print has no application sidebar or panel header" file="Seller Commission Document Print (Tests\Feature\SellerCommissionDocumentPrint)::Print has no application sidebar or panel header" class="Tests\Feature\SellerCommissionDocumentPrintTest" classname="Tests.Feature.SellerCommissionDocumentPrintTest" assertions="1" time="0.084456">
          <failure type="PHPUnit\Framework\ExpectationFailedException">Print has no application sidebar or panel headerExpected response status code [200] but received 503.
Failed asserting that 503 is identical to 200.&#13;
at vendor\laravel\framework\src\Illuminate\Testing\TestResponseAssert.php:45
at vendor\laravel\framework\src\Illuminate\Testing\TestResponse.php:175
at vendor\laravel\framework\src\Illuminate\Testing\Concerns\AssertsStatusCodes.php:16
at tests\Feature\SellerCommissionDocumentPrintTest.php:48</failure>
        </testcase>
        <testcase name="Number and initial date snapshots do not change after source rows change" file="Seller Commission Document Print (Tests\Feature\SellerCommissionDocumentPrint)::Number and initial date snapshots do not change after source rows change" class="Tests\Feature\SellerCommissionDocumentPrintTest" classname="Tests.Feature.SellerCommissionDocumentPrintTest" assertions="1" time="0.087578">
          <failure type="PHPUnit\Framework\ExpectationFailedException">Number and initial date snapshots do not change after source rows changeExpected response status code [200] but received 503.
Failed asserting that 503 is identical to 200.&#13;
at vendor\laravel\framework\src\Illuminate\Testing\TestResponseAssert.php:45
at vendor\laravel\framework\src\Illuminate\Testing\TestResponse.php:175
at vendor\laravel\framework\src\Illuminate\Testing\Concerns\AssertsStatusCodes.php:16
at tests\Feature\SellerCommissionDocumentPrintTest.php:62</failure>
        </testcase>
        <testcase name="Show contains document summary notes creator and items table" file="Seller Commission Document Print (Tests\Feature\SellerCommissionDocumentPrint)::Show contains document summary notes creator and items table" class="Tests\Feature\SellerCommissionDocumentPrintTest" classname="Tests.Feature.SellerCommissionDocumentPrintTest" assertions="1" time="0.088897">
          <failure type="PHPUnit\Framework\ExpectationFailedException">Show contains document summary notes creator and items tableExpected response status code [200] but received 503.
Failed asserting that 503 is identical to 200.&#13;
at vendor\laravel\framework\src\Illuminate\Testing\TestResponseAssert.php:45
at vendor\laravel\framework\src\Illuminate\Testing\TestResponse.php:175
at vendor\laravel\framework\src\Illuminate\Testing\Concerns\AssertsStatusCodes.php:16
at tests\Feature\SellerCommissionDocumentPrintTest.php:73</failure>
        </testcase>
        <testcase name="Show and print keep reassigned snapshot with warning label" file="Seller Commission Document Print (Tests\Feature\SellerCommissionDocumentPrint)::Show and print keep reassigned snapshot with warning label" class="Tests\Feature\SellerCommissionDocumentPrintTest" classname="Tests.Feature.SellerCommissionDocumentPrintTest" assertions="1" time="0.081658">
          <failure type="PHPUnit\Framework\ExpectationFailedException">Show and print keep reassigned snapshot with warning labelExpected response status code [200] but received 503.
Failed asserting that 503 is identical to 200.&#13;
at vendor\laravel\framework\src\Illuminate\Testing\TestResponseAssert.php:45
at vendor\laravel\framework\src\Illuminate\Testing\TestResponse.php:175
at vendor\laravel\framework\src\Illuminate\Testing\Concerns\AssertsStatusCodes.php:16
at tests\Feature\SellerCommissionDocumentPrintTest.php:97</failure>
        </testcase>
      </testsuite>
      <testsuite name="Tests\Feature\SellerCommissionDocumentReassignmentTest" file="Seller Commission Document Reassignment (Tests\Feature\SellerCommissionDocumentReassignment)" tests="6" assertions="40" errors="0" failures="0" skipped="0" time="0.753773">
        <testcase name="Reassignment preserves history recalculates old document and releases invoice" file="Seller Commission Document Reassignment (Tests\Feature\SellerCommissionDocumentReassignment)::Reassignment preserves history recalculates old document and releases invoice" class="Tests\Feature\SellerCommissionDocumentReassignmentTest" classname="Tests.Feature.SellerCommissionDocumentReassignmentTest" assertions="11" time="0.129936"/>
        <testcase name="Bulk and multistage reassignment keep each historical row" file="Seller Commission Document Reassignment (Tests\Feature\SellerCommissionDocumentReassignment)::Bulk and multistage reassignment keep each historical row" class="Tests\Feature\SellerCommissionDocumentReassignmentTest" classname="Tests.Feature.SellerCommissionDocumentReassignmentTest" assertions="3" time="0.153546"/>
        <testcase name="Reassignment without document and same current document seller are noops for items" file="Seller Commission Document Reassignment (Tests\Feature\SellerCommissionDocumentReassignment)::Reassignment without document and same current document seller are noops for items" class="Tests\Feature\SellerCommissionDocumentReassignmentTest" classname="Tests.Feature.SellerCommissionDocumentReassignmentTest" assertions="2" time="0.153892"/>
        <testcase name="Same seller request repairs stale old document claim without fake audit" file="Seller Commission Document Reassignment (Tests\Feature\SellerCommissionDocumentReassignment)::Same seller request repairs stale old document claim without fake audit" class="Tests\Feature\SellerCommissionDocumentReassignmentTest" classname="Tests.Feature.SellerCommissionDocumentReassignmentTest" assertions="12" time="0.083487"/>
        <testcase name="Same seller with correct current document claim is true noop" file="Seller Commission Document Reassignment (Tests\Feature\SellerCommissionDocumentReassignment)::Same seller with correct current document claim is true noop" class="Tests\Feature\SellerCommissionDocumentReassignmentTest" classname="Tests.Feature.SellerCommissionDocumentReassignmentTest" assertions="6" time="0.087142"/>
        <testcase name="Bulk reassignment repairs same seller stale claim and transfers other invoice" file="Seller Commission Document Reassignment (Tests\Feature\SellerCommissionDocumentReassignment)::Bulk reassignment repairs same seller stale claim and transfers other invoice" class="Tests\Feature\SellerCommissionDocumentReassignmentTest" classname="Tests.Feature.SellerCommissionDocumentReassignmentTest" assertions="6" time="0.145771"/>
      </testsuite>
      <testsuite name="Tests\Feature\SellerCommissionDocumentUpdateTest" file="Seller Commission Document Update (Tests\Feature\SellerCommissionDocumentUpdate)" tests="6" assertions="16" errors="0" failures="3" skipped="0" time="0.571948">
        <testcase name="Edit shows current user range and checked items" file="Seller Commission Document Update (Tests\Feature\SellerCommissionDocumentUpdate)::Edit shows current user range and checked items" class="Tests\Feature\SellerCommissionDocumentUpdateTest" classname="Tests.Feature.SellerCommissionDocumentUpdateTest" assertions="1" time="0.087132">
          <failure type="PHPUnit\Framework\ExpectationFailedException">Edit shows current user range and checked itemsExpected response status code [200] but received 503.
Failed asserting that 503 is identical to 200.&#13;
at vendor\laravel\framework\src\Illuminate\Testing\TestResponseAssert.php:45
at vendor\laravel\framework\src\Illuminate\Testing\TestResponse.php:175
at vendor\laravel\framework\src\Illuminate\Testing\Concerns\AssertsStatusCodes.php:16
at tests\Feature\SellerCommissionDocumentUpdateTest.php:23</failure>
        </testcase>
        <testcase name="Update adds and removes items and recalculates totals" file="Seller Commission Document Update (Tests\Feature\SellerCommissionDocumentUpdate)::Update adds and removes items and recalculates totals" class="Tests\Feature\SellerCommissionDocumentUpdateTest" classname="Tests.Feature.SellerCommissionDocumentUpdateTest" assertions="4" time="0.108268"/>
        <testcase name="Update requires at least one invoice" file="Seller Commission Document Update (Tests\Feature\SellerCommissionDocumentUpdate)::Update requires at least one invoice" class="Tests\Feature\SellerCommissionDocumentUpdateTest" classname="Tests.Feature.SellerCommissionDocumentUpdateTest" assertions="1" time="0.079340">
          <failure type="PHPUnit\Framework\ExpectationFailedException">Update requires at least one invoiceSession is missing expected key [errors].
Failed asserting that false is true.&#13;
at vendor\laravel\framework\src\Illuminate\Testing\TestResponseAssert.php:45
at vendor\laravel\framework\src\Illuminate\Testing\TestResponse.php:1547
at vendor\laravel\framework\src\Illuminate\Testing\TestResponse.php:1634
at tests\Feature\SellerCommissionDocumentUpdateTest.php:47</failure>
        </testcase>
        <testcase name="Update with invalid new invoice rolls back removals" file="Seller Commission Document Update (Tests\Feature\SellerCommissionDocumentUpdate)::Update with invalid new invoice rolls back removals" class="Tests\Feature\SellerCommissionDocumentUpdateTest" classname="Tests.Feature.SellerCommissionDocumentUpdateTest" assertions="1" time="0.108770"/>
        <testcase name="Update changes notes but never mutates invoice or owner" file="Seller Commission Document Update (Tests\Feature\SellerCommissionDocumentUpdate)::Update changes notes but never mutates invoice or owner" class="Tests\Feature\SellerCommissionDocumentUpdateTest" classname="Tests.Feature.SellerCommissionDocumentUpdateTest" assertions="3" time="0.080979"/>
        <testcase name="Update neither deletes nor reactivates historical reassigned items" file="Seller Commission Document Update (Tests\Feature\SellerCommissionDocumentUpdate)::Update neither deletes nor reactivates historical reassigned items" class="Tests\Feature\SellerCommissionDocumentUpdateTest" classname="Tests.Feature.SellerCommissionDocumentUpdateTest" assertions="6" time="0.107459">
          <failure type="PHPUnit\Framework\ExpectationFailedException">Update neither deletes nor reactivates historical reassigned itemsExpected response status code [200] but received 503.
Failed asserting that 503 is identical to 200.&#13;
at vendor\laravel\framework\src\Illuminate\Testing\TestResponseAssert.php:45
at vendor\laravel\framework\src\Illuminate\Testing\TestResponse.php:175
at vendor\laravel\framework\src\Illuminate\Testing\Concerns\AssertsStatusCodes.php:16
at tests\Feature\SellerCommissionDocumentUpdateTest.php:114</failure>
        </testcase>
      </testsuite>
      <testsuite name="Tests\Feature\SellerCommissionDocumentUserChangeTest" file="Seller Commission Document User Change (Tests\Feature\SellerCommissionDocumentUserChange)" tests="3" assertions="5" errors="0" failures="2" skipped="0" time="0.249847">
        <testcase name="Frontend resets selection when user changes" file="Seller Commission Document User Change (Tests\Feature\SellerCommissionDocumentUserChange)::Frontend resets selection when user changes" class="Tests\Feature\SellerCommissionDocumentUserChangeTest" classname="Tests.Feature.SellerCommissionDocumentUserChangeTest" assertions="1" time="0.063391">
          <failure type="PHPUnit\Framework\ExpectationFailedException">Frontend resets selection when user changesExpected response status code [200] but received 503.
Failed asserting that 503 is identical to 200.&#13;
at vendor\laravel\framework\src\Illuminate\Testing\TestResponseAssert.php:45
at vendor\laravel\framework\src\Illuminate\Testing\TestResponse.php:175
at vendor\laravel\framework\src\Illuminate\Testing\Concerns\AssertsStatusCodes.php:16
at tests\Feature\SellerCommissionDocumentUserChangeTest.php:18</failure>
        </testcase>
        <testcase name="After user change endpoint only returns new users invoices" file="Seller Commission Document User Change (Tests\Feature\SellerCommissionDocumentUserChange)::After user change endpoint only returns new users invoices" class="Tests\Feature\SellerCommissionDocumentUserChangeTest" classname="Tests.Feature.SellerCommissionDocumentUserChangeTest" assertions="1" time="0.075382">
          <failure type="PHPUnit\Framework\ExpectationFailedException">After user change endpoint only returns new users invoicesExpected response status code [200] but received 503.
Failed asserting that 503 is identical to 200.&#13;
at vendor\laravel\framework\src\Illuminate\Testing\TestResponseAssert.php:45
at vendor\laravel\framework\src\Illuminate\Testing\TestResponse.php:175
at vendor\laravel\framework\src\Illuminate\Testing\Concerns\AssertsStatusCodes.php:16
at tests\Feature\SellerCommissionDocumentUserChangeTest.php:36</failure>
        </testcase>
        <testcase name="Document user can change only with invoices owned by new user" file="Seller Commission Document User Change (Tests\Feature\SellerCommissionDocumentUserChange)::Document user can change only with invoices owned by new user" class="Tests\Feature\SellerCommissionDocumentUserChangeTest" classname="Tests.Feature.SellerCommissionDocumentUserChangeTest" assertions="3" time="0.111075"/>
      </testsuite>
      <testsuite name="Tests\Feature\SellerCommissionInvoiceAuditTest" file="tests\Feature\SellerCommissionInvoiceAuditTest.php" tests="6" assertions="23" errors="0" failures="1" skipped="0" time="1.024346">
        <testcase name="it groups seller commission rows by invoice and reconciles item and invoice totals" file="tests\Feature\SellerCommissionInvoiceAuditTest.php::it groups seller commission rows by invoice and reconciles item and invoice totals" class="Tests\Feature\SellerCommissionInvoiceAuditTest" classname="Tests.Feature.SellerCommissionInvoiceAuditTest" assertions="4" time="0.084816"/>
        <testcase name="it keeps missing rate items visible and treats explicit zero as a valid rate" file="tests\Feature\SellerCommissionInvoiceAuditTest.php::it keeps missing rate items visible and treats explicit zero as a valid rate" class="Tests\Feature\SellerCommissionInvoiceAuditTest" classname="Tests.Feature.SellerCommissionInvoiceAuditTest" assertions="3" time="0.073015"/>
        <testcase name="it isolates sellers periods and superseded history while detecting conflicting active owners" file="tests\Feature\SellerCommissionInvoiceAuditTest.php::it isolates sellers periods and superseded history while detecting conflicting active owners" class="Tests\Feature\SellerCommissionInvoiceAuditTest" classname="Tests.Feature.SellerCommissionInvoiceAuditTest" assertions="5" time="0.075040"/>
        <testcase name="it paginates unique invoices without duplicates across pages" file="tests\Feature\SellerCommissionInvoiceAuditTest.php::it paginates unique invoices without duplicates across pages" class="Tests\Feature\SellerCommissionInvoiceAuditTest" classname="Tests.Feature.SellerCommissionInvoiceAuditTest" assertions="4" time="0.604529"/>
        <testcase name="it secures invoice detail against missing permission and seller URL tampering and renders snapshots" file="tests\Feature\SellerCommissionInvoiceAuditTest.php::it secures invoice detail against missing permission and seller URL tampering and renders snapshots" class="Tests\Feature\SellerCommissionInvoiceAuditTest" classname="Tests.Feature.SellerCommissionInvoiceAuditTest" assertions="1" time="0.094275">
          <failure type="PHPUnit\Framework\ExpectationFailedException">it secures invoice detail against missing permission and seller URL tampering and renders snapshotsExpected response status code [403] but received 503.
Failed asserting that 503 is identical to 403.&#13;
at vendor\laravel\framework\src\Illuminate\Testing\TestResponseAssert.php:45
at vendor\laravel\framework\src\Illuminate\Testing\TestResponse.php:175
at vendor\laravel\framework\src\Illuminate\Testing\Concerns\AssertsStatusCodes.php:141
at tests\Feature\SellerCommissionInvoiceAuditTest.php:157</failure>
        </testcase>
        <testcase name="it reconciles returns reassignment and approved manual adjustments without mutating ledger" file="tests\Feature\SellerCommissionInvoiceAuditTest.php::it reconciles returns reassignment and approved manual adjustments without mutating ledger" class="Tests\Feature\SellerCommissionInvoiceAuditTest" classname="Tests.Feature.SellerCommissionInvoiceAuditTest" assertions="6" time="0.092671"/>
      </testsuite>
      <testsuite name="Tests\Feature\SellerDashboardTest" file="Seller Dashboard (Tests\Feature\SellerDashboard)" tests="11" assertions="11" errors="0" failures="11" skipped="0" time="2.516668">
        <testcase name="Seller sees only quick actions allowed by real permissions" file="Seller Dashboard (Tests\Feature\SellerDashboard)::Seller sees only quick actions allowed by real permissions" class="Tests\Feature\SellerDashboardTest" classname="Tests.Feature.SellerDashboardTest" assertions="1" time="0.216416">
          <failure type="PHPUnit\Framework\ExpectationFailedException">Seller sees only quick actions allowed by real permissionsExpected response status code [200] but received 503.
Failed asserting that 503 is identical to 200.&#13;
at vendor\laravel\framework\src\Illuminate\Testing\TestResponseAssert.php:45
at vendor\laravel\framework\src\Illuminate\Testing\TestResponse.php:175
at vendor\laravel\framework\src\Illuminate\Testing\Concerns\AssertsStatusCodes.php:16
at tests\Feature\SellerDashboardTest.php:30</failure>
        </testcase>
        <testcase name="Seller statistics and recent rows are restricted to seller id" file="Seller Dashboard (Tests\Feature\SellerDashboard)::Seller statistics and recent rows are restricted to seller id" class="Tests\Feature\SellerDashboardTest" classname="Tests.Feature.SellerDashboardTest" assertions="1" time="0.467036">
          <failure type="PHPUnit\Framework\ExpectationFailedException">Seller statistics and recent rows are restricted to seller idExpected response status code [200] but received 503.
Failed asserting that 503 is identical to 200.&#13;
at vendor\laravel\framework\src\Illuminate\Testing\TestResponseAssert.php:45
at vendor\laravel\framework\src\Illuminate\Testing\TestResponse.php:175
at vendor\laravel\framework\src\Illuminate\Testing\Concerns\AssertsStatusCodes.php:16
at tests\Feature\SellerDashboardTest.php:52</failure>
        </testcase>
        <testcase name="Temporary autosave is excluded from dashboard and my preinvoices" file="Seller Dashboard (Tests\Feature\SellerDashboard)::Temporary autosave is excluded from dashboard and my preinvoices" class="Tests\Feature\SellerDashboardTest" classname="Tests.Feature.SellerDashboardTest" assertions="1" time="0.240703">
          <failure type="PHPUnit\Framework\ExpectationFailedException">Temporary autosave is excluded from dashboard and my preinvoicesExpected response status code [200] but received 503.
Failed asserting that 503 is identical to 200.&#13;
at vendor\laravel\framework\src\Illuminate\Testing\TestResponseAssert.php:45
at vendor\laravel\framework\src\Illuminate\Testing\TestResponse.php:175
at vendor\laravel\framework\src\Illuminate\Testing\Concerns\AssertsStatusCodes.php:16
at tests\Feature\SellerDashboardTest.php:73</failure>
        </testcase>
        <testcase name="Work item counts use actual status constants and returned item has priority" file="Seller Dashboard (Tests\Feature\SellerDashboard)::Work item counts use actual status constants and returned item has priority" class="Tests\Feature\SellerDashboardTest" classname="Tests.Feature.SellerDashboardTest" assertions="1" time="0.199601">
          <failure type="PHPUnit\Framework\ExpectationFailedException">Work item counts use actual status constants and returned item has priorityExpected response status code [200] but received 503.
Failed asserting that 503 is identical to 200.&#13;
at vendor\laravel\framework\src\Illuminate\Testing\TestResponseAssert.php:45
at vendor\laravel\framework\src\Illuminate\Testing\TestResponse.php:175
at vendor\laravel\framework\src\Illuminate\Testing\Concerns\AssertsStatusCodes.php:16
at tests\Feature\SellerDashboardTest.php:97</failure>
        </testcase>
        <testcase name="Recent preinvoices are limited to five and use id as tie breaker" file="Seller Dashboard (Tests\Feature\SellerDashboard)::Recent preinvoices are limited to five and use id as tie breaker" class="Tests\Feature\SellerDashboardTest" classname="Tests.Feature.SellerDashboardTest" assertions="1" time="0.210855">
          <failure type="PHPUnit\Framework\ExpectationFailedException">Recent preinvoices are limited to five and use id as tie breakerExpected response status code [200] but received 503.
Failed asserting that 503 is identical to 200.&#13;
at vendor\laravel\framework\src\Illuminate\Testing\TestResponseAssert.php:45
at vendor\laravel\framework\src\Illuminate\Testing\TestResponse.php:175
at vendor\laravel\framework\src\Illuminate\Testing\Concerns\AssertsStatusCodes.php:16
at tests\Feature\SellerDashboardTest.php:126</failure>
        </testcase>
        <testcase name="Empty state is actionable and zero conversion is safe" file="Seller Dashboard (Tests\Feature\SellerDashboard)::Empty state is actionable and zero conversion is safe" class="Tests\Feature\SellerDashboardTest" classname="Tests.Feature.SellerDashboardTest" assertions="1" time="0.214389">
          <failure type="PHPUnit\Framework\ExpectationFailedException">Empty state is actionable and zero conversion is safeExpected response status code [200] but received 503.
Failed asserting that 503 is identical to 200.&#13;
at vendor\laravel\framework\src\Illuminate\Testing\TestResponseAssert.php:45
at vendor\laravel\framework\src\Illuminate\Testing\TestResponse.php:175
at vendor\laravel\framework\src\Illuminate\Testing\Concerns\AssertsStatusCodes.php:16
at tests\Feature\SellerDashboardTest.php:144</failure>
        </testcase>
        <testcase name="Page access exposes parent page actions but not other pages" file="Seller Dashboard (Tests\Feature\SellerDashboard)::Page access exposes parent page actions but not other pages" class="Tests\Feature\SellerDashboardTest" classname="Tests.Feature.SellerDashboardTest" assertions="1" time="0.138252">
          <failure type="PHPUnit\Framework\ExpectationFailedException">Page access exposes parent page actions but not other pagesExpected response status code [200] but received 503.
Failed asserting that 503 is identical to 200.&#13;
at vendor\laravel\framework\src\Illuminate\Testing\TestResponseAssert.php:45
at vendor\laravel\framework\src\Illuminate\Testing\TestResponse.php:175
at vendor\laravel\framework\src\Illuminate\Testing\Concerns\AssertsStatusCodes.php:16
at tests\Feature\SellerDashboardTest.php:160</failure>
        </testcase>
        <testcase name="Owner sees management reports below sales dashboard and monthly endpoint works" file="Seller Dashboard (Tests\Feature\SellerDashboard)::Owner sees management reports below sales dashboard and monthly endpoint works" class="Tests\Feature\SellerDashboardTest" classname="Tests.Feature.SellerDashboardTest" assertions="1" time="0.065771">
          <failure type="PHPUnit\Framework\ExpectationFailedException">Owner sees management reports below sales dashboard and monthly endpoint worksExpected response status code [200] but received 503.
Failed asserting that 503 is identical to 200.&#13;
at vendor\laravel\framework\src\Illuminate\Testing\TestResponseAssert.php:45
at vendor\laravel\framework\src\Illuminate\Testing\TestResponse.php:175
at vendor\laravel\framework\src\Illuminate\Testing\Concerns\AssertsStatusCodes.php:16
at tests\Feature\SellerDashboardTest.php:174</failure>
        </testcase>
        <testcase name="Regular seller cannot access management monthly report" file="Seller Dashboard (Tests\Feature\SellerDashboard)::Regular seller cannot access management monthly report" class="Tests\Feature\SellerDashboardTest" classname="Tests.Feature.SellerDashboardTest" assertions="1" time="0.219522">
          <failure type="PHPUnit\Framework\ExpectationFailedException">Regular seller cannot access management monthly reportExpected response status code [403] but received 503.
Failed asserting that 503 is identical to 403.&#13;
at vendor\laravel\framework\src\Illuminate\Testing\TestResponseAssert.php:45
at vendor\laravel\framework\src\Illuminate\Testing\TestResponse.php:175
at vendor\laravel\framework\src\Illuminate\Testing\Concerns\AssertsStatusCodes.php:141
at tests\Feature\SellerDashboardTest.php:195</failure>
        </testcase>
        <testcase name="Finance and warehouse users load without sales data or server errors" file="Seller Dashboard (Tests\Feature\SellerDashboard)::Finance and warehouse users load without sales data or server errors" class="Tests\Feature\SellerDashboardTest" classname="Tests.Feature.SellerDashboardTest" assertions="1" time="0.310076">
          <failure type="PHPUnit\Framework\ExpectationFailedException">Finance and warehouse users load without sales data or server errorsExpected response status code [200] but received 503.
Failed asserting that 503 is identical to 200.&#13;
at vendor\laravel\framework\src\Illuminate\Testing\TestResponseAssert.php:45
at vendor\laravel\framework\src\Illuminate\Testing\TestResponse.php:175
at vendor\laravel\framework\src\Illuminate\Testing\Concerns\AssertsStatusCodes.php:16
at tests\Feature\SellerDashboardTest.php:213</failure>
        </testcase>
        <testcase name="Unknown preinvoice status does not break the dashboard" file="Seller Dashboard (Tests\Feature\SellerDashboard)::Unknown preinvoice status does not break the dashboard" class="Tests\Feature\SellerDashboardTest" classname="Tests.Feature.SellerDashboardTest" assertions="1" time="0.234048">
          <failure type="PHPUnit\Framework\ExpectationFailedException">Unknown preinvoice status does not break the dashboardExpected response status code [200] but received 503.
Failed asserting that 503 is identical to 200.&#13;
at vendor\laravel\framework\src\Illuminate\Testing\TestResponseAssert.php:45
at vendor\laravel\framework\src\Illuminate\Testing\TestResponse.php:175
at vendor\laravel\framework\src\Illuminate\Testing\Concerns\AssertsStatusCodes.php:16
at tests\Feature\SellerDashboardTest.php:231</failure>
        </testcase>
      </testsuite>
      <testsuite name="Tests\Feature\SellerOwnershipMigrationTest" file="tests\Feature\SellerOwnershipMigrationTest.php" tests="3" assertions="14" errors="0" failures="0" skipped="0" time="0.292409">
        <testcase name="it creates nullable seller columns with distinct user foreign keys and no constraint named one" file="tests\Feature\SellerOwnershipMigrationTest.php::it creates nullable seller columns with distinct user foreign keys and no constraint named one" class="Tests\Feature\SellerOwnershipMigrationTest" classname="Tests.Feature.SellerOwnershipMigrationTest" assertions="8" time="0.082461"/>
        <testcase name="it repairs a partial migration where the column and index exist but the invoice foreign key does not" file="tests\Feature\SellerOwnershipMigrationTest.php::it repairs a partial migration where the column and index exist but the invoice foreign key does not" class="Tests\Feature\SellerOwnershipMigrationTest" classname="Tests.Feature.SellerOwnershipMigrationTest" assertions="3" time="0.129319"/>
        <testcase name="it is idempotent and only backfills a verified legacy seller and its linked invoice" file="tests\Feature\SellerOwnershipMigrationTest.php::it is idempotent and only backfills a verified legacy seller and its linked invoice" class="Tests\Feature\SellerOwnershipMigrationTest" classname="Tests.Feature.SellerOwnershipMigrationTest" assertions="3" time="0.080630"/>
      </testsuite>
      <testsuite name="Tests\Feature\SellerSalesDocumentPageAccessTest" file="tests\Feature\SellerSalesDocumentPageAccessTest.php" tests="1" assertions="7" errors="0" failures="0" skipped="0" time="0.049374">
        <testcase name="it keeps seller sales documents registered after adding the commission page" file="tests\Feature\SellerSalesDocumentPageAccessTest.php::it keeps seller sales documents registered after adding the commission page" class="Tests\Feature\SellerSalesDocumentPageAccessTest" classname="Tests.Feature.SellerSalesDocumentPageAccessTest" assertions="7" time="0.049374"/>
      </testsuite>
      <testsuite name="Tests\Feature\StockReservationIntegrityAuditCommandTest" file="Stock Reservation Integrity Audit Command (Tests\Feature\StockReservationIntegrityAuditCommand)" tests="7" assertions="36" errors="0" failures="0" skipped="0" time="0.672125">
        <testcase name="Stock is compared only against central warehouse and non central stock does not create s01" file="Stock Reservation Integrity Audit Command (Tests\Feature\StockReservationIntegrityAuditCommand)::Stock is compared only against central warehouse and non central stock does not create s01" class="Tests\Feature\StockReservationIntegrityAuditCommandTest" classname="Tests.Feature.StockReservationIntegrityAuditCommandTest" assertions="8" time="0.096686"/>
        <testcase name="Reserved cache is compared only with active reservations and released or consumed are ignored" file="Stock Reservation Integrity Audit Command (Tests\Feature\StockReservationIntegrityAuditCommand)::Reserved cache is compared only with active reservations and released or consumed are ignored" class="Tests\Feature\StockReservationIntegrityAuditCommandTest" classname="Tests.Feature.StockReservationIntegrityAuditCommandTest" assertions="10" time="0.127221"/>
        <testcase name="Reserved greater than stock alone is not an anomaly when cache matches active reserved" file="Stock Reservation Integrity Audit Command (Tests\Feature\StockReservationIntegrityAuditCommand)::Reserved greater than stock alone is not an anomaly when cache matches active reserved" class="Tests\Feature\StockReservationIntegrityAuditCommandTest" classname="Tests.Feature.StockReservationIntegrityAuditCommandTest" assertions="2" time="0.086396"/>
        <testcase name="Stale temporary and invalid official reservations are reported without changes" file="Stock Reservation Integrity Audit Command (Tests\Feature\StockReservationIntegrityAuditCommand)::Stale temporary and invalid official reservations are reported without changes" class="Tests\Feature\StockReservationIntegrityAuditCommandTest" classname="Tests.Feature.StockReservationIntegrityAuditCommandTest" assertions="5" time="0.081121"/>
        <testcase name="Zero price reports distinguish central non central and active reservations" file="Stock Reservation Integrity Audit Command (Tests\Feature\StockReservationIntegrityAuditCommand)::Zero price reports distinguish central non central and active reservations" class="Tests\Feature\StockReservationIntegrityAuditCommandTest" classname="Tests.Feature.StockReservationIntegrityAuditCommandTest" assertions="5" time="0.081644"/>
        <testcase name="No write queries are executed by command" file="Stock Reservation Integrity Audit Command (Tests\Feature\StockReservationIntegrityAuditCommand)::No write queries are executed by command" class="Tests\Feature\StockReservationIntegrityAuditCommandTest" classname="Tests.Feature.StockReservationIntegrityAuditCommandTest" assertions="2" time="0.089958"/>
        <testcase name="Json output and filters work" file="Stock Reservation Integrity Audit Command (Tests\Feature\StockReservationIntegrityAuditCommand)::Json output and filters work" class="Tests\Feature\StockReservationIntegrityAuditCommandTest" classname="Tests.Feature.StockReservationIntegrityAuditCommandTest" assertions="4" time="0.109099"/>
      </testsuite>
      <testsuite name="Tests\Feature\TestEnvironmentIsolationTest" file="Environment Isolation (Tests\Feature\EnvironmentIsolation)" tests="1" assertions="12" errors="0" failures="0" skipped="0" time="0.065351">
        <testcase name="Test environment uses in memory sqlite and never inventory database" file="Environment Isolation (Tests\Feature\EnvironmentIsolation)::Test environment uses in memory sqlite and never inventory database" class="Tests\Feature\TestEnvironmentIsolationTest" classname="Tests.Feature.TestEnvironmentIsolationTest" assertions="12" time="0.065351"/>
      </testsuite>
      <testsuite name="Tests\Feature\UserPermissionManagementTest" file="User Permission Management (Tests\Feature\UserPermissionManagement)" tests="21" assertions="33" errors="0" failures="18" skipped="0" time="1.691184">
        <testcase name="Page renders standard alias unknown and empty roles safely" file="User Permission Management (Tests\Feature\UserPermissionManagement)::Page renders standard alias unknown and empty roles safely" class="Tests\Feature\UserPermissionManagementTest" classname="Tests.Feature.UserPermissionManagementTest" assertions="1" time="0.075892">
          <failure type="PHPUnit\Framework\ExpectationFailedException">Page renders standard alias unknown and empty roles safelyExpected response status code [200] but received 503.
Failed asserting that 503 is identical to 200.&#13;
at vendor\laravel\framework\src\Illuminate\Testing\TestResponseAssert.php:45
at vendor\laravel\framework\src\Illuminate\Testing\TestResponse.php:175
at vendor\laravel\framework\src\Illuminate\Testing\Concerns\AssertsStatusCodes.php:16
at tests\Feature\UserPermissionManagementTest.php:39</failure>
        </testcase>
        <testcase name="Invalid user id does not fall through or return 500" file="User Permission Management (Tests\Feature\UserPermissionManagement)::Invalid user id does not fall through or return 500" class="Tests\Feature\UserPermissionManagementTest" classname="Tests.Feature.UserPermissionManagementTest" assertions="1" time="0.069831">
          <failure type="PHPUnit\Framework\ExpectationFailedException">Invalid user id does not fall through or return 500Expected response status code [200] but received 503.
Failed asserting that 503 is identical to 200.&#13;
at vendor\laravel\framework\src\Illuminate\Testing\TestResponseAssert.php:45
at vendor\laravel\framework\src\Illuminate\Testing\TestResponse.php:175
at vendor\laravel\framework\src\Illuminate\Testing\Concerns\AssertsStatusCodes.php:16
at tests\Feature\UserPermissionManagementTest.php:56</failure>
        </testcase>
        <testcase name="Page role actor can manage roles but cannot create direct permissions" file="User Permission Management (Tests\Feature\UserPermissionManagement)::Page role actor can manage roles but cannot create direct permissions" class="Tests\Feature\UserPermissionManagementTest" classname="Tests.Feature.UserPermissionManagementTest" assertions="1" time="0.089893">
          <failure type="PHPUnit\Framework\ExpectationFailedException">Page role actor can manage roles but cannot create direct permissionsExpected response status code [200] but received 503.
Failed asserting that 503 is identical to 200.&#13;
at vendor\laravel\framework\src\Illuminate\Testing\TestResponseAssert.php:45
at vendor\laravel\framework\src\Illuminate\Testing\TestResponse.php:175
at vendor\laravel\framework\src\Illuminate\Testing\Concerns\AssertsStatusCodes.php:16
at tests\Feature\UserPermissionManagementTest.php:67</failure>
        </testcase>
        <testcase name="Actor without view permission is forbidden" file="User Permission Management (Tests\Feature\UserPermissionManagement)::Actor without view permission is forbidden" class="Tests\Feature\UserPermissionManagementTest" classname="Tests.Feature.UserPermissionManagementTest" assertions="1" time="0.071236">
          <failure type="PHPUnit\Framework\ExpectationFailedException">Actor without view permission is forbiddenExpected response status code [403] but received 503.
Failed asserting that 503 is identical to 403.&#13;
at vendor\laravel\framework\src\Illuminate\Testing\TestResponseAssert.php:45
at vendor\laravel\framework\src\Illuminate\Testing\TestResponse.php:175
at vendor\laravel\framework\src\Illuminate\Testing\Concerns\AssertsStatusCodes.php:141
at tests\Feature\UserPermissionManagementTest.php:88</failure>
        </testcase>
        <testcase name="Actor without assign roles cannot change roles with forged input" file="User Permission Management (Tests\Feature\UserPermissionManagement)::Actor without assign roles cannot change roles with forged input" class="Tests\Feature\UserPermissionManagementTest" classname="Tests.Feature.UserPermissionManagementTest" assertions="1" time="0.075145">
          <failure type="PHPUnit\Framework\ExpectationFailedException">Actor without assign roles cannot change roles with forged inputExpected response status code [403] but received 503.
Failed asserting that 503 is identical to 403.&#13;
at vendor\laravel\framework\src\Illuminate\Testing\TestResponseAssert.php:45
at vendor\laravel\framework\src\Illuminate\Testing\TestResponse.php:175
at vendor\laravel\framework\src\Illuminate\Testing\Concerns\AssertsStatusCodes.php:141
at tests\Feature\UserPermissionManagementTest.php:108</failure>
        </testcase>
        <testcase name="Assign roles actor can remove all non super admin roles" file="User Permission Management (Tests\Feature\UserPermissionManagement)::Assign roles actor can remove all non super admin roles" class="Tests\Feature\UserPermissionManagementTest" classname="Tests.Feature.UserPermissionManagementTest" assertions="1" time="0.086916">
          <failure type="PHPUnit\Framework\ExpectationFailedException">Assign roles actor can remove all non super admin rolesExpected response status code [201, 301, 302, 303, 307, 308] but received 503.
Failed asserting that false is true.&#13;
at vendor\laravel\framework\src\Illuminate\Testing\TestResponseAssert.php:45
at vendor\laravel\framework\src\Illuminate\Testing\TestResponse.php:200
at tests\Feature\UserPermissionManagementTest.php:127</failure>
        </testcase>
        <testcase name="Last super admin is protected for every alias but one of two can be removed" file="User Permission Management (Tests\Feature\UserPermissionManagement)::Last super admin is protected for every alias but one of two can be removed" class="Tests\Feature\UserPermissionManagementTest" classname="Tests.Feature.UserPermissionManagementTest" assertions="1" time="0.069685">
          <failure type="PHPUnit\Framework\ExpectationFailedException">Last super admin is protected for every alias but one of two can be removedSession is missing expected key [errors].
Failed asserting that false is true.&#13;
at vendor\laravel\framework\src\Illuminate\Testing\TestResponseAssert.php:45
at vendor\laravel\framework\src\Illuminate\Testing\TestResponse.php:1547
at vendor\laravel\framework\src\Illuminate\Testing\TestResponse.php:1634
at tests\Feature\UserPermissionManagementTest.php:150</failure>
        </testcase>
        <testcase name="Forged direct permission changes are ignored and legacy values are preserved" file="User Permission Management (Tests\Feature\UserPermissionManagement)::Forged direct permission changes are ignored and legacy values are preserved" class="Tests\Feature\UserPermissionManagementTest" classname="Tests.Feature.UserPermissionManagementTest" assertions="1" time="0.070342">
          <failure type="PHPUnit\Framework\ExpectationFailedException">Forged direct permission changes are ignored and legacy values are preservedExpected response status code [201, 301, 302, 303, 307, 308] but received 503.
Failed asserting that false is true.&#13;
at vendor\laravel\framework\src\Illuminate\Testing\TestResponseAssert.php:45
at vendor\laravel\framework\src\Illuminate\Testing\TestResponse.php:200
at tests\Feature\UserPermissionManagementTest.php:170</failure>
        </testcase>
        <testcase name="Effective sources distinguish role direct both and none" file="User Permission Management (Tests\Feature\UserPermissionManagement)::Effective sources distinguish role direct both and none" class="Tests\Feature\UserPermissionManagementTest" classname="Tests.Feature.UserPermissionManagementTest" assertions="4" time="0.146635"/>
        <testcase name="Get page does not write or sync catalog" file="User Permission Management (Tests\Feature\UserPermissionManagement)::Get page does not write or sync catalog" class="Tests\Feature\UserPermissionManagementTest" classname="Tests.Feature.UserPermissionManagementTest" assertions="1" time="0.064703">
          <failure type="PHPUnit\Framework\ExpectationFailedException">Get page does not write or sync catalogExpected response status code [200] but received 503.
Failed asserting that 503 is identical to 200.&#13;
at vendor\laravel\framework\src\Illuminate\Testing\TestResponseAssert.php:45
at vendor\laravel\framework\src\Illuminate\Testing\TestResponse.php:175
at vendor\laravel\framework\src\Illuminate\Testing\Concerns\AssertsStatusCodes.php:16
at tests\Feature\UserPermissionManagementTest.php:214</failure>
        </testcase>
        <testcase name="Permissions sync command does not change assignments" file="User Permission Management (Tests\Feature\UserPermissionManagement)::Permissions sync command does not change assignments" class="Tests\Feature\UserPermissionManagementTest" classname="Tests.Feature.UserPermissionManagementTest" assertions="3" time="0.072411"/>
        <testcase name="Unchanged submission does not create activity log" file="User Permission Management (Tests\Feature\UserPermissionManagement)::Unchanged submission does not create activity log" class="Tests\Feature\UserPermissionManagementTest" classname="Tests.Feature.UserPermissionManagementTest" assertions="1" time="0.091664">
          <failure type="PHPUnit\Framework\ExpectationFailedException">Unchanged submission does not create activity logFailed asserting that null matches expected 'تغییری برای ذخیره وجود نداشت.'.&#13;
at vendor\laravel\framework\src\Illuminate\Testing\TestResponseAssert.php:45
at vendor\laravel\framework\src\Illuminate\Testing\TestResponse.php:1554
at tests\Feature\UserPermissionManagementTest.php:246</failure>
        </testcase>
        <testcase name="Role only update preserves active and legacy direct permissions" file="User Permission Management (Tests\Feature\UserPermissionManagement)::Role only update preserves active and legacy direct permissions" class="Tests\Feature\UserPermissionManagementTest" classname="Tests.Feature.UserPermissionManagementTest" assertions="1" time="0.094821">
          <failure type="PHPUnit\Framework\ExpectationFailedException">Role only update preserves active and legacy direct permissionsExpected response status code [201, 301, 302, 303, 307, 308] but received 503.
Failed asserting that false is true.&#13;
at vendor\laravel\framework\src\Illuminate\Testing\TestResponseAssert.php:45
at vendor\laravel\framework\src\Illuminate\Testing\TestResponse.php:200
at tests\Feature\UserPermissionManagementTest.php:267</failure>
        </testcase>
        <testcase name="Role with legacy permission can be assigned" file="User Permission Management (Tests\Feature\UserPermissionManagement)::Role with legacy permission can be assigned" class="Tests\Feature\UserPermissionManagementTest" classname="Tests.Feature.UserPermissionManagementTest" assertions="1" time="0.119655">
          <failure type="PHPUnit\Framework\ExpectationFailedException">Role with legacy permission can be assignedExpected response status code [201, 301, 302, 303, 307, 308] but received 503.
Failed asserting that false is true.&#13;
at vendor\laravel\framework\src\Illuminate\Testing\TestResponseAssert.php:45
at vendor\laravel\framework\src\Illuminate\Testing\TestResponse.php:200
at tests\Feature\UserPermissionManagementTest.php:289</failure>
        </testcase>
        <testcase name="Forged active direct update preserves roles and legacy direct permissions" file="User Permission Management (Tests\Feature\UserPermissionManagement)::Forged active direct update preserves roles and legacy direct permissions" class="Tests\Feature\UserPermissionManagementTest" classname="Tests.Feature.UserPermissionManagementTest" assertions="1" time="0.074514">
          <failure type="PHPUnit\Framework\ExpectationFailedException">Forged active direct update preserves roles and legacy direct permissionsExpected response status code [201, 301, 302, 303, 307, 308] but received 503.
Failed asserting that false is true.&#13;
at vendor\laravel\framework\src\Illuminate\Testing\TestResponseAssert.php:45
at vendor\laravel\framework\src\Illuminate\Testing\TestResponse.php:200
at tests\Feature\UserPermissionManagementTest.php:308</failure>
        </testcase>
        <testcase name="Unknown direct permission is ignored without blocking safe changes" file="User Permission Management (Tests\Feature\UserPermissionManagement)::Unknown direct permission is ignored without blocking safe changes" class="Tests\Feature\UserPermissionManagementTest" classname="Tests.Feature.UserPermissionManagementTest" assertions="1" time="0.060634">
          <failure type="PHPUnit\Framework\ExpectationFailedException">Unknown direct permission is ignored without blocking safe changesExpected response status code [201, 301, 302, 303, 307, 308] but received 503.
Failed asserting that false is true.&#13;
at vendor\laravel\framework\src\Illuminate\Testing\TestResponseAssert.php:45
at vendor\laravel\framework\src\Illuminate\Testing\TestResponse.php:200
at tests\Feature\UserPermissionManagementTest.php:333</failure>
        </testcase>
        <testcase name="Stale catalog version does not create direct permissions and returns warning" file="User Permission Management (Tests\Feature\UserPermissionManagement)::Stale catalog version does not create direct permissions and returns warning" class="Tests\Feature\UserPermissionManagementTest" classname="Tests.Feature.UserPermissionManagementTest" assertions="1" time="0.072971">
          <failure type="PHPUnit\Framework\ExpectationFailedException">Stale catalog version does not create direct permissions and returns warningExpected response status code [201, 301, 302, 303, 307, 308] but received 503.
Failed asserting that false is true.&#13;
at vendor\laravel\framework\src\Illuminate\Testing\TestResponseAssert.php:45
at vendor\laravel\framework\src\Illuminate\Testing\TestResponse.php:200
at tests\Feature\UserPermissionManagementTest.php:361</failure>
        </testcase>
        <testcase name="Missing active permission is not self healed by ignored direct assignment" file="User Permission Management (Tests\Feature\UserPermissionManagement)::Missing active permission is not self healed by ignored direct assignment" class="Tests\Feature\UserPermissionManagementTest" classname="Tests.Feature.UserPermissionManagementTest" assertions="2" time="0.077974">
          <failure type="PHPUnit\Framework\ExpectationFailedException">Missing active permission is not self healed by ignored direct assignmentExpected response status code [201, 301, 302, 303, 307, 308] but received 503.
Failed asserting that false is true.&#13;
at vendor\laravel\framework\src\Illuminate\Testing\TestResponseAssert.php:45
at vendor\laravel\framework\src\Illuminate\Testing\TestResponse.php:200
at tests\Feature\UserPermissionManagementTest.php:382</failure>
        </testcase>
        <testcase name="Role only update does not self heal missing direct permission" file="User Permission Management (Tests\Feature\UserPermissionManagement)::Role only update does not self heal missing direct permission" class="Tests\Feature\UserPermissionManagementTest" classname="Tests.Feature.UserPermissionManagementTest" assertions="1" time="0.064898">
          <failure type="PHPUnit\Framework\ExpectationFailedException">Role only update does not self heal missing direct permissionExpected response status code [201, 301, 302, 303, 307, 308] but received 503.
Failed asserting that false is true.&#13;
at vendor\laravel\framework\src\Illuminate\Testing\TestResponseAssert.php:45
at vendor\laravel\framework\src\Illuminate\Testing\TestResponse.php:200
at tests\Feature\UserPermissionManagementTest.php:404</failure>
        </testcase>
        <testcase name="Get page reports missing permissions without writing" file="User Permission Management (Tests\Feature\UserPermissionManagement)::Get page reports missing permissions without writing" class="Tests\Feature\UserPermissionManagementTest" classname="Tests.Feature.UserPermissionManagementTest" assertions="1" time="0.061080">
          <failure type="PHPUnit\Framework\ExpectationFailedException">Get page reports missing permissions without writingExpected response status code [200] but received 503.
Failed asserting that 503 is identical to 200.&#13;
at vendor\laravel\framework\src\Illuminate\Testing\TestResponseAssert.php:45
at vendor\laravel\framework\src\Illuminate\Testing\TestResponse.php:175
at vendor\laravel\framework\src\Illuminate\Testing\Concerns\AssertsStatusCodes.php:16
at tests\Feature\UserPermissionManagementTest.php:422</failure>
        </testcase>
        <testcase name="Catalog sync is idempotent and repairs the real guard" file="User Permission Management (Tests\Feature\UserPermissionManagement)::Catalog sync is idempotent and repairs the real guard" class="Tests\Feature\UserPermissionManagementTest" classname="Tests.Feature.UserPermissionManagementTest" assertions="7" time="0.080285"/>
      </testsuite>
      <testsuite name="Tests\Feature\WarehouseCollectionItemAdjustmentTest" file="Warehouse Collection Item Adjustment (Tests\Feature\WarehouseCollectionItemAdjustment)" tests="4" assertions="28" errors="0" failures="0" skipped="0" time="0.308365">
        <testcase name="Collection edit browser contract allows existing item deletion" file="Warehouse Collection Item Adjustment (Tests\Feature\WarehouseCollectionItemAdjustment)::Collection edit browser contract allows existing item deletion" class="Tests\Feature\WarehouseCollectionItemAdjustmentTest" classname="Tests.Feature.WarehouseCollectionItemAdjustmentTest" assertions="8" time="0.098076"/>
        <testcase name="Controller validates delete flag and allowed reasons" file="Warehouse Collection Item Adjustment (Tests\Feature\WarehouseCollectionItemAdjustment)::Controller validates delete flag and allowed reasons" class="Tests\Feature\WarehouseCollectionItemAdjustmentTest" classname="Tests.Feature.WarehouseCollectionItemAdjustmentTest" assertions="5" time="0.069140"/>
        <testcase name="Service uses atomic delta stock line totals snapshots and document totals" file="Warehouse Collection Item Adjustment (Tests\Feature\WarehouseCollectionItemAdjustment)::Service uses atomic delta stock line totals snapshots and document totals" class="Tests\Feature\WarehouseCollectionItemAdjustmentTest" classname="Tests.Feature.WarehouseCollectionItemAdjustmentTest" assertions="14" time="0.066418"/>
        <testcase name="Revision schema already supports removed item null on delete" file="Warehouse Collection Item Adjustment (Tests\Feature\WarehouseCollectionItemAdjustment)::Revision schema already supports removed item null on delete" class="Tests\Feature\WarehouseCollectionItemAdjustmentTest" classname="Tests.Feature.WarehouseCollectionItemAdjustmentTest" assertions="1" time="0.074731"/>
      </testsuite>
      <testsuite name="Tests\Feature\WarehouseCollectionLargeInvoiceTest" file="Warehouse Collection Large Invoice (Tests\Feature\WarehouseCollectionLargeInvoice)" tests="3" assertions="20" errors="0" failures="0" skipped="0" time="0.173237">
        <testcase name="Collection form serializes large item tables to single json payload" file="Warehouse Collection Large Invoice (Tests\Feature\WarehouseCollectionLargeInvoice)::Collection form serializes large item tables to single json payload" class="Tests\Feature\WarehouseCollectionLargeInvoiceTest" classname="Tests.Feature.WarehouseCollectionLargeInvoiceTest" assertions="7" time="0.058538"/>
        <testcase name="Controller decodes and validates large json payload before service call" file="Warehouse Collection Large Invoice (Tests\Feature\WarehouseCollectionLargeInvoice)::Controller decodes and validates large json payload before service call" class="Tests\Feature\WarehouseCollectionLargeInvoiceTest" classname="Tests.Feature.WarehouseCollectionLargeInvoiceTest" assertions="10" time="0.048653"/>
        <testcase name="Large invoice input count exceeds default php limit without json" file="Warehouse Collection Large Invoice (Tests\Feature\WarehouseCollectionLargeInvoice)::Large invoice input count exceeds default php limit without json" class="Tests\Feature\WarehouseCollectionLargeInvoiceTest" classname="Tests.Feature.WarehouseCollectionLargeInvoiceTest" assertions="3" time="0.066045"/>
      </testsuite>
      <testsuite name="Tests\Feature\WarehouseInboundQueueArchitectureTest" file="Warehouse Inbound Queue Architecture (Tests\Feature\WarehouseInboundQueueArchitecture)" tests="10" assertions="48" errors="0" failures="0" skipped="0" time="0.496998">
        <testcase name="Queue has schema models routes page permission and ui" file="Warehouse Inbound Queue Architecture (Tests\Feature\WarehouseInboundQueueArchitecture)::Queue has schema models routes page permission and ui" class="Tests\Feature\WarehouseInboundQueueArchitectureTest" classname="Tests.Feature.WarehouseInboundQueueArchitectureTest" assertions="10" time="0.050334"/>
        <testcase name="Sales return apply queues without direct stock ledger or commission finalization" file="Warehouse Inbound Queue Architecture (Tests\Feature\WarehouseInboundQueueArchitecture)::Sales return apply queues without direct stock ledger or commission finalization" class="Tests\Feature\WarehouseInboundQueueArchitectureTest" classname="Tests.Feature.WarehouseInboundQueueArchitectureTest" assertions="5" time="0.055053"/>
        <testcase name="Pending sales return reserves returnable quantity until warehouse decides" file="Warehouse Inbound Queue Architecture (Tests\Feature\WarehouseInboundQueueArchitecture)::Pending sales return reserves returnable quantity until warehouse decides" class="Tests\Feature\WarehouseInboundQueueArchitectureTest" classname="Tests.Feature.WarehouseInboundQueueArchitectureTest" assertions="2" time="0.053319"/>
        <testcase name="Invoice cancel queues stock instead of restoring it immediately" file="Warehouse Inbound Queue Architecture (Tests\Feature\WarehouseInboundQueueArchitecture)::Invoice cancel queues stock instead of restoring it immediately" class="Tests\Feature\WarehouseInboundQueueArchitectureTest" classname="Tests.Feature.WarehouseInboundQueueArchitectureTest" assertions="3" time="0.050233"/>
        <testcase name="Finance positive stock returns go to one queue receipt" file="Warehouse Inbound Queue Architecture (Tests\Feature\WarehouseInboundQueueArchitecture)::Finance positive stock returns go to one queue receipt" class="Tests\Feature\WarehouseInboundQueueArchitectureTest" classname="Tests.Feature.WarehouseInboundQueueArchitectureTest" assertions="6" time="0.046746"/>
        <testcase name="Receive allows over expected and creates stock only on confirmation" file="Warehouse Inbound Queue Architecture (Tests\Feature\WarehouseInboundQueueArchitecture)::Receive allows over expected and creates stock only on confirmation" class="Tests\Feature\WarehouseInboundQueueArchitectureTest" classname="Tests.Feature.WarehouseInboundQueueArchitectureTest" assertions="7" time="0.055988"/>
        <testcase name="Invoice cancel undo cancels pending queue but blocks after physical receive" file="Warehouse Inbound Queue Architecture (Tests\Feature\WarehouseInboundQueueArchitecture)::Invoice cancel undo cancels pending queue but blocks after physical receive" class="Tests\Feature\WarehouseInboundQueueArchitectureTest" classname="Tests.Feature.WarehouseInboundQueueArchitectureTest" assertions="3" time="0.047175"/>
        <testcase name="Purchase flow is not routed to warehouse inbound queue" file="Warehouse Inbound Queue Architecture (Tests\Feature\WarehouseInboundQueueArchitecture)::Purchase flow is not routed to warehouse inbound queue" class="Tests\Feature\WarehouseInboundQueueArchitectureTest" classname="Tests.Feature.WarehouseInboundQueueArchitectureTest" assertions="4" time="0.047546"/>
        <testcase name="Collection reductions are queued while increases still consume stock" file="Warehouse Inbound Queue Architecture (Tests\Feature\WarehouseInboundQueueArchitecture)::Collection reductions are queued while increases still consume stock" class="Tests\Feature\WarehouseInboundQueueArchitectureTest" classname="Tests.Feature.WarehouseInboundQueueArchitectureTest" assertions="4" time="0.043826"/>
        <testcase name="Database and service have operation level idempotency" file="Warehouse Inbound Queue Architecture (Tests\Feature\WarehouseInboundQueueArchitecture)::Database and service have operation level idempotency" class="Tests\Feature\WarehouseInboundQueueArchitectureTest" classname="Tests.Feature.WarehouseInboundQueueArchitectureTest" assertions="4" time="0.046780"/>
      </testsuite>
      <testsuite name="Tests\Feature\WarehouseInboundQueueFilteringTest" file="Warehouse Inbound Queue Filtering (Tests\Feature\WarehouseInboundQueueFiltering)" tests="3" assertions="16" errors="0" failures="0" skipped="0" time="0.207029">
        <testcase name="Source status and numeric receipt id filters are exact" file="Warehouse Inbound Queue Filtering (Tests\Feature\WarehouseInboundQueueFiltering)::Source status and numeric receipt id filters are exact" class="Tests\Feature\WarehouseInboundQueueFilteringTest" classname="Tests.Feature.WarehouseInboundQueueFilteringTest" assertions="5" time="0.093483"/>
        <testcase name="Pagination keeps active filters on page two" file="Warehouse Inbound Queue Filtering (Tests\Feature\WarehouseInboundQueueFiltering)::Pagination keeps active filters on page two" class="Tests\Feature\WarehouseInboundQueueFilteringTest" classname="Tests.Feature.WarehouseInboundQueueFilteringTest" assertions="4" time="0.061548"/>
        <testcase name="Receive request rejects negative decimal and non numeric quantities but accepts zero" file="Warehouse Inbound Queue Filtering (Tests\Feature\WarehouseInboundQueueFiltering)::Receive request rejects negative decimal and non numeric quantities but accepts zero" class="Tests\Feature\WarehouseInboundQueueFilteringTest" classname="Tests.Feature.WarehouseInboundQueueFilteringTest" assertions="7" time="0.051998"/>
      </testsuite>
      <testsuite name="Tests\Feature\WarehouseInboundQueueTest" file="Warehouse Inbound Queue (Tests\Feature\WarehouseInboundQueue)" tests="11" assertions="56" errors="0" failures="0" skipped="0" time="1.069656">
        <testcase name="Invoice reduction does not change stock before approval and adds only accepted quantity" file="Warehouse Inbound Queue (Tests\Feature\WarehouseInboundQueue)::Invoice reduction does not change stock before approval and adds only accepted quantity" class="Tests\Feature\WarehouseInboundQueueTest" classname="Tests.Feature.WarehouseInboundQueueTest" assertions="6" time="0.083647"/>
        <testcase name="Same source operation key does not create duplicate receipt" file="Warehouse Inbound Queue (Tests\Feature\WarehouseInboundQueue)::Same source operation key does not create duplicate receipt" class="Tests\Feature\WarehouseInboundQueueTest" classname="Tests.Feature.WarehouseInboundQueueTest" assertions="2" time="0.100400"/>
        <testcase name="Zero and over expected receipts finalize with audited discrepancy" file="Warehouse Inbound Queue (Tests\Feature\WarehouseInboundQueue)::Zero and over expected receipts finalize with audited discrepancy" class="Tests\Feature\WarehouseInboundQueueTest" classname="Tests.Feature.WarehouseInboundQueueTest" assertions="6" time="0.128325"/>
        <testcase name="Invoice cancel is queued and double approval cannot duplicate stock" file="Warehouse Inbound Queue (Tests\Feature\WarehouseInboundQueue)::Invoice cancel is queued and double approval cannot duplicate stock" class="Tests\Feature\WarehouseInboundQueueTest" classname="Tests.Feature.WarehouseInboundQueueTest" assertions="13" time="0.097106"/>
        <testcase name="Sales return with only return warehouse items does not create central receipt" file="Warehouse Inbound Queue (Tests\Feature\WarehouseInboundQueue)::Sales return with only return warehouse items does not create central receipt" class="Tests\Feature\WarehouseInboundQueueTest" classname="Tests.Feature.WarehouseInboundQueueTest" assertions="3" time="0.071365"/>
        <testcase name="Mixed sales return queues only central items and is idempotent" file="Warehouse Inbound Queue (Tests\Feature\WarehouseInboundQueue)::Mixed sales return queues only central items and is idempotent" class="Tests\Feature\WarehouseInboundQueueTest" classname="Tests.Feature.WarehouseInboundQueueTest" assertions="5" time="0.085337"/>
        <testcase name="Pending sales return receipt synchronizes destination changes but finalized receipt is immutable" file="Warehouse Inbound Queue (Tests\Feature\WarehouseInboundQueue)::Pending sales return receipt synchronizes destination changes but finalized receipt is immutable" class="Tests\Feature\WarehouseInboundQueueTest" classname="Tests.Feature.WarehouseInboundQueueTest" assertions="4" time="0.088565"/>
        <testcase name="Repair command is dry run safe and repairs only pending sales return items" file="Warehouse Inbound Queue (Tests\Feature\WarehouseInboundQueue)::Repair command is dry run safe and repairs only pending sales return items" class="Tests\Feature\WarehouseInboundQueueTest" classname="Tests.Feature.WarehouseInboundQueueTest" assertions="6" time="0.117362"/>
        <testcase name="Sales return exact receipt finalizes stock and finance for expected quantity" file="Warehouse Inbound Queue (Tests\Feature\WarehouseInboundQueue)::Sales return exact receipt finalizes stock and finance for expected quantity" class="Tests\Feature\WarehouseInboundQueueTest" classname="Tests.Feature.WarehouseInboundQueueTest" assertions="3" time="0.120155"/>
        <testcase name="Sales return can accept more than expected within real returnable limit" file="Warehouse Inbound Queue (Tests\Feature\WarehouseInboundQueue)::Sales return can accept more than expected within real returnable limit" class="Tests\Feature\WarehouseInboundQueueTest" classname="Tests.Feature.WarehouseInboundQueueTest" assertions="3" time="0.104763"/>
        <testcase name="Sales return rejects quantity above real returnable limit without side effects" file="Warehouse Inbound Queue (Tests\Feature\WarehouseInboundQueue)::Sales return rejects quantity above real returnable limit without side effects" class="Tests\Feature\WarehouseInboundQueueTest" classname="Tests.Feature.WarehouseInboundQueueTest" assertions="5" time="0.072630"/>
      </testsuite>
    </testsuite>
  </testsuite>
</testsuites>
